
-------------------------------------------------------------------------
|    ___ _   _ ___                                                      |
|   / __| | | |_  )   Release 8.3.0 "Harrier"                           |
|   \__ \ |_| |/ /                                                      |
|   |___/\___//___|   Suite (Computational Fluid Dynamics Code)         |
|                                                                       |
-------------------------------------------------------------------------
| SU2 Project Website: https://su2code.github.io                        |
|                                                                       |
| The SU2 Project is maintained by the SU2 Foundation                   |
| (http://su2foundation.org)                                            |
-------------------------------------------------------------------------
| Copyright 2012-2025, SU2 Contributors                                 |
|                                                                       |
| SU2 is free software; you can redistribute it and/or                  |
| modify it under the terms of the GNU Lesser General Public            |
| License as published by the Free Software Foundation; either          |
| version 2.1 of the License, or (at your option) any later version.    |
|                                                                       |
| SU2 is distributed in the hope that it will be useful,                |
| but WITHOUT ANY WARRANTY; without even the implied warranty of        |
| MERCHANTABILITY or FITNESS FOR A PARTICULAR PURPOSE. See the GNU      |
| Lesser General Public License for more details.                       |
|                                                                       |
| You should have received a copy of the GNU Lesser General Public      |
| License along with SU2. If not, see <http://www.gnu.org/licenses/>.   |
-------------------------------------------------------------------------

Parsing config file for zone 0

----------------- Physical Case Definition ( Zone 0 ) -------------------
Compressible Euler equations.
Mach number: 0.8.
Angle of attack (AoA): 1.25 deg, and angle of sideslip (AoS): 0 deg.
Reading and writing binary SU2 native restart files.
Read flow solution from: solution_flow.
Non-Dimensional simulation (P=1.0, Rho=1.0, T=1.0 at the farfield).
The reference area is 1 m^2.
The semi-span will be computed using the max y(3D) value.
The reference length is 1 m.
Reference origin for moment evaluation is (0.25, 0, 0).
Surface(s) where the force coefficients are evaluated: airfoil.

Surface(s) plotted in the output file: airfoil.
Surface(s) affected by the design variables: airfoil.
Input mesh file name: mesh_NACA0012_inv_deform.su2

--------------- Space Numerical Integration ( Zone 0 ) ------------------
Jameson-Schmidt-Turkel scheme (2nd order in space) for the flow inviscid terms.
JST viscous coefficients (2nd & 4th): 0.5, 0.02.
The method includes a grid stretching correction (p = 0.3).
Gradient for viscous and source terms: Green-Gauss.

--------------- Time Numerical Integration  ( Zone 0 ) ------------------
Local time stepping (steady state simulation).
Euler implicit method for the flow equations.
FGMRES is used for solving the linear system.
Using a LU-SGS preconditioning.
Convergence criteria of the linear solver: 0.0001.
Max number of linear iterations: 2.
V Multigrid Cycle, with 2 multigrid levels.
Damping factor for the residual restriction: 1.
Damping factor for the correction prolongation: 1.
No CFL adaptation.
+-------------------------------------------+
|  MG Level| Presmooth|PostSmooth|CorrectSmo|
+-------------------------------------------+
|         0|         1|         0|         0|
|         1|         2|         0|         0|
|         2|         3|         0|         0|
+-------------------------------------------+
Courant-Friedrichs-Lewy number:       10

------------------ Convergence Criteria  ( Zone 0 ) ---------------------
Maximum number of solver subiterations: 1000.
Begin convergence monitoring at iteration 10.
Residual minimum value: 1e-13.
Cauchy series min. value: 1e-06.
Number of Cauchy elements: 100.
Begin windowed time average at iteration 0.

-------------------- Output Information ( Zone 0 ) ----------------------
File writing frequency: 
+------------------------------------+
|                     File| Frequency|
+------------------------------------+
|                  RESTART|       250|
|                 PARAVIEW|       250|
|         SURFACE_PARAVIEW|       250|
|              SURFACE_CSV|       250|
+------------------------------------+
Writing the convergence history file every 1 inner iterations.
Writing the screen convergence history every 1 inner iterations.
The tabular file format is CSV (.csv).
Convergence history file name: history_direct.
Forces breakdown file name: forces_breakdown.dat.
Surface file name: surface_flow.
Volume file name: flow.
Restart file name: restart_flow.

------------- Config File Boundary Information ( Zone 0 ) ---------------
+-----------------------------------------------------------------------+
|                        Marker Type|                        Marker Name|
+-----------------------------------------------------------------------+
|                         Euler wall|                            airfoil|
+-----------------------------------------------------------------------+
|                          Far-field|                           farfield|
+-----------------------------------------------------------------------+

-------------------- Output Preprocessing ( Zone 0 ) --------------------

WARNING: SURFACE_PRESSURE_DROP can only be computed for at least 2 surfaces (outlet, inlet, ...)

Screen output fields: INNER_ITER, RMS_DENSITY, RMS_ENERGY, LIFT, DRAG
History output group(s): ITER, RMS_RES, AERO_COEFF
Convergence field(s): RMS_DENSITY
Warning: No (valid) fields chosen for time convergence monitoring. Time convergence monitoring inactive.
Volume output fields: COORDINATES, SOLUTION, PRIMITIVE

------------------- Geometry Preprocessing ( Zone 0 ) -------------------
Two dimensional problem.
5233 grid points.
10216 volume elements.
2 surface markers.
200 boundary elements in index 0 (Marker = airfoil).
50 boundary elements in index 1 (Marker = farfield).
10216 triangles.
Setting point connectivity.
Renumbering points (Reverse Cuthill McKee Ordering).
Recomputing point connectivity.
Setting element connectivity.
Checking the numerical grid orientation.
All volume elements are correctly oriented.
All surface elements are correctly oriented.
Identifying edges and vertices.
Setting the control volume structure.
Area of the computational grid: 1253.25.
Searching for the closest normal neighbors to the surfaces.
Storing a mapping from global to local point index.
Compute the surface curvature.
Max K: 7835.1. Mean K: 35.0358. Standard deviation K: 494.41.
Checking for periodicity.
Computing mesh quality statistics for the dual control volumes.
+--------------------------------------------------------------+
|           Mesh Quality Metric|        Minimum|        Maximum|
+--------------------------------------------------------------+
|    Orthogonality Angle (deg.)|        62.8728|        89.7197|
|     CV Face Area Aspect Ratio|        1.01531|        7.18969|
|           CV Sub-Volume Ratio|        1.00263|        6.47613|
+--------------------------------------------------------------+
Setting the multigrid structure.
+-------------------------------------------+
|  MG Level|       CVs|Aggl. Rate|       CFL|
+-------------------------------------------+
|         0|      5233|    1/1.00|        10|
|         1|      1690|     1/3.1|   8.52431|
|         2|       649|     1/2.6|   7.92373|
+-------------------------------------------+
Finding max control volume width.
Wetted area = 2.04321 m.
Area projection in the x-plane = 0.118777 m, y-plane = 0.999845 m.
Max. coordinate in the x-direction = 1 m, y-direction = 0.0539288 m.
Min. coordinate in the x-direction = 0 m, y-direction = -0.0648681 m.
Computing wall distances.

-------------------- Solver Preprocessing ( Zone 0 ) --------------------
Inviscid flow: Computing density based on free-stream
temperature and pressure using the ideal gas law.
Force coefficients computed using free-stream values.

-- Models:
+------------------------------------------------------------------------------+
|          Viscosity Model|        Conductivity Model|              Fluid Model|
+------------------------------------------------------------------------------+
|                        -|                         -|             STANDARD_AIR|
+------------------------------------------------------------------------------+
-- Fluid properties:
+------------------------------------------------------------------------------+
|                  Name|    Dim. value|    Ref. value|      Unit|Non-dim. value|
+------------------------------------------------------------------------------+
|          Gas Constant|       287.058|       287.058|  N.m/kg.K|             1|
|      Spec. Heat Ratio|             -|             -|         -|           1.4|
+------------------------------------------------------------------------------+
-- Initial and free-stream conditions:
+------------------------------------------------------------------------------+
|                  Name|    Dim. value|    Ref. value|      Unit|Non-dim. value|
+------------------------------------------------------------------------------+
|       Static Pressure|        101325|        101325|        Pa|             1|
|               Density|       1.22498|       1.22498|    kg/m^3|             1|
|           Temperature|        288.15|        288.15|         K|             1|
|          Total Energy|        243846|       82715.8|   m^2/s^2|         2.948|
|            Velocity-X|       272.173|       287.603|       m/s|      0.946348|
|            Velocity-Y|       5.93883|       287.603|       m/s|     0.0206494|
|    Velocity Magnitude|       272.238|       287.603|       m/s|      0.946573|
+------------------------------------------------------------------------------+
|           Mach Number|             -|             -|         -|           0.8|
+------------------------------------------------------------------------------+
Initialize Jacobian structure (Euler). MG level: 0.
Initialize Jacobian structure (Euler). MG level: 1.
Initialize Jacobian structure (Euler). MG level: 2.

------------------- Numerics Preprocessing ( Zone 0 ) -------------------

----------------- Integration Preprocessing ( Zone 0 ) ------------------

------------------- Iteration Preprocessing ( Zone 0 ) ------------------
Euler/Navier-Stokes/RANS fluid iteration.

------------------------------ Begin Solver -----------------------------

Simulation Run using the Single-zone Driver
WARNING: SU2 was not compiled for an AVX-capable architecture. Performance could be better,
         see https://su2code.github.io/docs_v7/Build-SU2-Linux-MacOS/#compiler-optimizations
WARNING: SU2 was not compiled for an AVX-capable architecture. Performance could be better,
         see https://su2code.github.io/docs_v7/Build-SU2-Linux-MacOS/#compiler-optimizations
WARNING: SU2 was not compiled for an AVX-capable architecture. Performance could be better,
         see https://su2code.github.io/docs_v7/Build-SU2-Linux-MacOS/#compiler-optimizations
+----------------------------------------------------------------+
|  Inner_Iter|    rms[Rho]|   rms[RhoE]|          CL|          CD|
+----------------------------------------------------------------+
|           0|   -4.993030|   -4.396650|    0.056163|    0.001199|
|           1|   -5.275677|   -4.675830|    0.055479|    0.002644|
|           2|   -5.191383|   -4.608260|    0.051824|    0.002493|
|           3|   -5.171458|   -4.592206|    0.053030|    0.002333|
|           4|   -5.118601|   -4.548247|    0.053858|    0.002329|
|           5|   -5.093549|   -4.529590|    0.053129|    0.002256|
|           6|   -5.062103|   -4.500484|    0.052816|    0.002213|
|           7|   -5.035534|   -4.477189|    0.052759|    0.002166|
|           8|   -5.016978|   -4.461768|    0.052632|    0.002117|
|           9|   -5.003687|   -4.449176|    0.052376|    0.002073|
|          10|   -4.991688|   -4.436630|    0.052040|    0.002025|
|          11|   -4.983143|   -4.428478|    0.051732|    0.001977|
|          12|   -4.979948|   -4.426456|    0.051483|    0.001933|
|          13|   -4.981488|   -4.428937|    0.051261|    0.001895|
|          14|   -4.985675|   -4.433416|    0.051028|    0.001857|
|          15|   -4.991718|   -4.439315|    0.050794|    0.001819|
|          16|   -5.000069|   -4.447451|    0.050586|    0.001786|
|          17|   -5.010784|   -4.458045|    0.050416|    0.001758|
|          18|   -5.022765|   -4.470058|    0.050280|    0.001734|
|          19|   -5.035829|   -4.483339|    0.050168|    0.001712|
|          20|   -5.049937|   -4.497695|    0.050078|    0.001691|
|          21|   -5.064821|   -4.512791|    0.050009|    0.001670|
|          22|   -5.080843|   -4.529000|    0.049964|    0.001649|
|          23|   -5.098129|   -4.546415|    0.049942|    0.001629|
|          24|   -5.116581|   -4.565014|    0.049944|    0.001608|
|          25|   -5.135905|   -4.584444|    0.049973|    0.001588|
|          26|   -5.156290|   -4.604942|    0.050029|    0.001568|
|          27|   -5.177945|   -4.626701|    0.050110|    0.001548|
|          28|   -5.200166|   -4.648949|    0.050214|    0.001528|
|          29|   -5.222631|   -4.671341|    0.050340|    0.001508|
|          30|   -5.244772|   -4.693233|    0.050487|    0.001488|
|          31|   -5.266603|   -4.714781|    0.050657|    0.001470|
|          32|   -5.288001|   -4.735937|    0.050845|    0.001452|
|          33|   -5.309100|   -4.756737|    0.051047|    0.001434|
|          34|   -5.329933|   -4.777181|    0.051264|    0.001418|
|          35|   -5.350550|   -4.797355|    0.051493|    0.001402|
|          36|   -5.371127|   -4.817472|    0.051735|    0.001387|
|          37|   -5.391784|   -4.837688|    0.051988|    0.001375|
|          38|   -5.412253|   -4.857734|    0.052250|    0.001363|
|          39|   -5.432617|   -4.877712|    0.052518|    0.001354|
|          40|   -5.452843|   -4.897655|    0.052794|    0.001346|
|          41|   -5.472828|   -4.917479|    0.053075|    0.001340|
|          42|   -5.492631|   -4.937190|    0.053358|    0.001336|
|          43|   -5.512193|   -4.956700|    0.053642|    0.001332|
|          44|   -5.531425|   -4.975924|    0.053927|    0.001330|
|          45|   -5.550247|   -4.994783|    0.054210|    0.001329|
|          46|   -5.568570|   -5.013187|    0.054491|    0.001328|
|          47|   -5.586226|   -5.030949|    0.054768|    0.001329|
|          48|   -5.603149|   -5.048006|    0.055041|    0.001329|
|          49|   -5.619191|   -5.064195|    0.055307|    0.001329|
|          50|   -5.634044|   -5.079204|    0.055567|    0.001329|
|          51|   -5.647780|   -5.093145|    0.055820|    0.001329|
|          52|   -5.660455|   -5.106044|    0.056065|    0.001328|
|          53|   -5.672147|   -5.117963|    0.056302|    0.001326|
|          54|   -5.682954|   -5.129010|    0.056531|    0.001324|
|          55|   -5.692994|   -5.139305|    0.056752|    0.001321|
|          56|   -5.702358|   -5.148934|    0.056964|    0.001318|
|          57|   -5.711127|   -5.157974|    0.057167|    0.001314|
|          58|   -5.719371|   -5.166489|    0.057362|    0.001310|
|          59|   -5.727152|   -5.174539|    0.057549|    0.001305|
|          60|   -5.734529|   -5.182175|    0.057728|    0.001300|
|          61|   -5.741546|   -5.189433|    0.057898|    0.001295|
|          62|   -5.748245|   -5.196356|    0.058062|    0.001290|
|          63|   -5.754655|   -5.202971|    0.058218|    0.001284|
|          64|   -5.760794|   -5.209298|    0.058367|    0.001279|
|          65|   -5.766665|   -5.215337|    0.058509|    0.001274|
|          66|   -5.772231|   -5.221046|    0.058646|    0.001270|
|          67|   -5.777475|   -5.226424|    0.058777|    0.001266|
|          68|   -5.782411|   -5.231485|    0.058902|    0.001261|
|          69|   -5.787054|   -5.236242|    0.059023|    0.001258|
|          70|   -5.791393|   -5.240688|    0.059138|    0.001254|
|          71|   -5.795456|   -5.244857|    0.059248|    0.001251|
|          72|   -5.799197|   -5.248699|    0.059355|    0.001248|
|          73|   -5.802609|   -5.252209|    0.059457|    0.001245|
|          74|   -5.805691|   -5.255389|    0.059556|    0.001242|
|          75|   -5.808270|   -5.258040|    0.059652|    0.001240|
|          76|   -5.810478|   -5.260315|    0.059744|    0.001238|
|          77|   -5.812414|   -5.262330|    0.059834|    0.001236|
|          78|   -5.814112|   -5.264104|    0.059921|    0.001234|
|          79|   -5.815622|   -5.265671|    0.060006|    0.001232|
|          80|   -5.816992|   -5.267077|    0.060089|    0.001230|
|          81|   -5.818281|   -5.268380|    0.060169|    0.001229|
|          82|   -5.819579|   -5.269665|    0.060248|    0.001228|
|          83|   -5.821003|   -5.271053|    0.060326|    0.001226|
|          84|   -5.822606|   -5.272592|    0.060402|    0.001225|
|          85|   -5.824407|   -5.274301|    0.060478|    0.001224|
|          86|   -5.826497|   -5.276269|    0.060552|    0.001223|
|          87|   -5.828955|   -5.278578|    0.060625|    0.001223|
|          88|   -5.831848|   -5.281301|    0.060698|    0.001222|
|          89|   -5.835232|   -5.284498|    0.060769|    0.001222|
|          90|   -5.839178|   -5.288241|    0.060840|    0.001221|
|          91|   -5.843734|   -5.292584|    0.060910|    0.001221|
|          92|   -5.848910|   -5.297541|    0.060979|    0.001221|
|          93|   -5.854780|   -5.303202|    0.061047|    0.001220|
|          94|   -5.861257|   -5.309457|    0.061114|    0.001220|
|          95|   -5.868182|   -5.316144|    0.061181|    0.001221|
|          96|   -5.875673|   -5.323426|    0.061246|    0.001221|
|          97|   -5.883908|   -5.331483|    0.061310|    0.001221|
|          98|   -5.892871|   -5.340273|    0.061374|    0.001221|
|          99|   -5.902453|   -5.349689|    0.061435|    0.001222|
|         100|   -5.912697|   -5.359783|    0.061496|    0.001222|
|         101|   -5.923564|   -5.370504|    0.061555|    0.001223|
|         102|   -5.935035|   -5.381841|    0.061613|    0.001223|
|         103|   -5.947081|   -5.393763|    0.061668|    0.001224|
|         104|   -5.959677|   -5.406245|    0.061722|    0.001224|
|         105|   -5.972797|   -5.419260|    0.061774|    0.001225|
|         106|   -5.986392|   -5.432751|    0.061824|    0.001225|
|         107|   -6.000520|   -5.446779|    0.061872|    0.001226|
|         108|   -6.015102|   -5.461295|    0.061917|    0.001226|
|         109|   -6.030092|   -5.476252|    0.061961|    0.001226|
|         110|   -6.045442|   -5.491589|    0.062002|    0.001227|
|         111|   -6.061091|   -5.507243|    0.062041|    0.001227|
|         112|   -6.076991|   -5.523170|    0.062078|    0.001227|
|         113|   -6.093099|   -5.539323|    0.062113|    0.001227|
|         114|   -6.109392|   -5.555678|    0.062145|    0.001228|
|         115|   -6.125817|   -5.572183|    0.062176|    0.001228|
|         116|   -6.142612|   -5.589104|    0.062204|    0.001228|
|         117|   -6.159439|   -5.606036|    0.062231|    0.001228|
|         118|   -6.176193|   -5.622907|    0.062256|    0.001228|
|         119|   -6.192858|   -5.639707|    0.062279|    0.001228|
|         120|   -6.209450|   -5.656428|    0.062301|    0.001228|
|         121|   -6.225898|   -5.672985|    0.062321|    0.001228|
|         122|   -6.242175|   -5.689357|    0.062339|    0.001228|
|         123|   -6.258268|   -5.705531|    0.062356|    0.001228|
|         124|   -6.274162|   -5.721484|    0.062371|    0.001227|
|         125|   -6.289860|   -5.737216|    0.062385|    0.001227|
|         126|   -6.305375|   -5.752739|    0.062398|    0.001227|
|         127|   -6.320724|   -5.768065|    0.062409|    0.001227|
|         128|   -6.335956|   -5.783248|    0.062420|    0.001227|
|         129|   -6.351070|   -5.798286|    0.062429|    0.001226|
|         130|   -6.366105|   -5.813223|    0.062437|    0.001226|
|         131|   -6.381099|   -5.828102|    0.062444|    0.001226|
|         132|   -6.396098|   -5.842974|    0.062451|    0.001225|
|         133|   -6.411131|   -5.857872|    0.062456|    0.001225|
|         134|   -6.426222|   -5.872828|    0.062461|    0.001225|
|         135|   -6.441398|   -5.887875|    0.062465|    0.001224|
|         136|   -6.456682|   -5.903043|    0.062468|    0.001224|
|         137|   -6.472095|   -5.918357|    0.062471|    0.001224|
|         138|   -6.487643|   -5.933831|    0.062473|    0.001224|
|         139|   -6.503329|   -5.949470|    0.062474|    0.001223|
|         140|   -6.519140|   -5.965273|    0.062475|    0.001223|
|         141|   -6.535039|   -5.981204|    0.062475|    0.001223|
|         142|   -6.550981|   -5.997227|    0.062475|    0.001222|
|         143|   -6.566904|   -6.013281|    0.062475|    0.001222|
|         144|   -6.582738|   -6.029296|    0.062474|    0.001222|
|         145|   -6.598384|   -6.045172|    0.062472|    0.001222|
|         146|   -6.613772|   -6.060838|    0.062470|    0.001221|
|         147|   -6.628817|   -6.076208|    0.062468|    0.001221|
|         148|   -6.643418|   -6.091171|    0.062466|    0.001221|
|         149|   -6.657476|   -6.105616|    0.062463|    0.001221|
|         150|   -6.670923|   -6.119464|    0.062460|    0.001221|
|         151|   -6.683699|   -6.132643|    0.062457|    0.001221|
|         152|   -6.695764|   -6.145098|    0.062453|    0.001220|
|         153|   -6.707101|   -6.156798|    0.062449|    0.001220|
|         154|   -6.717726|   -6.167749|    0.062446|    0.001220|
|         155|   -6.727681|   -6.177979|    0.062442|    0.001220|
|         156|   -6.737041|   -6.187559|    0.062437|    0.001220|
|         157|   -6.745867|   -6.196540|    0.062433|    0.001220|
|         158|   -6.754250|   -6.205010|    0.062429|    0.001220|
|         159|   -6.762298|   -6.213078|    0.062424|    0.001220|
|         160|   -6.770121|   -6.220858|    0.062420|    0.001220|
|         161|   -6.777832|   -6.228468|    0.062415|    0.001219|
|         162|   -6.785528|   -6.236011|    0.062411|    0.001219|
|         163|   -6.793318|   -6.243604|    0.062406|    0.001219|
|         164|   -6.801291|   -6.251347|    0.062401|    0.001219|
|         165|   -6.809524|   -6.259321|    0.062397|    0.001219|
|         166|   -6.818070|   -6.267590|    0.062392|    0.001219|
|         167|   -6.826985|   -6.276215|    0.062388|    0.001219|
|         168|   -6.836309|   -6.285245|    0.062383|    0.001219|
|         169|   -6.846073|   -6.294711|    0.062379|    0.001219|
|         170|   -6.856302|   -6.304646|    0.062374|    0.001219|
|         171|   -6.867011|   -6.315069|    0.062370|    0.001219|
|         172|   -6.878199|   -6.325985|    0.062365|    0.001219|
|         173|   -6.889867|   -6.337397|    0.062361|    0.001219|
|         174|   -6.902003|   -6.349293|    0.062357|    0.001219|
|         175|   -6.914608|   -6.361679|    0.062353|    0.001219|
|         176|   -6.927666|   -6.374543|    0.062349|    0.001219|
|         177|   -6.941161|   -6.387869|    0.062345|    0.001219|
|         178|   -6.955065|   -6.401632|    0.062341|    0.001219|
|         179|   -6.969349|   -6.415803|    0.062338|    0.001219|
|         180|   -6.983975|   -6.430346|    0.062334|    0.001219|
|         181|   -6.998900|   -6.445215|    0.062331|    0.001219|
|         182|   -7.014081|   -6.460369|    0.062327|    0.001219|
|         183|   -7.029475|   -6.475764|    0.062324|    0.001219|
|         184|   -7.045031|   -6.491348|    0.062321|    0.001219|
|         185|   -7.060706|   -6.507077|    0.062318|    0.001219|
|         186|   -7.076452|   -6.522901|    0.062315|    0.001219|
|         187|   -7.092225|   -6.538773|    0.062313|    0.001219|
|         188|   -7.107985|   -6.554652|    0.062310|    0.001219|
|         189|   -7.123684|   -6.570484|    0.062308|    0.001219|
|         190|   -7.139282|   -6.586225|    0.062305|    0.001219|
|         191|   -7.154749|   -6.601839|    0.062303|    0.001219|
|         192|   -7.170058|   -6.617298|    0.062301|    0.001219|
|         193|   -7.185181|   -6.632566|    0.062299|    0.001219|
|         194|   -7.200111|   -6.647632|    0.062297|    0.001219|
|         195|   -7.214843|   -6.662487|    0.062296|    0.001219|
|         196|   -7.229366|   -6.677116|    0.062294|    0.001219|
|         197|   -7.243684|   -6.691522|    0.062293|    0.001219|
|         198|   -7.257803|   -6.705709|    0.062291|    0.001219|
|         199|   -7.271738|   -6.719691|    0.062290|    0.001219|
|         200|   -7.285506|   -6.733487|    0.062289|    0.001219|
|         201|   -7.299129|   -6.747118|    0.062288|    0.001219|
|         202|   -7.312629|   -6.760608|    0.062287|    0.001219|
|         203|   -7.326030|   -6.773983|    0.062286|    0.001219|
|         204|   -7.339354|   -6.787270|    0.062286|    0.001219|
|         205|   -7.352623|   -6.800492|    0.062285|    0.001219|
|         206|   -7.365855|   -6.813672|    0.062285|    0.001219|
|         207|   -7.379067|   -6.826828|    0.062285|    0.001219|
|         208|   -7.392273|   -6.839979|    0.062284|    0.001219|
|         209|   -7.405485|   -6.853139|    0.062284|    0.001219|
|         210|   -7.418706|   -6.866315|    0.062284|    0.001219|
|         211|   -7.431943|   -6.879514|    0.062284|    0.001219|
|         212|   -7.445197|   -6.892741|    0.062284|    0.001219|
|         213|   -7.458468|   -6.905994|    0.062284|    0.001219|
|         214|   -7.471753|   -6.919272|    0.062284|    0.001219|
|         215|   -7.485044|   -6.932565|    0.062284|    0.001219|
|         216|   -7.498339|   -6.945870|    0.062284|    0.001219|
|         217|   -7.511625|   -6.959173|    0.062284|    0.001219|
|         218|   -7.524916|   -6.972488|    0.062284|    0.001219|
|         219|   -7.538206|   -6.985807|    0.062285|    0.001219|
|         220|   -7.551493|   -6.999125|    0.062285|    0.001219|
|         221|   -7.564776|   -7.012437|    0.062285|    0.001219|
|         222|   -7.578051|   -7.025738|    0.062285|    0.001219|
|         223|   -7.591322|   -7.039028|    0.062286|    0.001219|
|         224|   -7.604591|   -7.052309|    0.062286|    0.001219|
|         225|   -7.617866|   -7.065586|    0.062286|    0.001219|
|         226|   -7.631157|   -7.078866|    0.062286|    0.001219|
|         227|   -7.644475|   -7.092161|    0.062286|    0.001219|
|         228|   -7.657835|   -7.105485|    0.062286|    0.001219|
|         229|   -7.671252|   -7.118853|    0.062287|    0.001219|
|         230|   -7.684742|   -7.132279|    0.062287|    0.001219|
|         231|   -7.698319|   -7.145781|    0.062287|    0.001219|
|         232|   -7.711998|   -7.159373|    0.062287|    0.001219|
|         233|   -7.725792|   -7.173073|    0.062287|    0.001219|
|         234|   -7.739716|   -7.186896|    0.062287|    0.001219|
|         235|   -7.753781|   -7.200857|    0.062287|    0.001219|
|         236|   -7.767992|   -7.214963|    0.062287|    0.001219|
|         237|   -7.782348|   -7.229216|    0.062287|    0.001219|
|         238|   -7.796848|   -7.243618|    0.062287|    0.001219|
|         239|   -7.811488|   -7.258170|    0.062287|    0.001219|
|         240|   -7.826263|   -7.272870|    0.062287|    0.001219|
|         241|   -7.841162|   -7.287710|    0.062287|    0.001219|
|         242|   -7.856167|   -7.302677|    0.062286|    0.001219|
|         243|   -7.871259|   -7.317754|    0.062286|    0.001219|
|         244|   -7.886415|   -7.332920|    0.062286|    0.001219|
|         245|   -7.901608|   -7.348150|    0.062286|    0.001219|
|         246|   -7.916809|   -7.363418|    0.062286|    0.001219|
|         247|   -7.931987|   -7.378691|    0.062285|    0.001219|
|         248|   -7.947117|   -7.393948|    0.062285|    0.001219|
|         249|   -7.962165|   -7.409152|    0.062285|    0.001219|
|         250|   -7.977082|   -7.424249|    0.062285|    0.001219|
+-----------------------------------------------------------------------+
|        File Writing Summary       |              Filename             |
+-----------------------------------------------------------------------+
|SU2 binary restart                 |restart_flow.dat                   |
|Paraview                           |flow.vtu                           |
|Paraview surface                   |surface_flow.vtu                   |
|CSV file                           |surface_flow.csv                   |
+-----------------------------------------------------------------------+
+----------------------------------------------------------------+
|  Inner_Iter|    rms[Rho]|   rms[RhoE]|          CL|          CD|
+----------------------------------------------------------------+
|         251|   -7.991839|   -7.439206|    0.062284|    0.001219|
|         252|   -8.006411|   -7.453995|    0.062284|    0.001219|
|         253|   -8.020767|   -7.468577|    0.062284|    0.001219|
|         254|   -8.034902|   -7.482945|    0.062283|    0.001219|
|         255|   -8.048802|   -7.497075|    0.062283|    0.001219|
|         256|   -8.062455|   -7.510951|    0.062283|    0.001219|
|         257|   -8.075860|   -7.524564|    0.062283|    0.001219|
|         258|   -8.089025|   -7.537915|    0.062282|    0.001219|
|         259|   -8.101960|   -7.551008|    0.062282|    0.001219|
|         260|   -8.114682|   -7.563855|    0.062282|    0.001219|
|         261|   -8.127213|   -7.576474|    0.062282|    0.001219|
|         262|   -8.139577|   -7.588888|    0.062281|    0.001219|
|         263|   -8.151805|   -7.601125|    0.062281|    0.001219|
|         264|   -8.163929|   -7.613216|    0.062281|    0.001219|
|         265|   -8.175985|   -7.625199|    0.062281|    0.001219|
|         266|   -8.187998|   -7.637101|    0.062280|    0.001219|
|         267|   -8.200001|   -7.648957|    0.062280|    0.001219|
|         268|   -8.212026|   -7.660804|    0.062280|    0.001219|
|         269|   -8.224104|   -7.672678|    0.062280|    0.001219|
|         270|   -8.236264|   -7.684614|    0.062280|    0.001219|
|         271|   -8.248529|   -7.696640|    0.062280|    0.001219|
|         272|   -8.260922|   -7.708783|    0.062280|    0.001219|
|         273|   -8.273458|   -7.721067|    0.062280|    0.001219|
|         274|   -8.286151|   -7.733511|    0.062280|    0.001219|
|         275|   -8.299008|   -7.746127|    0.062279|    0.001219|
|         276|   -8.312033|   -7.758927|    0.062279|    0.001219|
|         277|   -8.325228|   -7.771916|    0.062279|    0.001219|
|         278|   -8.338589|   -7.785095|    0.062279|    0.001219|
|         279|   -8.352109|   -7.798461|    0.062279|    0.001219|
|         280|   -8.365777|   -7.812008|    0.062279|    0.001219|
|         281|   -8.379580|   -7.825725|    0.062279|    0.001219|
|         282|   -8.393502|   -7.839599|    0.062279|    0.001219|
|         283|   -8.407526|   -7.853613|    0.062279|    0.001219|
|         284|   -8.421632|   -7.867747|    0.062279|    0.001219|
|         285|   -8.435800|   -7.881981|    0.062280|    0.001219|
|         286|   -8.450009|   -7.896293|    0.062280|    0.001219|
|         287|   -8.464240|   -7.910660|    0.062280|    0.001219|
|         288|   -8.478470|   -7.925056|    0.062280|    0.001219|
|         289|   -8.492683|   -7.939460|    0.062280|    0.001219|
|         290|   -8.506864|   -7.953850|    0.062280|    0.001219|
|         291|   -8.520999|   -7.968208|    0.062280|    0.001219|
|         292|   -8.535078|   -7.982517|    0.062280|    0.001219|
|         293|   -8.549097|   -7.996766|    0.062280|    0.001219|
|         294|   -8.563052|   -8.010944|    0.062280|    0.001219|
|         295|   -8.576947|   -8.025049|    0.062280|    0.001219|
|         296|   -8.590787|   -8.039079|    0.062280|    0.001219|
|         297|   -8.604579|   -8.053038|    0.062280|    0.001219|
|         298|   -8.618335|   -8.066931|    0.062280|    0.001219|
|         299|   -8.632069|   -8.080768|    0.062281|    0.001219|
|         300|   -8.645796|   -8.094562|    0.062281|    0.001219|
|         301|   -8.659532|   -8.108326|    0.062281|    0.001219|
|         302|   -8.673293|   -8.122078|    0.062281|    0.001219|
|         303|   -8.687097|   -8.135833|    0.062281|    0.001219|
|         304|   -8.700958|   -8.149609|    0.062281|    0.001219|
|         305|   -8.714890|   -8.163421|    0.062281|    0.001219|
|         306|   -8.728905|   -8.177286|    0.062281|    0.001219|
|         307|   -8.743014|   -8.191218|    0.062281|    0.001219|
|         308|   -8.757222|   -8.205228|    0.062281|    0.001219|
|         309|   -8.771533|   -8.219325|    0.062281|    0.001219|
|         310|   -8.785947|   -8.233515|    0.062281|    0.001219|
|         311|   -8.800461|   -8.247802|    0.062281|    0.001219|
|         312|   -8.815066|   -8.262184|    0.062281|    0.001219|
|         313|   -8.829750|   -8.276655|    0.062281|    0.001219|
|         314|   -8.844500|   -8.291209|    0.062281|    0.001219|
|         315|   -8.859296|   -8.305831|    0.062281|    0.001219|
|         316|   -8.874117|   -8.320506|    0.062281|    0.001219|
|         317|   -8.888938|   -8.335215|    0.062281|    0.001219|
|         318|   -8.903734|   -8.349936|    0.062281|    0.001219|
|         319|   -8.918477|   -8.364644|    0.062281|    0.001219|
|         320|   -8.933140|   -8.379315|    0.062281|    0.001219|
|         321|   -8.947697|   -8.393922|    0.062281|    0.001219|
|         322|   -8.962121|   -8.408437|    0.062282|    0.001219|
|         323|   -8.976389|   -8.422835|    0.062282|    0.001219|
|         324|   -8.990480|   -8.437092|    0.062282|    0.001219|
|         325|   -9.004378|   -8.451187|    0.062282|    0.001219|
|         326|   -9.018071|   -8.465100|    0.062282|    0.001219|
|         327|   -9.031554|   -8.478818|    0.062282|    0.001219|
|         328|   -9.044826|   -8.492335|    0.062282|    0.001219|
|         329|   -9.057896|   -8.505649|    0.062282|    0.001219|
|         330|   -9.070776|   -8.518767|    0.062282|    0.001219|
|         331|   -9.083486|   -8.531699|    0.062281|    0.001219|
|         332|   -9.096052|   -8.544464|    0.062281|    0.001219|
|         333|   -9.108502|   -8.557086|    0.062281|    0.001219|
|         334|   -9.120870|   -8.569593|    0.062281|    0.001219|
|         335|   -9.133191|   -8.582017|    0.062281|    0.001219|
|         336|   -9.145503|   -8.594392|    0.062281|    0.001219|
|         337|   -9.157844|   -8.606755|    0.062281|    0.001219|
|         338|   -9.170249|   -8.619143|    0.062281|    0.001219|
|         339|   -9.182755|   -8.631591|    0.062281|    0.001219|
|         340|   -9.195395|   -8.644136|    0.062281|    0.001219|
|         341|   -9.208198|   -8.656810|    0.062281|    0.001219|
|         342|   -9.221191|   -8.669643|    0.062281|    0.001219|
|         343|   -9.234396|   -8.682663|    0.062281|    0.001219|
|         344|   -9.247832|   -8.695892|    0.062281|    0.001219|
|         345|   -9.261511|   -8.709349|    0.062281|    0.001219|
|         346|   -9.275442|   -8.723048|    0.062281|    0.001219|
|         347|   -9.289626|   -8.736997|    0.062281|    0.001219|
|         348|   -9.304061|   -8.751199|    0.062281|    0.001219|
|         349|   -9.318738|   -8.765651|    0.062281|    0.001219|
|         350|   -9.333643|   -8.780346|    0.062281|    0.001219|
|         351|   -9.348755|   -8.795267|    0.062281|    0.001219|
|         352|   -9.364049|   -8.810396|    0.062281|    0.001219|
|         353|   -9.379494|   -8.825706|    0.062281|    0.001219|
|         354|   -9.395055|   -8.841166|    0.062281|    0.001219|
|         355|   -9.410691|   -8.856740|    0.062281|    0.001219|
|         356|   -9.426358|   -8.872386|    0.062281|    0.001219|
|         357|   -9.442009|   -8.888060|    0.062281|    0.001219|
|         358|   -9.457596|   -8.903713|    0.062281|    0.001219|
|         359|   -9.473070|   -8.919294|    0.062281|    0.001219|
|         360|   -9.488380|   -8.934753|    0.062282|    0.001219|
|         361|   -9.503482|   -8.950039|    0.062282|    0.001219|
|         362|   -9.518333|   -8.965104|    0.062282|    0.001219|
|         363|   -9.532896|   -8.979906|    0.062282|    0.001219|
|         364|   -9.547142|   -8.994407|    0.062282|    0.001219|
|         365|   -9.561050|   -9.008577|    0.062282|    0.001219|
|         366|   -9.574610|   -9.022396|    0.062282|    0.001219|
|         367|   -9.587819|   -9.035853|    0.062282|    0.001219|
|         368|   -9.600685|   -9.048949|    0.062282|    0.001219|
|         369|   -9.613228|   -9.061693|    0.062282|    0.001219|
|         370|   -9.625473|   -9.074105|    0.062282|    0.001219|
|         371|   -9.637453|   -9.086214|    0.062282|    0.001219|
|         372|   -9.649210|   -9.098056|    0.062282|    0.001219|
|         373|   -9.660786|   -9.109673|    0.062282|    0.001219|
|         374|   -9.672229|   -9.121113|    0.062282|    0.001219|
|         375|   -9.683587|   -9.132425|    0.062282|    0.001219|
|         376|   -9.694909|   -9.143659|    0.062282|    0.001219|
|         377|   -9.706239|   -9.154867|    0.062282|    0.001219|
|         378|   -9.717624|   -9.166098|    0.062282|    0.001219|
|         379|   -9.729102|   -9.177398|    0.062282|    0.001219|
|         380|   -9.740710|   -9.188808|    0.062282|    0.001219|
|         381|   -9.752478|   -9.200367|    0.062282|    0.001219|
|         382|   -9.764433|   -9.212106|    0.062282|    0.001219|
|         383|   -9.776592|   -9.224052|    0.062282|    0.001219|
|         384|   -9.788971|   -9.236223|    0.062282|    0.001219|
|         385|   -9.801577|   -9.248634|    0.062282|    0.001219|
|         386|   -9.814412|   -9.261292|    0.062282|    0.001219|
|         387|   -9.827472|   -9.274198|    0.062282|    0.001219|
|         388|   -9.840749|   -9.287348|    0.062282|    0.001219|
|         389|   -9.854227|   -9.300731|    0.062282|    0.001219|
|         390|   -9.867888|   -9.314331|    0.062282|    0.001219|
|         391|   -9.881707|   -9.328126|    0.062282|    0.001219|
|         392|   -9.895659|   -9.342090|    0.062282|    0.001219|
|         393|   -9.909711|   -9.356192|    0.062282|    0.001219|
|         394|   -9.923830|   -9.370398|    0.062282|    0.001219|
|         395|   -9.937982|   -9.384671|    0.062282|    0.001219|
|         396|   -9.952131|   -9.398972|    0.062282|    0.001219|
|         397|   -9.966240|   -9.413261|    0.062282|    0.001219|
|         398|   -9.980276|   -9.427498|    0.062282|    0.001219|
|         399|   -9.994208|   -9.441645|    0.062282|    0.001219|
|         400|  -10.008006|   -9.455668|    0.062282|    0.001219|
|         401|  -10.021648|   -9.469535|    0.062282|    0.001219|
|         402|  -10.035116|   -9.483221|    0.062282|    0.001219|
|         403|  -10.048397|   -9.496707|    0.062282|    0.001219|
|         404|  -10.061486|   -9.509980|    0.062282|    0.001219|
|         405|  -10.074384|   -9.523034|    0.062282|    0.001219|
|         406|  -10.087097|   -9.535871|    0.062282|    0.001219|
|         407|  -10.099639|   -9.548500|    0.062282|    0.001219|
|         408|  -10.112026|   -9.560935|    0.062282|    0.001219|
|         409|  -10.124282|   -9.573196|    0.062282|    0.001219|
|         410|  -10.136431|   -9.585311|    0.062282|    0.001219|
|         411|  -10.148502|   -9.597307|    0.062282|    0.001219|
|         412|  -10.160525|   -9.609218|    0.062282|    0.001219|
|         413|  -10.172529|   -9.621077|    0.062282|    0.001219|
|         414|  -10.184544|   -9.632920|    0.062282|    0.001219|
|         415|  -10.196599|   -9.644780|    0.062282|    0.001219|
|         416|  -10.208719|   -9.656689|    0.062282|    0.001219|
|         417|  -10.220927|   -9.668678|    0.062282|    0.001219|
|         418|  -10.233243|   -9.680772|    0.062282|    0.001219|
|         419|  -10.245682|   -9.692993|    0.062282|    0.001219|
|         420|  -10.258255|   -9.705358|    0.062282|    0.001219|
|         421|  -10.270968|   -9.717880|    0.062282|    0.001219|
|         422|  -10.283824|   -9.730568|    0.062282|    0.001219|
|         423|  -10.296820|   -9.743422|    0.062282|    0.001219|
|         424|  -10.309948|   -9.756442|    0.062282|    0.001219|
|         425|  -10.323199|   -9.769619|    0.062282|    0.001219|
|         426|  -10.336557|   -9.782942|    0.062282|    0.001219|
|         427|  -10.350003|   -9.796395|    0.062282|    0.001219|
|         428|  -10.363517|   -9.809956|    0.062282|    0.001219|
|         429|  -10.377075|   -9.823602|    0.062282|    0.001219|
|         430|  -10.390651|   -9.837306|    0.062282|    0.001219|
|         431|  -10.404219|   -9.851039|    0.062282|    0.001219|
|         432|  -10.417754|   -9.864771|    0.062282|    0.001219|
|         433|  -10.431228|   -9.878471|    0.062282|    0.001219|
|         434|  -10.444619|   -9.892110|    0.062282|    0.001219|
|         435|  -10.457906|   -9.905659|    0.062282|    0.001219|
|         436|  -10.471069|   -9.919093|    0.062282|    0.001219|
|         437|  -10.484097|   -9.932391|    0.062282|    0.001219|
|         438|  -10.496979|   -9.945535|    0.062282|    0.001219|
|         439|  -10.509711|   -9.958515|    0.062282|    0.001219|
|         440|  -10.522296|   -9.971323|    0.062282|    0.001219|
|         441|  -10.534738|   -9.983961|    0.062282|    0.001219|
|         442|  -10.547049|   -9.996432|    0.062282|    0.001219|
|         443|  -10.559243|  -10.008748|    0.062282|    0.001219|
|         444|  -10.571340|  -10.020924|    0.062282|    0.001219|
|         445|  -10.583361|  -10.032980|    0.062282|    0.001219|
|         446|  -10.595329|  -10.044939|    0.062282|    0.001219|
|         447|  -10.607269|  -10.056828|    0.062282|    0.001219|
|         448|  -10.619207|  -10.068674|    0.062282|    0.001219|
|         449|  -10.631168|  -10.080505|    0.062282|    0.001219|
|         450|  -10.643177|  -10.092350|    0.062282|    0.001219|
|         451|  -10.655255|  -10.104237|    0.062282|    0.001219|
|         452|  -10.667424|  -10.116193|    0.062282|    0.001219|
|         453|  -10.679701|  -10.128240|    0.062282|    0.001219|
|         454|  -10.692101|  -10.140399|    0.062282|    0.001219|
|         455|  -10.704633|  -10.152689|    0.062282|    0.001219|
|         456|  -10.717307|  -10.165122|    0.062282|    0.001219|
|         457|  -10.730124|  -10.177707|    0.062282|    0.001219|
|         458|  -10.743085|  -10.190451|    0.062282|    0.001219|
|         459|  -10.756185|  -10.203355|    0.062282|    0.001219|
|         460|  -10.769417|  -10.216415|    0.062282|    0.001219|
|         461|  -10.782770|  -10.229624|    0.062282|    0.001219|
|         462|  -10.796229|  -10.242971|    0.062282|    0.001219|
|         463|  -10.809777|  -10.256443|    0.062282|    0.001219|
|         464|  -10.823395|  -10.270021|    0.062282|    0.001219|
|         465|  -10.837063|  -10.283686|    0.062282|    0.001219|
|         466|  -10.850758|  -10.297415|    0.062282|    0.001219|
|         467|  -10.864458|  -10.311185|    0.062282|    0.001219|
|         468|  -10.878142|  -10.324970|    0.062282|    0.001219|
|         469|  -10.891788|  -10.338748|    0.062282|    0.001219|
|         470|  -10.905377|  -10.352494|    0.062282|    0.001219|
|         471|  -10.918893|  -10.366186|    0.062282|    0.001219|
|         472|  -10.932322|  -10.379806|    0.062282|    0.001219|
|         473|  -10.945654|  -10.393339|    0.062282|    0.001219|
|         474|  -10.958884|  -10.406771|    0.062282|    0.001219|
|         475|  -10.972010|  -10.420095|    0.062282|    0.001219|
|         476|  -10.985035|  -10.433308|    0.062282|    0.001219|
|         477|  -10.997966|  -10.446412|    0.062282|    0.001219|
|         478|  -11.010814|  -10.459412|    0.062282|    0.001219|
|         479|  -11.023591|  -10.472318|    0.062282|    0.001219|
|         480|  -11.036316|  -10.485143|    0.062282|    0.001219|
|         481|  -11.049007|  -10.497904|    0.062282|    0.001219|
|         482|  -11.061684|  -10.510619|    0.062282|    0.001219|
|         483|  -11.074369|  -10.523309|    0.062282|    0.001219|
|         484|  -11.087081|  -10.535996|    0.062282|    0.001219|
|         485|  -11.099843|  -10.548702|    0.062282|    0.001219|
|         486|  -11.112672|  -10.561449|    0.062282|    0.001219|
|         487|  -11.125586|  -10.574256|    0.062282|    0.001219|
|         488|  -11.138600|  -10.587143|    0.062282|    0.001219|
|         489|  -11.151726|  -10.600125|    0.062282|    0.001219|
|         490|  -11.164971|  -10.613217|    0.062282|    0.001219|
|         491|  -11.178342|  -10.626428|    0.062282|    0.001219|
|         492|  -11.191839|  -10.639764|    0.062282|    0.001219|
|         493|  -11.205460|  -10.653228|    0.062282|    0.001219|
|         494|  -11.219198|  -10.666818|    0.062282|    0.001219|
|         495|  -11.233043|  -10.680528|    0.062282|    0.001219|
|         496|  -11.246981|  -10.694349|    0.062282|    0.001219|
|         497|  -11.260995|  -10.708268|    0.062282|    0.001219|
|         498|  -11.275065|  -10.722267|    0.062282|    0.001219|
|         499|  -11.289169|  -10.736325|    0.062282|    0.001219|
|         500|  -11.303282|  -10.750421|    0.062282|    0.001219|
+-----------------------------------------------------------------------+
|        File Writing Summary       |              Filename             |
+-----------------------------------------------------------------------+
|SU2 binary restart                 |restart_flow.dat                   |
|Paraview                           |flow.vtu                           |
|Paraview surface                   |surface_flow.vtu                   |
|CSV file                           |surface_flow.csv                   |
+-----------------------------------------------------------------------+
+----------------------------------------------------------------+
|  Inner_Iter|    rms[Rho]|   rms[RhoE]|          CL|          CD|
+----------------------------------------------------------------+
|         501|  -11.317378|  -10.764528|    0.062282|    0.001219|
|         502|  -11.331432|  -10.778622|    0.062282|    0.001219|
|         503|  -11.345418|  -10.792674|    0.062282|    0.001219|
|         504|  -11.359313|  -10.806659|    0.062282|    0.001219|
|         505|  -11.373096|  -10.820551|    0.062282|    0.001219|
|         506|  -11.386747|  -10.834329|    0.062282|    0.001219|
|         507|  -11.400253|  -10.847973|    0.062282|    0.001219|
|         508|  -11.413604|  -10.861469|    0.062282|    0.001219|
|         509|  -11.426795|  -10.874806|    0.062282|    0.001219|
|         510|  -11.439829|  -10.887980|    0.062282|    0.001219|
|         511|  -11.452711|  -10.900994|    0.062282|    0.001219|
|         512|  -11.465454|  -10.913853|    0.062282|    0.001219|
|         513|  -11.478074|  -10.926571|    0.062282|    0.001219|
|         514|  -11.490593|  -10.939165|    0.062282|    0.001219|
|         515|  -11.503036|  -10.951657|    0.062282|    0.001219|
|         516|  -11.515429|  -10.964072|    0.062282|    0.001219|
|         517|  -11.527802|  -10.976440|    0.062282|    0.001219|
|         518|  -11.540186|  -10.988789|    0.062282|    0.001219|
|         519|  -11.552609|  -11.001150|    0.062282|    0.001219|
|         520|  -11.565101|  -11.013555|    0.062282|    0.001219|
|         521|  -11.577691|  -11.026033|    0.062282|    0.001219|
|         522|  -11.590403|  -11.038612|    0.062282|    0.001219|
|         523|  -11.603259|  -11.051320|    0.062282|    0.001219|
|         524|  -11.616279|  -11.064180|    0.062282|    0.001219|
|         525|  -11.629479|  -11.077210|    0.062282|    0.001219|
|         526|  -11.642869|  -11.090426|    0.062282|    0.001219|
|         527|  -11.656456|  -11.103840|    0.062282|    0.001219|
|         528|  -11.670241|  -11.117457|    0.062282|    0.001219|
|         529|  -11.684220|  -11.131279|    0.062282|    0.001219|
|         530|  -11.698386|  -11.145303|    0.062282|    0.001219|
|         531|  -11.712726|  -11.159518|    0.062282|    0.001219|
|         532|  -11.727221|  -11.173911|    0.062282|    0.001219|
|         533|  -11.741848|  -11.188462|    0.062282|    0.001219|
|         534|  -11.756580|  -11.203146|    0.062282|    0.001219|
|         535|  -11.771388|  -11.217937|    0.062282|    0.001219|
|         536|  -11.786235|  -11.232800|    0.062282|    0.001219|
|         537|  -11.801086|  -11.247699|    0.062282|    0.001219|
|         538|  -11.815903|  -11.262595|    0.062282|    0.001219|
|         539|  -11.830645|  -11.277448|    0.062282|    0.001219|
|         540|  -11.845275|  -11.292217|    0.062282|    0.001219|
|         541|  -11.859755|  -11.306861|    0.062282|    0.001219|
|         542|  -11.874052|  -11.321341|    0.062282|    0.001219|
|         543|  -11.888135|  -11.335623|    0.062282|    0.001219|
|         544|  -11.901982|  -11.349676|    0.062282|    0.001219|
|         545|  -11.915572|  -11.363476|    0.062282|    0.001219|
|         546|  -11.928896|  -11.377005|    0.062282|    0.001219|
|         547|  -11.941950|  -11.390253|    0.062282|    0.001219|
|         548|  -11.954739|  -11.403219|    0.062282|    0.001219|
|         549|  -11.967273|  -11.415909|    0.062282|    0.001219|
|         550|  -11.979571|  -11.428337|    0.062282|    0.001219|
|         551|  -11.991659|  -11.440524|    0.062282|    0.001219|
|         552|  -12.003564|  -11.452496|    0.062282|    0.001219|
|         553|  -12.015320|  -11.464287|    0.062282|    0.001219|
|         554|  -12.026964|  -11.475931|    0.062282|    0.001219|
|         555|  -12.038532|  -11.487469|    0.062282|    0.001219|
|         556|  -12.050062|  -11.498939|    0.062282|    0.001219|
|         557|  -12.061591|  -11.510381|    0.062282|    0.001219|
|         558|  -12.073154|  -11.521835|    0.062282|    0.001219|
|         559|  -12.084784|  -11.533336|    0.062282|    0.001219|
|         560|  -12.096508|  -11.544918|    0.062282|    0.001219|
|         561|  -12.108353|  -11.556610|    0.062282|    0.001219|
|         562|  -12.120338|  -11.568439|    0.062282|    0.001219|
|         563|  -12.132481|  -11.580425|    0.062282|    0.001219|
|         564|  -12.144792|  -11.592583|    0.062282|    0.001219|
|         565|  -12.157278|  -11.604924|    0.062282|    0.001219|
|         566|  -12.169940|  -11.617453|    0.062282|    0.001219|
|         567|  -12.182776|  -11.630172|    0.062282|    0.001219|
|         568|  -12.195778|  -11.643074|    0.062282|    0.001219|
|         569|  -12.208934|  -11.656150|    0.062282|    0.001219|
|         570|  -12.222229|  -11.669387|    0.062282|    0.001219|
|         571|  -12.235643|  -11.682766|    0.062282|    0.001219|
|         572|  -12.249155|  -11.696266|    0.062282|    0.001219|
|         573|  -12.262740|  -11.709861|    0.062282|    0.001219|
|         574|  -12.276371|  -11.723524|    0.062282|    0.001219|
|         575|  -12.290024|  -11.737227|    0.062282|    0.001219|
|         576|  -12.303667|  -11.750939|    0.062282|    0.001219|
|         577|  -12.317276|  -11.764630|    0.062282|    0.001219|
|         578|  -12.330826|  -11.778273|    0.062282|    0.001219|
|         579|  -12.344291|  -11.791838|    0.062282|    0.001219|
|         580|  -12.357654|  -11.805304|    0.062282|    0.001219|
|         581|  -12.370897|  -11.818648|    0.062282|    0.001219|
|         582|  -12.384006|  -11.831855|    0.062282|    0.001219|
|         583|  -12.396977|  -11.844913|    0.062282|    0.001219|
|         584|  -12.409804|  -11.857815|    0.062282|    0.001219|
|         585|  -12.422490|  -11.870560|    0.062282|    0.001219|
|         586|  -12.435041|  -11.883154|    0.062282|    0.001219|
|         587|  -12.447466|  -11.895602|    0.062282|    0.001219|
|         588|  -12.459780|  -11.907922|    0.062282|    0.001219|
|         589|  -12.471997|  -11.920126|    0.062282|    0.001219|
|         590|  -12.484140|  -11.932238|    0.062282|    0.001219|
|         591|  -12.496226|  -11.944276|    0.062282|    0.001219|
|         592|  -12.508279|  -11.956269|    0.062282|    0.001219|
|         593|  -12.520317|  -11.968236|    0.062282|    0.001219|
|         594|  -12.532364|  -11.980208|    0.062282|    0.001219|
|         595|  -12.544438|  -11.992202|    0.062282|    0.001219|
|         596|  -12.556557|  -12.004242|    0.062282|    0.001219|
|         597|  -12.568734|  -12.016346|    0.062282|    0.001219|
|         598|  -12.580983|  -12.028530|    0.062282|    0.001219|
|         599|  -12.593312|  -12.040806|    0.062282|    0.001219|
|         600|  -12.605726|  -12.053183|    0.062282|    0.001219|
|         601|  -12.618228|  -12.065665|    0.062282|    0.001219|
|         602|  -12.630814|  -12.078253|    0.062282|    0.001219|
|         603|  -12.643484|  -12.090945|    0.062282|    0.001219|
|         604|  -12.656228|  -12.103734|    0.062282|    0.001219|
|         605|  -12.669036|  -12.116610|    0.062282|    0.001219|
|         606|  -12.681893|  -12.129558|    0.062282|    0.001219|
|         607|  -12.694788|  -12.142565|    0.062282|    0.001219|
|         608|  -12.707704|  -12.155613|    0.062282|    0.001219|
|         609|  -12.720624|  -12.168678|    0.062282|    0.001219|
|         610|  -12.733527|  -12.181741|    0.062282|    0.001219|
|         611|  -12.746403|  -12.194783|    0.062282|    0.001219|
|         612|  -12.759232|  -12.207783|    0.062282|    0.001219|
|         613|  -12.771996|  -12.220712|    0.062282|    0.001219|
|         614|  -12.784689|  -12.233567|    0.062282|    0.001219|
|         615|  -12.797297|  -12.246322|    0.062282|    0.001219|
|         616|  -12.809818|  -12.258972|    0.062282|    0.001219|
|         617|  -12.822243|  -12.271503|    0.062282|    0.001219|
|         618|  -12.834574|  -12.283914|    0.062282|    0.001219|
|         619|  -12.846819|  -12.296210|    0.062282|    0.001219|
|         620|  -12.858977|  -12.308386|    0.062282|    0.001219|
|         621|  -12.871067|  -12.320460|    0.062282|    0.001219|
|         622|  -12.883097|  -12.332440|    0.062282|    0.001219|
|         623|  -12.895082|  -12.344342|    0.062282|    0.001219|
|         624|  -12.907043|  -12.356188|    0.062282|    0.001219|
|         625|  -12.918995|  -12.367994|    0.062282|    0.001219|
|         626|  -12.930957|  -12.379785|    0.062282|    0.001219|
|         627|  -12.942947|  -12.391582|    0.062282|    0.001219|
|         628|  -12.954985|  -12.403410|    0.062282|    0.001219|
|         629|  -12.967094|  -12.415295|    0.062282|    0.001219|
|         630|  -12.979279|  -12.427247|    0.062282|    0.001219|
|         631|  -12.991565|  -12.439303|    0.062282|    0.001219|
|         632|  -13.003955|  -12.451465|    0.062282|    0.001219|

----------------------------- Solver Exit -------------------------------
All convergence criteria satisfied.
+-----------------------------------------------------------------------+
|      Convergence Field     |     Value    |   Criterion  |  Converged |
+-----------------------------------------------------------------------+
|                    rms[Rho]|       -13.004|         < -13|         Yes|
+-----------------------------------------------------------------------+
-------------------------------------------------------------------------
+-----------------------------------------------------------------------+
|        File Writing Summary       |              Filename             |
+-----------------------------------------------------------------------+
|SU2 binary restart                 |restart_flow.dat                   |
|Paraview                           |flow.vtu                           |
|Paraview surface                   |surface_flow.vtu                   |
|CSV file                           |surface_flow.csv                   |
+-----------------------------------------------------------------------+

--------------------------- Finalizing Solver ---------------------------
Deleted CNumerics container.
Deleted CIntegration container.
Deleted CSolver container.
Deleted CIteration container.
Deleted CInterface container.
Deleted CGeometry container.
Deleted CFreeFormDefBox class.
Deleted CSurfaceMovement class.
Deleted CVolumetricMovement class.
Deleted CConfig container.
Deleted nInst container.
Deleted COutput class.
-------------------------------------------------------------------------

------------------------- Exit Success (SU2_CFD) ------------------------

