
-------------------------------------------------------------------------
|    ___ _   _ ___                                                      |
|   / __| | | |_  )   Release 8.3.0 "Harrier"                           |
|   \__ \ |_| |/ /                                                      |
|   |___/\___//___|   Suite (Computational Fluid Dynamics Code)         |
|                                                                       |
-------------------------------------------------------------------------
| SU2 Project Website: https://su2code.github.io                        |
|                                                                       |
| The SU2 Project is maintained by the SU2 Foundation                   |
| (http://su2foundation.org)                                            |
-------------------------------------------------------------------------
| Copyright 2012-2025, SU2 Contributors                                 |
|                                                                       |
| SU2 is free software; you can redistribute it and/or                  |
| modify it under the terms of the GNU Lesser General Public            |
| License as published by the Free Software Foundation; either          |
| version 2.1 of the License, or (at your option) any later version.    |
|                                                                       |
| SU2 is distributed in the hope that it will be useful,                |
| but WITHOUT ANY WARRANTY; without even the implied warranty of        |
| MERCHANTABILITY or FITNESS FOR A PARTICULAR PURPOSE. See the GNU      |
| Lesser General Public License for more details.                       |
|                                                                       |
| You should have received a copy of the GNU Lesser General Public      |
| License along with SU2. If not, see <http://www.gnu.org/licenses/>.   |
-------------------------------------------------------------------------

Parsing config file for zone 0

----------------- Physical Case Definition ( Zone 0 ) -------------------
Compressible Euler equations.
Mach number: 0.8.
Angle of attack (AoA): 1.25 deg, and angle of sideslip (AoS): 0 deg.
Reading and writing binary SU2 native restart files.
Read flow solution from: solution_flow.
Non-Dimensional simulation (P=1.0, Rho=1.0, T=1.0 at the farfield).
The reference area is 1 m^2.
The semi-span will be computed using the max y(3D) value.
The reference length is 1 m.
Reference origin for moment evaluation is (0.25, 0, 0).
Surface(s) where the force coefficients are evaluated: airfoil.

Surface(s) plotted in the output file: airfoil.
Surface(s) affected by the design variables: airfoil.
Input mesh file name: mesh_NACA0012_inv_deform.su2

--------------- Space Numerical Integration ( Zone 0 ) ------------------
Jameson-Schmidt-Turkel scheme (2nd order in space) for the flow inviscid terms.
JST viscous coefficients (2nd & 4th): 0.5, 0.02.
The method includes a grid stretching correction (p = 0.3).
Gradient for viscous and source terms: Green-Gauss.

--------------- Time Numerical Integration  ( Zone 0 ) ------------------
Local time stepping (steady state simulation).
Euler implicit method for the flow equations.
FGMRES is used for solving the linear system.
Using a LU-SGS preconditioning.
Convergence criteria of the linear solver: 0.0001.
Max number of linear iterations: 2.
V Multigrid Cycle, with 2 multigrid levels.
Damping factor for the residual restriction: 1.
Damping factor for the correction prolongation: 1.
No CFL adaptation.
+-------------------------------------------+
|  MG Level| Presmooth|PostSmooth|CorrectSmo|
+-------------------------------------------+
|         0|         1|         0|         0|
|         1|         2|         0|         0|
|         2|         3|         0|         0|
+-------------------------------------------+
Courant-Friedrichs-Lewy number:       10

------------------ Convergence Criteria  ( Zone 0 ) ---------------------
Maximum number of solver subiterations: 1000.
Begin convergence monitoring at iteration 10.
Residual minimum value: 1e-13.
Cauchy series min. value: 1e-06.
Number of Cauchy elements: 100.
Begin windowed time average at iteration 0.

-------------------- Output Information ( Zone 0 ) ----------------------
File writing frequency: 
+------------------------------------+
|                     File| Frequency|
+------------------------------------+
|                  RESTART|       250|
|                 PARAVIEW|       250|
|         SURFACE_PARAVIEW|       250|
|              SURFACE_CSV|       250|
+------------------------------------+
Writing the convergence history file every 1 inner iterations.
Writing the screen convergence history every 1 inner iterations.
The tabular file format is CSV (.csv).
Convergence history file name: history_direct.
Forces breakdown file name: forces_breakdown.dat.
Surface file name: surface_flow.
Volume file name: flow.
Restart file name: restart_flow.

------------- Config File Boundary Information ( Zone 0 ) ---------------
+-----------------------------------------------------------------------+
|                        Marker Type|                        Marker Name|
+-----------------------------------------------------------------------+
|                         Euler wall|                            airfoil|
+-----------------------------------------------------------------------+
|                          Far-field|                           farfield|
+-----------------------------------------------------------------------+

-------------------- Output Preprocessing ( Zone 0 ) --------------------

WARNING: SURFACE_PRESSURE_DROP can only be computed for at least 2 surfaces (outlet, inlet, ...)

Screen output fields: INNER_ITER, RMS_DENSITY, RMS_ENERGY, LIFT, DRAG
History output group(s): ITER, RMS_RES, AERO_COEFF
Convergence field(s): RMS_DENSITY
Warning: No (valid) fields chosen for time convergence monitoring. Time convergence monitoring inactive.
Volume output fields: COORDINATES, SOLUTION, PRIMITIVE

------------------- Geometry Preprocessing ( Zone 0 ) -------------------
Two dimensional problem.
5233 grid points.
10216 volume elements.
2 surface markers.
200 boundary elements in index 0 (Marker = airfoil).
50 boundary elements in index 1 (Marker = farfield).
10216 triangles.
Setting point connectivity.
Renumbering points (Reverse Cuthill McKee Ordering).
Recomputing point connectivity.
Setting element connectivity.
Checking the numerical grid orientation.
All volume elements are correctly oriented.
All surface elements are correctly oriented.
Identifying edges and vertices.
Setting the control volume structure.
Area of the computational grid: 1253.24.
Searching for the closest normal neighbors to the surfaces.
Storing a mapping from global to local point index.
Compute the surface curvature.
Max K: 7835.1. Mean K: 34.97. Standard deviation K: 494.394.
Checking for periodicity.
Computing mesh quality statistics for the dual control volumes.
+--------------------------------------------------------------+
|           Mesh Quality Metric|        Minimum|        Maximum|
+--------------------------------------------------------------+
|    Orthogonality Angle (deg.)|        62.8462|        89.6149|
|     CV Face Area Aspect Ratio|        1.00675|        7.20322|
|           CV Sub-Volume Ratio|         1.0021|        6.47555|
+--------------------------------------------------------------+
Setting the multigrid structure.
+-------------------------------------------+
|  MG Level|       CVs|Aggl. Rate|       CFL|
+-------------------------------------------+
|         0|      5233|    1/1.00|        10|
|         1|      1690|     1/3.1|   8.52431|
|         2|       649|     1/2.6|   7.92373|
+-------------------------------------------+
Finding max control volume width.
Wetted area = 2.05139 m.
Area projection in the x-plane = 0.128917 m, y-plane = 0.999845 m.
Max. coordinate in the x-direction = 1 m, y-direction = 0.0611769 m.
Min. coordinate in the x-direction = 0 m, y-direction = -0.0676361 m.
Computing wall distances.

-------------------- Solver Preprocessing ( Zone 0 ) --------------------
Inviscid flow: Computing density based on free-stream
temperature and pressure using the ideal gas law.
Force coefficients computed using free-stream values.

-- Models:
+------------------------------------------------------------------------------+
|          Viscosity Model|        Conductivity Model|              Fluid Model|
+------------------------------------------------------------------------------+
|                        -|                         -|             STANDARD_AIR|
+------------------------------------------------------------------------------+
-- Fluid properties:
+------------------------------------------------------------------------------+
|                  Name|    Dim. value|    Ref. value|      Unit|Non-dim. value|
+------------------------------------------------------------------------------+
|          Gas Constant|       287.058|       287.058|  N.m/kg.K|             1|
|      Spec. Heat Ratio|             -|             -|         -|           1.4|
+------------------------------------------------------------------------------+
-- Initial and free-stream conditions:
+------------------------------------------------------------------------------+
|                  Name|    Dim. value|    Ref. value|      Unit|Non-dim. value|
+------------------------------------------------------------------------------+
|       Static Pressure|        101325|        101325|        Pa|             1|
|               Density|       1.22498|       1.22498|    kg/m^3|             1|
|           Temperature|        288.15|        288.15|         K|             1|
|          Total Energy|        243846|       82715.8|   m^2/s^2|         2.948|
|            Velocity-X|       272.173|       287.603|       m/s|      0.946348|
|            Velocity-Y|       5.93883|       287.603|       m/s|     0.0206494|
|    Velocity Magnitude|       272.238|       287.603|       m/s|      0.946573|
+------------------------------------------------------------------------------+
|           Mach Number|             -|             -|         -|           0.8|
+------------------------------------------------------------------------------+
Initialize Jacobian structure (Euler). MG level: 0.
Initialize Jacobian structure (Euler). MG level: 1.
Initialize Jacobian structure (Euler). MG level: 2.

------------------- Numerics Preprocessing ( Zone 0 ) -------------------

----------------- Integration Preprocessing ( Zone 0 ) ------------------

------------------- Iteration Preprocessing ( Zone 0 ) ------------------
Euler/Navier-Stokes/RANS fluid iteration.

------------------------------ Begin Solver -----------------------------

Simulation Run using the Single-zone Driver
WARNING: SU2 was not compiled for an AVX-capable architecture. Performance could be better,
         see https://su2code.github.io/docs_v7/Build-SU2-Linux-MacOS/#compiler-optimizations
WARNING: SU2 was not compiled for an AVX-capable architecture. Performance could be better,
         see https://su2code.github.io/docs_v7/Build-SU2-Linux-MacOS/#compiler-optimizations
WARNING: SU2 was not compiled for an AVX-capable architecture. Performance could be better,
         see https://su2code.github.io/docs_v7/Build-SU2-Linux-MacOS/#compiler-optimizations
+----------------------------------------------------------------+
|  Inner_Iter|    rms[Rho]|   rms[RhoE]|          CL|          CD|
+----------------------------------------------------------------+
|           0|   -4.548558|   -3.952178|    0.040371|    0.024205|
|           1|   -4.831997|   -4.234420|    0.037754|    0.012957|
|           2|   -4.746323|   -4.157477|    0.042906|    0.011405|
|           3|   -4.710716|   -4.125612|    0.038376|    0.011567|
|           4|   -4.649501|   -4.069176|    0.031948|    0.010751|
|           5|   -4.622162|   -4.045993|    0.028599|    0.010284|
|           6|   -4.609886|   -4.039105|    0.025268|    0.010112|
|           7|   -4.591949|   -4.023141|    0.021199|    0.009985|
|           8|   -4.577671|   -4.010161|    0.017351|    0.009841|
|           9|   -4.581342|   -4.016334|    0.014210|    0.009690|
|          10|   -4.583816|   -4.020032|    0.011466|    0.009571|
|          11|   -4.590477|   -4.027520|    0.008745|    0.009461|
|          12|   -4.601268|   -4.038925|    0.006004|    0.009331|
|          13|   -4.617001|   -4.054618|    0.003416|    0.009197|
|          14|   -4.638333|   -4.075284|    0.000953|    0.009059|
|          15|   -4.659336|   -4.095372|   -0.001368|    0.008928|
|          16|   -4.678804|   -4.114220|   -0.003634|    0.008789|
|          17|   -4.698881|   -4.134267|   -0.005898|    0.008630|
|          18|   -4.721786|   -4.157344|   -0.008090|    0.008463|
|          19|   -4.748907|   -4.184425|   -0.010181|    0.008298|
|          20|   -4.779250|   -4.214486|   -0.012178|    0.008142|
|          21|   -4.810529|   -4.245521|   -0.014091|    0.008001|
|          22|   -4.840465|   -4.275615|   -0.015925|    0.007881|
|          23|   -4.867085|   -4.302934|   -0.017678|    0.007787|
|          24|   -4.888544|   -4.325483|   -0.019348|    0.007722|
|          25|   -4.904229|   -4.342422|   -0.020941|    0.007689|
|          26|   -4.914573|   -4.354018|   -0.022455|    0.007688|
|          27|   -4.920628|   -4.361237|   -0.023891|    0.007718|
|          28|   -4.923765|   -4.365440|   -0.025251|    0.007777|
|          29|   -4.925396|   -4.368060|   -0.026539|    0.007860|
|          30|   -4.926779|   -4.370355|   -0.027771|    0.007962|
|          31|   -4.928536|   -4.372919|   -0.028948|    0.008077|
|          32|   -4.931598|   -4.376637|   -0.030070|    0.008201|
|          33|   -4.936550|   -4.382025|   -0.031145|    0.008328|
|          34|   -4.943344|   -4.388933|   -0.032178|    0.008454|
|          35|   -4.951135|   -4.396485|   -0.033180|    0.008575|
|          36|   -4.959997|   -4.404843|   -0.034156|    0.008687|
|          37|   -4.970011|   -4.414152|   -0.035108|    0.008786|
|          38|   -4.981568|   -4.424934|   -0.036039|    0.008871|
|          39|   -4.995792|   -4.438626|   -0.036939|    0.008941|
|          40|   -5.011636|   -4.454332|   -0.037801|    0.008996|
|          41|   -5.027903|   -4.470755|   -0.038634|    0.009036|
|          42|   -5.044655|   -4.487973|   -0.039433|    0.009063|
|          43|   -5.061108|   -4.505210|   -0.040203|    0.009079|
|          44|   -5.075424|   -4.520224|   -0.040947|    0.009084|
|          45|   -5.087028|   -4.532298|   -0.041658|    0.009084|
|          46|   -5.095777|   -4.541228|   -0.042345|    0.009078|
|          47|   -5.102267|   -4.547645|   -0.043015|    0.009069|
|          48|   -5.107364|   -4.552462|   -0.043658|    0.009059|
|          49|   -5.111946|   -4.556627|   -0.044273|    0.009049|
|          50|   -5.116674|   -4.560869|   -0.044866|    0.009041|
|          51|   -5.122518|   -4.566191|   -0.045434|    0.009035|
|          52|   -5.130004|   -4.573100|   -0.045973|    0.009033|
|          53|   -5.139157|   -4.581772|   -0.046480|    0.009033|
|          54|   -5.149898|   -4.592231|   -0.046953|    0.009037|
|          55|   -5.162225|   -4.604490|   -0.047395|    0.009044|
|          56|   -5.176108|   -4.618461|   -0.047811|    0.009054|
|          57|   -5.190241|   -4.632729|   -0.048205|    0.009065|
|          58|   -5.204149|   -4.646863|   -0.048578|    0.009078|
|          59|   -5.216993|   -4.659978|   -0.048928|    0.009090|
|          60|   -5.228598|   -4.671850|   -0.049251|    0.009103|
|          61|   -5.238856|   -4.682372|   -0.049551|    0.009115|
|          62|   -5.247908|   -4.691714|   -0.049828|    0.009125|
|          63|   -5.255889|   -4.700075|   -0.050078|    0.009134|
|          64|   -5.263683|   -4.708343|   -0.050307|    0.009140|
|          65|   -5.270879|   -4.715992|   -0.050524|    0.009144|
|          66|   -5.277444|   -4.722953|   -0.050726|    0.009145|
|          67|   -5.283581|   -4.729406|   -0.050909|    0.009144|
|          68|   -5.289344|   -4.735437|   -0.051077|    0.009141|
|          69|   -5.294772|   -4.741130|   -0.051226|    0.009136|
|          70|   -5.300007|   -4.746620|   -0.051354|    0.009129|
|          71|   -5.305346|   -4.752168|   -0.051469|    0.009120|
|          72|   -5.311215|   -4.758256|   -0.051573|    0.009111|
|          73|   -5.317257|   -4.764488|   -0.051665|    0.009100|
|          74|   -5.323318|   -4.770741|   -0.051750|    0.009088|
|          75|   -5.329685|   -4.777241|   -0.051827|    0.009076|
|          76|   -5.336579|   -4.784155|   -0.051896|    0.009063|
|          77|   -5.344121|   -4.791635|   -0.051959|    0.009050|
|          78|   -5.352340|   -4.799730|   -0.052016|    0.009037|
|          79|   -5.361256|   -4.808456|   -0.052067|    0.009024|
|          80|   -5.370863|   -4.817828|   -0.052112|    0.009010|
|          81|   -5.381071|   -4.827775|   -0.052153|    0.008996|
|          82|   -5.392075|   -4.838545|   -0.052186|    0.008983|
|          83|   -5.403713|   -4.850001|   -0.052213|    0.008969|
|          84|   -5.416046|   -4.862125|   -0.052236|    0.008954|
|          85|   -5.429050|   -4.874857|   -0.052254|    0.008940|
|          86|   -5.442745|   -4.888227|   -0.052270|    0.008925|
|          87|   -5.457174|   -4.902319|   -0.052283|    0.008911|
|          88|   -5.472242|   -4.917061|   -0.052292|    0.008895|
|          89|   -5.487916|   -4.932412|   -0.052298|    0.008880|
|          90|   -5.504234|   -4.948380|   -0.052301|    0.008864|
|          91|   -5.521197|   -4.964978|   -0.052303|    0.008848|
|          92|   -5.539368|   -4.982812|   -0.052302|    0.008833|
|          93|   -5.558068|   -5.001140|   -0.052299|    0.008817|
|          94|   -5.577226|   -5.019974|   -0.052295|    0.008801|
|          95|   -5.596756|   -5.039192|   -0.052290|    0.008784|
|          96|   -5.616879|   -5.058993|   -0.052285|    0.008768|
|          97|   -5.637594|   -5.079378|   -0.052280|    0.008751|
|          98|   -5.658463|   -5.099904|   -0.052276|    0.008734|
|          99|   -5.679491|   -5.120614|   -0.052276|    0.008717|
|         100|   -5.700711|   -5.141554|   -0.052277|    0.008701|
|         101|   -5.721864|   -5.162442|   -0.052281|    0.008684|
|         102|   -5.743150|   -5.183498|   -0.052286|    0.008667|
|         103|   -5.764383|   -5.204533|   -0.052294|    0.008651|
|         104|   -5.785420|   -5.225382|   -0.052303|    0.008635|
|         105|   -5.806281|   -5.246071|   -0.052314|    0.008619|
|         106|   -5.826955|   -5.266606|   -0.052327|    0.008604|
|         107|   -5.847410|   -5.286961|   -0.052340|    0.008590|
|         108|   -5.867619|   -5.307106|   -0.052356|    0.008575|
|         109|   -5.887560|   -5.327005|   -0.052372|    0.008561|
|         110|   -5.907202|   -5.346624|   -0.052390|    0.008548|
|         111|   -5.926552|   -5.365962|   -0.052409|    0.008535|
|         112|   -5.945624|   -5.385027|   -0.052429|    0.008522|
|         113|   -5.964445|   -5.403839|   -0.052450|    0.008510|
|         114|   -5.983057|   -5.422434|   -0.052472|    0.008498|
|         115|   -6.001510|   -5.440858|   -0.052494|    0.008486|
|         116|   -6.019864|   -5.459170|   -0.052516|    0.008475|
|         117|   -6.038184|   -5.477433|   -0.052539|    0.008465|
|         118|   -6.056540|   -5.495718|   -0.052562|    0.008454|
|         119|   -6.075005|   -5.514095|   -0.052584|    0.008445|
|         120|   -6.093646|   -5.532633|   -0.052606|    0.008435|
|         121|   -6.112529|   -5.551399|   -0.052628|    0.008426|
|         122|   -6.131722|   -5.570463|   -0.052649|    0.008418|
|         123|   -6.151887|   -5.590506|   -0.052670|    0.008410|
|         124|   -6.173982|   -5.612430|   -0.052689|    0.008402|
|         125|   -6.195953|   -5.634101|   -0.052708|    0.008395|
|         126|   -6.217875|   -5.655777|   -0.052726|    0.008388|
|         127|   -6.239869|   -5.677553|   -0.052744|    0.008382|
|         128|   -6.261994|   -5.699476|   -0.052761|    0.008376|
|         129|   -6.284361|   -5.721667|   -0.052777|    0.008370|
|         130|   -6.307080|   -5.744242|   -0.052792|    0.008365|
|         131|   -6.330201|   -5.767258|   -0.052807|    0.008361|
|         132|   -6.353726|   -5.790719|   -0.052821|    0.008357|
|         133|   -6.377615|   -5.814589|   -0.052834|    0.008353|
|         134|   -6.401788|   -5.838791|   -0.052846|    0.008349|
|         135|   -6.426126|   -5.863209|   -0.052858|    0.008347|
|         136|   -6.450467|   -5.887692|   -0.052869|    0.008344|
|         137|   -6.474605|   -5.912036|   -0.052879|    0.008342|
|         138|   -6.498285|   -5.935991|   -0.052889|    0.008340|
|         139|   -6.521207|   -5.959259|   -0.052899|    0.008339|
|         140|   -6.543069|   -5.981539|   -0.052908|    0.008338|
|         141|   -6.563553|   -6.002507|   -0.052917|    0.008337|
|         142|   -6.582354|   -6.021847|   -0.052926|    0.008336|
|         143|   -6.599209|   -6.039283|   -0.052934|    0.008336|
|         144|   -6.613931|   -6.054607|   -0.052942|    0.008336|
|         145|   -6.626426|   -6.067700|   -0.052951|    0.008337|
|         146|   -6.636681|   -6.078524|   -0.052959|    0.008337|
|         147|   -6.644783|   -6.087142|   -0.052966|    0.008338|
|         148|   -6.650913|   -6.093718|   -0.052974|    0.008339|
|         149|   -6.655317|   -6.098485|   -0.052982|    0.008340|
|         150|   -6.658275|   -6.101718|   -0.052990|    0.008342|
|         151|   -6.660085|   -6.103715|   -0.052998|    0.008343|
|         152|   -6.661038|   -6.104772|   -0.053006|    0.008345|
|         153|   -6.661406|   -6.105170|   -0.053014|    0.008347|
|         154|   -6.661431|   -6.105161|   -0.053022|    0.008349|
|         155|   -6.661322|   -6.104965|   -0.053030|    0.008351|
|         156|   -6.661253|   -6.104765|   -0.053039|    0.008353|
|         157|   -6.661364|   -6.104711|   -0.053047|    0.008355|
|         158|   -6.661765|   -6.104923|   -0.053056|    0.008357|
|         159|   -6.662544|   -6.105495|   -0.053064|    0.008360|
|         160|   -6.663764|   -6.106497|   -0.053073|    0.008362|
|         161|   -6.665474|   -6.107982|   -0.053082|    0.008365|
|         162|   -6.667713|   -6.109994|   -0.053090|    0.008367|
|         163|   -6.670509|   -6.112563|   -0.053099|    0.008369|
|         164|   -6.673877|   -6.115707|   -0.053108|    0.008372|
|         165|   -6.677824|   -6.119435|   -0.053117|    0.008374|
|         166|   -6.682354|   -6.123752|   -0.053126|    0.008377|
|         167|   -6.687466|   -6.128657|   -0.053135|    0.008379|
|         168|   -6.693157|   -6.134148|   -0.053144|    0.008382|
|         169|   -6.699420|   -6.140219|   -0.053153|    0.008384|
|         170|   -6.706250|   -6.146862|   -0.053162|    0.008387|
|         171|   -6.713636|   -6.154070|   -0.053171|    0.008389|
|         172|   -6.721570|   -6.161832|   -0.053180|    0.008391|
|         173|   -6.730046|   -6.170142|   -0.053189|    0.008394|
|         174|   -6.739052|   -6.178988|   -0.053198|    0.008396|
|         175|   -6.748577|   -6.188359|   -0.053207|    0.008398|
|         176|   -6.758611|   -6.198244|   -0.053216|    0.008400|
|         177|   -6.769144|   -6.208633|   -0.053225|    0.008403|
|         178|   -6.780163|   -6.219514|   -0.053233|    0.008405|
|         179|   -6.791656|   -6.230873|   -0.053242|    0.008407|
|         180|   -6.803608|   -6.242698|   -0.053251|    0.008409|
|         181|   -6.816004|   -6.254971|   -0.053259|    0.008411|
|         182|   -6.828825|   -6.267676|   -0.053267|    0.008412|
|         183|   -6.842048|   -6.280791|   -0.053276|    0.008414|
|         184|   -6.855650|   -6.294293|   -0.053284|    0.008416|
|         185|   -6.869600|   -6.308153|   -0.053292|    0.008417|
|         186|   -6.883474|   -6.322037|   -0.053300|    0.008419|
|         187|   -6.897313|   -6.335981|   -0.053308|    0.008421|
|         188|   -6.911369|   -6.350131|   -0.053316|    0.008422|
|         189|   -6.925565|   -6.364399|   -0.053323|    0.008423|
|         190|   -6.939880|   -6.378799|   -0.053331|    0.008425|
|         191|   -6.954348|   -6.393366|   -0.053338|    0.008426|
|         192|   -6.968950|   -6.408080|   -0.053345|    0.008427|
|         193|   -6.983614|   -6.422866|   -0.053353|    0.008428|
|         194|   -6.998234|   -6.437622|   -0.053360|    0.008429|
|         195|   -7.012676|   -6.452218|   -0.053366|    0.008430|
|         196|   -7.026804|   -6.466524|   -0.053373|    0.008431|
|         197|   -7.040486|   -6.480416|   -0.053379|    0.008432|
|         198|   -7.053605|   -6.493777|   -0.053386|    0.008433|
|         199|   -7.066051|   -6.506499|   -0.053392|    0.008434|
|         200|   -7.077732|   -6.518489|   -0.053398|    0.008435|
|         201|   -7.088573|   -6.529671|   -0.053403|    0.008435|
|         202|   -7.098522|   -6.539987|   -0.053409|    0.008436|
|         203|   -7.107546|   -6.549402|   -0.053414|    0.008436|
|         204|   -7.115636|   -6.557898|   -0.053420|    0.008437|
|         205|   -7.122805|   -6.565481|   -0.053425|    0.008437|
|         206|   -7.129091|   -6.572179|   -0.053429|    0.008438|
|         207|   -7.134549|   -6.578038|   -0.053434|    0.008438|
|         208|   -7.139252|   -6.583125|   -0.053438|    0.008438|
|         209|   -7.143287|   -6.587518|   -0.053443|    0.008439|
|         210|   -7.146752|   -6.591307|   -0.053447|    0.008439|
|         211|   -7.149750|   -6.594594|   -0.053450|    0.008439|
|         212|   -7.152388|   -6.597480|   -0.053454|    0.008439|
|         213|   -7.154773|   -6.600071|   -0.053457|    0.008439|
|         214|   -7.157006|   -6.602469|   -0.053461|    0.008440|
|         215|   -7.159186|   -6.604773|   -0.053464|    0.008440|
|         216|   -7.161401|   -6.607073|   -0.053467|    0.008440|
|         217|   -7.163734|   -6.609455|   -0.053469|    0.008440|
|         218|   -7.166257|   -6.611994|   -0.053472|    0.008440|
|         219|   -7.169035|   -6.614757|   -0.053474|    0.008440|
|         220|   -7.172124|   -6.617803|   -0.053476|    0.008439|
|         221|   -7.175570|   -6.621183|   -0.053478|    0.008439|
|         222|   -7.179413|   -6.624940|   -0.053480|    0.008439|
|         223|   -7.183688|   -6.629111|   -0.053482|    0.008439|
|         224|   -7.188421|   -6.633723|   -0.053483|    0.008439|
|         225|   -7.193633|   -6.638802|   -0.053485|    0.008439|
|         226|   -7.199342|   -6.644366|   -0.053486|    0.008439|
|         227|   -7.205561|   -6.650431|   -0.053487|    0.008438|
|         228|   -7.212298|   -6.657005|   -0.053488|    0.008438|
|         229|   -7.219561|   -6.664099|   -0.053489|    0.008438|
|         230|   -7.227355|   -6.671718|   -0.053490|    0.008438|
|         231|   -7.235681|   -6.679864|   -0.053490|    0.008438|
|         232|   -7.244539|   -6.688539|   -0.053491|    0.008437|
|         233|   -7.253927|   -6.697742|   -0.053491|    0.008437|
|         234|   -7.263844|   -6.707470|   -0.053492|    0.008437|
|         235|   -7.274285|   -6.717720|   -0.053492|    0.008437|
|         236|   -7.285244|   -6.728487|   -0.053492|    0.008436|
|         237|   -7.296716|   -6.739766|   -0.053492|    0.008436|
|         238|   -7.308695|   -6.751550|   -0.053492|    0.008436|
|         239|   -7.321172|   -6.763832|   -0.053492|    0.008435|
|         240|   -7.334139|   -6.776604|   -0.053492|    0.008435|
|         241|   -7.347588|   -6.789857|   -0.053492|    0.008435|
|         242|   -7.361507|   -6.803581|   -0.053492|    0.008435|
|         243|   -7.375886|   -6.817766|   -0.053492|    0.008434|
|         244|   -7.390714|   -6.832400|   -0.053492|    0.008434|
|         245|   -7.405977|   -6.847471|   -0.053491|    0.008434|
|         246|   -7.421661|   -6.862964|   -0.053491|    0.008433|
|         247|   -7.437750|   -6.878865|   -0.053491|    0.008433|
|         248|   -7.454230|   -6.895158|   -0.053490|    0.008433|
|         249|   -7.471080|   -6.911826|   -0.053490|    0.008433|
|         250|   -7.488283|   -6.928849|   -0.053490|    0.008432|
+-----------------------------------------------------------------------+
|        File Writing Summary       |              Filename             |
+-----------------------------------------------------------------------+
|SU2 binary restart                 |restart_flow.dat                   |
|Paraview                           |flow.vtu                           |
|Paraview surface                   |surface_flow.vtu                   |
|CSV file                           |surface_flow.csv                   |
+-----------------------------------------------------------------------+
+----------------------------------------------------------------+
|  Inner_Iter|    rms[Rho]|   rms[RhoE]|          CL|          CD|
+----------------------------------------------------------------+
|         251|   -7.505817|   -6.946207|   -0.053489|    0.008432|
|         252|   -7.523660|   -6.963880|   -0.053489|    0.008432|
|         253|   -7.541788|   -6.981843|   -0.053489|    0.008432|
|         254|   -7.560176|   -7.000073|   -0.053488|    0.008431|
|         255|   -7.578798|   -7.018544|   -0.053488|    0.008431|
|         256|   -7.597625|   -7.037227|   -0.053487|    0.008431|
|         257|   -7.616627|   -7.056096|   -0.053487|    0.008431|
|         258|   -7.635774|   -7.075120|   -0.053487|    0.008430|
|         259|   -7.655036|   -7.094269|   -0.053486|    0.008430|
|         260|   -7.674379|   -7.113512|   -0.053486|    0.008430|
|         261|   -7.693772|   -7.132817|   -0.053486|    0.008430|
|         262|   -7.713181|   -7.152154|   -0.053485|    0.008430|
|         263|   -7.732577|   -7.171491|   -0.053485|    0.008429|
|         264|   -7.751926|   -7.190798|   -0.053485|    0.008429|
|         265|   -7.771199|   -7.210045|   -0.053484|    0.008429|
|         266|   -7.790368|   -7.229205|   -0.053484|    0.008429|
|         267|   -7.809408|   -7.248253|   -0.053484|    0.008429|
|         268|   -7.828293|   -7.267164|   -0.053484|    0.008428|
|         269|   -7.847005|   -7.285919|   -0.053483|    0.008428|
|         270|   -7.865525|   -7.304499|   -0.053483|    0.008428|
|         271|   -7.883840|   -7.322891|   -0.053483|    0.008428|
|         272|   -7.901941|   -7.341083|   -0.053483|    0.008428|
|         273|   -7.919820|   -7.359069|   -0.053483|    0.008428|
|         274|   -7.937476|   -7.376845|   -0.053483|    0.008428|
|         275|   -7.954908|   -7.394409|   -0.053483|    0.008427|
|         276|   -7.972119|   -7.411763|   -0.053482|    0.008427|
|         277|   -7.989115|   -7.428911|   -0.053482|    0.008427|
|         278|   -8.005902|   -7.445858|   -0.053482|    0.008427|
|         279|   -8.022488|   -7.462610|   -0.053482|    0.008427|
|         280|   -8.038880|   -7.479173|   -0.053482|    0.008427|
|         281|   -8.055085|   -7.495552|   -0.053482|    0.008427|
|         282|   -8.071108|   -7.511752|   -0.053482|    0.008427|
|         283|   -8.086953|   -7.527774|   -0.053482|    0.008427|
|         284|   -8.102618|   -7.543618|   -0.053482|    0.008427|
|         285|   -8.118103|   -7.559280|   -0.053482|    0.008427|
|         286|   -8.133401|   -7.574754|   -0.053482|    0.008427|
|         287|   -8.148503|   -7.590029|   -0.053482|    0.008427|
|         288|   -8.163396|   -7.605092|   -0.053482|    0.008427|
|         289|   -8.178063|   -7.619925|   -0.053482|    0.008427|
|         290|   -8.192485|   -7.634509|   -0.053482|    0.008426|
|         291|   -8.206640|   -7.648820|   -0.053483|    0.008426|
|         292|   -8.220504|   -7.662835|   -0.053483|    0.008426|
|         293|   -8.234053|   -7.676527|   -0.053483|    0.008426|
|         294|   -8.247261|   -7.689869|   -0.053483|    0.008426|
|         295|   -8.260103|   -7.702838|   -0.053483|    0.008426|
|         296|   -8.272559|   -7.715409|   -0.053483|    0.008426|
|         297|   -8.284607|   -7.727562|   -0.053483|    0.008426|
|         298|   -8.296233|   -7.739280|   -0.053483|    0.008426|
|         299|   -8.307425|   -7.750551|   -0.053483|    0.008426|
|         300|   -8.318179|   -7.761370|   -0.053483|    0.008426|
|         301|   -8.328496|   -7.771736|   -0.053484|    0.008426|
|         302|   -8.338381|   -7.781657|   -0.053484|    0.008426|
|         303|   -8.347850|   -7.791146|   -0.053484|    0.008427|
|         304|   -8.356922|   -7.800222|   -0.053484|    0.008427|
|         305|   -8.365621|   -7.808911|   -0.053484|    0.008427|
|         306|   -8.373980|   -7.817245|   -0.053484|    0.008427|
|         307|   -8.382032|   -7.825259|   -0.053484|    0.008427|
|         308|   -8.389817|   -7.832992|   -0.053485|    0.008427|
|         309|   -8.397377|   -7.840488|   -0.053485|    0.008427|
|         310|   -8.404753|   -7.847790|   -0.053485|    0.008427|
|         311|   -8.411991|   -7.854944|   -0.053485|    0.008427|
|         312|   -8.419134|   -7.861994|   -0.053485|    0.008427|
|         313|   -8.426226|   -7.868985|   -0.053485|    0.008427|
|         314|   -8.433309|   -7.875960|   -0.053485|    0.008427|
|         315|   -8.440424|   -7.882962|   -0.053486|    0.008427|
|         316|   -8.447609|   -7.890028|   -0.053486|    0.008427|
|         317|   -8.454901|   -7.897197|   -0.053486|    0.008427|
|         318|   -8.462331|   -7.904501|   -0.053486|    0.008427|
|         319|   -8.469931|   -7.911972|   -0.053486|    0.008427|
|         320|   -8.477727|   -7.919639|   -0.053486|    0.008427|
|         321|   -8.485746|   -7.927527|   -0.053486|    0.008427|
|         322|   -8.494007|   -7.935657|   -0.053487|    0.008427|
|         323|   -8.502531|   -7.944050|   -0.053487|    0.008427|
|         324|   -8.511332|   -7.952722|   -0.053487|    0.008427|
|         325|   -8.520425|   -7.961686|   -0.053487|    0.008427|
|         326|   -8.529819|   -7.970955|   -0.053487|    0.008427|
|         327|   -8.539524|   -7.980537|   -0.053487|    0.008427|
|         328|   -8.549544|   -7.990438|   -0.053487|    0.008427|
|         329|   -8.559883|   -8.000661|   -0.053487|    0.008427|
|         330|   -8.570541|   -8.011208|   -0.053488|    0.008427|
|         331|   -8.581516|   -8.022078|   -0.053488|    0.008427|
|         332|   -8.592805|   -8.033267|   -0.053488|    0.008427|
|         333|   -8.604398|   -8.044769|   -0.053488|    0.008427|
|         334|   -8.616288|   -8.056574|   -0.053488|    0.008428|
|         335|   -8.628462|   -8.068671|   -0.053488|    0.008428|
|         336|   -8.640904|   -8.081046|   -0.053488|    0.008428|
|         337|   -8.653597|   -8.093682|   -0.053488|    0.008428|
|         338|   -8.666519|   -8.106559|   -0.053489|    0.008428|
|         339|   -8.679645|   -8.119653|   -0.053489|    0.008428|
|         340|   -8.692950|   -8.132938|   -0.053489|    0.008428|
|         341|   -8.706401|   -8.146385|   -0.053489|    0.008428|
|         342|   -8.719966|   -8.159961|   -0.053489|    0.008428|
|         343|   -8.733606|   -8.173630|   -0.053489|    0.008428|
|         344|   -8.747283|   -8.187352|   -0.053489|    0.008428|
|         345|   -8.760953|   -8.201088|   -0.053489|    0.008428|
|         346|   -8.774572|   -8.214791|   -0.053489|    0.008428|
|         347|   -8.788091|   -8.228416|   -0.053489|    0.008428|
|         348|   -8.801465|   -8.241914|   -0.053489|    0.008428|
|         349|   -8.814643|   -8.255239|   -0.053490|    0.008428|
|         350|   -8.827578|   -8.268340|   -0.053490|    0.008428|
|         351|   -8.840224|   -8.281171|   -0.053490|    0.008428|
|         352|   -8.852539|   -8.293688|   -0.053490|    0.008428|
|         353|   -8.864481|   -8.305849|   -0.053490|    0.008428|
|         354|   -8.876018|   -8.317618|   -0.053490|    0.008428|
|         355|   -8.887122|   -8.328964|   -0.053490|    0.008428|
|         356|   -8.897772|   -8.339864|   -0.053490|    0.008428|
|         357|   -8.907957|   -8.350303|   -0.053490|    0.008428|
|         358|   -8.917672|   -8.360272|   -0.053490|    0.008428|
|         359|   -8.926924|   -8.369773|   -0.053490|    0.008428|
|         360|   -8.935725|   -8.378817|   -0.053490|    0.008428|
|         361|   -8.944098|   -8.387422|   -0.053490|    0.008428|
|         362|   -8.952071|   -8.395613|   -0.053490|    0.008428|
|         363|   -8.959682|   -8.403424|   -0.053490|    0.008428|
|         364|   -8.966970|   -8.410893|   -0.053490|    0.008428|
|         365|   -8.973981|   -8.418063|   -0.053490|    0.008428|
|         366|   -8.980763|   -8.424982|   -0.053490|    0.008428|
|         367|   -8.987364|   -8.431696|   -0.053490|    0.008428|
|         368|   -8.993835|   -8.438257|   -0.053490|    0.008428|
|         369|   -9.000225|   -8.444712|   -0.053491|    0.008428|
|         370|   -9.006580|   -8.451110|   -0.053491|    0.008428|
|         371|   -9.012948|   -8.457498|   -0.053491|    0.008428|
|         372|   -9.019370|   -8.463919|   -0.053491|    0.008428|
|         373|   -9.025887|   -8.470415|   -0.053491|    0.008428|
|         374|   -9.032536|   -8.477024|   -0.053491|    0.008428|
|         375|   -9.039350|   -8.483780|   -0.053491|    0.008428|
|         376|   -9.046358|   -8.490716|   -0.053491|    0.008428|
|         377|   -9.053589|   -8.497860|   -0.053491|    0.008428|
|         378|   -9.061066|   -8.505237|   -0.053491|    0.008428|
|         379|   -9.068810|   -8.512869|   -0.053491|    0.008428|
|         380|   -9.076838|   -8.520776|   -0.053491|    0.008428|
|         381|   -9.085166|   -8.528973|   -0.053491|    0.008428|
|         382|   -9.093807|   -8.537476|   -0.053491|    0.008428|
|         383|   -9.102772|   -8.546296|   -0.053491|    0.008428|
|         384|   -9.112070|   -8.555443|   -0.053491|    0.008428|
|         385|   -9.121708|   -8.564924|   -0.053491|    0.008428|
|         386|   -9.131691|   -8.574746|   -0.053491|    0.008428|
|         387|   -9.142023|   -8.584914|   -0.053491|    0.008428|
|         388|   -9.152706|   -8.595430|   -0.053491|    0.008428|
|         389|   -9.163741|   -8.606295|   -0.053491|    0.008428|
|         390|   -9.175128|   -8.617511|   -0.053491|    0.008428|
|         391|   -9.186866|   -8.629076|   -0.053491|    0.008428|
|         392|   -9.198953|   -8.640988|   -0.053491|    0.008428|
|         393|   -9.211384|   -8.653245|   -0.053491|    0.008428|
|         394|   -9.224156|   -8.665843|   -0.053491|    0.008428|
|         395|   -9.237263|   -8.678776|   -0.053491|    0.008428|
|         396|   -9.250699|   -8.692039|   -0.053491|    0.008428|
|         397|   -9.264455|   -8.705624|   -0.053491|    0.008428|
|         398|   -9.278525|   -8.719524|   -0.053491|    0.008428|
|         399|   -9.292899|   -8.733730|   -0.053491|    0.008428|
|         400|   -9.307565|   -8.748232|   -0.053491|    0.008428|
|         401|   -9.322513|   -8.763019|   -0.053491|    0.008428|
|         402|   -9.337730|   -8.778080|   -0.053491|    0.008428|
|         403|   -9.353204|   -8.793401|   -0.053491|    0.008428|
|         404|   -9.368918|   -8.808968|   -0.053490|    0.008428|
|         405|   -9.384857|   -8.824767|   -0.053490|    0.008428|
|         406|   -9.401005|   -8.840782|   -0.053490|    0.008428|
|         407|   -9.417343|   -8.856994|   -0.053490|    0.008428|
|         408|   -9.433853|   -8.873386|   -0.053490|    0.008428|
|         409|   -9.450513|   -8.889939|   -0.053490|    0.008428|
|         410|   -9.467302|   -8.906632|   -0.053490|    0.008428|
|         411|   -9.484198|   -8.923442|   -0.053490|    0.008428|
|         412|   -9.501177|   -8.940348|   -0.053490|    0.008428|
|         413|   -9.518213|   -8.957325|   -0.053490|    0.008428|
|         414|   -9.535281|   -8.974350|   -0.053490|    0.008428|
|         415|   -9.552355|   -8.991395|   -0.053490|    0.008428|
|         416|   -9.569407|   -9.008436|   -0.053490|    0.008428|
|         417|   -9.586410|   -9.025445|   -0.053490|    0.008428|
|         418|   -9.603337|   -9.042396|   -0.053490|    0.008428|
|         419|   -9.620160|   -9.059263|   -0.053490|    0.008428|
|         420|   -9.636852|   -9.076017|   -0.053490|    0.008428|
|         421|   -9.653387|   -9.092635|   -0.053490|    0.008428|
|         422|   -9.669741|   -9.109090|   -0.053490|    0.008428|
|         423|   -9.685891|   -9.125361|   -0.053490|    0.008428|
|         424|   -9.701816|   -9.141424|   -0.053490|    0.008428|
|         425|   -9.717496|   -9.157259|   -0.053490|    0.008428|
|         426|   -9.732915|   -9.172850|   -0.053490|    0.008428|
|         427|   -9.748058|   -9.188179|   -0.053490|    0.008428|
|         428|   -9.762915|   -9.203234|   -0.053490|    0.008428|
|         429|   -9.777475|   -9.218004|   -0.053490|    0.008428|
|         430|   -9.791734|   -9.232480|   -0.053490|    0.008428|
|         431|   -9.805686|   -9.246656|   -0.053490|    0.008428|
|         432|   -9.819330|   -9.260529|   -0.053490|    0.008428|
|         433|   -9.832669|   -9.274097|   -0.053490|    0.008428|
|         434|   -9.845704|   -9.287361|   -0.053490|    0.008428|
|         435|   -9.858440|   -9.300323|   -0.053490|    0.008428|
|         436|   -9.870886|   -9.312989|   -0.053490|    0.008428|
|         437|   -9.883048|   -9.325364|   -0.053490|    0.008428|
|         438|   -9.894938|   -9.337457|   -0.053490|    0.008428|
|         439|   -9.906564|   -9.349275|   -0.053490|    0.008428|
|         440|   -9.917941|   -9.360830|   -0.053490|    0.008428|
|         441|   -9.929080|   -9.372133|   -0.053490|    0.008428|
|         442|   -9.939994|   -9.383196|   -0.053490|    0.008428|
|         443|   -9.950698|   -9.394032|   -0.053490|    0.008428|
|         444|   -9.961206|   -9.404653|   -0.053490|    0.008428|
|         445|   -9.971532|   -9.415076|   -0.053490|    0.008428|
|         446|   -9.981692|   -9.425313|   -0.053490|    0.008428|
|         447|   -9.991700|   -9.435380|   -0.053490|    0.008428|
|         448|  -10.001571|   -9.445291|   -0.053490|    0.008428|
|         449|  -10.011321|   -9.455063|   -0.053490|    0.008428|
|         450|  -10.020963|   -9.464710|   -0.053490|    0.008428|
|         451|  -10.030513|   -9.474247|   -0.053490|    0.008428|
|         452|  -10.039984|   -9.483691|   -0.053490|    0.008428|
|         453|  -10.049392|   -9.493055|   -0.053490|    0.008428|
|         454|  -10.058749|   -9.502355|   -0.053490|    0.008428|
|         455|  -10.068070|   -9.511606|   -0.053490|    0.008428|
|         456|  -10.077369|   -9.520823|   -0.053490|    0.008428|
|         457|  -10.086657|   -9.530019|   -0.053490|    0.008428|
|         458|  -10.095948|   -9.539209|   -0.053490|    0.008428|
|         459|  -10.105256|   -9.548408|   -0.053490|    0.008428|
|         460|  -10.114592|   -9.557628|   -0.053490|    0.008428|
|         461|  -10.123969|   -9.566884|   -0.053490|    0.008428|
|         462|  -10.133399|   -9.576188|   -0.053490|    0.008428|
|         463|  -10.142895|   -9.585554|   -0.053490|    0.008428|
|         464|  -10.152469|   -9.594994|   -0.053490|    0.008428|
|         465|  -10.162131|   -9.604522|   -0.053490|    0.008428|
|         466|  -10.171895|   -9.614149|   -0.053490|    0.008428|
|         467|  -10.181770|   -9.623888|   -0.053490|    0.008428|
|         468|  -10.191769|   -9.633750|   -0.053490|    0.008428|
|         469|  -10.201903|   -9.643746|   -0.053490|    0.008428|
|         470|  -10.212181|   -9.653887|   -0.053490|    0.008428|
|         471|  -10.222613|   -9.664184|   -0.053490|    0.008428|
|         472|  -10.233209|   -9.674646|   -0.053490|    0.008428|
|         473|  -10.243977|   -9.685283|   -0.053490|    0.008428|
|         474|  -10.254926|   -9.696102|   -0.053490|    0.008428|
|         475|  -10.266062|   -9.707111|   -0.053490|    0.008428|
|         476|  -10.277392|   -9.718316|   -0.053490|    0.008428|
|         477|  -10.288921|   -9.729724|   -0.053490|    0.008428|
|         478|  -10.300652|   -9.741338|   -0.053490|    0.008428|
|         479|  -10.312590|   -9.753163|   -0.053490|    0.008428|
|         480|  -10.324735|   -9.765200|   -0.053490|    0.008428|
|         481|  -10.337088|   -9.777449|   -0.053490|    0.008428|
|         482|  -10.349647|   -9.789911|   -0.053490|    0.008428|
|         483|  -10.362409|   -9.802583|   -0.053490|    0.008428|
|         484|  -10.375371|   -9.815461|   -0.053490|    0.008428|
|         485|  -10.388526|   -9.828540|   -0.053490|    0.008428|
|         486|  -10.401865|   -9.841811|   -0.053490|    0.008428|
|         487|  -10.415378|   -9.855267|   -0.053490|    0.008428|
|         488|  -10.429054|   -9.868894|   -0.053490|    0.008428|
|         489|  -10.442877|   -9.882680|   -0.053490|    0.008428|
|         490|  -10.456831|   -9.896609|   -0.053490|    0.008428|
|         491|  -10.470897|   -9.910662|   -0.053490|    0.008428|
|         492|  -10.485053|   -9.924820|   -0.053490|    0.008428|
|         493|  -10.499275|   -9.939059|   -0.053490|    0.008428|
|         494|  -10.513539|   -9.953354|   -0.053490|    0.008428|
|         495|  -10.527814|   -9.967677|   -0.053490|    0.008428|
|         496|  -10.542072|   -9.981999|   -0.053490|    0.008428|
|         497|  -10.556279|   -9.996289|   -0.053490|    0.008428|
|         498|  -10.570402|  -10.010511|   -0.053490|    0.008428|
|         499|  -10.584405|  -10.024633|   -0.053490|    0.008428|
|         500|  -10.598254|  -10.038618|   -0.053490|    0.008428|
+-----------------------------------------------------------------------+
|        File Writing Summary       |              Filename             |
+-----------------------------------------------------------------------+
|SU2 binary restart                 |restart_flow.dat                   |
|Paraview                           |flow.vtu                           |
|Paraview surface                   |surface_flow.vtu                   |
|CSV file                           |surface_flow.csv                   |
+-----------------------------------------------------------------------+
+----------------------------------------------------------------+
|  Inner_Iter|    rms[Rho]|   rms[RhoE]|          CL|          CD|
+----------------------------------------------------------------+
|         501|  -10.611913|  -10.052429|   -0.053490|    0.008428|
|         502|  -10.625345|  -10.066032|   -0.053490|    0.008428|
|         503|  -10.638517|  -10.079390|   -0.053490|    0.008428|
|         504|  -10.651398|  -10.092470|   -0.053490|    0.008428|
|         505|  -10.663957|  -10.105241|   -0.053490|    0.008428|
|         506|  -10.676169|  -10.117676|   -0.053490|    0.008428|
|         507|  -10.688013|  -10.129751|   -0.053490|    0.008428|
|         508|  -10.699472|  -10.141446|   -0.053490|    0.008428|
|         509|  -10.710537|  -10.152748|   -0.053490|    0.008428|
|         510|  -10.721201|  -10.163650|   -0.053490|    0.008428|
|         511|  -10.731468|  -10.174149|   -0.053490|    0.008428|
|         512|  -10.741344|  -10.184251|   -0.053490|    0.008428|
|         513|  -10.750844|  -10.193967|   -0.053490|    0.008428|
|         514|  -10.759987|  -10.203312|   -0.053490|    0.008428|
|         515|  -10.768797|  -10.212309|   -0.053490|    0.008428|
|         516|  -10.777304|  -10.220986|   -0.053490|    0.008428|
|         517|  -10.785540|  -10.229372|   -0.053490|    0.008428|
|         518|  -10.793541|  -10.237503|   -0.053490|    0.008428|
|         519|  -10.801345|  -10.245415|   -0.053490|    0.008428|
|         520|  -10.808990|  -10.253146|   -0.053490|    0.008428|
|         521|  -10.816515|  -10.260735|   -0.053490|    0.008428|
|         522|  -10.823959|  -10.268221|   -0.053490|    0.008428|
|         523|  -10.831360|  -10.275643|   -0.053490|    0.008428|
|         524|  -10.838755|  -10.283038|   -0.053490|    0.008428|
|         525|  -10.846177|  -10.290441|   -0.053490|    0.008428|
|         526|  -10.853660|  -10.297887|   -0.053490|    0.008428|
|         527|  -10.861234|  -10.305406|   -0.053490|    0.008428|
|         528|  -10.868926|  -10.313029|   -0.053490|    0.008428|
|         529|  -10.876762|  -10.320781|   -0.053490|    0.008428|
|         530|  -10.884765|  -10.328687|   -0.053490|    0.008428|
|         531|  -10.892955|  -10.336769|   -0.053490|    0.008428|
|         532|  -10.901351|  -10.345047|   -0.053490|    0.008428|
|         533|  -10.909968|  -10.353537|   -0.053490|    0.008428|
|         534|  -10.918821|  -10.362254|   -0.053490|    0.008428|
|         535|  -10.927921|  -10.371213|   -0.053490|    0.008428|
|         536|  -10.937279|  -10.380424|   -0.053490|    0.008428|
|         537|  -10.946904|  -10.389897|   -0.053490|    0.008428|
|         538|  -10.956802|  -10.399639|   -0.053490|    0.008428|
|         539|  -10.966980|  -10.409658|   -0.053490|    0.008428|
|         540|  -10.977442|  -10.419959|   -0.053490|    0.008428|
|         541|  -10.988192|  -10.430545|   -0.053490|    0.008428|
|         542|  -10.999231|  -10.441419|   -0.053490|    0.008428|
|         543|  -11.010562|  -10.452584|   -0.053490|    0.008428|
|         544|  -11.022184|  -10.464040|   -0.053490|    0.008428|
|         545|  -11.034096|  -10.475787|   -0.053490|    0.008428|
|         546|  -11.046298|  -10.487824|   -0.053490|    0.008428|
|         547|  -11.058786|  -10.500148|   -0.053490|    0.008428|
|         548|  -11.071558|  -10.512758|   -0.053490|    0.008428|
|         549|  -11.084610|  -10.525649|   -0.053490|    0.008428|
|         550|  -11.097936|  -10.538817|   -0.053490|    0.008428|
|         551|  -11.111531|  -10.552257|   -0.053490|    0.008428|
|         552|  -11.125387|  -10.565962|   -0.053490|    0.008428|
|         553|  -11.139499|  -10.579925|   -0.053490|    0.008428|
|         554|  -11.153855|  -10.594139|   -0.053490|    0.008428|
|         555|  -11.168448|  -10.608593|   -0.053490|    0.008428|
|         556|  -11.183266|  -10.623278|   -0.053490|    0.008428|
|         557|  -11.198296|  -10.638183|   -0.053490|    0.008428|
|         558|  -11.213527|  -10.653295|   -0.053490|    0.008428|
|         559|  -11.228943|  -10.668600|   -0.053490|    0.008428|
|         560|  -11.244528|  -10.684083|   -0.053490|    0.008428|
|         561|  -11.260265|  -10.699729|   -0.053490|    0.008428|
|         562|  -11.276135|  -10.715518|   -0.053490|    0.008428|
|         563|  -11.292118|  -10.731431|   -0.053490|    0.008428|
|         564|  -11.308192|  -10.747449|   -0.053490|    0.008428|
|         565|  -11.324333|  -10.763548|   -0.053490|    0.008428|
|         566|  -11.340517|  -10.779705|   -0.053490|    0.008428|
|         567|  -11.356716|  -10.795893|   -0.053490|    0.008428|
|         568|  -11.372905|  -10.812088|   -0.053490|    0.008428|
|         569|  -11.389053|  -10.828261|   -0.053490|    0.008428|
|         570|  -11.405131|  -10.844383|   -0.053490|    0.008428|
|         571|  -11.421110|  -10.860425|   -0.053490|    0.008428|
|         572|  -11.436960|  -10.876357|   -0.053490|    0.008428|
|         573|  -11.452649|  -10.892149|   -0.053490|    0.008428|
|         574|  -11.468150|  -10.907772|   -0.053490|    0.008428|
|         575|  -11.483433|  -10.923197|   -0.053490|    0.008428|
|         576|  -11.498471|  -10.938396|   -0.053490|    0.008428|
|         577|  -11.513240|  -10.953343|   -0.053490|    0.008428|
|         578|  -11.527716|  -10.968013|   -0.053490|    0.008428|
|         579|  -11.541880|  -10.982386|   -0.053490|    0.008428|
|         580|  -11.555714|  -10.996441|   -0.053490|    0.008428|
|         581|  -11.569205|  -11.010164|   -0.053490|    0.008428|
|         582|  -11.582344|  -11.023541|   -0.053490|    0.008428|
|         583|  -11.595124|  -11.036564|   -0.053490|    0.008428|
|         584|  -11.607543|  -11.049229|   -0.053490|    0.008428|
|         585|  -11.619603|  -11.061534|   -0.053490|    0.008428|
|         586|  -11.631310|  -11.073482|   -0.053490|    0.008428|
|         587|  -11.642673|  -11.085079|   -0.053490|    0.008428|
|         588|  -11.653707|  -11.096338|   -0.053490|    0.008428|
|         589|  -11.664426|  -11.107270|   -0.053490|    0.008428|
|         590|  -11.674849|  -11.117893|   -0.053490|    0.008428|
|         591|  -11.684998|  -11.128226|   -0.053490|    0.008428|
|         592|  -11.694896|  -11.138290|   -0.053490|    0.008428|
|         593|  -11.704568|  -11.148110|   -0.053490|    0.008428|
|         594|  -11.714039|  -11.157709|   -0.053490|    0.008428|
|         595|  -11.723337|  -11.167113|   -0.053490|    0.008428|
|         596|  -11.732486|  -11.176349|   -0.053490|    0.008428|
|         597|  -11.741515|  -11.185443|   -0.053490|    0.008428|
|         598|  -11.750448|  -11.194421|   -0.053490|    0.008428|
|         599|  -11.759310|  -11.203307|   -0.053490|    0.008428|
|         600|  -11.768125|  -11.212128|   -0.053490|    0.008428|
|         601|  -11.776917|  -11.220907|   -0.053490|    0.008428|
|         602|  -11.785707|  -11.229666|   -0.053490|    0.008428|
|         603|  -11.794515|  -11.238426|   -0.053490|    0.008428|
|         604|  -11.803359|  -11.247207|   -0.053490|    0.008428|
|         605|  -11.812255|  -11.256027|   -0.053490|    0.008428|
|         606|  -11.821221|  -11.264904|   -0.053490|    0.008428|
|         607|  -11.830270|  -11.273852|   -0.053490|    0.008428|
|         608|  -11.839414|  -11.282886|   -0.053490|    0.008428|
|         609|  -11.848665|  -11.292019|   -0.053490|    0.008428|
|         610|  -11.858033|  -11.301262|   -0.053490|    0.008428|
|         611|  -11.867529|  -11.310625|   -0.053490|    0.008428|
|         612|  -11.877160|  -11.320119|   -0.053490|    0.008428|
|         613|  -11.886933|  -11.329751|   -0.053490|    0.008428|
|         614|  -11.896855|  -11.339529|   -0.053490|    0.008428|
|         615|  -11.906934|  -11.349460|   -0.053490|    0.008428|
|         616|  -11.917173|  -11.359551|   -0.053490|    0.008428|
|         617|  -11.927578|  -11.369807|   -0.053490|    0.008428|
|         618|  -11.938154|  -11.380234|   -0.053490|    0.008428|
|         619|  -11.948904|  -11.390835|   -0.053490|    0.008428|
|         620|  -11.959833|  -11.401615|   -0.053490|    0.008428|
|         621|  -11.970943|  -11.412579|   -0.053490|    0.008428|
|         622|  -11.982237|  -11.423728|   -0.053490|    0.008428|
|         623|  -11.993719|  -11.435066|   -0.053490|    0.008428|
|         624|  -12.005390|  -11.446597|   -0.053490|    0.008428|
|         625|  -12.017251|  -11.458319|   -0.053490|    0.008428|
|         626|  -12.029304|  -11.470239|   -0.053490|    0.008428|
|         627|  -12.041549|  -11.482353|   -0.053490|    0.008428|
|         628|  -12.053987|  -11.494663|   -0.053490|    0.008428|
|         629|  -12.066616|  -11.507169|   -0.053490|    0.008428|
|         630|  -12.079435|  -11.519870|   -0.053490|    0.008428|
|         631|  -12.092441|  -11.532765|   -0.053490|    0.008428|
|         632|  -12.105630|  -11.545847|   -0.053490|    0.008428|
|         633|  -12.118998|  -11.559115|   -0.053490|    0.008428|
|         634|  -12.132540|  -11.572565|   -0.053490|    0.008428|
|         635|  -12.146249|  -11.586188|   -0.053490|    0.008428|
|         636|  -12.160115|  -11.599977|   -0.053490|    0.008428|
|         637|  -12.174130|  -11.613924|   -0.053490|    0.008428|
|         638|  -12.188283|  -11.628019|   -0.053490|    0.008428|
|         639|  -12.202560|  -11.642249|   -0.053490|    0.008428|
|         640|  -12.216945|  -11.656599|   -0.053490|    0.008428|
|         641|  -12.231425|  -11.671055|   -0.053490|    0.008428|
|         642|  -12.245981|  -11.685601|   -0.053490|    0.008428|
|         643|  -12.260593|  -11.700217|   -0.053490|    0.008428|
|         644|  -12.275237|  -11.714881|   -0.053490|    0.008428|
|         645|  -12.289892|  -11.729570|   -0.053490|    0.008428|
|         646|  -12.304534|  -11.744262|   -0.053490|    0.008428|
|         647|  -12.319136|  -11.758931|   -0.053490|    0.008428|
|         648|  -12.333673|  -11.773551|   -0.053490|    0.008428|
|         649|  -12.348110|  -11.788089|   -0.053490|    0.008428|
|         650|  -12.362423|  -11.802523|   -0.053490|    0.008428|
|         651|  -12.376580|  -11.816814|   -0.053490|    0.008428|
|         652|  -12.390553|  -11.830938|   -0.053490|    0.008428|
|         653|  -12.404312|  -11.844864|   -0.053490|    0.008428|
|         654|  -12.417828|  -11.858562|   -0.053490|    0.008428|
|         655|  -12.431075|  -11.872005|   -0.053490|    0.008428|
|         656|  -12.444027|  -11.885164|   -0.053490|    0.008428|
|         657|  -12.456662|  -11.898018|   -0.053490|    0.008428|
|         658|  -12.468971|  -11.910548|   -0.053490|    0.008428|
|         659|  -12.480928|  -11.922735|   -0.053490|    0.008428|
|         660|  -12.492527|  -11.934567|   -0.053490|    0.008428|
|         661|  -12.503763|  -11.946034|   -0.053490|    0.008428|
|         662|  -12.514639|  -11.957136|   -0.053490|    0.008428|
|         663|  -12.525158|  -11.967877|   -0.053490|    0.008428|
|         664|  -12.535324|  -11.978256|   -0.053490|    0.008428|
|         665|  -12.545156|  -11.988289|   -0.053490|    0.008428|
|         666|  -12.554669|  -11.997988|   -0.053490|    0.008428|
|         667|  -12.563891|  -12.007382|   -0.053490|    0.008428|
|         668|  -12.572845|  -12.016490|   -0.053490|    0.008428|
|         669|  -12.581556|  -12.025335|   -0.053490|    0.008428|
|         670|  -12.590061|  -12.033955|   -0.053490|    0.008428|
|         671|  -12.598389|  -12.042376|   -0.053490|    0.008428|
|         672|  -12.606569|  -12.050630|   -0.053490|    0.008428|
|         673|  -12.614641|  -12.058751|   -0.053490|    0.008428|
|         674|  -12.622636|  -12.066781|   -0.053490|    0.008428|
|         675|  -12.630587|  -12.074742|   -0.053490|    0.008428|
|         676|  -12.638525|  -12.082670|   -0.053490|    0.008428|
|         677|  -12.646476|  -12.090593|   -0.053490|    0.008428|
|         678|  -12.654475|  -12.098548|   -0.053490|    0.008428|
|         679|  -12.662540|  -12.106553|   -0.053490|    0.008428|
|         680|  -12.670700|  -12.114639|   -0.053490|    0.008428|
|         681|  -12.678977|  -12.122828|   -0.053490|    0.008428|
|         682|  -12.687391|  -12.131140|   -0.053490|    0.008428|
|         683|  -12.695960|  -12.139600|   -0.053490|    0.008428|
|         684|  -12.704702|  -12.148221|   -0.053490|    0.008428|
|         685|  -12.713630|  -12.157021|   -0.053490|    0.008428|
|         686|  -12.722758|  -12.166014|   -0.053490|    0.008428|
|         687|  -12.732096|  -12.175211|   -0.053490|    0.008428|
|         688|  -12.741654|  -12.184623|   -0.053490|    0.008428|
|         689|  -12.751442|  -12.194260|   -0.053490|    0.008428|
|         690|  -12.761467|  -12.204131|   -0.053490|    0.008428|
|         691|  -12.771735|  -12.214243|   -0.053490|    0.008428|
|         692|  -12.782249|  -12.224599|   -0.053490|    0.008428|
|         693|  -12.793014|  -12.235203|   -0.053490|    0.008428|
|         694|  -12.804036|  -12.246065|   -0.053490|    0.008428|
|         695|  -12.815316|  -12.257185|   -0.053490|    0.008428|
|         696|  -12.826853|  -12.268562|   -0.053490|    0.008428|
|         697|  -12.838648|  -12.280198|   -0.053490|    0.008428|
|         698|  -12.850702|  -12.292092|   -0.053490|    0.008428|
|         699|  -12.863016|  -12.304248|   -0.053490|    0.008428|
|         700|  -12.875589|  -12.316666|   -0.053490|    0.008428|
|         701|  -12.888410|  -12.329338|   -0.053490|    0.008428|
|         702|  -12.901485|  -12.342262|   -0.053490|    0.008428|
|         703|  -12.914805|  -12.355435|   -0.053490|    0.008428|
|         704|  -12.928367|  -12.368856|   -0.053490|    0.008428|
|         705|  -12.942160|  -12.382509|   -0.053490|    0.008428|
|         706|  -12.956192|  -12.396410|   -0.053490|    0.008428|
|         707|  -12.970438|  -12.410530|   -0.053490|    0.008428|
|         708|  -12.984890|  -12.424857|   -0.053490|    0.008428|
|         709|  -12.999548|  -12.439402|   -0.053490|    0.008428|
|         710|  -13.014400|  -12.454144|   -0.053490|    0.008428|

----------------------------- Solver Exit -------------------------------
All convergence criteria satisfied.
+-----------------------------------------------------------------------+
|      Convergence Field     |     Value    |   Criterion  |  Converged |
+-----------------------------------------------------------------------+
|                    rms[Rho]|      -13.0144|         < -13|         Yes|
+-----------------------------------------------------------------------+
-------------------------------------------------------------------------
+-----------------------------------------------------------------------+
|        File Writing Summary       |              Filename             |
+-----------------------------------------------------------------------+
|SU2 binary restart                 |restart_flow.dat                   |
|Paraview                           |flow.vtu                           |
|Paraview surface                   |surface_flow.vtu                   |
|CSV file                           |surface_flow.csv                   |
+-----------------------------------------------------------------------+

--------------------------- Finalizing Solver ---------------------------
Deleted CNumerics container.
Deleted CIntegration container.
Deleted CSolver container.
Deleted CIteration container.
Deleted CInterface container.
Deleted CGeometry container.
Deleted CFreeFormDefBox class.
Deleted CSurfaceMovement class.
Deleted CVolumetricMovement class.
Deleted CConfig container.
Deleted nInst container.
Deleted COutput class.
-------------------------------------------------------------------------

------------------------- Exit Success (SU2_CFD) ------------------------

