
-------------------------------------------------------------------------
|    ___ _   _ ___                                                      |
|   / __| | | |_  )   Release 8.3.0 "Harrier"                           |
|   \__ \ |_| |/ /                                                      |
|   |___/\___//___|   Suite (Computational Fluid Dynamics Code)         |
|                                                                       |
-------------------------------------------------------------------------
| SU2 Project Website: https://su2code.github.io                        |
|                                                                       |
| The SU2 Project is maintained by the SU2 Foundation                   |
| (http://su2foundation.org)                                            |
-------------------------------------------------------------------------
| Copyright 2012-2025, SU2 Contributors                                 |
|                                                                       |
| SU2 is free software; you can redistribute it and/or                  |
| modify it under the terms of the GNU Lesser General Public            |
| License as published by the Free Software Foundation; either          |
| version 2.1 of the License, or (at your option) any later version.    |
|                                                                       |
| SU2 is distributed in the hope that it will be useful,                |
| but WITHOUT ANY WARRANTY; without even the implied warranty of        |
| MERCHANTABILITY or FITNESS FOR A PARTICULAR PURPOSE. See the GNU      |
| Lesser General Public License for more details.                       |
|                                                                       |
| You should have received a copy of the GNU Lesser General Public      |
| License along with SU2. If not, see <http://www.gnu.org/licenses/>.   |
-------------------------------------------------------------------------

Parsing config file for zone 0

----------------- Physical Case Definition ( Zone 0 ) -------------------
Compressible Euler equations.
Mach number: 0.8.
Angle of attack (AoA): 1.25 deg, and angle of sideslip (AoS): 0 deg.
Reading and writing binary SU2 native restart files.
Read flow solution from: solution_flow.
Non-Dimensional simulation (P=1.0, Rho=1.0, T=1.0 at the farfield).
The reference area is 1 m^2.
The semi-span will be computed using the max y(3D) value.
The reference length is 1 m.
Reference origin for moment evaluation is (0.25, 0, 0).
Surface(s) where the force coefficients are evaluated: airfoil.

Surface(s) plotted in the output file: airfoil.
Surface(s) affected by the design variables: airfoil.
Input mesh file name: mesh_NACA0012_inv_deform.su2

--------------- Space Numerical Integration ( Zone 0 ) ------------------
Jameson-Schmidt-Turkel scheme (2nd order in space) for the flow inviscid terms.
JST viscous coefficients (2nd & 4th): 0.5, 0.02.
The method includes a grid stretching correction (p = 0.3).
Gradient for viscous and source terms: Green-Gauss.

--------------- Time Numerical Integration  ( Zone 0 ) ------------------
Local time stepping (steady state simulation).
Euler implicit method for the flow equations.
FGMRES is used for solving the linear system.
Using a LU-SGS preconditioning.
Convergence criteria of the linear solver: 0.0001.
Max number of linear iterations: 2.
V Multigrid Cycle, with 2 multigrid levels.
Damping factor for the residual restriction: 1.
Damping factor for the correction prolongation: 1.
No CFL adaptation.
+-------------------------------------------+
|  MG Level| Presmooth|PostSmooth|CorrectSmo|
+-------------------------------------------+
|         0|         1|         0|         0|
|         1|         2|         0|         0|
|         2|         3|         0|         0|
+-------------------------------------------+
Courant-Friedrichs-Lewy number:       10

------------------ Convergence Criteria  ( Zone 0 ) ---------------------
Maximum number of solver subiterations: 1000.
Begin convergence monitoring at iteration 10.
Residual minimum value: 1e-13.
Cauchy series min. value: 1e-06.
Number of Cauchy elements: 100.
Begin windowed time average at iteration 0.

-------------------- Output Information ( Zone 0 ) ----------------------
File writing frequency: 
+------------------------------------+
|                     File| Frequency|
+------------------------------------+
|                  RESTART|       250|
|                 PARAVIEW|       250|
|         SURFACE_PARAVIEW|       250|
|              SURFACE_CSV|       250|
+------------------------------------+
Writing the convergence history file every 1 inner iterations.
Writing the screen convergence history every 1 inner iterations.
The tabular file format is CSV (.csv).
Convergence history file name: history_direct.
Forces breakdown file name: forces_breakdown.dat.
Surface file name: surface_flow.
Volume file name: flow.
Restart file name: restart_flow.

------------- Config File Boundary Information ( Zone 0 ) ---------------
+-----------------------------------------------------------------------+
|                        Marker Type|                        Marker Name|
+-----------------------------------------------------------------------+
|                         Euler wall|                            airfoil|
+-----------------------------------------------------------------------+
|                          Far-field|                           farfield|
+-----------------------------------------------------------------------+

-------------------- Output Preprocessing ( Zone 0 ) --------------------

WARNING: SURFACE_PRESSURE_DROP can only be computed for at least 2 surfaces (outlet, inlet, ...)

Screen output fields: INNER_ITER, RMS_DENSITY, RMS_ENERGY, LIFT, DRAG
History output group(s): ITER, RMS_RES, AERO_COEFF
Convergence field(s): RMS_DENSITY
Warning: No (valid) fields chosen for time convergence monitoring. Time convergence monitoring inactive.
Volume output fields: COORDINATES, SOLUTION, PRIMITIVE

------------------- Geometry Preprocessing ( Zone 0 ) -------------------
Two dimensional problem.
5233 grid points.
10216 volume elements.
2 surface markers.
200 boundary elements in index 0 (Marker = airfoil).
50 boundary elements in index 1 (Marker = farfield).
10216 triangles.
Setting point connectivity.
Renumbering points (Reverse Cuthill McKee Ordering).
Recomputing point connectivity.
Setting element connectivity.
Checking the numerical grid orientation.
All volume elements are correctly oriented.
All surface elements are correctly oriented.
Identifying edges and vertices.
Setting the control volume structure.
Area of the computational grid: 1253.24.
Searching for the closest normal neighbors to the surfaces.
Storing a mapping from global to local point index.
Compute the surface curvature.
Max K: 7835.1. Mean K: 34.8702. Standard deviation K: 494.381.
Checking for periodicity.
Computing mesh quality statistics for the dual control volumes.
+--------------------------------------------------------------+
|           Mesh Quality Metric|        Minimum|        Maximum|
+--------------------------------------------------------------+
|    Orthogonality Angle (deg.)|        62.8513|        89.5115|
|     CV Face Area Aspect Ratio|        1.00709|        7.21568|
|           CV Sub-Volume Ratio|        1.00212|        6.47413|
+--------------------------------------------------------------+
Setting the multigrid structure.
+-------------------------------------------+
|  MG Level|       CVs|Aggl. Rate|       CFL|
+-------------------------------------------+
|         0|      5233|    1/1.00|        10|
|         1|      1690|     1/3.1|   8.52431|
|         2|       649|     1/2.6|   7.92373|
+-------------------------------------------+
Finding max control volume width.
Wetted area = 2.05978 m.
Area projection in the x-plane = 0.135061 m, y-plane = 0.999845 m.
Max. coordinate in the x-direction = 1 m, y-direction = 0.0628192 m.
Min. coordinate in the x-direction = 0 m, y-direction = -0.0714224 m.
Computing wall distances.

-------------------- Solver Preprocessing ( Zone 0 ) --------------------
Inviscid flow: Computing density based on free-stream
temperature and pressure using the ideal gas law.
Force coefficients computed using free-stream values.

-- Models:
+------------------------------------------------------------------------------+
|          Viscosity Model|        Conductivity Model|              Fluid Model|
+------------------------------------------------------------------------------+
|                        -|                         -|             STANDARD_AIR|
+------------------------------------------------------------------------------+
-- Fluid properties:
+------------------------------------------------------------------------------+
|                  Name|    Dim. value|    Ref. value|      Unit|Non-dim. value|
+------------------------------------------------------------------------------+
|          Gas Constant|       287.058|       287.058|  N.m/kg.K|             1|
|      Spec. Heat Ratio|             -|             -|         -|           1.4|
+------------------------------------------------------------------------------+
-- Initial and free-stream conditions:
+------------------------------------------------------------------------------+
|                  Name|    Dim. value|    Ref. value|      Unit|Non-dim. value|
+------------------------------------------------------------------------------+
|       Static Pressure|        101325|        101325|        Pa|             1|
|               Density|       1.22498|       1.22498|    kg/m^3|             1|
|           Temperature|        288.15|        288.15|         K|             1|
|          Total Energy|        243846|       82715.8|   m^2/s^2|         2.948|
|            Velocity-X|       272.173|       287.603|       m/s|      0.946348|
|            Velocity-Y|       5.93883|       287.603|       m/s|     0.0206494|
|    Velocity Magnitude|       272.238|       287.603|       m/s|      0.946573|
+------------------------------------------------------------------------------+
|           Mach Number|             -|             -|         -|           0.8|
+------------------------------------------------------------------------------+
Initialize Jacobian structure (Euler). MG level: 0.
Initialize Jacobian structure (Euler). MG level: 1.
Initialize Jacobian structure (Euler). MG level: 2.

------------------- Numerics Preprocessing ( Zone 0 ) -------------------

----------------- Integration Preprocessing ( Zone 0 ) ------------------

------------------- Iteration Preprocessing ( Zone 0 ) ------------------
Euler/Navier-Stokes/RANS fluid iteration.

------------------------------ Begin Solver -----------------------------

Simulation Run using the Single-zone Driver
WARNING: SU2 was not compiled for an AVX-capable architecture. Performance could be better,
         see https://su2code.github.io/docs_v7/Build-SU2-Linux-MacOS/#compiler-optimizations
WARNING: SU2 was not compiled for an AVX-capable architecture. Performance could be better,
         see https://su2code.github.io/docs_v7/Build-SU2-Linux-MacOS/#compiler-optimizations
WARNING: SU2 was not compiled for an AVX-capable architecture. Performance could be better,
         see https://su2code.github.io/docs_v7/Build-SU2-Linux-MacOS/#compiler-optimizations
+----------------------------------------------------------------+
|  Inner_Iter|    rms[Rho]|   rms[RhoE]|          CL|          CD|
+----------------------------------------------------------------+
|           0|   -4.963398|   -4.367017|   -0.132041|    0.019988|
|           1|   -5.216700|   -4.619577|   -0.133870|    0.014989|
|           2|   -5.113707|   -4.523596|   -0.133391|    0.013924|
|           3|   -5.085188|   -4.495571|   -0.134599|    0.013832|
|           4|   -5.021565|   -4.435194|   -0.136921|    0.013220|
|           5|   -4.986094|   -4.403686|   -0.138592|    0.012841|
|           6|   -4.984611|   -4.406954|   -0.140450|    0.012624|
|           7|   -4.966886|   -4.389340|   -0.142475|    0.012428|
|           8|   -4.950264|   -4.374484|   -0.144348|    0.012215|
|           9|   -4.957295|   -4.385884|   -0.146153|    0.011987|
|          10|   -4.961367|   -4.393209|   -0.147951|    0.011771|
|          11|   -4.960325|   -4.394509|   -0.149732|    0.011555|
|          12|   -4.954061|   -4.389569|   -0.151505|    0.011328|
|          13|   -4.948747|   -4.384230|   -0.153287|    0.011094|
|          14|   -4.947513|   -4.382593|   -0.155074|    0.010860|
|          15|   -4.945396|   -4.380649|   -0.156847|    0.010626|
|          16|   -4.939411|   -4.375736|   -0.158590|    0.010392|
|          17|   -4.930459|   -4.368313|   -0.160293|    0.010158|
|          18|   -4.920207|   -4.359390|   -0.161941|    0.009925|
|          19|   -4.909899|   -4.350001|   -0.163525|    0.009698|
|          20|   -4.899984|   -4.340732|   -0.165041|    0.009478|
|          21|   -4.890546|   -4.331799|   -0.166490|    0.009269|
|          22|   -4.881723|   -4.323389|   -0.167866|    0.009074|
|          23|   -4.873949|   -4.315933|   -0.169168|    0.008896|
|          24|   -4.867209|   -4.309387|   -0.170390|    0.008738|
|          25|   -4.861744|   -4.304031|   -0.171537|    0.008599|
|          26|   -4.857813|   -4.300201|   -0.172595|    0.008484|
|          27|   -4.855131|   -4.297682|   -0.173541|    0.008392|
|          28|   -4.853412|   -4.296220|   -0.174393|    0.008321|
|          29|   -4.852265|   -4.295419|   -0.175161|    0.008270|
|          30|   -4.851268|   -4.294907|   -0.175847|    0.008237|
|          31|   -4.849769|   -4.293994|   -0.176474|    0.008220|
|          32|   -4.847866|   -4.292658|   -0.177049|    0.008213|
|          33|   -4.845949|   -4.291179|   -0.177562|    0.008216|
|          34|   -4.844929|   -4.290481|   -0.178027|    0.008225|
|          35|   -4.845765|   -4.291565|   -0.178456|    0.008239|
|          36|   -4.848849|   -4.294747|   -0.178844|    0.008254|
|          37|   -4.855150|   -4.300987|   -0.179200|    0.008269|
|          38|   -4.864857|   -4.310477|   -0.179537|    0.008281|
|          39|   -4.876068|   -4.321332|   -0.179860|    0.008290|
|          40|   -4.888040|   -4.332905|   -0.180151|    0.008296|
|          41|   -4.899945|   -4.344487|   -0.180409|    0.008297|
|          42|   -4.910829|   -4.355106|   -0.180647|    0.008295|
|          43|   -4.919758|   -4.363705|   -0.180852|    0.008289|
|          44|   -4.927083|   -4.370775|   -0.181035|    0.008280|
|          45|   -4.934521|   -4.377898|   -0.181212|    0.008270|
|          46|   -4.944709|   -4.387955|   -0.181394|    0.008260|
|          47|   -4.958978|   -4.402602|   -0.181557|    0.008251|
|          48|   -4.976409|   -4.421063|   -0.181713|    0.008244|
|          49|   -4.994184|   -4.439983|   -0.181881|    0.008239|
|          50|   -5.010629|   -4.457245|   -0.182070|    0.008237|
|          51|   -5.024335|   -4.471424|   -0.182290|    0.008239|
|          52|   -5.035613|   -4.482817|   -0.182542|    0.008244|
|          53|   -5.046142|   -4.493102|   -0.182816|    0.008252|
|          54|   -5.057623|   -4.504099|   -0.183096|    0.008264|
|          55|   -5.071319|   -4.517159|   -0.183373|    0.008279|
|          56|   -5.088203|   -4.533361|   -0.183652|    0.008295|
|          57|   -5.108599|   -4.552964|   -0.183933|    0.008313|
|          58|   -5.130645|   -4.574115|   -0.184216|    0.008331|
|          59|   -5.154032|   -4.596577|   -0.184491|    0.008349|
|          60|   -5.178569|   -4.620274|   -0.184753|    0.008367|
|          61|   -5.204830|   -4.645928|   -0.184997|    0.008385|
|          62|   -5.231918|   -4.672604|   -0.185226|    0.008401|
|          63|   -5.259108|   -4.699504|   -0.185442|    0.008417|
|          64|   -5.286157|   -4.726392|   -0.185638|    0.008431|
|          65|   -5.312720|   -4.753034|   -0.185818|    0.008444|
|          66|   -5.337947|   -4.778437|   -0.185988|    0.008456|
|          67|   -5.361785|   -4.802407|   -0.186149|    0.008467|
|          68|   -5.384799|   -4.825549|   -0.186302|    0.008476|
|          69|   -5.407584|   -4.848570|   -0.186446|    0.008484|
|          70|   -5.430285|   -4.871567|   -0.186584|    0.008491|
|          71|   -5.453425|   -4.894983|   -0.186718|    0.008497|
|          72|   -5.476780|   -4.918515|   -0.186845|    0.008503|
|          73|   -5.500216|   -4.942034|   -0.186964|    0.008507|
|          74|   -5.523689|   -4.965549|   -0.187075|    0.008511|
|          75|   -5.546982|   -4.988877|   -0.187180|    0.008515|
|          76|   -5.570239|   -5.012123|   -0.187276|    0.008519|
|          77|   -5.593547|   -5.035330|   -0.187363|    0.008522|
|          78|   -5.616770|   -5.058424|   -0.187442|    0.008525|
|          79|   -5.639732|   -5.081279|   -0.187512|    0.008528|
|          80|   -5.662312|   -5.103791|   -0.187574|    0.008531|
|          81|   -5.684494|   -5.125968|   -0.187628|    0.008534|
|          82|   -5.706078|   -5.147591|   -0.187676|    0.008537|
|          83|   -5.726972|   -5.168549|   -0.187717|    0.008540|
|          84|   -5.747076|   -5.188749|   -0.187752|    0.008542|
|          85|   -5.766259|   -5.208065|   -0.187781|    0.008545|
|          86|   -5.784457|   -5.226440|   -0.187805|    0.008547|
|          87|   -5.801618|   -5.243835|   -0.187824|    0.008549|
|          88|   -5.817646|   -5.260140|   -0.187840|    0.008551|
|          89|   -5.832495|   -5.275289|   -0.187852|    0.008552|
|          90|   -5.846168|   -5.289275|   -0.187861|    0.008554|
|          91|   -5.858746|   -5.302186|   -0.187868|    0.008555|
|          92|   -5.870282|   -5.314055|   -0.187874|    0.008555|
|          93|   -5.880859|   -5.324960|   -0.187878|    0.008556|
|          94|   -5.890599|   -5.335024|   -0.187881|    0.008556|
|          95|   -5.899636|   -5.344367|   -0.187884|    0.008556|
|          96|   -5.908135|   -5.353140|   -0.187887|    0.008556|
|          97|   -5.916273|   -5.361514|   -0.187891|    0.008555|
|          98|   -5.924240|   -5.369677|   -0.187895|    0.008554|
|          99|   -5.932213|   -5.377803|   -0.187901|    0.008553|
|         100|   -5.940334|   -5.386039|   -0.187907|    0.008552|
|         101|   -5.948731|   -5.394510|   -0.187915|    0.008551|
|         102|   -5.957523|   -5.403336|   -0.187924|    0.008550|
|         103|   -5.966758|   -5.412559|   -0.187935|    0.008548|
|         104|   -5.976480|   -5.422250|   -0.187946|    0.008547|
|         105|   -5.986756|   -5.432494|   -0.187958|    0.008545|
|         106|   -5.997882|   -5.443519|   -0.187972|    0.008544|
|         107|   -6.009920|   -5.455395|   -0.187986|    0.008542|
|         108|   -6.022523|   -5.467841|   -0.188002|    0.008540|
|         109|   -6.035461|   -5.480637|   -0.188018|    0.008538|
|         110|   -6.048656|   -5.493688|   -0.188035|    0.008536|
|         111|   -6.062080|   -5.506977|   -0.188053|    0.008534|
|         112|   -6.075740|   -5.520498|   -0.188071|    0.008532|
|         113|   -6.089637|   -5.534250|   -0.188089|    0.008530|
|         114|   -6.103762|   -5.548232|   -0.188107|    0.008528|
|         115|   -6.118097|   -5.562430|   -0.188125|    0.008525|
|         116|   -6.132635|   -5.576836|   -0.188142|    0.008523|
|         117|   -6.147367|   -5.591437|   -0.188158|    0.008521|
|         118|   -6.162289|   -5.606224|   -0.188174|    0.008518|
|         119|   -6.177411|   -5.621207|   -0.188190|    0.008516|
|         120|   -6.192758|   -5.636410|   -0.188205|    0.008513|
|         121|   -6.208401|   -5.651907|   -0.188218|    0.008510|
|         122|   -6.224467|   -5.667833|   -0.188232|    0.008508|
|         123|   -6.240843|   -5.684046|   -0.188244|    0.008505|
|         124|   -6.257663|   -5.700658|   -0.188256|    0.008503|
|         125|   -6.274880|   -5.717651|   -0.188267|    0.008500|
|         126|   -6.292455|   -5.735005|   -0.188278|    0.008498|
|         127|   -6.310437|   -5.752774|   -0.188287|    0.008495|
|         128|   -6.328868|   -5.771001|   -0.188296|    0.008493|
|         129|   -6.347760|   -5.789698|   -0.188304|    0.008490|
|         130|   -6.367117|   -5.808871|   -0.188312|    0.008488|
|         131|   -6.386944|   -5.828522|   -0.188319|    0.008485|
|         132|   -6.407255|   -5.848667|   -0.188326|    0.008483|
|         133|   -6.428067|   -5.869321|   -0.188332|    0.008481|
|         134|   -6.449395|   -5.890498|   -0.188338|    0.008479|
|         135|   -6.471252|   -5.912212|   -0.188344|    0.008477|
|         136|   -6.493638|   -5.934463|   -0.188349|    0.008475|
|         137|   -6.516551|   -5.957248|   -0.188354|    0.008473|
|         138|   -6.539986|   -5.980561|   -0.188359|    0.008471|
|         139|   -6.563929|   -6.004389|   -0.188364|    0.008469|
|         140|   -6.588367|   -6.028719|   -0.188369|    0.008467|
|         141|   -6.613277|   -6.053527|   -0.188374|    0.008466|
|         142|   -6.638630|   -6.078785|   -0.188379|    0.008464|
|         143|   -6.664396|   -6.104464|   -0.188383|    0.008462|
|         144|   -6.690533|   -6.130521|   -0.188388|    0.008461|
|         145|   -6.716995|   -6.156911|   -0.188393|    0.008460|
|         146|   -6.743723|   -6.183577|   -0.188398|    0.008458|
|         147|   -6.770663|   -6.210465|   -0.188403|    0.008457|
|         148|   -6.797752|   -6.237512|   -0.188407|    0.008456|
|         149|   -6.824917|   -6.264645|   -0.188412|    0.008455|
|         150|   -6.852072|   -6.291780|   -0.188417|    0.008454|
|         151|   -6.879122|   -6.318823|   -0.188422|    0.008453|
|         152|   -6.905967|   -6.345675|   -0.188427|    0.008452|
|         153|   -6.932497|   -6.372226|   -0.188432|    0.008451|
|         154|   -6.958589|   -6.398354|   -0.188437|    0.008450|
|         155|   -6.984106|   -6.423927|   -0.188442|    0.008449|
|         156|   -7.008906|   -6.448804|   -0.188446|    0.008448|
|         157|   -7.032839|   -6.472839|   -0.188451|    0.008448|
|         158|   -7.055755|   -6.495881|   -0.188455|    0.008447|
|         159|   -7.077491|   -6.517774|   -0.188460|    0.008447|
|         160|   -7.097897|   -6.538366|   -0.188464|    0.008446|
|         161|   -7.116857|   -6.557547|   -0.188468|    0.008445|
|         162|   -7.134267|   -6.575212|   -0.188472|    0.008445|
|         163|   -7.150058|   -6.591284|   -0.188475|    0.008445|
|         164|   -7.164194|   -6.605727|   -0.188479|    0.008444|
|         165|   -7.176686|   -6.618543|   -0.188482|    0.008444|
|         166|   -7.187587|   -6.629776|   -0.188486|    0.008444|
|         167|   -7.196988|   -6.639508|   -0.188489|    0.008443|
|         168|   -7.205018|   -6.647859|   -0.188492|    0.008443|
|         169|   -7.211831|   -6.654973|   -0.188495|    0.008443|
|         170|   -7.217605|   -6.661020|   -0.188498|    0.008443|
|         171|   -7.222523|   -6.666180|   -0.188500|    0.008443|
|         172|   -7.226764|   -6.670627|   -0.188503|    0.008443|
|         173|   -7.230511|   -6.674540|   -0.188506|    0.008443|
|         174|   -7.233931|   -6.678087|   -0.188508|    0.008443|
|         175|   -7.237178|   -6.681423|   -0.188510|    0.008443|
|         176|   -7.240391|   -6.684690|   -0.188513|    0.008443|
|         177|   -7.243689|   -6.688010|   -0.188515|    0.008443|
|         178|   -7.247177|   -6.691489|   -0.188517|    0.008443|
|         179|   -7.250940|   -6.695218|   -0.188519|    0.008443|
|         180|   -7.255053|   -6.699274|   -0.188521|    0.008443|
|         181|   -7.259574|   -6.703721|   -0.188524|    0.008443|
|         182|   -7.264553|   -6.708609|   -0.188526|    0.008443|
|         183|   -7.270025|   -6.713979|   -0.188528|    0.008444|
|         184|   -7.276021|   -6.719863|   -0.188529|    0.008444|
|         185|   -7.282561|   -6.726284|   -0.188531|    0.008444|
|         186|   -7.289660|   -6.733257|   -0.188533|    0.008444|
|         187|   -7.297326|   -6.740795|   -0.188535|    0.008444|
|         188|   -7.305563|   -6.748901|   -0.188537|    0.008445|
|         189|   -7.314370|   -6.757576|   -0.188539|    0.008445|
|         190|   -7.323745|   -6.766820|   -0.188540|    0.008445|
|         191|   -7.333682|   -6.776625|   -0.188542|    0.008445|
|         192|   -7.344171|   -6.786985|   -0.188544|    0.008445|
|         193|   -7.355201|   -6.797888|   -0.188545|    0.008446|
|         194|   -7.366760|   -6.809322|   -0.188547|    0.008446|
|         195|   -7.378834|   -6.821275|   -0.188548|    0.008446|
|         196|   -7.391406|   -6.833729|   -0.188550|    0.008446|
|         197|   -7.404459|   -6.846668|   -0.188551|    0.008447|
|         198|   -7.417975|   -6.860074|   -0.188552|    0.008447|
|         199|   -7.431934|   -6.873930|   -0.188554|    0.008447|
|         200|   -7.446317|   -6.888215|   -0.188555|    0.008447|
|         201|   -7.461101|   -6.902907|   -0.188556|    0.008448|
|         202|   -7.476265|   -6.917985|   -0.188557|    0.008448|
|         203|   -7.491784|   -6.933426|   -0.188559|    0.008448|
|         204|   -7.507634|   -6.949205|   -0.188560|    0.008448|
|         205|   -7.523788|   -6.965297|   -0.188561|    0.008449|
|         206|   -7.540218|   -6.981673|   -0.188562|    0.008449|
|         207|   -7.556895|   -6.998305|   -0.188563|    0.008449|
|         208|   -7.573787|   -7.015161|   -0.188564|    0.008449|
|         209|   -7.590859|   -7.032208|   -0.188565|    0.008450|
|         210|   -7.608073|   -7.049407|   -0.188566|    0.008450|
|         211|   -7.625391|   -7.066720|   -0.188566|    0.008450|
|         212|   -7.642767|   -7.084103|   -0.188567|    0.008450|
|         213|   -7.660154|   -7.101508|   -0.188568|    0.008450|
|         214|   -7.677498|   -7.118883|   -0.188569|    0.008451|
|         215|   -7.694741|   -7.136169|   -0.188570|    0.008451|
|         216|   -7.711821|   -7.153304|   -0.188571|    0.008451|
|         217|   -7.728666|   -7.170218|   -0.188571|    0.008451|
|         218|   -7.745203|   -7.186839|   -0.188572|    0.008451|
|         219|   -7.761353|   -7.203086|   -0.188573|    0.008451|
|         220|   -7.777032|   -7.218876|   -0.188574|    0.008451|
|         221|   -7.792153|   -7.234124|   -0.188574|    0.008452|
|         222|   -7.806632|   -7.248742|   -0.188575|    0.008452|
|         223|   -7.820386|   -7.262648|   -0.188576|    0.008452|
|         224|   -7.833335|   -7.275761|   -0.188576|    0.008452|
|         225|   -7.845413|   -7.288013|   -0.188577|    0.008452|
|         226|   -7.856563|   -7.299344|   -0.188578|    0.008452|
|         227|   -7.866748|   -7.309714|   -0.188578|    0.008452|
|         228|   -7.875945|   -7.319099|   -0.188579|    0.008452|
|         229|   -7.884157|   -7.327497|   -0.188579|    0.008452|
|         230|   -7.891406|   -7.334925|   -0.188580|    0.008452|
|         231|   -7.897732|   -7.341424|   -0.188581|    0.008453|
|         232|   -7.903199|   -7.347051|   -0.188581|    0.008453|
|         233|   -7.907883|   -7.351880|   -0.188582|    0.008453|
|         234|   -7.911873|   -7.356000|   -0.188582|    0.008453|
|         235|   -7.915267|   -7.359507|   -0.188583|    0.008453|
|         236|   -7.918169|   -7.362503|   -0.188583|    0.008453|
|         237|   -7.920681|   -7.365090|   -0.188584|    0.008453|
|         238|   -7.922905|   -7.367370|   -0.188584|    0.008453|
|         239|   -7.924939|   -7.369442|   -0.188585|    0.008453|
|         240|   -7.926873|   -7.371398|   -0.188585|    0.008453|
|         241|   -7.928791|   -7.373321|   -0.188586|    0.008453|
|         242|   -7.930768|   -7.375289|   -0.188586|    0.008453|
|         243|   -7.932871|   -7.377369|   -0.188586|    0.008453|
|         244|   -7.935158|   -7.379622|   -0.188587|    0.008453|
|         245|   -7.937681|   -7.382100|   -0.188587|    0.008453|
|         246|   -7.940482|   -7.384846|   -0.188588|    0.008453|
|         247|   -7.943597|   -7.387900|   -0.188588|    0.008453|
|         248|   -7.947057|   -7.391292|   -0.188588|    0.008453|
|         249|   -7.950887|   -7.395047|   -0.188589|    0.008453|
|         250|   -7.955107|   -7.399187|   -0.188589|    0.008453|
+-----------------------------------------------------------------------+
|        File Writing Summary       |              Filename             |
+-----------------------------------------------------------------------+
|SU2 binary restart                 |restart_flow.dat                   |
|Paraview                           |flow.vtu                           |
|Paraview surface                   |surface_flow.vtu                   |
|CSV file                           |surface_flow.csv                   |
+-----------------------------------------------------------------------+
+----------------------------------------------------------------+
|  Inner_Iter|    rms[Rho]|   rms[RhoE]|          CL|          CD|
+----------------------------------------------------------------+
|         251|   -7.959732|   -7.403728|   -0.188589|    0.008453|
|         252|   -7.964775|   -7.408684|   -0.188589|    0.008453|
|         253|   -7.970244|   -7.414064|   -0.188590|    0.008453|
|         254|   -7.976147|   -7.419875|   -0.188590|    0.008453|
|         255|   -7.982488|   -7.426123|   -0.188590|    0.008453|
|         256|   -7.989271|   -7.432811|   -0.188591|    0.008453|
|         257|   -7.996495|   -7.439940|   -0.188591|    0.008453|
|         258|   -8.004163|   -7.447511|   -0.188591|    0.008453|
|         259|   -8.012273|   -7.455525|   -0.188591|    0.008453|
|         260|   -8.020824|   -7.463979|   -0.188591|    0.008453|
|         261|   -8.029816|   -7.472874|   -0.188592|    0.008453|
|         262|   -8.039246|   -7.482207|   -0.188592|    0.008453|
|         263|   -8.049113|   -7.491977|   -0.188592|    0.008453|
|         264|   -8.059414|   -7.502183|   -0.188592|    0.008453|
|         265|   -8.070150|   -7.512822|   -0.188592|    0.008452|
|         266|   -8.081317|   -7.523893|   -0.188593|    0.008452|
|         267|   -8.092915|   -7.535396|   -0.188593|    0.008452|
|         268|   -8.104944|   -7.547330|   -0.188593|    0.008452|
|         269|   -8.117403|   -7.559694|   -0.188593|    0.008452|
|         270|   -8.130293|   -7.572489|   -0.188593|    0.008452|
|         271|   -8.143614|   -7.585715|   -0.188593|    0.008452|
|         272|   -8.157367|   -7.599374|   -0.188593|    0.008452|
|         273|   -8.171555|   -7.613466|   -0.188593|    0.008452|
|         274|   -8.186178|   -7.627995|   -0.188594|    0.008452|
|         275|   -8.201241|   -7.642962|   -0.188594|    0.008452|
|         276|   -8.216746|   -7.658371|   -0.188594|    0.008452|
|         277|   -8.232698|   -7.674226|   -0.188594|    0.008452|
|         278|   -8.249099|   -7.690530|   -0.188594|    0.008452|
|         279|   -8.265955|   -7.707289|   -0.188594|    0.008452|
|         280|   -8.283270|   -7.724506|   -0.188594|    0.008452|
|         281|   -8.301051|   -7.742186|   -0.188594|    0.008452|
|         282|   -8.319301|   -7.760336|   -0.188594|    0.008452|
|         283|   -8.338028|   -7.778961|   -0.188594|    0.008452|
|         284|   -8.357235|   -7.798066|   -0.188594|    0.008452|
|         285|   -8.376930|   -7.817656|   -0.188594|    0.008452|
|         286|   -8.397118|   -7.837739|   -0.188595|    0.008452|
|         287|   -8.417803|   -7.858317|   -0.188595|    0.008452|
|         288|   -8.438991|   -7.879397|   -0.188595|    0.008452|
|         289|   -8.460683|   -7.900981|   -0.188595|    0.008452|
|         290|   -8.482885|   -7.923072|   -0.188595|    0.008452|
|         291|   -8.505595|   -7.945672|   -0.188595|    0.008452|
|         292|   -8.528813|   -7.968780|   -0.188595|    0.008452|
|         293|   -8.552536|   -7.992392|   -0.188595|    0.008452|
|         294|   -8.576755|   -8.016502|   -0.188595|    0.008452|
|         295|   -8.601461|   -8.041100|   -0.188595|    0.008452|
|         296|   -8.626636|   -8.066169|   -0.188595|    0.008452|
|         297|   -8.652256|   -8.091688|   -0.188595|    0.008452|
|         298|   -8.678291|   -8.117627|   -0.188595|    0.008452|
|         299|   -8.704699|   -8.143945|   -0.188595|    0.008451|
|         300|   -8.731426|   -8.170591|   -0.188595|    0.008451|
|         301|   -8.758404|   -8.197498|   -0.188595|    0.008451|
|         302|   -8.785545|   -8.224585|   -0.188595|    0.008451|
|         303|   -8.812745|   -8.251749|   -0.188595|    0.008451|
|         304|   -8.839874|   -8.278863|   -0.188595|    0.008451|
|         305|   -8.866777|   -8.305779|   -0.188595|    0.008451|
|         306|   -8.893273|   -8.332321|   -0.188595|    0.008451|
|         307|   -8.919155|   -8.358287|   -0.188595|    0.008451|
|         308|   -8.944192|   -8.383451|   -0.188595|    0.008451|
|         309|   -8.968138|   -8.407570|   -0.188595|    0.008451|
|         310|   -8.990737|   -8.430393|   -0.188595|    0.008451|
|         311|   -9.011742|   -8.451673|   -0.188595|    0.008451|
|         312|   -9.030930|   -8.471184|   -0.188595|    0.008451|
|         313|   -9.048123|   -8.488741|   -0.188595|    0.008451|
|         314|   -9.063205|   -8.504216|   -0.188595|    0.008451|
|         315|   -9.076132|   -8.517555|   -0.188595|    0.008451|
|         316|   -9.086945|   -8.528782|   -0.188595|    0.008451|
|         317|   -9.095760|   -8.537998|   -0.188595|    0.008451|
|         318|   -9.102758|   -8.545373|   -0.188595|    0.008451|
|         319|   -9.108172|   -8.551125|   -0.188595|    0.008451|
|         320|   -9.112258|   -8.555507|   -0.188595|    0.008451|
|         321|   -9.115285|   -8.558782|   -0.188596|    0.008451|
|         322|   -9.117514|   -8.561212|   -0.188596|    0.008451|
|         323|   -9.119190|   -8.563040|   -0.188596|    0.008451|
|         324|   -9.120530|   -8.564489|   -0.188596|    0.008451|
|         325|   -9.121724|   -8.565753|   -0.188596|    0.008451|
|         326|   -9.122934|   -8.566998|   -0.188596|    0.008451|
|         327|   -9.124294|   -8.568361|   -0.188596|    0.008451|
|         328|   -9.125912|   -8.569957|   -0.188596|    0.008451|
|         329|   -9.127876|   -8.571877|   -0.188596|    0.008451|
|         330|   -9.130255|   -8.574194|   -0.188596|    0.008451|
|         331|   -9.133100|   -8.576963|   -0.188596|    0.008451|
|         332|   -9.136453|   -8.580227|   -0.188596|    0.008451|
|         333|   -9.140344|   -8.584020|   -0.188596|    0.008451|
|         334|   -9.144793|   -8.588364|   -0.188596|    0.008451|
|         335|   -9.149815|   -8.593276|   -0.188596|    0.008451|
|         336|   -9.155421|   -8.598767|   -0.188596|    0.008451|
|         337|   -9.161615|   -8.604844|   -0.188596|    0.008451|
|         338|   -9.168400|   -8.611509|   -0.188596|    0.008451|
|         339|   -9.175776|   -8.618764|   -0.188596|    0.008451|
|         340|   -9.183741|   -8.626607|   -0.188596|    0.008451|
|         341|   -9.192293|   -8.635036|   -0.188596|    0.008451|
|         342|   -9.201427|   -8.644048|   -0.188596|    0.008451|
|         343|   -9.211139|   -8.653637|   -0.188596|    0.008451|
|         344|   -9.221424|   -8.663800|   -0.188596|    0.008451|
|         345|   -9.232276|   -8.674532|   -0.188596|    0.008451|
|         346|   -9.243691|   -8.685826|   -0.188596|    0.008451|
|         347|   -9.255663|   -8.697678|   -0.188596|    0.008451|
|         348|   -9.268187|   -8.710083|   -0.188596|    0.008451|
|         349|   -9.281256|   -8.723035|   -0.188596|    0.008451|
|         350|   -9.294866|   -8.736528|   -0.188596|    0.008451|
|         351|   -9.309010|   -8.750557|   -0.188596|    0.008451|
|         352|   -9.323682|   -8.765115|   -0.188596|    0.008451|
|         353|   -9.338876|   -8.780196|   -0.188596|    0.008451|
|         354|   -9.354583|   -8.795793|   -0.188596|    0.008451|
|         355|   -9.370796|   -8.811898|   -0.188596|    0.008451|
|         356|   -9.387505|   -8.828501|   -0.188596|    0.008451|
|         357|   -9.404698|   -8.845591|   -0.188596|    0.008451|
|         358|   -9.422362|   -8.863157|   -0.188596|    0.008451|
|         359|   -9.440482|   -8.881181|   -0.188596|    0.008451|
|         360|   -9.459037|   -8.899646|   -0.188596|    0.008451|
|         361|   -9.478005|   -8.918531|   -0.188596|    0.008451|
|         362|   -9.497358|   -8.937807|   -0.188596|    0.008451|
|         363|   -9.517063|   -8.957443|   -0.188596|    0.008451|
|         364|   -9.537080|   -8.977401|   -0.188596|    0.008451|
|         365|   -9.557360|   -8.997634|   -0.188596|    0.008451|
|         366|   -9.577849|   -9.018088|   -0.188596|    0.008451|
|         367|   -9.598478|   -9.038699|   -0.188596|    0.008451|
|         368|   -9.619172|   -9.059391|   -0.188596|    0.008451|
|         369|   -9.639840|   -9.080079|   -0.188596|    0.008451|
|         370|   -9.660380|   -9.100661|   -0.188596|    0.008451|
|         371|   -9.680679|   -9.121027|   -0.188596|    0.008451|
|         372|   -9.700609|   -9.141051|   -0.188596|    0.008451|
|         373|   -9.720032|   -9.160597|   -0.188596|    0.008451|
|         374|   -9.738802|   -9.179522|   -0.188596|    0.008451|
|         375|   -9.756770|   -9.197675|   -0.188596|    0.008451|
|         376|   -9.773785|   -9.214906|   -0.188596|    0.008451|
|         377|   -9.789708|   -9.231073|   -0.188596|    0.008451|
|         378|   -9.804413|   -9.246047|   -0.188596|    0.008451|
|         379|   -9.817797|   -9.259721|   -0.188596|    0.008451|
|         380|   -9.829791|   -9.272018|   -0.188596|    0.008451|
|         381|   -9.840359|   -9.282896|   -0.188596|    0.008451|
|         382|   -9.849505|   -9.292352|   -0.188596|    0.008451|
|         383|   -9.857275|   -9.300422|   -0.188596|    0.008451|
|         384|   -9.863746|   -9.307177|   -0.188596|    0.008451|
|         385|   -9.869030|   -9.312723|   -0.188596|    0.008451|
|         386|   -9.873259|   -9.317187|   -0.188596|    0.008451|
|         387|   -9.876581|   -9.320714|   -0.188596|    0.008451|
|         388|   -9.879150|   -9.323457|   -0.188596|    0.008451|
|         389|   -9.881122|   -9.325571|   -0.188596|    0.008451|
|         390|   -9.882645|   -9.327204|   -0.188596|    0.008451|
|         391|   -9.883858|   -9.328499|   -0.188596|    0.008451|
|         392|   -9.884890|   -9.329583|   -0.188596|    0.008451|
|         393|   -9.885853|   -9.330574|   -0.188596|    0.008451|
|         394|   -9.886846|   -9.331572|   -0.188596|    0.008451|
|         395|   -9.887955|   -9.332666|   -0.188596|    0.008451|
|         396|   -9.889252|   -9.333931|   -0.188596|    0.008451|
|         397|   -9.890798|   -9.335431|   -0.188596|    0.008451|
|         398|   -9.892644|   -9.337217|   -0.188596|    0.008451|
|         399|   -9.894830|   -9.339334|   -0.188596|    0.008451|
|         400|   -9.897390|   -9.341815|   -0.188596|    0.008451|
|         401|   -9.900351|   -9.344689|   -0.188596|    0.008451|
|         402|   -9.903732|   -9.347979|   -0.188596|    0.008451|
|         403|   -9.907550|   -9.351701|   -0.188596|    0.008451|
|         404|   -9.911817|   -9.355868|   -0.188596|    0.008451|
|         405|   -9.916542|   -9.360489|   -0.188596|    0.008451|
|         406|   -9.921731|   -9.365573|   -0.188596|    0.008451|
|         407|   -9.927387|   -9.371122|   -0.188596|    0.008451|
|         408|   -9.933514|   -9.377141|   -0.188596|    0.008451|
|         409|   -9.940112|   -9.383631|   -0.188596|    0.008451|
|         410|   -9.947182|   -9.390592|   -0.188596|    0.008451|
|         411|   -9.954723|   -9.398024|   -0.188596|    0.008451|
|         412|   -9.962734|   -9.405925|   -0.188596|    0.008451|
|         413|   -9.971213|   -9.414295|   -0.188596|    0.008451|
|         414|   -9.980160|   -9.423133|   -0.188596|    0.008451|
|         415|   -9.989571|   -9.432436|   -0.188596|    0.008451|
|         416|   -9.999447|   -9.442204|   -0.188596|    0.008451|
|         417|  -10.009786|   -9.452434|   -0.188596|    0.008451|
|         418|  -10.020585|   -9.463125|   -0.188596|    0.008451|
|         419|  -10.031845|   -9.474277|   -0.188596|    0.008451|
|         420|  -10.043564|   -9.485889|   -0.188596|    0.008451|
|         421|  -10.055742|   -9.497960|   -0.188596|    0.008451|
|         422|  -10.068380|   -9.510490|   -0.188596|    0.008451|
|         423|  -10.081477|   -9.523480|   -0.188596|    0.008451|
|         424|  -10.095035|   -9.536930|   -0.188596|    0.008451|
|         425|  -10.109054|   -9.550841|   -0.188596|    0.008451|
|         426|  -10.123537|   -9.565216|   -0.188596|    0.008451|
|         427|  -10.138484|   -9.580055|   -0.188596|    0.008451|
|         428|  -10.153900|   -9.595361|   -0.188596|    0.008451|
|         429|  -10.169785|   -9.611137|   -0.188596|    0.008451|
|         430|  -10.186145|   -9.627387|   -0.188596|    0.008451|
|         431|  -10.202981|   -9.644112|   -0.188596|    0.008451|
|         432|  -10.220298|   -9.661318|   -0.188596|    0.008451|
|         433|  -10.238099|   -9.679007|   -0.188596|    0.008451|
|         434|  -10.256389|   -9.697184|   -0.188596|    0.008451|
|         435|  -10.275172|   -9.715853|   -0.188596|    0.008451|
|         436|  -10.294452|   -9.735018|   -0.188596|    0.008451|
|         437|  -10.314232|   -9.754682|   -0.188596|    0.008451|
|         438|  -10.334516|   -9.774850|   -0.188596|    0.008451|
|         439|  -10.355306|   -9.795523|   -0.188596|    0.008451|
|         440|  -10.376604|   -9.816705|   -0.188596|    0.008451|
|         441|  -10.398410|   -9.838395|   -0.188596|    0.008451|
|         442|  -10.420724|   -9.860592|   -0.188596|    0.008451|
|         443|  -10.443540|   -9.883292|   -0.188596|    0.008451|
|         444|  -10.466852|   -9.906490|   -0.188596|    0.008451|
|         445|  -10.490649|   -9.930175|   -0.188596|    0.008451|
|         446|  -10.514914|   -9.954332|   -0.188596|    0.008451|
|         447|  -10.539626|   -9.978940|   -0.188596|    0.008451|
|         448|  -10.564754|  -10.003970|   -0.188596|    0.008451|
|         449|  -10.590259|  -10.029384|   -0.188596|    0.008451|
|         450|  -10.616088|  -10.055132|   -0.188596|    0.008451|
|         451|  -10.642175|  -10.081151|   -0.188596|    0.008451|
|         452|  -10.668438|  -10.107361|   -0.188596|    0.008451|
|         453|  -10.694774|  -10.133663|   -0.188596|    0.008451|
|         454|  -10.721058|  -10.159937|   -0.188596|    0.008451|
|         455|  -10.747141|  -10.186036|   -0.188596|    0.008451|
|         456|  -10.772846|  -10.211791|   -0.188596|    0.008451|
|         457|  -10.797970|  -10.237004|   -0.188596|    0.008451|
|         458|  -10.822286|  -10.261452|   -0.188596|    0.008451|
|         459|  -10.845546|  -10.284893|   -0.188596|    0.008451|
|         460|  -10.867493|  -10.307073|   -0.188596|    0.008451|
|         461|  -10.887872|  -10.327736|   -0.188596|    0.008451|
|         462|  -10.906448|  -10.346647|   -0.188596|    0.008451|
|         463|  -10.923028|  -10.363605|   -0.188596|    0.008451|
|         464|  -10.937480|  -10.378466|   -0.188596|    0.008451|
|         465|  -10.949746|  -10.391161|   -0.188596|    0.008451|
|         466|  -10.959852|  -10.401700|   -0.188596|    0.008451|
|         467|  -10.967907|  -10.410175|   -0.188596|    0.008451|
|         468|  -10.974088|  -10.416751|   -0.188596|    0.008451|
|         469|  -10.978627|  -10.421646|   -0.188596|    0.008451|
|         470|  -10.981785|  -10.425117|   -0.188596|    0.008451|
|         471|  -10.983835|  -10.427431|   -0.188596|    0.008451|
|         472|  -10.985046|  -10.428856|   -0.188596|    0.008451|
|         473|  -10.985668|  -10.429644|   -0.188596|    0.008451|
|         474|  -10.985925|  -10.430023|   -0.188596|    0.008451|
|         475|  -10.986014|  -10.430192|   -0.188596|    0.008451|
|         476|  -10.986100|  -10.430322|   -0.188596|    0.008451|
|         477|  -10.986320|  -10.430555|   -0.188596|    0.008451|
|         478|  -10.986787|  -10.431008|   -0.188596|    0.008451|
|         479|  -10.987590|  -10.431775|   -0.188596|    0.008451|
|         480|  -10.988799|  -10.432929|   -0.188596|    0.008451|
|         481|  -10.990469|  -10.434528|   -0.188596|    0.008451|
|         482|  -10.992639|  -10.436616|   -0.188596|    0.008451|
|         483|  -10.995341|  -10.439225|   -0.188596|    0.008451|
|         484|  -10.998597|  -10.442381|   -0.188596|    0.008451|
|         485|  -11.002421|  -10.446099|   -0.188596|    0.008451|
|         486|  -11.006823|  -10.450390|   -0.188596|    0.008451|
|         487|  -11.011808|  -10.455262|   -0.188596|    0.008451|
|         488|  -11.017380|  -10.460718|   -0.188596|    0.008451|
|         489|  -11.023539|  -10.466758|   -0.188596|    0.008451|
|         490|  -11.030283|  -10.473383|   -0.188596|    0.008451|
|         491|  -11.037610|  -10.480591|   -0.188596|    0.008451|
|         492|  -11.045517|  -10.488377|   -0.188596|    0.008451|
|         493|  -11.053999|  -10.496738|   -0.188596|    0.008451|
|         494|  -11.063053|  -10.505672|   -0.188596|    0.008451|
|         495|  -11.072674|  -10.515173|   -0.188596|    0.008451|
|         496|  -11.082859|  -10.525238|   -0.188596|    0.008451|
|         497|  -11.093604|  -10.535864|   -0.188596|    0.008451|
|         498|  -11.104905|  -10.547046|   -0.188596|    0.008451|
|         499|  -11.116759|  -10.558781|   -0.188596|    0.008451|
|         500|  -11.129164|  -10.571067|   -0.188596|    0.008451|
+-----------------------------------------------------------------------+
|        File Writing Summary       |              Filename             |
+-----------------------------------------------------------------------+
|SU2 binary restart                 |restart_flow.dat                   |
|Paraview                           |flow.vtu                           |
|Paraview surface                   |surface_flow.vtu                   |
|CSV file                           |surface_flow.csv                   |
+-----------------------------------------------------------------------+
+----------------------------------------------------------------+
|  Inner_Iter|    rms[Rho]|   rms[RhoE]|          CL|          CD|
+----------------------------------------------------------------+
|         501|  -11.142116|  -10.583901|   -0.188596|    0.008451|
|         502|  -11.155614|  -10.597280|   -0.188596|    0.008451|
|         503|  -11.169655|  -10.611204|   -0.188596|    0.008451|
|         504|  -11.184238|  -10.625669|   -0.188596|    0.008451|
|         505|  -11.199361|  -10.640674|   -0.188596|    0.008451|
|         506|  -11.215023|  -10.656218|   -0.188596|    0.008451|
|         507|  -11.231220|  -10.672298|   -0.188596|    0.008451|
|         508|  -11.247951|  -10.688913|   -0.188596|    0.008451|
|         509|  -11.265214|  -10.706060|   -0.188596|    0.008451|
|         510|  -11.283004|  -10.723735|   -0.188596|    0.008451|
|         511|  -11.301316|  -10.741933|   -0.188596|    0.008451|
|         512|  -11.320145|  -10.760649|   -0.188596|    0.008451|
|         513|  -11.339480|  -10.779875|   -0.188596|    0.008451|
|         514|  -11.359312|  -10.799599|   -0.188596|    0.008451|
|         515|  -11.379625|  -10.819807|   -0.188596|    0.008451|
|         516|  -11.400400|  -10.840483|   -0.188596|    0.008451|
|         517|  -11.421614|  -10.861603|   -0.188596|    0.008451|
|         518|  -11.443236|  -10.883138|   -0.188596|    0.008451|
|         519|  -11.465228|  -10.905051|   -0.188596|    0.008451|
|         520|  -11.487543|  -10.927298|   -0.188596|    0.008451|
|         521|  -11.510124|  -10.949823|   -0.188596|    0.008451|
|         522|  -11.532899|  -10.972558|   -0.188596|    0.008451|
|         523|  -11.555785|  -10.995422|   -0.188596|    0.008451|
|         524|  -11.578682|  -11.018318|   -0.188596|    0.008451|
|         525|  -11.601472|  -11.041131|   -0.188596|    0.008451|
|         526|  -11.624018|  -11.063730|   -0.188596|    0.008451|
|         527|  -11.646167|  -11.085962|   -0.188596|    0.008451|
|         528|  -11.667746|  -11.107660|   -0.188596|    0.008451|
|         529|  -11.688569|  -11.128639|   -0.188596|    0.008451|
|         530|  -11.708439|  -11.148706|   -0.188596|    0.008451|
|         531|  -11.727158|  -11.167662|   -0.188596|    0.008451|
|         532|  -11.744536|  -11.185316|   -0.188596|    0.008451|
|         533|  -11.760404|  -11.201495|   -0.188596|    0.008451|
|         534|  -11.774624|  -11.216056|   -0.188596|    0.008451|
|         535|  -11.787107|  -11.228899|   -0.188596|    0.008451|
|         536|  -11.797814|  -11.239976|   -0.188596|    0.008451|
|         537|  -11.806765|  -11.249297|   -0.188596|    0.008451|
|         538|  -11.814039|  -11.256928|   -0.188596|    0.008451|
|         539|  -11.819761|  -11.262985|   -0.188596|    0.008451|
|         540|  -11.824096|  -11.267626|   -0.188596|    0.008451|
|         541|  -11.827235|  -11.271035|   -0.188596|    0.008451|
|         542|  -11.829384|  -11.273415|   -0.188596|    0.008451|
|         543|  -11.830748|  -11.274972|   -0.188596|    0.008451|
|         544|  -11.831525|  -11.275901|   -0.188596|    0.008451|
|         545|  -11.831900|  -11.276391|   -0.188596|    0.008451|
|         546|  -11.832038|  -11.276609|   -0.188596|    0.008451|
|         547|  -11.832085|  -11.276704|   -0.188596|    0.008451|
|         548|  -11.832164|  -11.276803|   -0.188596|    0.008451|
|         549|  -11.832381|  -11.277016|   -0.188596|    0.008451|
|         550|  -11.832824|  -11.277434|   -0.188596|    0.008451|
|         551|  -11.833564|  -11.278130|   -0.188596|    0.008451|
|         552|  -11.834658|  -11.279166|   -0.188596|    0.008451|
|         553|  -11.836152|  -11.280589|   -0.188596|    0.008451|
|         554|  -11.838080|  -11.282437|   -0.188596|    0.008451|
|         555|  -11.840471|  -11.284739|   -0.188596|    0.008451|
|         556|  -11.843345|  -11.287518|   -0.188596|    0.008451|
|         557|  -11.846716|  -11.290789|   -0.188596|    0.008451|
|         558|  -11.850595|  -11.294564|   -0.188596|    0.008451|
|         559|  -11.854990|  -11.298851|   -0.188596|    0.008451|
|         560|  -11.859903|  -11.303654|   -0.188596|    0.008451|
|         561|  -11.865337|  -11.308977|   -0.188596|    0.008451|
|         562|  -11.871293|  -11.314821|   -0.188596|    0.008451|
|         563|  -11.877769|  -11.321184|   -0.188596|    0.008451|
|         564|  -11.884764|  -11.328066|   -0.188596|    0.008451|
|         565|  -11.892275|  -11.335463|   -0.188596|    0.008451|
|         566|  -11.900300|  -11.343375|   -0.188596|    0.008451|
|         567|  -11.908836|  -11.351797|   -0.188596|    0.008451|
|         568|  -11.917880|  -11.360727|   -0.188596|    0.008451|
|         569|  -11.927428|  -11.370163|   -0.188596|    0.008451|
|         570|  -11.937480|  -11.380102|   -0.188596|    0.008451|
|         571|  -11.948031|  -11.390541|   -0.188596|    0.008451|
|         572|  -11.959081|  -11.401478|   -0.188596|    0.008451|
|         573|  -11.970627|  -11.412911|   -0.188596|    0.008451|
|         574|  -11.982667|  -11.424840|   -0.188596|    0.008451|
|         575|  -11.995203|  -11.437263|   -0.188596|    0.008451|
|         576|  -12.008232|  -11.450180|   -0.188596|    0.008451|
|         577|  -12.021755|  -11.463590|   -0.188596|    0.008451|
|         578|  -12.035772|  -11.477494|   -0.188596|    0.008451|
|         579|  -12.050284|  -11.491893|   -0.188596|    0.008451|
|         580|  -12.065293|  -11.506788|   -0.188596|    0.008451|
|         581|  -12.080800|  -11.522182|   -0.188596|    0.008451|
|         582|  -12.096806|  -11.538073|   -0.188596|    0.008451|
|         583|  -12.113316|  -11.554468|   -0.188596|    0.008451|
|         584|  -12.130331|  -11.571367|   -0.188596|    0.008451|
|         585|  -12.147854|  -11.588772|   -0.188596|    0.008451|
|         586|  -12.165887|  -11.606689|   -0.188596|    0.008451|
|         587|  -12.184433|  -11.625117|   -0.188596|    0.008451|
|         588|  -12.203496|  -11.644061|   -0.188596|    0.008451|
|         589|  -12.223077|  -11.663524|   -0.188596|    0.008451|
|         590|  -12.243177|  -11.683504|   -0.188596|    0.008451|
|         591|  -12.263799|  -11.704006|   -0.188596|    0.008451|
|         592|  -12.284940|  -11.725028|   -0.188596|    0.008451|
|         593|  -12.306598|  -11.746567|   -0.188596|    0.008451|
|         594|  -12.328767|  -11.768619|   -0.188596|    0.008451|
|         595|  -12.351441|  -11.791177|   -0.188596|    0.008451|
|         596|  -12.374607|  -11.814229|   -0.188596|    0.008451|
|         597|  -12.398250|  -11.837762|   -0.188596|    0.008451|
|         598|  -12.422345|  -11.861751|   -0.188596|    0.008451|
|         599|  -12.446862|  -11.886169|   -0.188596|    0.008451|
|         600|  -12.471762|  -11.910979|   -0.188596|    0.008451|
|         601|  -12.496992|  -11.936126|   -0.188596|    0.008451|
|         602|  -12.522483|  -11.961551|   -0.188596|    0.008451|
|         603|  -12.548156|  -11.987171|   -0.188596|    0.008451|
|         604|  -12.573917|  -12.012898|   -0.188596|    0.008451|
|         605|  -12.599634|  -12.038606|   -0.188596|    0.008451|
|         606|  -12.625163|  -12.064156|   -0.188596|    0.008451|
|         607|  -12.650335|  -12.089379|   -0.188596|    0.008451|
|         608|  -12.674947|  -12.114084|   -0.188596|    0.008451|
|         609|  -12.698779|  -12.138050|   -0.188596|    0.008451|
|         610|  -12.721598|  -12.161051|   -0.188596|    0.008451|
|         611|  -12.743139|  -12.182823|   -0.188596|    0.008451|
|         612|  -12.763163|  -12.203129|   -0.188596|    0.008451|
|         613|  -12.781424|  -12.221728|   -0.188596|    0.008451|
|         614|  -12.797741|  -12.238421|   -0.188596|    0.008451|
|         615|  -12.811964|  -12.253052|   -0.188596|    0.008451|
|         616|  -12.824046|  -12.265562|   -0.188596|    0.008451|
|         617|  -12.833994|  -12.275943|   -0.188596|    0.008451|
|         618|  -12.841902|  -12.284273|   -0.188596|    0.008451|
|         619|  -12.847947|  -12.290714|   -0.188596|    0.008451|
|         620|  -12.852340|  -12.295463|   -0.188596|    0.008451|
|         621|  -12.855343|  -12.298780|   -0.188596|    0.008451|
|         622|  -12.857212|  -12.300916|   -0.188596|    0.008451|
|         623|  -12.858220|  -12.302143|   -0.188596|    0.008451|
|         624|  -12.858614|  -12.302708|   -0.188596|    0.008451|
|         625|  -12.858614|  -12.302831|   -0.188596|    0.008451|
|         626|  -12.858408|  -12.302714|   -0.188596|    0.008451|
|         627|  -12.858183|  -12.302538|   -0.188596|    0.008451|
|         628|  -12.858068|  -12.302438|   -0.188596|    0.008451|
|         629|  -12.858173|  -12.302532|   -0.188596|    0.008451|
|         630|  -12.858598|  -12.302925|   -0.188596|    0.008451|
|         631|  -12.859408|  -12.303683|   -0.188596|    0.008451|
|         632|  -12.860661|  -12.304868|   -0.188596|    0.008451|
|         633|  -12.862400|  -12.306528|   -0.188596|    0.008451|
|         634|  -12.864655|  -12.308693|   -0.188596|    0.008451|
|         635|  -12.867453|  -12.311393|   -0.188596|    0.008451|
|         636|  -12.870805|  -12.314641|   -0.188596|    0.008451|
|         637|  -12.874726|  -12.318451|   -0.188596|    0.008451|
|         638|  -12.879219|  -12.322833|   -0.188596|    0.008451|
|         639|  -12.884290|  -12.327788|   -0.188596|    0.008451|
|         640|  -12.889938|  -12.333319|   -0.188596|    0.008451|
|         641|  -12.896158|  -12.339421|   -0.188596|    0.008451|
|         642|  -12.902956|  -12.346099|   -0.188596|    0.008451|
|         643|  -12.910322|  -12.353344|   -0.188596|    0.008451|
|         644|  -12.918255|  -12.361158|   -0.188596|    0.008451|
|         645|  -12.926749|  -12.369533|   -0.188596|    0.008451|
|         646|  -12.935802|  -12.378467|   -0.188596|    0.008451|
|         647|  -12.945409|  -12.387955|   -0.188596|    0.008451|
|         648|  -12.955567|  -12.397994|   -0.188596|    0.008451|
|         649|  -12.966270|  -12.408578|   -0.188596|    0.008451|
|         650|  -12.977517|  -12.419705|   -0.188596|    0.008451|
|         651|  -12.989306|  -12.431378|   -0.188596|    0.008451|
|         652|  -13.001632|  -12.443586|   -0.188596|    0.008451|

----------------------------- Solver Exit -------------------------------
All convergence criteria satisfied.
+-----------------------------------------------------------------------+
|      Convergence Field     |     Value    |   Criterion  |  Converged |
+-----------------------------------------------------------------------+
|                    rms[Rho]|      -13.0016|         < -13|         Yes|
+-----------------------------------------------------------------------+
-------------------------------------------------------------------------
+-----------------------------------------------------------------------+
|        File Writing Summary       |              Filename             |
+-----------------------------------------------------------------------+
|SU2 binary restart                 |restart_flow.dat                   |
|Paraview                           |flow.vtu                           |
|Paraview surface                   |surface_flow.vtu                   |
|CSV file                           |surface_flow.csv                   |
+-----------------------------------------------------------------------+

--------------------------- Finalizing Solver ---------------------------
Deleted CNumerics container.
Deleted CIntegration container.
Deleted CSolver container.
Deleted CIteration container.
Deleted CInterface container.
Deleted CGeometry container.
Deleted CFreeFormDefBox class.
Deleted CSurfaceMovement class.
Deleted CVolumetricMovement class.
Deleted CConfig container.
Deleted nInst container.
Deleted COutput class.
-------------------------------------------------------------------------

------------------------- Exit Success (SU2_CFD) ------------------------

