
-------------------------------------------------------------------------
|    ___ _   _ ___                                                      |
|   / __| | | |_  )   Release 8.3.0 "Harrier"                           |
|   \__ \ |_| |/ /                                                      |
|   |___/\___//___|   Suite (Computational Fluid Dynamics Code)         |
|                                                                       |
-------------------------------------------------------------------------
| SU2 Project Website: https://su2code.github.io                        |
|                                                                       |
| The SU2 Project is maintained by the SU2 Foundation                   |
| (http://su2foundation.org)                                            |
-------------------------------------------------------------------------
| Copyright 2012-2025, SU2 Contributors                                 |
|                                                                       |
| SU2 is free software; you can redistribute it and/or                  |
| modify it under the terms of the GNU Lesser General Public            |
| License as published by the Free Software Foundation; either          |
| version 2.1 of the License, or (at your option) any later version.    |
|                                                                       |
| SU2 is distributed in the hope that it will be useful,                |
| but WITHOUT ANY WARRANTY; without even the implied warranty of        |
| MERCHANTABILITY or FITNESS FOR A PARTICULAR PURPOSE. See the GNU      |
| Lesser General Public License for more details.                       |
|                                                                       |
| You should have received a copy of the GNU Lesser General Public      |
| License along with SU2. If not, see <http://www.gnu.org/licenses/>.   |
-------------------------------------------------------------------------

Parsing config file for zone 0

----------------- Physical Case Definition ( Zone 0 ) -------------------
Compressible Euler equations.
Mach number: 0.8.
Angle of attack (AoA): 1.25 deg, and angle of sideslip (AoS): 0 deg.
Reading and writing binary SU2 native restart files.
Read flow solution from: solution_flow.
Non-Dimensional simulation (P=1.0, Rho=1.0, T=1.0 at the farfield).
The reference area is 1 m^2.
The semi-span will be computed using the max y(3D) value.
The reference length is 1 m.
Reference origin for moment evaluation is (0.25, 0, 0).
Surface(s) where the force coefficients are evaluated: airfoil.

Surface(s) plotted in the output file: airfoil.
Surface(s) affected by the design variables: airfoil.
Input mesh file name: mesh_NACA0012_inv_deform.su2

--------------- Space Numerical Integration ( Zone 0 ) ------------------
Jameson-Schmidt-Turkel scheme (2nd order in space) for the flow inviscid terms.
JST viscous coefficients (2nd & 4th): 0.5, 0.02.
The method includes a grid stretching correction (p = 0.3).
Gradient for viscous and source terms: Green-Gauss.

--------------- Time Numerical Integration  ( Zone 0 ) ------------------
Local time stepping (steady state simulation).
Euler implicit method for the flow equations.
FGMRES is used for solving the linear system.
Using a LU-SGS preconditioning.
Convergence criteria of the linear solver: 0.0001.
Max number of linear iterations: 2.
V Multigrid Cycle, with 2 multigrid levels.
Damping factor for the residual restriction: 1.
Damping factor for the correction prolongation: 1.
No CFL adaptation.
+-------------------------------------------+
|  MG Level| Presmooth|PostSmooth|CorrectSmo|
+-------------------------------------------+
|         0|         1|         0|         0|
|         1|         2|         0|         0|
|         2|         3|         0|         0|
+-------------------------------------------+
Courant-Friedrichs-Lewy number:       10

------------------ Convergence Criteria  ( Zone 0 ) ---------------------
Maximum number of solver subiterations: 1000.
Begin convergence monitoring at iteration 10.
Residual minimum value: 1e-13.
Cauchy series min. value: 1e-06.
Number of Cauchy elements: 100.
Begin windowed time average at iteration 0.

-------------------- Output Information ( Zone 0 ) ----------------------
File writing frequency: 
+------------------------------------+
|                     File| Frequency|
+------------------------------------+
|                  RESTART|       250|
|                 PARAVIEW|       250|
|         SURFACE_PARAVIEW|       250|
|              SURFACE_CSV|       250|
+------------------------------------+
Writing the convergence history file every 1 inner iterations.
Writing the screen convergence history every 1 inner iterations.
The tabular file format is CSV (.csv).
Convergence history file name: history_direct.
Forces breakdown file name: forces_breakdown.dat.
Surface file name: surface_flow.
Volume file name: flow.
Restart file name: restart_flow.

------------- Config File Boundary Information ( Zone 0 ) ---------------
+-----------------------------------------------------------------------+
|                        Marker Type|                        Marker Name|
+-----------------------------------------------------------------------+
|                         Euler wall|                            airfoil|
+-----------------------------------------------------------------------+
|                          Far-field|                           farfield|
+-----------------------------------------------------------------------+

-------------------- Output Preprocessing ( Zone 0 ) --------------------

WARNING: SURFACE_PRESSURE_DROP can only be computed for at least 2 surfaces (outlet, inlet, ...)

Screen output fields: INNER_ITER, RMS_DENSITY, RMS_ENERGY, LIFT, DRAG
History output group(s): ITER, RMS_RES, AERO_COEFF
Convergence field(s): RMS_DENSITY
Warning: No (valid) fields chosen for time convergence monitoring. Time convergence monitoring inactive.
Volume output fields: COORDINATES, SOLUTION, PRIMITIVE

------------------- Geometry Preprocessing ( Zone 0 ) -------------------
Two dimensional problem.
5233 grid points.
10216 volume elements.
2 surface markers.
200 boundary elements in index 0 (Marker = airfoil).
50 boundary elements in index 1 (Marker = farfield).
10216 triangles.
Setting point connectivity.
Renumbering points (Reverse Cuthill McKee Ordering).
Recomputing point connectivity.
Setting element connectivity.
Checking the numerical grid orientation.
All volume elements are correctly oriented.
All surface elements are correctly oriented.
Identifying edges and vertices.
Setting the control volume structure.
Area of the computational grid: 1253.25.
Searching for the closest normal neighbors to the surfaces.
Storing a mapping from global to local point index.
Compute the surface curvature.
Max K: 7835.1. Mean K: 35.1532. Standard deviation K: 494.427.
Checking for periodicity.
Computing mesh quality statistics for the dual control volumes.
+--------------------------------------------------------------+
|           Mesh Quality Metric|        Minimum|        Maximum|
+--------------------------------------------------------------+
|    Orthogonality Angle (deg.)|        62.8845|        89.7538|
|     CV Face Area Aspect Ratio|        1.01091|        7.18082|
|           CV Sub-Volume Ratio|        1.00266|        6.47679|
+--------------------------------------------------------------+
Setting the multigrid structure.
+-------------------------------------------+
|  MG Level|       CVs|Aggl. Rate|       CFL|
+-------------------------------------------+
|         0|      5233|    1/1.00|        10|
|         1|      1690|     1/3.1|   8.52431|
|         2|       649|     1/2.6|   7.92373|
+-------------------------------------------+
Finding max control volume width.
Wetted area = 2.0382 m.
Area projection in the x-plane = 0.112967 m, y-plane = 0.999845 m.
Max. coordinate in the x-direction = 1 m, y-direction = 0.0500081 m.
Min. coordinate in the x-direction = 0 m, y-direction = -0.0629768 m.
Computing wall distances.

-------------------- Solver Preprocessing ( Zone 0 ) --------------------
Inviscid flow: Computing density based on free-stream
temperature and pressure using the ideal gas law.
Force coefficients computed using free-stream values.

-- Models:
+------------------------------------------------------------------------------+
|          Viscosity Model|        Conductivity Model|              Fluid Model|
+------------------------------------------------------------------------------+
|                        -|                         -|             STANDARD_AIR|
+------------------------------------------------------------------------------+
-- Fluid properties:
+------------------------------------------------------------------------------+
|                  Name|    Dim. value|    Ref. value|      Unit|Non-dim. value|
+------------------------------------------------------------------------------+
|          Gas Constant|       287.058|       287.058|  N.m/kg.K|             1|
|      Spec. Heat Ratio|             -|             -|         -|           1.4|
+------------------------------------------------------------------------------+
-- Initial and free-stream conditions:
+------------------------------------------------------------------------------+
|                  Name|    Dim. value|    Ref. value|      Unit|Non-dim. value|
+------------------------------------------------------------------------------+
|       Static Pressure|        101325|        101325|        Pa|             1|
|               Density|       1.22498|       1.22498|    kg/m^3|             1|
|           Temperature|        288.15|        288.15|         K|             1|
|          Total Energy|        243846|       82715.8|   m^2/s^2|         2.948|
|            Velocity-X|       272.173|       287.603|       m/s|      0.946348|
|            Velocity-Y|       5.93883|       287.603|       m/s|     0.0206494|
|    Velocity Magnitude|       272.238|       287.603|       m/s|      0.946573|
+------------------------------------------------------------------------------+
|           Mach Number|             -|             -|         -|           0.8|
+------------------------------------------------------------------------------+
Initialize Jacobian structure (Euler). MG level: 0.
Initialize Jacobian structure (Euler). MG level: 1.
Initialize Jacobian structure (Euler). MG level: 2.

------------------- Numerics Preprocessing ( Zone 0 ) -------------------

----------------- Integration Preprocessing ( Zone 0 ) ------------------

------------------- Iteration Preprocessing ( Zone 0 ) ------------------
Euler/Navier-Stokes/RANS fluid iteration.

------------------------------ Begin Solver -----------------------------

Simulation Run using the Single-zone Driver
WARNING: SU2 was not compiled for an AVX-capable architecture. Performance could be better,
         see https://su2code.github.io/docs_v7/Build-SU2-Linux-MacOS/#compiler-optimizations
WARNING: SU2 was not compiled for an AVX-capable architecture. Performance could be better,
         see https://su2code.github.io/docs_v7/Build-SU2-Linux-MacOS/#compiler-optimizations
WARNING: SU2 was not compiled for an AVX-capable architecture. Performance could be better,
         see https://su2code.github.io/docs_v7/Build-SU2-Linux-MacOS/#compiler-optimizations
+----------------------------------------------------------------+
|  Inner_Iter|    rms[Rho]|   rms[RhoE]|          CL|          CD|
+----------------------------------------------------------------+
|           0|   -5.191285|   -4.594905|    0.127159|    0.000400|
|           1|   -5.461465|   -4.861391|    0.126325|    0.001007|
|           2|   -5.388781|   -4.806744|    0.123880|    0.001084|
|           3|   -5.382710|   -4.798346|    0.124351|    0.000999|
|           4|   -5.340029|   -4.759248|    0.124157|    0.001051|
|           5|   -5.333758|   -4.763920|    0.122632|    0.001049|
|           6|   -5.307534|   -4.742998|    0.121756|    0.001082|
|           7|   -5.280761|   -4.717389|    0.121086|    0.001106|
|           8|   -5.258431|   -4.697451|    0.120252|    0.001110|
|           9|   -5.242130|   -4.683995|    0.119434|    0.001120|
|          10|   -5.225847|   -4.669286|    0.118683|    0.001134|
|          11|   -5.212212|   -4.657118|    0.117987|    0.001147|
|          12|   -5.202082|   -4.648480|    0.117331|    0.001161|
|          13|   -5.193516|   -4.640689|    0.116697|    0.001175|
|          14|   -5.185744|   -4.633066|    0.116090|    0.001188|
|          15|   -5.178427|   -4.625686|    0.115528|    0.001201|
|          16|   -5.171719|   -4.618996|    0.115018|    0.001215|
|          17|   -5.165950|   -4.613438|    0.114554|    0.001230|
|          18|   -5.161207|   -4.609045|    0.114131|    0.001245|
|          19|   -5.157378|   -4.605560|    0.113747|    0.001261|
|          20|   -5.154223|   -4.602638|    0.113399|    0.001276|
|          21|   -5.151512|   -4.600013|    0.113090|    0.001292|
|          22|   -5.149545|   -4.598193|    0.112816|    0.001307|
|          23|   -5.148465|   -4.597409|    0.112572|    0.001320|
|          24|   -5.148460|   -4.597795|    0.112355|    0.001333|
|          25|   -5.149806|   -4.599586|    0.112162|    0.001344|
|          26|   -5.152486|   -4.602722|    0.111997|    0.001353|
|          27|   -5.156358|   -4.607104|    0.111856|    0.001361|
|          28|   -5.161562|   -4.612898|    0.111734|    0.001367|
|          29|   -5.168476|   -4.620431|    0.111628|    0.001371|
|          30|   -5.177349|   -4.629923|    0.111538|    0.001373|
|          31|   -5.187482|   -4.640614|    0.111459|    0.001373|
|          32|   -5.199225|   -4.652908|    0.111392|    0.001372|
|          33|   -5.212053|   -4.666217|    0.111336|    0.001370|
|          34|   -5.225727|   -4.680318|    0.111290|    0.001367|
|          35|   -5.239928|   -4.694814|    0.111252|    0.001363|
|          36|   -5.254212|   -4.709249|    0.111224|    0.001359|
|          37|   -5.267792|   -4.722824|    0.111200|    0.001356|
|          38|   -5.280467|   -4.735326|    0.111178|    0.001352|
|          39|   -5.292337|   -4.746852|    0.111157|    0.001348|
|          40|   -5.303620|   -4.757680|    0.111138|    0.001345|
|          41|   -5.314439|   -4.767953|    0.111118|    0.001343|
|          42|   -5.325115|   -4.778057|    0.111096|    0.001341|
|          43|   -5.335870|   -4.788259|    0.111073|    0.001339|
|          44|   -5.347018|   -4.798954|    0.111048|    0.001339|
|          45|   -5.358843|   -4.810436|    0.111023|    0.001338|
|          46|   -5.371499|   -4.822812|    0.110996|    0.001339|
|          47|   -5.384999|   -4.836089|    0.110969|    0.001340|
|          48|   -5.399928|   -4.850921|    0.110942|    0.001341|
|          49|   -5.415773|   -4.866732|    0.110913|    0.001342|
|          50|   -5.432042|   -4.883010|    0.110884|    0.001344|
|          51|   -5.448868|   -4.899863|    0.110856|    0.001345|
|          52|   -5.466322|   -4.917325|    0.110830|    0.001346|
|          53|   -5.484330|   -4.935298|    0.110806|    0.001348|
|          54|   -5.502658|   -4.953555|    0.110784|    0.001348|
|          55|   -5.521196|   -4.971998|    0.110764|    0.001349|
|          56|   -5.540387|   -4.991101|    0.110747|    0.001349|
|          57|   -5.559669|   -5.010245|    0.110733|    0.001348|
|          58|   -5.579129|   -5.029578|    0.110721|    0.001348|
|          59|   -5.598784|   -5.049106|    0.110713|    0.001347|
|          60|   -5.618329|   -5.068516|    0.110708|    0.001345|
|          61|   -5.637754|   -5.087826|    0.110707|    0.001344|
|          62|   -5.657075|   -5.107036|    0.110709|    0.001342|
|          63|   -5.676327|   -5.126186|    0.110715|    0.001340|
|          64|   -5.695607|   -5.145398|    0.110724|    0.001339|
|          65|   -5.714793|   -5.164547|    0.110736|    0.001337|
|          66|   -5.733834|   -5.183585|    0.110751|    0.001336|
|          67|   -5.752709|   -5.202487|    0.110769|    0.001335|
|          68|   -5.771354|   -5.221187|    0.110790|    0.001334|
|          69|   -5.789753|   -5.239675|    0.110813|    0.001333|
|          70|   -5.807897|   -5.257944|    0.110838|    0.001333|
|          71|   -5.825764|   -5.275966|    0.110865|    0.001333|
|          72|   -5.843270|   -5.293644|    0.110894|    0.001333|
|          73|   -5.860345|   -5.310901|    0.110925|    0.001333|
|          74|   -5.876901|   -5.327644|    0.110956|    0.001334|
|          75|   -5.892847|   -5.343773|    0.110989|    0.001335|
|          76|   -5.908142|   -5.359238|    0.111022|    0.001336|
|          77|   -5.922773|   -5.374036|    0.111056|    0.001337|
|          78|   -5.936680|   -5.388092|    0.111089|    0.001338|
|          79|   -5.949928|   -5.401459|    0.111123|    0.001339|
|          80|   -5.962576|   -5.414197|    0.111156|    0.001340|
|          81|   -5.974656|   -5.426348|    0.111188|    0.001341|
|          82|   -5.986218|   -5.437964|    0.111220|    0.001341|
|          83|   -5.997336|   -5.449116|    0.111251|    0.001342|
|          84|   -6.008098|   -5.459893|    0.111282|    0.001343|
|          85|   -6.018580|   -5.470377|    0.111311|    0.001344|
|          86|   -6.028835|   -5.480621|    0.111339|    0.001344|
|          87|   -6.038956|   -5.490725|    0.111367|    0.001344|
|          88|   -6.049013|   -5.500755|    0.111393|    0.001345|
|          89|   -6.059083|   -5.510788|    0.111417|    0.001345|
|          90|   -6.069227|   -5.520892|    0.111440|    0.001345|
|          91|   -6.079497|   -5.531125|    0.111462|    0.001345|
|          92|   -6.089944|   -5.541537|    0.111483|    0.001345|
|          93|   -6.100629|   -5.552178|    0.111502|    0.001345|
|          94|   -6.111619|   -5.563115|    0.111520|    0.001345|
|          95|   -6.122905|   -5.574348|    0.111537|    0.001345|
|          96|   -6.134485|   -5.585870|    0.111552|    0.001344|
|          97|   -6.146390|   -5.597714|    0.111566|    0.001344|
|          98|   -6.158647|   -5.609901|    0.111578|    0.001344|
|          99|   -6.171246|   -5.622415|    0.111590|    0.001344|
|         100|   -6.184195|   -5.635273|    0.111600|    0.001343|
|         101|   -6.197470|   -5.648448|    0.111609|    0.001343|
|         102|   -6.211114|   -5.661989|    0.111617|    0.001343|
|         103|   -6.225091|   -5.675857|    0.111623|    0.001342|
|         104|   -6.239435|   -5.690094|    0.111629|    0.001342|
|         105|   -6.254087|   -5.704628|    0.111633|    0.001342|
|         106|   -6.269056|   -5.719469|    0.111637|    0.001342|
|         107|   -6.284335|   -5.734619|    0.111639|    0.001341|
|         108|   -6.299890|   -5.750043|    0.111641|    0.001341|
|         109|   -6.315720|   -5.765742|    0.111641|    0.001341|
|         110|   -6.331826|   -5.781714|    0.111641|    0.001341|
|         111|   -6.348209|   -5.797966|    0.111640|    0.001341|
|         112|   -6.364874|   -5.814502|    0.111637|    0.001340|
|         113|   -6.381850|   -5.831350|    0.111635|    0.001340|
|         114|   -6.399117|   -5.848488|    0.111631|    0.001340|
|         115|   -6.416656|   -5.865902|    0.111627|    0.001340|
|         116|   -6.434448|   -5.883576|    0.111622|    0.001339|
|         117|   -6.452530|   -5.901545|    0.111616|    0.001339|
|         118|   -6.470907|   -5.919800|    0.111611|    0.001339|
|         119|   -6.489574|   -5.938341|    0.111604|    0.001339|
|         120|   -6.508508|   -5.957150|    0.111597|    0.001338|
|         121|   -6.527680|   -5.976196|    0.111590|    0.001338|
|         122|   -6.547063|   -5.995453|    0.111583|    0.001338|
|         123|   -6.566625|   -6.014892|    0.111575|    0.001338|
|         124|   -6.586337|   -6.034481|    0.111567|    0.001338|
|         125|   -6.606176|   -6.054198|    0.111559|    0.001337|
|         126|   -6.626157|   -6.074060|    0.111550|    0.001337|
|         127|   -6.646233|   -6.094024|    0.111542|    0.001337|
|         128|   -6.666285|   -6.113977|    0.111533|    0.001337|
|         129|   -6.686227|   -6.133837|    0.111525|    0.001337|
|         130|   -6.706033|   -6.153577|    0.111517|    0.001336|
|         131|   -6.725664|   -6.173158|    0.111508|    0.001336|
|         132|   -6.745030|   -6.192497|    0.111500|    0.001336|
|         133|   -6.764038|   -6.211502|    0.111492|    0.001336|
|         134|   -6.782664|   -6.230155|    0.111484|    0.001336|
|         135|   -6.800881|   -6.248433|    0.111477|    0.001336|
|         136|   -6.818701|   -6.266344|    0.111469|    0.001336|
|         137|   -6.836102|   -6.283862|    0.111462|    0.001336|
|         138|   -6.853039|   -6.300939|    0.111455|    0.001336|
|         139|   -6.869493|   -6.317558|    0.111448|    0.001336|
|         140|   -6.885476|   -6.333730|    0.111442|    0.001336|
|         141|   -6.900979|   -6.349436|    0.111436|    0.001336|
|         142|   -6.916015|   -6.364685|    0.111430|    0.001336|
|         143|   -6.930593|   -6.379481|    0.111425|    0.001336|
|         144|   -6.944762|   -6.393872|    0.111419|    0.001336|
|         145|   -6.958571|   -6.407893|    0.111415|    0.001336|
|         146|   -6.972081|   -6.421599|    0.111410|    0.001336|
|         147|   -6.985312|   -6.435002|    0.111406|    0.001336|
|         148|   -6.998318|   -6.448160|    0.111402|    0.001336|
|         149|   -7.011167|   -6.461141|    0.111398|    0.001336|
|         150|   -7.023905|   -6.473985|    0.111395|    0.001336|
|         151|   -7.036578|   -6.486731|    0.111392|    0.001336|
|         152|   -7.049276|   -6.499476|    0.111390|    0.001336|
|         153|   -7.062062|   -6.512281|    0.111387|    0.001336|
|         154|   -7.074965|   -6.525175|    0.111385|    0.001336|
|         155|   -7.088025|   -6.538201|    0.111383|    0.001336|
|         156|   -7.101287|   -6.551406|    0.111382|    0.001336|
|         157|   -7.114783|   -6.564819|    0.111380|    0.001336|
|         158|   -7.128543|   -6.578475|    0.111379|    0.001336|
|         159|   -7.142595|   -6.592402|    0.111379|    0.001336|
|         160|   -7.156944|   -6.606608|    0.111378|    0.001336|
|         161|   -7.171630|   -6.621138|    0.111378|    0.001336|
|         162|   -7.186682|   -6.636016|    0.111378|    0.001336|
|         163|   -7.202135|   -6.651285|    0.111378|    0.001336|
|         164|   -7.218006|   -6.666961|    0.111378|    0.001336|
|         165|   -7.234291|   -6.683043|    0.111378|    0.001336|
|         166|   -7.250994|   -6.699537|    0.111379|    0.001336|
|         167|   -7.268128|   -6.716457|    0.111379|    0.001337|
|         168|   -7.285695|   -6.733808|    0.111380|    0.001337|
|         169|   -7.303695|   -6.751589|    0.111381|    0.001337|
|         170|   -7.322119|   -6.769795|    0.111382|    0.001337|
|         171|   -7.340963|   -6.788421|    0.111383|    0.001337|
|         172|   -7.360218|   -6.807464|    0.111385|    0.001337|
|         173|   -7.379876|   -6.826914|    0.111386|    0.001337|
|         174|   -7.399921|   -6.846760|    0.111387|    0.001337|
|         175|   -7.420336|   -6.866985|    0.111389|    0.001337|
|         176|   -7.441098|   -6.887568|    0.111391|    0.001337|
|         177|   -7.462181|   -6.908488|    0.111392|    0.001337|
|         178|   -7.483555|   -6.929717|    0.111394|    0.001337|
|         179|   -7.505183|   -6.951220|    0.111395|    0.001337|
|         180|   -7.527019|   -6.972956|    0.111397|    0.001337|
|         181|   -7.549007|   -6.994870|    0.111399|    0.001337|
|         182|   -7.571083|   -7.016904|    0.111401|    0.001337|
|         183|   -7.593171|   -7.038985|    0.111402|    0.001337|
|         184|   -7.615186|   -7.061030|    0.111404|    0.001337|
|         185|   -7.637030|   -7.082945|    0.111406|    0.001337|
|         186|   -7.658597|   -7.104628|    0.111407|    0.001337|
|         187|   -7.679774|   -7.125965|    0.111409|    0.001337|
|         188|   -7.700440|   -7.146838|    0.111411|    0.001337|
|         189|   -7.720473|   -7.167123|    0.111412|    0.001337|
|         190|   -7.739750|   -7.186696|    0.111414|    0.001337|
|         191|   -7.758160|   -7.205440|    0.111415|    0.001337|
|         192|   -7.775602|   -7.223249|    0.111416|    0.001337|
|         193|   -7.791994|   -7.240034|    0.111418|    0.001337|
|         194|   -7.807279|   -7.255728|    0.111419|    0.001337|
|         195|   -7.821426|   -7.270291|    0.111420|    0.001337|
|         196|   -7.834438|   -7.283712|    0.111421|    0.001337|
|         197|   -7.846342|   -7.296012|    0.111422|    0.001337|
|         198|   -7.857200|   -7.307241|    0.111423|    0.001337|
|         199|   -7.867093|   -7.317472|    0.111424|    0.001337|
|         200|   -7.876125|   -7.326804|    0.111425|    0.001337|
|         201|   -7.884412|   -7.335349|    0.111426|    0.001337|
|         202|   -7.892080|   -7.343231|    0.111427|    0.001337|
|         203|   -7.899257|   -7.350578|    0.111427|    0.001337|
|         204|   -7.906070|   -7.357518|    0.111428|    0.001337|
|         205|   -7.912641|   -7.364176|    0.111428|    0.001337|
|         206|   -7.919085|   -7.370669|    0.111429|    0.001337|
|         207|   -7.925505|   -7.377106|    0.111430|    0.001337|
|         208|   -7.931998|   -7.383587|    0.111430|    0.001337|
|         209|   -7.938648|   -7.390199|    0.111430|    0.001337|
|         210|   -7.945529|   -7.397020|    0.111431|    0.001337|
|         211|   -7.952705|   -7.404119|    0.111431|    0.001337|
|         212|   -7.960231|   -7.411553|    0.111431|    0.001337|
|         213|   -7.968156|   -7.419372|    0.111432|    0.001337|
|         214|   -7.976517|   -7.427618|    0.111432|    0.001337|
|         215|   -7.985349|   -7.436325|    0.111432|    0.001337|
|         216|   -7.994677|   -7.445523|    0.111432|    0.001337|
|         217|   -8.004523|   -7.455235|    0.111432|    0.001337|
|         218|   -8.014904|   -7.465478|    0.111433|    0.001337|
|         219|   -8.025834|   -7.476266|    0.111433|    0.001337|
|         220|   -8.037320|   -7.487609|    0.111433|    0.001337|
|         221|   -8.049370|   -7.499514|    0.111433|    0.001337|
|         222|   -8.061986|   -7.511985|    0.111433|    0.001337|
|         223|   -8.075168|   -7.525022|    0.111433|    0.001337|
|         224|   -8.088914|   -7.538624|    0.111433|    0.001337|
|         225|   -8.103219|   -7.552785|    0.111433|    0.001337|
|         226|   -8.118077|   -7.567501|    0.111433|    0.001337|
|         227|   -8.133479|   -7.582761|    0.111433|    0.001337|
|         228|   -8.149411|   -7.598555|    0.111433|    0.001337|
|         229|   -8.165862|   -7.614869|    0.111433|    0.001337|
|         230|   -8.182813|   -7.631688|    0.111432|    0.001337|
|         231|   -8.200246|   -7.648991|    0.111432|    0.001337|
|         232|   -8.218139|   -7.666759|    0.111432|    0.001337|
|         233|   -8.236465|   -7.684965|    0.111432|    0.001337|
|         234|   -8.255197|   -7.703584|    0.111432|    0.001337|
|         235|   -8.274301|   -7.722582|    0.111432|    0.001337|
|         236|   -8.293741|   -7.741924|    0.111432|    0.001337|
|         237|   -8.313474|   -7.761570|    0.111432|    0.001337|
|         238|   -8.333454|   -7.781474|    0.111431|    0.001337|
|         239|   -8.353629|   -7.801587|    0.111431|    0.001337|
|         240|   -8.373941|   -7.821852|    0.111431|    0.001337|
|         241|   -8.394326|   -7.842208|    0.111431|    0.001337|
|         242|   -8.414714|   -7.862588|    0.111431|    0.001337|
|         243|   -8.435033|   -7.882919|    0.111431|    0.001337|
|         244|   -8.455202|   -7.903124|    0.111430|    0.001337|
|         245|   -8.475139|   -7.923123|    0.111430|    0.001337|
|         246|   -8.494762|   -7.942832|    0.111430|    0.001337|
|         247|   -8.513985|   -7.962170|    0.111430|    0.001337|
|         248|   -8.532728|   -7.981053|    0.111430|    0.001337|
|         249|   -8.550915|   -7.999407|    0.111430|    0.001337|
|         250|   -8.568476|   -8.017159|    0.111430|    0.001337|
+-----------------------------------------------------------------------+
|        File Writing Summary       |              Filename             |
+-----------------------------------------------------------------------+
|SU2 binary restart                 |restart_flow.dat                   |
|Paraview                           |flow.vtu                           |
|Paraview surface                   |surface_flow.vtu                   |
|CSV file                           |surface_flow.csv                   |
+-----------------------------------------------------------------------+
+----------------------------------------------------------------+
|  Inner_Iter|    rms[Rho]|   rms[RhoE]|          CL|          CD|
+----------------------------------------------------------------+
|         251|   -8.585353|   -8.034248|    0.111429|    0.001337|
|         252|   -8.601502|   -8.050626|    0.111429|    0.001337|
|         253|   -8.616894|   -8.066261|    0.111429|    0.001337|
|         254|   -8.631517|   -8.081133|    0.111429|    0.001337|
|         255|   -8.645376|   -8.095244|    0.111429|    0.001337|
|         256|   -8.658490|   -8.108609|    0.111429|    0.001337|
|         257|   -8.670898|   -8.121259|    0.111429|    0.001337|
|         258|   -8.682650|   -8.133241|    0.111429|    0.001337|
|         259|   -8.693807|   -8.144611|    0.111429|    0.001337|
|         260|   -8.704439|   -8.155438|    0.111428|    0.001337|
|         261|   -8.714624|   -8.165795|    0.111428|    0.001337|
|         262|   -8.724440|   -8.175759|    0.111428|    0.001337|
|         263|   -8.733967|   -8.185411|    0.111428|    0.001337|
|         264|   -8.743285|   -8.194828|    0.111428|    0.001337|
|         265|   -8.752469|   -8.204088|    0.111428|    0.001337|
|         266|   -8.761591|   -8.213264|    0.111428|    0.001337|
|         267|   -8.770716|   -8.222420|    0.111428|    0.001337|
|         268|   -8.779904|   -8.231620|    0.111428|    0.001337|
|         269|   -8.789213|   -8.240921|    0.111428|    0.001337|
|         270|   -8.798690|   -8.250375|    0.111428|    0.001337|
|         271|   -8.808380|   -8.260026|    0.111428|    0.001337|
|         272|   -8.818323|   -8.269916|    0.111428|    0.001337|
|         273|   -8.828550|   -8.280079|    0.111428|    0.001337|
|         274|   -8.839090|   -8.290544|    0.111428|    0.001337|
|         275|   -8.849968|   -8.301338|    0.111428|    0.001337|
|         276|   -8.861203|   -8.312480|    0.111428|    0.001337|
|         277|   -8.872810|   -8.323988|    0.111428|    0.001337|
|         278|   -8.884802|   -8.335874|    0.111428|    0.001337|
|         279|   -8.897187|   -8.348149|    0.111428|    0.001337|
|         280|   -8.909973|   -8.360819|    0.111428|    0.001337|
|         281|   -8.923162|   -8.373889|    0.111428|    0.001337|
|         282|   -8.936755|   -8.387360|    0.111428|    0.001337|
|         283|   -8.950751|   -8.401231|    0.111428|    0.001337|
|         284|   -8.965146|   -8.415499|    0.111428|    0.001337|
|         285|   -8.979934|   -8.430159|    0.111428|    0.001337|
|         286|   -8.995105|   -8.445201|    0.111428|    0.001337|
|         287|   -9.010648|   -8.460616|    0.111428|    0.001337|
|         288|   -9.026551|   -8.476390|    0.111428|    0.001337|
|         289|   -9.042797|   -8.492509|    0.111428|    0.001337|
|         290|   -9.059366|   -8.508953|    0.111428|    0.001337|
|         291|   -9.076236|   -8.525701|    0.111428|    0.001337|
|         292|   -9.093383|   -8.542728|    0.111428|    0.001337|
|         293|   -9.110776|   -8.560008|    0.111428|    0.001337|
|         294|   -9.128384|   -8.577507|    0.111428|    0.001337|
|         295|   -9.146169|   -8.595192|    0.111428|    0.001337|
|         296|   -9.164091|   -8.613021|    0.111428|    0.001337|
|         297|   -9.182105|   -8.630953|    0.111428|    0.001337|
|         298|   -9.200162|   -8.648940|    0.111428|    0.001337|
|         299|   -9.218211|   -8.666932|    0.111428|    0.001337|
|         300|   -9.236195|   -8.684874|    0.111428|    0.001337|
|         301|   -9.254056|   -8.702709|    0.111428|    0.001337|
|         302|   -9.271734|   -8.720380|    0.111428|    0.001337|
|         303|   -9.289168|   -8.737825|    0.111428|    0.001337|
|         304|   -9.306298|   -8.754985|    0.111428|    0.001337|
|         305|   -9.323063|   -8.771802|    0.111428|    0.001337|
|         306|   -9.339411|   -8.788222|    0.111429|    0.001337|
|         307|   -9.355290|   -8.804193|    0.111429|    0.001337|
|         308|   -9.370658|   -8.819672|    0.111429|    0.001337|
|         309|   -9.385481|   -8.834623|    0.111429|    0.001337|
|         310|   -9.399734|   -8.849019|    0.111429|    0.001337|
|         311|   -9.413405|   -8.862845|    0.111429|    0.001337|
|         312|   -9.426491|   -8.876095|    0.111429|    0.001337|
|         313|   -9.439003|   -8.888775|    0.111429|    0.001337|
|         314|   -9.450961|   -8.900905|    0.111429|    0.001337|
|         315|   -9.462397|   -8.912510|    0.111429|    0.001337|
|         316|   -9.473352|   -8.923630|    0.111429|    0.001337|
|         317|   -9.483874|   -8.934309|    0.111429|    0.001337|
|         318|   -9.494018|   -8.944599|    0.111429|    0.001337|
|         319|   -9.503842|   -8.954558|    0.111429|    0.001337|
|         320|   -9.513408|   -8.964244|    0.111429|    0.001337|
|         321|   -9.522778|   -8.973718|    0.111429|    0.001337|
|         322|   -9.532014|   -8.983043|    0.111429|    0.001337|
|         323|   -9.541177|   -8.992277|    0.111429|    0.001337|
|         324|   -9.550325|   -9.001480|    0.111429|    0.001337|
|         325|   -9.559513|   -9.010706|    0.111429|    0.001337|
|         326|   -9.568792|   -9.020007|    0.111429|    0.001337|
|         327|   -9.578209|   -9.029430|    0.111429|    0.001337|
|         328|   -9.587808|   -9.039020|    0.111429|    0.001337|
|         329|   -9.597628|   -9.048817|    0.111429|    0.001337|
|         330|   -9.607703|   -9.058856|    0.111429|    0.001337|
|         331|   -9.618065|   -9.069170|    0.111429|    0.001337|
|         332|   -9.628742|   -9.079786|    0.111429|    0.001337|
|         333|   -9.639756|   -9.090729|    0.111429|    0.001337|
|         334|   -9.651129|   -9.102021|    0.111429|    0.001337|
|         335|   -9.662877|   -9.113680|    0.111429|    0.001337|
|         336|   -9.675015|   -9.125720|    0.111429|    0.001337|
|         337|   -9.687555|   -9.138154|    0.111429|    0.001337|
|         338|   -9.700506|   -9.150992|    0.111429|    0.001337|
|         339|   -9.713874|   -9.164241|    0.111429|    0.001337|
|         340|   -9.727663|   -9.177905|    0.111429|    0.001337|
|         341|   -9.741876|   -9.191989|    0.111429|    0.001337|
|         342|   -9.756512|   -9.206491|    0.111429|    0.001337|
|         343|   -9.771570|   -9.221410|    0.111429|    0.001337|
|         344|   -9.787043|   -9.236743|    0.111429|    0.001337|
|         345|   -9.802926|   -9.252483|    0.111429|    0.001337|
|         346|   -9.819209|   -9.268622|    0.111429|    0.001337|
|         347|   -9.835881|   -9.285148|    0.111429|    0.001337|
|         348|   -9.852927|   -9.302050|    0.111429|    0.001337|
|         349|   -9.870331|   -9.319310|    0.111429|    0.001337|
|         350|   -9.888072|   -9.336910|    0.111429|    0.001337|
|         351|   -9.906128|   -9.354827|    0.111429|    0.001337|
|         352|   -9.924472|   -9.373038|    0.111429|    0.001337|
|         353|   -9.943073|   -9.391513|    0.111429|    0.001337|
|         354|   -9.961898|   -9.410219|    0.111429|    0.001337|
|         355|   -9.980909|   -9.429121|    0.111429|    0.001337|
|         356|  -10.000064|   -9.448179|    0.111429|    0.001337|
|         357|  -10.019316|   -9.467347|    0.111429|    0.001337|
|         358|  -10.038616|   -9.486579|    0.111429|    0.001337|
|         359|  -10.057909|   -9.505821|    0.111429|    0.001337|
|         360|  -10.077138|   -9.525020|    0.111429|    0.001337|
|         361|  -10.096243|   -9.544116|    0.111429|    0.001337|
|         362|  -10.115162|   -9.563050|    0.111429|    0.001337|
|         363|  -10.133834|   -9.581761|    0.111429|    0.001337|
|         364|  -10.152196|   -9.600187|    0.111429|    0.001337|
|         365|  -10.170189|   -9.618270|    0.111429|    0.001337|
|         366|  -10.187758|   -9.635955|    0.111429|    0.001337|
|         367|  -10.204853|   -9.653189|    0.111429|    0.001337|
|         368|  -10.221432|   -9.669929|    0.111429|    0.001337|
|         369|  -10.237462|   -9.686140|    0.111429|    0.001337|
|         370|  -10.252919|   -9.701795|    0.111429|    0.001337|
|         371|  -10.267793|   -9.716880|    0.111429|    0.001337|
|         372|  -10.282085|   -9.731390|    0.111429|    0.001337|
|         373|  -10.295806|   -9.745333|    0.111429|    0.001337|
|         374|  -10.308980|   -9.758729|    0.111429|    0.001337|
|         375|  -10.321641|   -9.771608|    0.111429|    0.001337|
|         376|  -10.333832|   -9.784009|    0.111429|    0.001337|
|         377|  -10.345605|   -9.795978|    0.111429|    0.001337|
|         378|  -10.357014|   -9.807569|    0.111429|    0.001337|
|         379|  -10.368120|   -9.818840|    0.111429|    0.001337|
|         380|  -10.378985|   -9.829851|    0.111429|    0.001337|
|         381|  -10.389672|   -9.840663|    0.111429|    0.001337|
|         382|  -10.400242|   -9.851337|    0.111429|    0.001337|
|         383|  -10.410755|   -9.861933|    0.111429|    0.001337|
|         384|  -10.421268|   -9.872509|    0.111429|    0.001337|
|         385|  -10.431834|   -9.883117|    0.111429|    0.001337|
|         386|  -10.442503|   -9.893809|    0.111429|    0.001337|
|         387|  -10.453319|   -9.904629|    0.111429|    0.001337|
|         388|  -10.464323|   -9.915619|    0.111429|    0.001337|
|         389|  -10.475551|   -9.926818|    0.111429|    0.001337|
|         390|  -10.487035|   -9.938256|    0.111429|    0.001337|
|         391|  -10.498802|   -9.949964|    0.111429|    0.001337|
|         392|  -10.510876|   -9.961967|    0.111429|    0.001337|
|         393|  -10.523277|   -9.974283|    0.111429|    0.001337|
|         394|  -10.536020|   -9.986932|    0.111429|    0.001337|
|         395|  -10.549119|   -9.999926|    0.111429|    0.001337|
|         396|  -10.562582|  -10.013277|    0.111429|    0.001337|
|         397|  -10.576416|  -10.026990|    0.111429|    0.001337|
|         398|  -10.590625|  -10.041071|    0.111429|    0.001337|
|         399|  -10.605208|  -10.055521|    0.111429|    0.001337|
|         400|  -10.620164|  -10.070339|    0.111429|    0.001337|
|         401|  -10.635488|  -10.085520|    0.111429|    0.001337|
|         402|  -10.651170|  -10.101058|    0.111429|    0.001337|
|         403|  -10.667201|  -10.116942|    0.111429|    0.001337|
|         404|  -10.683566|  -10.133160|    0.111429|    0.001337|
|         405|  -10.700249|  -10.149695|    0.111429|    0.001337|
|         406|  -10.717229|  -10.166529|    0.111429|    0.001337|
|         407|  -10.734482|  -10.183640|    0.111429|    0.001337|
|         408|  -10.751981|  -10.201000|    0.111429|    0.001337|
|         409|  -10.769694|  -10.218582|    0.111429|    0.001337|
|         410|  -10.787588|  -10.236351|    0.111429|    0.001337|
|         411|  -10.805622|  -10.254270|    0.111429|    0.001337|
|         412|  -10.823754|  -10.272298|    0.111429|    0.001337|
|         413|  -10.841937|  -10.290392|    0.111429|    0.001337|
|         414|  -10.860121|  -10.308502|    0.111429|    0.001337|
|         415|  -10.878253|  -10.326577|    0.111429|    0.001337|
|         416|  -10.896278|  -10.344565|    0.111429|    0.001337|
|         417|  -10.914137|  -10.362408|    0.111429|    0.001337|
|         418|  -10.931773|  -10.380050|    0.111429|    0.001337|
|         419|  -10.949128|  -10.397435|    0.111429|    0.001337|
|         420|  -10.966147|  -10.414507|    0.111429|    0.001337|
|         421|  -10.982776|  -10.431215|    0.111429|    0.001337|
|         422|  -10.998969|  -10.447509|    0.111429|    0.001337|
|         423|  -11.014686|  -10.463348|    0.111429|    0.001337|
|         424|  -11.029892|  -10.478698|    0.111429|    0.001337|
|         425|  -11.044565|  -10.493532|    0.111429|    0.001337|
|         426|  -11.058693|  -10.507834|    0.111429|    0.001337|
|         427|  -11.072271|  -10.521597|    0.111429|    0.001337|
|         428|  -11.085310|  -10.534828|    0.111429|    0.001337|
|         429|  -11.097829|  -10.547541|    0.111429|    0.001337|
|         430|  -11.109857|  -10.559762|    0.111429|    0.001337|
|         431|  -11.121432|  -10.571525|    0.111429|    0.001337|
|         432|  -11.132599|  -10.582872|    0.111429|    0.001337|
|         433|  -11.143411|  -10.593851|    0.111429|    0.001337|
|         434|  -11.153922|  -10.604516|    0.111429|    0.001337|
|         435|  -11.164191|  -10.614923|    0.111429|    0.001337|
|         436|  -11.174278|  -10.625131|    0.111429|    0.001337|
|         437|  -11.184241|  -10.635196|    0.111429|    0.001337|
|         438|  -11.194140|  -10.645178|    0.111429|    0.001337|
|         439|  -11.204028|  -10.655131|    0.111429|    0.001337|
|         440|  -11.213960|  -10.665108|    0.111429|    0.001337|
|         441|  -11.223985|  -10.675160|    0.111429|    0.001337|
|         442|  -11.234147|  -10.685332|    0.111429|    0.001337|
|         443|  -11.244489|  -10.695667|    0.111429|    0.001337|
|         444|  -11.255049|  -10.706204|    0.111429|    0.001337|
|         445|  -11.265860|  -10.716976|    0.111429|    0.001337|
|         446|  -11.276951|  -10.728015|    0.111429|    0.001337|
|         447|  -11.288349|  -10.739348|    0.111429|    0.001337|
|         448|  -11.300076|  -10.750998|    0.111429|    0.001337|
|         449|  -11.312152|  -10.762985|    0.111429|    0.001337|
|         450|  -11.324593|  -10.775326|    0.111429|    0.001337|
|         451|  -11.337410|  -10.788036|    0.111429|    0.001337|
|         452|  -11.350616|  -10.801125|    0.111429|    0.001337|
|         453|  -11.364217|  -10.814603|    0.111429|    0.001337|
|         454|  -11.378219|  -10.828474|    0.111429|    0.001337|
|         455|  -11.392625|  -10.842743|    0.111429|    0.001337|
|         456|  -11.407434|  -10.857410|    0.111429|    0.001337|
|         457|  -11.422646|  -10.872475|    0.111429|    0.001337|
|         458|  -11.438256|  -10.887935|    0.111429|    0.001337|
|         459|  -11.454259|  -10.903784|    0.111429|    0.001337|
|         460|  -11.470644|  -10.920015|    0.111429|    0.001337|
|         461|  -11.487402|  -10.936616|    0.111429|    0.001337|
|         462|  -11.504519|  -10.953577|    0.111429|    0.001337|
|         463|  -11.521978|  -10.970881|    0.111429|    0.001337|
|         464|  -11.539761|  -10.988511|    0.111429|    0.001337|
|         465|  -11.557846|  -11.006446|    0.111429|    0.001337|
|         466|  -11.576208|  -11.024663|    0.111429|    0.001337|
|         467|  -11.594819|  -11.043135|    0.111429|    0.001337|
|         468|  -11.613646|  -11.061832|    0.111429|    0.001337|
|         469|  -11.632656|  -11.080720|    0.111429|    0.001337|
|         470|  -11.651808|  -11.099763|    0.111429|    0.001337|
|         471|  -11.671060|  -11.118920|    0.111429|    0.001337|
|         472|  -11.690367|  -11.138146|    0.111429|    0.001337|
|         473|  -11.709680|  -11.157396|    0.111429|    0.001337|
|         474|  -11.728945|  -11.176619|    0.111429|    0.001337|
|         475|  -11.748110|  -11.195763|    0.111429|    0.001337|
|         476|  -11.767117|  -11.214772|    0.111429|    0.001337|
|         477|  -11.785912|  -11.233593|    0.111429|    0.001337|
|         478|  -11.804436|  -11.252170|    0.111429|    0.001337|
|         479|  -11.822637|  -11.270448|    0.111429|    0.001337|
|         480|  -11.840462|  -11.288376|    0.111429|    0.001337|
|         481|  -11.857866|  -11.305907|    0.111429|    0.001337|
|         482|  -11.874808|  -11.323000|    0.111429|    0.001337|
|         483|  -11.891256|  -11.339619|    0.111429|    0.001337|
|         484|  -11.907187|  -11.355739|    0.111429|    0.001337|
|         485|  -11.922586|  -11.371340|    0.111429|    0.001337|
|         486|  -11.937450|  -11.386417|    0.111429|    0.001337|
|         487|  -11.951788|  -11.400973|    0.111429|    0.001337|
|         488|  -11.965616|  -11.415021|    0.111429|    0.001337|
|         489|  -11.978960|  -11.428583|    0.111429|    0.001337|
|         490|  -11.991860|  -11.441693|    0.111429|    0.001337|
|         491|  -12.004356|  -11.454390|    0.111429|    0.001337|
|         492|  -12.016498|  -11.466720|    0.111429|    0.001337|
|         493|  -12.028341|  -11.478734|    0.111429|    0.001337|
|         494|  -12.039939|  -11.490485|    0.111429|    0.001337|
|         495|  -12.051351|  -11.502031|    0.111429|    0.001337|
|         496|  -12.062635|  -11.513428|    0.111429|    0.001337|
|         497|  -12.073846|  -11.524732|    0.111429|    0.001337|
|         498|  -12.085040|  -11.535997|    0.111429|    0.001337|
|         499|  -12.096267|  -11.547274|    0.111429|    0.001337|
|         500|  -12.107577|  -11.558613|    0.111429|    0.001337|
+-----------------------------------------------------------------------+
|        File Writing Summary       |              Filename             |
+-----------------------------------------------------------------------+
|SU2 binary restart                 |restart_flow.dat                   |
|Paraview                           |flow.vtu                           |
|Paraview surface                   |surface_flow.vtu                   |
|CSV file                           |surface_flow.csv                   |
+-----------------------------------------------------------------------+
+----------------------------------------------------------------+
|  Inner_Iter|    rms[Rho]|   rms[RhoE]|          CL|          CD|
+----------------------------------------------------------------+
|         501|  -12.119013|  -11.570060|    0.111429|    0.001337|
|         502|  -12.130616|  -11.581655|    0.111429|    0.001337|
|         503|  -12.142422|  -11.593435|    0.111429|    0.001337|
|         504|  -12.154464|  -11.605436|    0.111429|    0.001337|
|         505|  -12.166772|  -11.617686|    0.111429|    0.001337|
|         506|  -12.179369|  -11.630212|    0.111429|    0.001337|
|         507|  -12.192276|  -11.643034|    0.111429|    0.001337|
|         508|  -12.205512|  -11.656174|    0.111429|    0.001337|
|         509|  -12.219089|  -11.669644|    0.111429|    0.001337|
|         510|  -12.233020|  -11.683457|    0.111429|    0.001337|
|         511|  -12.247311|  -11.697623|    0.111429|    0.001337|
|         512|  -12.261968|  -11.712146|    0.111429|    0.001337|
|         513|  -12.276991|  -11.727030|    0.111429|    0.001337|
|         514|  -12.292381|  -11.742275|    0.111429|    0.001337|
|         515|  -12.308133|  -11.757876|    0.111429|    0.001337|
|         516|  -12.324240|  -11.773830|    0.111429|    0.001337|
|         517|  -12.340691|  -11.790125|    0.111429|    0.001337|
|         518|  -12.357475|  -11.806753|    0.111429|    0.001337|
|         519|  -12.374575|  -11.823695|    0.111429|    0.001337|
|         520|  -12.391971|  -11.840936|    0.111429|    0.001337|
|         521|  -12.409639|  -11.858453|    0.111429|    0.001337|
|         522|  -12.427554|  -11.876220|    0.111429|    0.001337|
|         523|  -12.445683|  -11.894209|    0.111429|    0.001337|
|         524|  -12.463993|  -11.912386|    0.111429|    0.001337|
|         525|  -12.482445|  -11.930715|    0.111429|    0.001337|
|         526|  -12.500994|  -11.949155|    0.111429|    0.001337|
|         527|  -12.519598|  -11.967663|    0.111429|    0.001337|
|         528|  -12.538205|  -11.986191|    0.111429|    0.001337|
|         529|  -12.556759|  -12.004685|    0.111429|    0.001337|
|         530|  -12.575207|  -12.023094|    0.111429|    0.001337|
|         531|  -12.593490|  -12.041360|    0.111429|    0.001337|
|         532|  -12.611551|  -12.059429|    0.111429|    0.001337|
|         533|  -12.629330|  -12.077241|    0.111429|    0.001337|
|         534|  -12.646774|  -12.094744|    0.111429|    0.001337|
|         535|  -12.663826|  -12.111880|    0.111429|    0.001337|
|         536|  -12.680440|  -12.128604|    0.111429|    0.001337|
|         537|  -12.696573|  -12.144870|    0.111429|    0.001337|
|         538|  -12.712199|  -12.160649|    0.111429|    0.001337|
|         539|  -12.727287|  -12.175908|    0.111429|    0.001337|
|         540|  -12.741827|  -12.190637|    0.111429|    0.001337|
|         541|  -12.755810|  -12.204818|    0.111429|    0.001337|
|         542|  -12.769259|  -12.218472|    0.111429|    0.001337|
|         543|  -12.782178|  -12.231599|    0.111429|    0.001337|
|         544|  -12.794609|  -12.244237|    0.111429|    0.001337|
|         545|  -12.806584|  -12.256412|    0.111429|    0.001337|
|         546|  -12.818149|  -12.268170|    0.111429|    0.001337|
|         547|  -12.829362|  -12.279561|    0.111429|    0.001337|
|         548|  -12.840277|  -12.290639|    0.111429|    0.001337|
|         549|  -12.850948|  -12.301458|    0.111429|    0.001337|
|         550|  -12.861438|  -12.312076|    0.111429|    0.001337|
|         551|  -12.871810|  -12.322558|    0.111429|    0.001337|
|         552|  -12.882114|  -12.332954|    0.111429|    0.001337|
|         553|  -12.892417|  -12.343325|    0.111429|    0.001337|
|         554|  -12.902764|  -12.353721|    0.111429|    0.001337|
|         555|  -12.913208|  -12.364195|    0.111429|    0.001337|
|         556|  -12.923794|  -12.374793|    0.111429|    0.001337|
|         557|  -12.934562|  -12.385555|    0.111429|    0.001337|
|         558|  -12.945553|  -12.396521|    0.111429|    0.001337|
|         559|  -12.956793|  -12.407722|    0.111429|    0.001337|
|         560|  -12.968320|  -12.419195|    0.111429|    0.001337|
|         561|  -12.980155|  -12.430962|    0.111429|    0.001337|
|         562|  -12.992320|  -12.443049|    0.111429|    0.001337|
|         563|  -13.004837|  -12.455472|    0.111429|    0.001337|

----------------------------- Solver Exit -------------------------------
All convergence criteria satisfied.
+-----------------------------------------------------------------------+
|      Convergence Field     |     Value    |   Criterion  |  Converged |
+-----------------------------------------------------------------------+
|                    rms[Rho]|      -13.0048|         < -13|         Yes|
+-----------------------------------------------------------------------+
-------------------------------------------------------------------------
+-----------------------------------------------------------------------+
|        File Writing Summary       |              Filename             |
+-----------------------------------------------------------------------+
|SU2 binary restart                 |restart_flow.dat                   |
|Paraview                           |flow.vtu                           |
|Paraview surface                   |surface_flow.vtu                   |
|CSV file                           |surface_flow.csv                   |
+-----------------------------------------------------------------------+

--------------------------- Finalizing Solver ---------------------------
Deleted CNumerics container.
Deleted CIntegration container.
Deleted CSolver container.
Deleted CIteration container.
Deleted CInterface container.
Deleted CGeometry container.
Deleted CFreeFormDefBox class.
Deleted CSurfaceMovement class.
Deleted CVolumetricMovement class.
Deleted CConfig container.
Deleted nInst container.
Deleted COutput class.
-------------------------------------------------------------------------

------------------------- Exit Success (SU2_CFD) ------------------------

