
-------------------------------------------------------------------------
|    ___ _   _ ___                                                      |
|   / __| | | |_  )   Release 8.3.0 "Harrier"                           |
|   \__ \ |_| |/ /                                                      |
|   |___/\___//___|   Suite (Computational Fluid Dynamics Code)         |
|                                                                       |
-------------------------------------------------------------------------
| SU2 Project Website: https://su2code.github.io                        |
|                                                                       |
| The SU2 Project is maintained by the SU2 Foundation                   |
| (http://su2foundation.org)                                            |
-------------------------------------------------------------------------
| Copyright 2012-2025, SU2 Contributors                                 |
|                                                                       |
| SU2 is free software; you can redistribute it and/or                  |
| modify it under the terms of the GNU Lesser General Public            |
| License as published by the Free Software Foundation; either          |
| version 2.1 of the License, or (at your option) any later version.    |
|                                                                       |
| SU2 is distributed in the hope that it will be useful,                |
| but WITHOUT ANY WARRANTY; without even the implied warranty of        |
| MERCHANTABILITY or FITNESS FOR A PARTICULAR PURPOSE. See the GNU      |
| Lesser General Public License for more details.                       |
|                                                                       |
| You should have received a copy of the GNU Lesser General Public      |
| License along with SU2. If not, see <http://www.gnu.org/licenses/>.   |
-------------------------------------------------------------------------

Parsing config file for zone 0

----------------- Physical Case Definition ( Zone 0 ) -------------------
Compressible Euler equations.
Mach number: 0.8.
Angle of attack (AoA): 1.25 deg, and angle of sideslip (AoS): 0 deg.
Reading and writing binary SU2 native restart files.
Read flow solution from: solution_flow.
Non-Dimensional simulation (P=1.0, Rho=1.0, T=1.0 at the farfield).
The reference area is 1 m^2.
The semi-span will be computed using the max y(3D) value.
The reference length is 1 m.
Reference origin for moment evaluation is (0.25, 0, 0).
Surface(s) where the force coefficients are evaluated: airfoil.

Surface(s) plotted in the output file: airfoil.
Surface(s) affected by the design variables: airfoil.
Input mesh file name: mesh_NACA0012_inv_deform.su2

--------------- Space Numerical Integration ( Zone 0 ) ------------------
Jameson-Schmidt-Turkel scheme (2nd order in space) for the flow inviscid terms.
JST viscous coefficients (2nd & 4th): 0.5, 0.02.
The method includes a grid stretching correction (p = 0.3).
Gradient for viscous and source terms: Green-Gauss.

--------------- Time Numerical Integration  ( Zone 0 ) ------------------
Local time stepping (steady state simulation).
Euler implicit method for the flow equations.
FGMRES is used for solving the linear system.
Using a LU-SGS preconditioning.
Convergence criteria of the linear solver: 0.0001.
Max number of linear iterations: 2.
V Multigrid Cycle, with 2 multigrid levels.
Damping factor for the residual restriction: 1.
Damping factor for the correction prolongation: 1.
No CFL adaptation.
+-------------------------------------------+
|  MG Level| Presmooth|PostSmooth|CorrectSmo|
+-------------------------------------------+
|         0|         1|         0|         0|
|         1|         2|         0|         0|
|         2|         3|         0|         0|
+-------------------------------------------+
Courant-Friedrichs-Lewy number:       10

------------------ Convergence Criteria  ( Zone 0 ) ---------------------
Maximum number of solver subiterations: 1000.
Begin convergence monitoring at iteration 10.
Residual minimum value: 1e-13.
Cauchy series min. value: 1e-06.
Number of Cauchy elements: 100.
Begin windowed time average at iteration 0.

-------------------- Output Information ( Zone 0 ) ----------------------
File writing frequency: 
+------------------------------------+
|                     File| Frequency|
+------------------------------------+
|                  RESTART|       250|
|                 PARAVIEW|       250|
|         SURFACE_PARAVIEW|       250|
|              SURFACE_CSV|       250|
+------------------------------------+
Writing the convergence history file every 1 inner iterations.
Writing the screen convergence history every 1 inner iterations.
The tabular file format is CSV (.csv).
Convergence history file name: history_direct.
Forces breakdown file name: forces_breakdown.dat.
Surface file name: surface_flow.
Volume file name: flow.
Restart file name: restart_flow.

------------- Config File Boundary Information ( Zone 0 ) ---------------
+-----------------------------------------------------------------------+
|                        Marker Type|                        Marker Name|
+-----------------------------------------------------------------------+
|                         Euler wall|                            airfoil|
+-----------------------------------------------------------------------+
|                          Far-field|                           farfield|
+-----------------------------------------------------------------------+

-------------------- Output Preprocessing ( Zone 0 ) --------------------

WARNING: SURFACE_PRESSURE_DROP can only be computed for at least 2 surfaces (outlet, inlet, ...)

Screen output fields: INNER_ITER, RMS_DENSITY, RMS_ENERGY, LIFT, DRAG
History output group(s): ITER, RMS_RES, AERO_COEFF
Convergence field(s): RMS_DENSITY
Warning: No (valid) fields chosen for time convergence monitoring. Time convergence monitoring inactive.
Volume output fields: COORDINATES, SOLUTION, PRIMITIVE

------------------- Geometry Preprocessing ( Zone 0 ) -------------------
Two dimensional problem.
5233 grid points.
10216 volume elements.
2 surface markers.
200 boundary elements in index 0 (Marker = airfoil).
50 boundary elements in index 1 (Marker = farfield).
10216 triangles.
Setting point connectivity.
Renumbering points (Reverse Cuthill McKee Ordering).
Recomputing point connectivity.
Setting element connectivity.
Checking the numerical grid orientation.
All volume elements are correctly oriented.
All surface elements are correctly oriented.
Identifying edges and vertices.
Setting the control volume structure.
Area of the computational grid: 1253.25.
Searching for the closest normal neighbors to the surfaces.
Storing a mapping from global to local point index.
Compute the surface curvature.
Max K: 7835.1. Mean K: 35.3411. Standard deviation K: 494.432.
Checking for periodicity.
Computing mesh quality statistics for the dual control volumes.
+--------------------------------------------------------------+
|           Mesh Quality Metric|        Minimum|        Maximum|
+--------------------------------------------------------------+
|    Orthogonality Angle (deg.)|        62.9739|        89.7847|
|     CV Face Area Aspect Ratio|        1.01222|        7.17578|
|           CV Sub-Volume Ratio|        1.00211|        6.47667|
+--------------------------------------------------------------+
Setting the multigrid structure.
+-------------------------------------------+
|  MG Level|       CVs|Aggl. Rate|       CFL|
+-------------------------------------------+
|         0|      5233|    1/1.00|        10|
|         1|      1690|     1/3.1|   8.52431|
|         2|       649|     1/2.6|   7.92373|
+-------------------------------------------+
Finding max control volume width.
Wetted area = 2.03618 m.
Area projection in the x-plane = 0.109209 m, y-plane = 0.999845 m.
Max. coordinate in the x-direction = 1 m, y-direction = 0.046026 m.
Min. coordinate in the x-direction = 0 m, y-direction = -0.0632142 m.
Computing wall distances.

-------------------- Solver Preprocessing ( Zone 0 ) --------------------
Inviscid flow: Computing density based on free-stream
temperature and pressure using the ideal gas law.
Force coefficients computed using free-stream values.

-- Models:
+------------------------------------------------------------------------------+
|          Viscosity Model|        Conductivity Model|              Fluid Model|
+------------------------------------------------------------------------------+
|                        -|                         -|             STANDARD_AIR|
+------------------------------------------------------------------------------+
-- Fluid properties:
+------------------------------------------------------------------------------+
|                  Name|    Dim. value|    Ref. value|      Unit|Non-dim. value|
+------------------------------------------------------------------------------+
|          Gas Constant|       287.058|       287.058|  N.m/kg.K|             1|
|      Spec. Heat Ratio|             -|             -|         -|           1.4|
+------------------------------------------------------------------------------+
-- Initial and free-stream conditions:
+------------------------------------------------------------------------------+
|                  Name|    Dim. value|    Ref. value|      Unit|Non-dim. value|
+------------------------------------------------------------------------------+
|       Static Pressure|        101325|        101325|        Pa|             1|
|               Density|       1.22498|       1.22498|    kg/m^3|             1|
|           Temperature|        288.15|        288.15|         K|             1|
|          Total Energy|        243846|       82715.8|   m^2/s^2|         2.948|
|            Velocity-X|       272.173|       287.603|       m/s|      0.946348|
|            Velocity-Y|       5.93883|       287.603|       m/s|     0.0206494|
|    Velocity Magnitude|       272.238|       287.603|       m/s|      0.946573|
+------------------------------------------------------------------------------+
|           Mach Number|             -|             -|         -|           0.8|
+------------------------------------------------------------------------------+
Initialize Jacobian structure (Euler). MG level: 0.
Initialize Jacobian structure (Euler). MG level: 1.
Initialize Jacobian structure (Euler). MG level: 2.

------------------- Numerics Preprocessing ( Zone 0 ) -------------------

----------------- Integration Preprocessing ( Zone 0 ) ------------------

------------------- Iteration Preprocessing ( Zone 0 ) ------------------
Euler/Navier-Stokes/RANS fluid iteration.

------------------------------ Begin Solver -----------------------------

Simulation Run using the Single-zone Driver
WARNING: SU2 was not compiled for an AVX-capable architecture. Performance could be better,
         see https://su2code.github.io/docs_v7/Build-SU2-Linux-MacOS/#compiler-optimizations
WARNING: SU2 was not compiled for an AVX-capable architecture. Performance could be better,
         see https://su2code.github.io/docs_v7/Build-SU2-Linux-MacOS/#compiler-optimizations
WARNING: SU2 was not compiled for an AVX-capable architecture. Performance could be better,
         see https://su2code.github.io/docs_v7/Build-SU2-Linux-MacOS/#compiler-optimizations
+----------------------------------------------------------------+
|  Inner_Iter|    rms[Rho]|   rms[RhoE]|          CL|          CD|
+----------------------------------------------------------------+
|           0|   -5.160839|   -4.564459|    0.031222|    0.003335|
|           1|   -5.438586|   -4.837398|    0.031858|    0.002789|
|           2|   -5.369563|   -4.785566|    0.034602|    0.002734|
|           3|   -5.386598|   -4.799390|    0.034199|    0.002817|
|           4|   -5.370125|   -4.787114|    0.034528|    0.002715|
|           5|   -5.390471|   -4.818262|    0.036074|    0.002674|
|           6|   -5.382431|   -4.812267|    0.036891|    0.002626|
|           7|   -5.376255|   -4.805273|    0.037580|    0.002583|
|           8|   -5.375082|   -4.806754|    0.038474|    0.002543|
|           9|   -5.375511|   -4.810375|    0.039314|    0.002494|
|          10|   -5.374938|   -4.811396|    0.040047|    0.002448|
|          11|   -5.374576|   -4.812345|    0.040705|    0.002407|
|          12|   -5.375831|   -4.815178|    0.041314|    0.002367|
|          13|   -5.377060|   -4.817239|    0.041889|    0.002328|
|          14|   -5.376620|   -4.816638|    0.042420|    0.002292|
|          15|   -5.373824|   -4.813487|    0.042890|    0.002259|
|          16|   -5.369494|   -4.809353|    0.043293|    0.002229|
|          17|   -5.364904|   -4.805518|    0.043638|    0.002202|
|          18|   -5.360742|   -4.802155|    0.043934|    0.002178|
|          19|   -5.356848|   -4.798728|    0.044182|    0.002158|
|          20|   -5.353083|   -4.795078|    0.044386|    0.002141|
|          21|   -5.349536|   -4.791425|    0.044550|    0.002127|
|          22|   -5.345995|   -4.787723|    0.044680|    0.002117|
|          23|   -5.342725|   -4.784289|    0.044783|    0.002111|
|          24|   -5.339948|   -4.781233|    0.044862|    0.002109|
|          25|   -5.337862|   -4.778827|    0.044920|    0.002110|
|          26|   -5.336631|   -4.777297|    0.044961|    0.002115|
|          27|   -5.336429|   -4.776826|    0.044988|    0.002122|
|          28|   -5.337399|   -4.777612|    0.045004|    0.002132|
|          29|   -5.339622|   -4.779719|    0.045012|    0.002145|
|          30|   -5.343886|   -4.783994|    0.045012|    0.002159|
|          31|   -5.350379|   -4.790635|    0.045005|    0.002175|
|          32|   -5.358909|   -4.799396|    0.044990|    0.002191|
|          33|   -5.368651|   -4.809394|    0.044973|    0.002208|
|          34|   -5.379525|   -4.820574|    0.044954|    0.002225|
|          35|   -5.391369|   -4.832788|    0.044937|    0.002241|
|          36|   -5.404113|   -4.845946|    0.044919|    0.002257|
|          37|   -5.418063|   -4.860405|    0.044901|    0.002271|
|          38|   -5.432932|   -4.875800|    0.044886|    0.002285|
|          39|   -5.448851|   -4.892255|    0.044875|    0.002296|
|          40|   -5.465285|   -4.909263|    0.044870|    0.002307|
|          41|   -5.481490|   -4.926069|    0.044871|    0.002315|
|          42|   -5.497488|   -4.942593|    0.044878|    0.002322|
|          43|   -5.513478|   -4.958956|    0.044891|    0.002328|
|          44|   -5.529698|   -4.975383|    0.044913|    0.002332|
|          45|   -5.546355|   -4.992101|    0.044942|    0.002335|
|          46|   -5.563699|   -5.009419|    0.044978|    0.002337|
|          47|   -5.581977|   -5.027601|    0.045020|    0.002337|
|          48|   -5.601410|   -5.046881|    0.045067|    0.002337|
|          49|   -5.622131|   -5.067413|    0.045118|    0.002337|
|          50|   -5.644169|   -5.089260|    0.045174|    0.002336|
|          51|   -5.667483|   -5.112400|    0.045232|    0.002334|
|          52|   -5.691880|   -5.136656|    0.045294|    0.002333|
|          53|   -5.716681|   -5.161354|    0.045358|    0.002331|
|          54|   -5.741881|   -5.186523|    0.045425|    0.002330|
|          55|   -5.767419|   -5.212075|    0.045494|    0.002328|
|          56|   -5.792855|   -5.237549|    0.045564|    0.002326|
|          57|   -5.817609|   -5.262399|    0.045635|    0.002325|
|          58|   -5.841117|   -5.286069|    0.045706|    0.002323|
|          59|   -5.862921|   -5.308101|    0.045776|    0.002321|
|          60|   -5.882708|   -5.328177|    0.045845|    0.002320|
|          61|   -5.900307|   -5.346115|    0.045913|    0.002318|
|          62|   -5.915685|   -5.361860|    0.045980|    0.002316|
|          63|   -5.929054|   -5.375609|    0.046045|    0.002314|
|          64|   -5.940699|   -5.387621|    0.046108|    0.002311|
|          65|   -5.951063|   -5.398342|    0.046170|    0.002309|
|          66|   -5.960649|   -5.408271|    0.046230|    0.002306|
|          67|   -5.969916|   -5.417850|    0.046287|    0.002303|
|          68|   -5.979288|   -5.427497|    0.046343|    0.002300|
|          69|   -5.989087|   -5.437529|    0.046396|    0.002297|
|          70|   -5.999636|   -5.448272|    0.046447|    0.002293|
|          71|   -6.011116|   -5.459902|    0.046495|    0.002290|
|          72|   -6.023698|   -5.472598|    0.046541|    0.002287|
|          73|   -6.037497|   -5.486485|    0.046584|    0.002284|
|          74|   -6.052472|   -5.501516|    0.046625|    0.002281|
|          75|   -6.068589|   -5.517655|    0.046663|    0.002278|
|          76|   -6.085779|   -5.534828|    0.046699|    0.002275|
|          77|   -6.103942|   -5.552930|    0.046732|    0.002273|
|          78|   -6.122919|   -5.571808|    0.046762|    0.002270|
|          79|   -6.142514|   -5.591271|    0.046790|    0.002269|
|          80|   -6.162446|   -5.611042|    0.046814|    0.002267|
|          81|   -6.182472|   -5.630890|    0.046836|    0.002266|
|          82|   -6.202240|   -5.650453|    0.046855|    0.002265|
|          83|   -6.221401|   -5.669401|    0.046872|    0.002264|
|          84|   -6.239572|   -5.687369|    0.046886|    0.002264|
|          85|   -6.256371|   -5.703982|    0.046898|    0.002264|
|          86|   -6.271447|   -5.718892|    0.046908|    0.002264|
|          87|   -6.284568|   -5.731886|    0.046916|    0.002264|
|          88|   -6.295529|   -5.742771|    0.046921|    0.002265|
|          89|   -6.304274|   -5.751480|    0.046925|    0.002266|
|          90|   -6.311068|   -5.758279|    0.046927|    0.002267|
|          91|   -6.316159|   -5.763410|    0.046927|    0.002268|
|          92|   -6.319851|   -5.767173|    0.046927|    0.002269|
|          93|   -6.322511|   -5.769925|    0.046925|    0.002270|
|          94|   -6.324504|   -5.772011|    0.046921|    0.002272|
|          95|   -6.326247|   -5.773839|    0.046918|    0.002273|
|          96|   -6.328097|   -5.775754|    0.046913|    0.002275|
|          97|   -6.330309|   -5.778007|    0.046908|    0.002276|
|          98|   -6.333118|   -5.780839|    0.046903|    0.002278|
|          99|   -6.336735|   -5.784458|    0.046898|    0.002279|
|         100|   -6.341306|   -5.789007|    0.046892|    0.002280|
|         101|   -6.346980|   -5.794639|    0.046887|    0.002282|
|         102|   -6.353834|   -5.801428|    0.046881|    0.002283|
|         103|   -6.361981|   -5.809495|    0.046877|    0.002284|
|         104|   -6.371546|   -5.818964|    0.046872|    0.002285|
|         105|   -6.382520|   -5.829820|    0.046868|    0.002286|
|         106|   -6.394854|   -5.842016|    0.046865|    0.002287|
|         107|   -6.408524|   -5.855532|    0.046862|    0.002288|
|         108|   -6.423513|   -5.870353|    0.046860|    0.002289|
|         109|   -6.439789|   -5.886456|    0.046859|    0.002290|
|         110|   -6.457317|   -5.903802|    0.046859|    0.002291|
|         111|   -6.476002|   -5.922291|    0.046859|    0.002291|
|         112|   -6.495734|   -5.941821|    0.046860|    0.002292|
|         113|   -6.516371|   -5.962257|    0.046862|    0.002292|
|         114|   -6.537767|   -5.983459|    0.046865|    0.002292|
|         115|   -6.559732|   -6.005241|    0.046868|    0.002293|
|         116|   -6.582040|   -6.027386|    0.046872|    0.002293|
|         117|   -6.604429|   -6.049639|    0.046877|    0.002293|
|         118|   -6.626605|   -6.071712|    0.046882|    0.002293|
|         119|   -6.648267|   -6.093318|    0.046888|    0.002293|
|         120|   -6.669117|   -6.114168|    0.046895|    0.002293|
|         121|   -6.688919|   -6.134034|    0.046902|    0.002293|
|         122|   -6.707371|   -6.152611|    0.046909|    0.002292|
|         123|   -6.724274|   -6.169709|    0.046916|    0.002292|
|         124|   -6.739464|   -6.185158|    0.046924|    0.002292|
|         125|   -6.752935|   -6.198941|    0.046932|    0.002291|
|         126|   -6.764805|   -6.211159|    0.046940|    0.002291|
|         127|   -6.775241|   -6.221961|    0.046948|    0.002291|
|         128|   -6.784484|   -6.231572|    0.046955|    0.002290|
|         129|   -6.792854|   -6.240295|    0.046963|    0.002290|
|         130|   -6.800655|   -6.248420|    0.046971|    0.002289|
|         131|   -6.808199|   -6.256249|    0.046978|    0.002289|
|         132|   -6.815768|   -6.264059|    0.046985|    0.002288|
|         133|   -6.823632|   -6.272122|    0.046992|    0.002288|
|         134|   -6.831993|   -6.280641|    0.046999|    0.002287|
|         135|   -6.840975|   -6.289736|    0.047005|    0.002287|
|         136|   -6.850722|   -6.299557|    0.047011|    0.002286|
|         137|   -6.861314|   -6.310186|    0.047016|    0.002286|
|         138|   -6.872799|   -6.321677|    0.047021|    0.002285|
|         139|   -6.885205|   -6.334063|    0.047026|    0.002285|
|         140|   -6.898519|   -6.347330|    0.047030|    0.002284|
|         141|   -6.912686|   -6.361427|    0.047034|    0.002284|
|         142|   -6.927647|   -6.376298|    0.047038|    0.002284|
|         143|   -6.943300|   -6.391842|    0.047041|    0.002283|
|         144|   -6.959506|   -6.407924|    0.047043|    0.002283|
|         145|   -6.976112|   -6.424397|    0.047046|    0.002283|
|         146|   -6.992935|   -6.441077|    0.047048|    0.002283|
|         147|   -7.009748|   -6.457743|    0.047049|    0.002282|
|         148|   -7.026321|   -6.474169|    0.047050|    0.002282|
|         149|   -7.042448|   -6.490152|    0.047051|    0.002282|
|         150|   -7.057929|   -6.505499|    0.047052|    0.002282|
|         151|   -7.072520|   -6.519972|    0.047052|    0.002282|
|         152|   -7.086028|   -6.533383|    0.047052|    0.002282|
|         153|   -7.098328|   -6.545612|    0.047052|    0.002282|
|         154|   -7.109358|   -6.556604|    0.047052|    0.002282|
|         155|   -7.119124|   -6.566364|    0.047051|    0.002282|
|         156|   -7.127692|   -6.574956|    0.047051|    0.002282|
|         157|   -7.135190|   -6.582503|    0.047050|    0.002282|
|         158|   -7.141796|   -6.589181|    0.047049|    0.002282|
|         159|   -7.147739|   -6.595213|    0.047048|    0.002283|
|         160|   -7.153244|   -6.600816|    0.047047|    0.002283|
|         161|   -7.158523|   -6.606196|    0.047045|    0.002283|
|         162|   -7.163796|   -6.611567|    0.047044|    0.002283|
|         163|   -7.169268|   -6.617131|    0.047043|    0.002283|
|         164|   -7.175131|   -6.623078|    0.047042|    0.002283|
|         165|   -7.181513|   -6.629526|    0.047041|    0.002284|
|         166|   -7.188576|   -6.636644|    0.047039|    0.002284|
|         167|   -7.196415|   -6.644527|    0.047038|    0.002284|
|         168|   -7.205117|   -6.653259|    0.047037|    0.002284|
|         169|   -7.214720|   -6.662879|    0.047036|    0.002284|
|         170|   -7.225252|   -6.673413|    0.047035|    0.002284|
|         171|   -7.236735|   -6.684884|    0.047034|    0.002285|
|         172|   -7.249167|   -6.697290|    0.047034|    0.002285|
|         173|   -7.262532|   -6.710619|    0.047033|    0.002285|
|         174|   -7.276796|   -6.724837|    0.047032|    0.002285|
|         175|   -7.291913|   -6.739897|    0.047032|    0.002285|
|         176|   -7.307821|   -6.755738|    0.047032|    0.002285|
|         177|   -7.324442|   -6.772285|    0.047031|    0.002285|
|         178|   -7.341691|   -6.789452|    0.047031|    0.002285|
|         179|   -7.359444|   -6.807118|    0.047031|    0.002285|
|         180|   -7.377564|   -6.825150|    0.047031|    0.002286|
|         181|   -7.395929|   -6.843425|    0.047031|    0.002286|
|         182|   -7.414389|   -6.861793|    0.047031|    0.002286|
|         183|   -7.432777|   -6.880090|    0.047032|    0.002286|
|         184|   -7.450927|   -6.898155|    0.047032|    0.002286|
|         185|   -7.468683|   -6.915835|    0.047033|    0.002286|
|         186|   -7.485906|   -6.932991|    0.047033|    0.002286|
|         187|   -7.502482|   -6.949519|    0.047034|    0.002286|
|         188|   -7.518310|   -6.965318|    0.047034|    0.002286|
|         189|   -7.533334|   -6.980335|    0.047035|    0.002286|
|         190|   -7.547538|   -6.994554|    0.047036|    0.002286|
|         191|   -7.560935|   -7.007987|    0.047036|    0.002286|
|         192|   -7.573578|   -7.020687|    0.047037|    0.002286|
|         193|   -7.585566|   -7.032749|    0.047038|    0.002286|
|         194|   -7.597023|   -7.044291|    0.047039|    0.002286|
|         195|   -7.608087|   -7.055450|    0.047039|    0.002285|
|         196|   -7.618910|   -7.066376|    0.047040|    0.002285|
|         197|   -7.629648|   -7.077222|    0.047041|    0.002285|
|         198|   -7.640451|   -7.088131|    0.047042|    0.002285|
|         199|   -7.651456|   -7.099238|    0.047043|    0.002285|
|         200|   -7.662784|   -7.110663|    0.047043|    0.002285|
|         201|   -7.674541|   -7.122508|    0.047044|    0.002285|
|         202|   -7.686812|   -7.134859|    0.047045|    0.002285|
|         203|   -7.699641|   -7.147755|    0.047045|    0.002285|
|         204|   -7.713084|   -7.161259|    0.047046|    0.002285|
|         205|   -7.727194|   -7.175417|    0.047046|    0.002285|
|         206|   -7.741999|   -7.190259|    0.047047|    0.002285|
|         207|   -7.757461|   -7.205748|    0.047047|    0.002285|
|         208|   -7.773567|   -7.221871|    0.047048|    0.002285|
|         209|   -7.790265|   -7.238577|    0.047048|    0.002285|
|         210|   -7.807484|   -7.255799|    0.047049|    0.002285|
|         211|   -7.825178|   -7.273489|    0.047049|    0.002285|
|         212|   -7.843219|   -7.291513|    0.047049|    0.002285|
|         213|   -7.861478|   -7.309744|    0.047049|    0.002285|
|         214|   -7.879810|   -7.328040|    0.047050|    0.002285|
|         215|   -7.898060|   -7.346245|    0.047050|    0.002285|
|         216|   -7.916067|   -7.364199|    0.047050|    0.002285|
|         217|   -7.933670|   -7.381742|    0.047050|    0.002285|
|         218|   -7.950713|   -7.398718|    0.047050|    0.002285|
|         219|   -7.967053|   -7.414987|    0.047050|    0.002285|
|         220|   -7.982573|   -7.430433|    0.047050|    0.002285|
|         221|   -7.997187|   -7.444975|    0.047050|    0.002285|
|         222|   -8.010852|   -7.458570|    0.047050|    0.002285|
|         223|   -8.023580|   -7.471238|    0.047050|    0.002285|
|         224|   -8.035404|   -7.483007|    0.047050|    0.002285|
|         225|   -8.046418|   -7.493975|    0.047050|    0.002285|
|         226|   -8.056752|   -7.504275|    0.047050|    0.002285|
|         227|   -8.066571|   -7.514071|    0.047050|    0.002285|
|         228|   -8.076016|   -7.523500|    0.047050|    0.002285|
|         229|   -8.085252|   -7.532727|    0.047050|    0.002285|
|         230|   -8.094441|   -7.541913|    0.047049|    0.002285|
|         231|   -8.103747|   -7.551220|    0.047049|    0.002285|
|         232|   -8.113326|   -7.560800|    0.047049|    0.002285|
|         233|   -8.123300|   -7.570776|    0.047049|    0.002285|
|         234|   -8.133780|   -7.581259|    0.047049|    0.002285|
|         235|   -8.144862|   -7.592342|    0.047049|    0.002285|
|         236|   -8.156624|   -7.604099|    0.047049|    0.002285|
|         237|   -8.169127|   -7.616594|    0.047049|    0.002285|
|         238|   -8.182412|   -7.629867|    0.047049|    0.002285|
|         239|   -8.196502|   -7.643943|    0.047048|    0.002285|
|         240|   -8.211411|   -7.658830|    0.047048|    0.002285|
|         241|   -8.227132|   -7.674526|    0.047048|    0.002285|
|         242|   -8.243646|   -7.691009|    0.047048|    0.002285|
|         243|   -8.260919|   -7.708248|    0.047048|    0.002285|
|         244|   -8.278902|   -7.726191|    0.047048|    0.002285|
|         245|   -8.297528|   -7.744773|    0.047048|    0.002285|
|         246|   -8.316713|   -7.763911|    0.047048|    0.002285|
|         247|   -8.336358|   -7.783507|    0.047048|    0.002285|
|         248|   -8.356338|   -7.803434|    0.047048|    0.002285|
|         249|   -8.376524|   -7.823569|    0.047048|    0.002285|
|         250|   -8.396773|   -7.843767|    0.047048|    0.002285|
+-----------------------------------------------------------------------+
|        File Writing Summary       |              Filename             |
+-----------------------------------------------------------------------+
|SU2 binary restart                 |restart_flow.dat                   |
|Paraview                           |flow.vtu                           |
|Paraview surface                   |surface_flow.vtu                   |
|CSV file                           |surface_flow.csv                   |
+-----------------------------------------------------------------------+
+----------------------------------------------------------------+
|  Inner_Iter|    rms[Rho]|   rms[RhoE]|          CL|          CD|
+----------------------------------------------------------------+
|         251|   -8.416930|   -7.863875|    0.047048|    0.002285|
|         252|   -8.436835|   -7.883735|    0.047048|    0.002285|
|         253|   -8.456325|   -7.903185|    0.047048|    0.002285|
|         254|   -8.475249|   -7.922077|    0.047048|    0.002285|
|         255|   -8.493475|   -7.940281|    0.047048|    0.002285|
|         256|   -8.510899|   -7.957694|    0.047048|    0.002285|
|         257|   -8.527453|   -7.974250|    0.047049|    0.002285|
|         258|   -8.543107|   -7.989919|    0.047049|    0.002285|
|         259|   -8.557868|   -8.004707|    0.047049|    0.002285|
|         260|   -8.571785|   -8.018666|    0.047049|    0.002285|
|         261|   -8.584955|   -8.031890|    0.047049|    0.002285|
|         262|   -8.597504|   -8.044504|    0.047049|    0.002285|
|         263|   -8.609575|   -8.056645|    0.047049|    0.002285|
|         264|   -8.621324|   -8.068469|    0.047049|    0.002285|
|         265|   -8.632914|   -8.080135|    0.047049|    0.002285|
|         266|   -8.644504|   -8.091803|    0.047049|    0.002285|
|         267|   -8.656245|   -8.103618|    0.047049|    0.002285|
|         268|   -8.668274|   -8.115716|    0.047049|    0.002285|
|         269|   -8.680710|   -8.128214|    0.047049|    0.002285|
|         270|   -8.693651|   -8.141211|    0.047049|    0.002285|
|         271|   -8.707179|   -8.154787|    0.047049|    0.002285|
|         272|   -8.721356|   -8.169003|    0.047049|    0.002285|
|         273|   -8.736221|   -8.183901|    0.047050|    0.002285|
|         274|   -8.751798|   -8.199501|    0.047050|    0.002285|
|         275|   -8.768089|   -8.215807|    0.047050|    0.002285|
|         276|   -8.785076|   -8.232801|    0.047050|    0.002285|
|         277|   -8.802721|   -8.250447|    0.047050|    0.002285|
|         278|   -8.820967|   -8.268685|    0.047050|    0.002285|
|         279|   -8.839734|   -8.287437|    0.047050|    0.002285|
|         280|   -8.858919|   -8.306602|    0.047050|    0.002285|
|         281|   -8.878400|   -8.326055|    0.047050|    0.002285|
|         282|   -8.898030|   -8.345653|    0.047050|    0.002285|
|         283|   -8.917648|   -8.365234|    0.047050|    0.002285|
|         284|   -8.937075|   -8.384622|    0.047050|    0.002285|
|         285|   -8.956129|   -8.403633|    0.047050|    0.002285|
|         286|   -8.974624|   -8.422085|    0.047050|    0.002285|
|         287|   -8.992389|   -8.439809|    0.047050|    0.002285|
|         288|   -9.009274|   -8.456656|    0.047050|    0.002285|
|         289|   -9.025163|   -8.472512|    0.047050|    0.002285|
|         290|   -9.039984|   -8.487306|    0.047050|    0.002285|
|         291|   -9.053714|   -8.501017|    0.047050|    0.002285|
|         292|   -9.066382|   -8.513675|    0.047050|    0.002285|
|         293|   -9.078068|   -8.525361|    0.047050|    0.002285|
|         294|   -9.088895|   -8.536195|    0.047050|    0.002285|
|         295|   -9.099021|   -8.546336|    0.047050|    0.002285|
|         296|   -9.108625|   -8.555960|    0.047050|    0.002285|
|         297|   -9.117896|   -8.565257|    0.047050|    0.002285|
|         298|   -9.127028|   -8.574416|    0.047050|    0.002285|
|         299|   -9.136201|   -8.583617|    0.047050|    0.002285|
|         300|   -9.145585|   -8.593029|    0.047050|    0.002285|
|         301|   -9.155329|   -8.602798|    0.047050|    0.002285|
|         302|   -9.165565|   -8.613056|    0.047050|    0.002285|
|         303|   -9.176399|   -8.623908|    0.047050|    0.002285|
|         304|   -9.187920|   -8.635442|    0.047050|    0.002285|
|         305|   -9.200194|   -8.647725|    0.047050|    0.002285|
|         306|   -9.213270|   -8.660805|    0.047050|    0.002285|
|         307|   -9.227177|   -8.674711|    0.047050|    0.002285|
|         308|   -9.241927|   -8.689455|    0.047050|    0.002285|
|         309|   -9.257515|   -8.705033|    0.047049|    0.002285|
|         310|   -9.273919|   -8.721421|    0.047049|    0.002285|
|         311|   -9.291098|   -8.738581|    0.047049|    0.002285|
|         312|   -9.308996|   -8.756456|    0.047049|    0.002285|
|         313|   -9.327537|   -8.774969|    0.047049|    0.002285|
|         314|   -9.346627|   -8.794028|    0.047049|    0.002285|
|         315|   -9.366151|   -8.813519|    0.047049|    0.002285|
|         316|   -9.385977|   -8.833310|    0.047049|    0.002285|
|         317|   -9.405954|   -8.853251|    0.047049|    0.002285|
|         318|   -9.425917|   -8.873177|    0.047049|    0.002285|
|         319|   -9.445691|   -8.892915|    0.047049|    0.002285|
|         320|   -9.465095|   -8.912285|    0.047049|    0.002285|
|         321|   -9.483955|   -8.931116|    0.047049|    0.002285|
|         322|   -9.502110|   -8.949246|    0.047049|    0.002285|
|         323|   -9.519423|   -8.966542|    0.047049|    0.002285|
|         324|   -9.535792|   -8.982903|    0.047049|    0.002285|
|         325|   -9.551159|   -8.998272|    0.047049|    0.002285|
|         326|   -9.565513|   -9.012637|    0.047050|    0.002285|
|         327|   -9.578891|   -9.026037|    0.047050|    0.002285|
|         328|   -9.591379|   -9.038556|    0.047050|    0.002285|
|         329|   -9.603100|   -9.050317|    0.047050|    0.002285|
|         330|   -9.614207|   -9.061470|    0.047050|    0.002285|
|         331|   -9.624873|   -9.072186|    0.047050|    0.002285|
|         332|   -9.635277|   -9.082644|    0.047050|    0.002285|
|         333|   -9.645601|   -9.093021|    0.047050|    0.002285|
|         334|   -9.656014|   -9.103487|    0.047050|    0.002285|
|         335|   -9.666673|   -9.114196|    0.047050|    0.002285|
|         336|   -9.677716|   -9.125284|    0.047050|    0.002285|
|         337|   -9.689262|   -9.136871|    0.047050|    0.002285|
|         338|   -9.701408|   -9.149052|    0.047050|    0.002285|
|         339|   -9.714230|   -9.161904|    0.047050|    0.002285|
|         340|   -9.727785|   -9.175483|    0.047050|    0.002285|
|         341|   -9.742109|   -9.189825|    0.047050|    0.002285|
|         342|   -9.757219|   -9.204948|    0.047050|    0.002285|
|         343|   -9.773112|   -9.220848|    0.047050|    0.002285|
|         344|   -9.789766|   -9.237504|    0.047050|    0.002285|
|         345|   -9.807140|   -9.254875|    0.047050|    0.002285|
|         346|   -9.825172|   -9.272900|    0.047050|    0.002285|
|         347|   -9.843779|   -9.291496|    0.047050|    0.002285|
|         348|   -9.862857|   -9.310560|    0.047050|    0.002285|
|         349|   -9.882281|   -9.329966|    0.047050|    0.002285|
|         350|   -9.901904|   -9.349568|    0.047050|    0.002285|
|         351|   -9.921560|   -9.369200|    0.047050|    0.002285|
|         352|   -9.941068|   -9.388684|    0.047050|    0.002285|
|         353|   -9.960241|   -9.407830|    0.047050|    0.002285|
|         354|   -9.978890|   -9.426452|    0.047050|    0.002285|
|         355|   -9.996834|   -9.444370|    0.047050|    0.002285|
|         356|  -10.013918|   -9.461430|    0.047050|    0.002285|
|         357|  -10.030016|   -9.477506|    0.047050|    0.002285|
|         358|  -10.045046|   -9.492518|    0.047050|    0.002285|
|         359|  -10.058978|   -9.506436|    0.047050|    0.002285|
|         360|  -10.071832|   -9.519282|    0.047050|    0.002285|
|         361|  -10.083683|   -9.531129|    0.047050|    0.002285|
|         362|  -10.094649|   -9.542095|    0.047050|    0.002285|
|         363|  -10.104885|   -9.552336|    0.047050|    0.002285|
|         364|  -10.114572|   -9.562030|    0.047050|    0.002285|
|         365|  -10.123901|   -9.571369|    0.047050|    0.002285|
|         366|  -10.133067|   -9.580545|    0.047050|    0.002285|
|         367|  -10.142257|   -9.589745|    0.047050|    0.002285|
|         368|  -10.151645|   -9.599142|    0.047050|    0.002285|
|         369|  -10.161385|   -9.608889|    0.047050|    0.002285|
|         370|  -10.171613|   -9.619120|    0.047050|    0.002285|
|         371|  -10.182443|   -9.629950|    0.047050|    0.002285|
|         372|  -10.193965|   -9.641470|    0.047050|    0.002285|
|         373|  -10.206253|   -9.653751|    0.047050|    0.002285|
|         374|  -10.219357|   -9.666845|    0.047050|    0.002285|
|         375|  -10.233313|   -9.680787|    0.047050|    0.002285|
|         376|  -10.248135|   -9.695593|    0.047050|    0.002285|
|         377|  -10.263822|   -9.711260|    0.047050|    0.002285|
|         378|  -10.280356|   -9.727771|    0.047050|    0.002285|
|         379|  -10.297700|   -9.745091|    0.047050|    0.002285|
|         380|  -10.315800|   -9.763164|    0.047050|    0.002285|
|         381|  -10.334584|   -9.781920|    0.047050|    0.002285|
|         382|  -10.353959|   -9.801265|    0.047050|    0.002285|
|         383|  -10.373813|   -9.821089|    0.047050|    0.002285|
|         384|  -10.394013|   -9.841259|    0.047050|    0.002285|
|         385|  -10.414406|   -9.861623|    0.047050|    0.002285|
|         386|  -10.434822|   -9.882011|    0.047050|    0.002285|
|         387|  -10.455079|   -9.902243|    0.047050|    0.002285|
|         388|  -10.474985|   -9.922128|    0.047050|    0.002285|
|         389|  -10.494353|   -9.941480|    0.047050|    0.002285|
|         390|  -10.513006|   -9.960123|    0.047050|    0.002285|
|         391|  -10.530792|   -9.977905|    0.047050|    0.002285|
|         392|  -10.547590|   -9.994707|    0.047050|    0.002285|
|         393|  -10.563327|  -10.010456|    0.047050|    0.002285|
|         394|  -10.577979|  -10.025128|    0.047050|    0.002285|
|         395|  -10.591576|  -10.038751|    0.047050|    0.002285|
|         396|  -10.604198|  -10.051405|    0.047050|    0.002285|
|         397|  -10.615969|  -10.063214|    0.047050|    0.002285|
|         398|  -10.627049|  -10.074334|    0.047050|    0.002285|
|         399|  -10.637619|  -10.084945|    0.047050|    0.002285|
|         400|  -10.647872|  -10.095238|    0.047050|    0.002285|
|         401|  -10.658000|  -10.105405|    0.047050|    0.002285|
|         402|  -10.668187|  -10.115627|    0.047050|    0.002285|
|         403|  -10.678604|  -10.126075|    0.047050|    0.002285|
|         404|  -10.689402|  -10.136897|    0.047050|    0.002285|
|         405|  -10.700709|  -10.148223|    0.047050|    0.002285|
|         406|  -10.712634|  -10.160160|    0.047050|    0.002285|
|         407|  -10.725263|  -10.172796|    0.047050|    0.002285|
|         408|  -10.738662|  -10.186195|    0.047050|    0.002285|
|         409|  -10.752873|  -10.200401|    0.047050|    0.002285|
|         410|  -10.767923|  -10.215440|    0.047050|    0.002285|
|         411|  -10.783815|  -10.231318|    0.047050|    0.002285|
|         412|  -10.800537|  -10.248021|    0.047050|    0.002285|
|         413|  -10.818054|  -10.265516|    0.047050|    0.002285|
|         414|  -10.836313|  -10.283749|    0.047050|    0.002285|
|         415|  -10.855238|  -10.302645|    0.047050|    0.002285|
|         416|  -10.874732|  -10.322109|    0.047050|    0.002285|
|         417|  -10.894674|  -10.342020|    0.047050|    0.002285|
|         418|  -10.914921|  -10.362236|    0.047050|    0.002285|
|         419|  -10.935308|  -10.382592|    0.047050|    0.002285|
|         420|  -10.955649|  -10.402905|    0.047050|    0.002285|
|         421|  -10.975746|  -10.422976|    0.047050|    0.002285|
|         422|  -10.995392|  -10.442600|    0.047050|    0.002285|
|         423|  -11.014386|  -10.461577|    0.047050|    0.002285|
|         424|  -11.032541|  -10.479721|    0.047050|    0.002285|
|         425|  -11.049699|  -10.496876|    0.047050|    0.002285|
|         426|  -11.065744|  -10.512925|    0.047050|    0.002285|
|         427|  -11.080611|  -10.527805|    0.047050|    0.002285|
|         428|  -11.094294|  -10.541507|    0.047050|    0.002285|
|         429|  -11.106844|  -10.554083|    0.047050|    0.002285|
|         430|  -11.118368|  -10.565638|    0.047050|    0.002285|
|         431|  -11.129019|  -10.576323|    0.047050|    0.002285|
|         432|  -11.138980|  -10.586320|    0.047050|    0.002285|
|         433|  -11.148455|  -10.595832|    0.047050|    0.002285|
|         434|  -11.157657|  -10.605067|    0.047050|    0.002285|
|         435|  -11.166789|  -10.614229|    0.047050|    0.002285|
|         436|  -11.176047|  -10.623512|    0.047050|    0.002285|
|         437|  -11.185604|  -10.633088|    0.047050|    0.002285|
|         438|  -11.195613|  -10.643110|    0.047050|    0.002285|
|         439|  -11.206202|  -10.653707|    0.047050|    0.002285|
|         440|  -11.217479|  -10.664984|    0.047050|    0.002285|
|         441|  -11.229526|  -10.677026|    0.047050|    0.002285|
|         442|  -11.242405|  -10.689893|    0.047050|    0.002285|
|         443|  -11.256156|  -10.703627|    0.047050|    0.002285|
|         444|  -11.270803|  -10.718252|    0.047050|    0.002285|
|         445|  -11.286347|  -10.733770|    0.047050|    0.002285|
|         446|  -11.302774|  -10.750167|    0.047050|    0.002285|
|         447|  -11.320050|  -10.767409|    0.047050|    0.002285|
|         448|  -11.338121|  -10.785444|    0.047050|    0.002285|
|         449|  -11.356913|  -10.804198|    0.047050|    0.002285|
|         450|  -11.376333|  -10.823578|    0.047050|    0.002285|
|         451|  -11.396262|  -10.843467|    0.047050|    0.002285|
|         452|  -11.416562|  -10.863727|    0.047050|    0.002285|
|         453|  -11.437071|  -10.884198|    0.047050|    0.002285|
|         454|  -11.457608|  -10.904701|    0.047050|    0.002285|
|         455|  -11.477977|  -10.925039|    0.047050|    0.002285|
|         456|  -11.497971|  -10.945008|    0.047050|    0.002285|
|         457|  -11.517386|  -10.964406|    0.047050|    0.002285|
|         458|  -11.536028|  -10.983040|    0.047050|    0.002285|
|         459|  -11.553730|  -11.000743|    0.047050|    0.002285|
|         460|  -11.570359|  -11.017385|    0.047050|    0.002285|
|         461|  -11.585836|  -11.032885|    0.047050|    0.002285|
|         462|  -11.600135|  -11.047217|    0.047050|    0.002285|
|         463|  -11.613290|  -11.060415|    0.047050|    0.002285|
|         464|  -11.625391|  -11.072566|    0.047050|    0.002285|
|         465|  -11.636578|  -11.083809|    0.047050|    0.002285|
|         466|  -11.647026|  -11.094315|    0.047050|    0.002285|
|         467|  -11.656933|  -11.104281|    0.047050|    0.002285|
|         468|  -11.666510|  -11.113914|    0.047050|    0.002285|
|         469|  -11.675962|  -11.123418|    0.047050|    0.002285|
|         470|  -11.685487|  -11.132989|    0.047050|    0.002285|
|         471|  -11.695263|  -11.142804|    0.047050|    0.002285|
|         472|  -11.705449|  -11.153021|    0.047050|    0.002285|
|         473|  -11.716178|  -11.163774|    0.047050|    0.002285|
|         474|  -11.727561|  -11.175172|    0.047050|    0.002285|
|         475|  -11.739685|  -11.187304|    0.047050|    0.002285|
|         476|  -11.752615|  -11.200235|    0.047050|    0.002285|
|         477|  -11.766395|  -11.214008|    0.047050|    0.002285|
|         478|  -11.781047|  -11.228647|    0.047050|    0.002285|
|         479|  -11.796574|  -11.244156|    0.047050|    0.002285|
|         480|  -11.812959|  -11.260518|    0.047050|    0.002285|
|         481|  -11.830167|  -11.277698|    0.047050|    0.002285|
|         482|  -11.848138|  -11.295639|    0.047050|    0.002285|
|         483|  -11.866795|  -11.314262|    0.047050|    0.002285|
|         484|  -11.886037|  -11.333468|    0.047050|    0.002285|
|         485|  -11.905738|  -11.353132|    0.047050|    0.002285|
|         486|  -11.925752|  -11.373109|    0.047050|    0.002285|
|         487|  -11.945907|  -11.393228|    0.047050|    0.002285|
|         488|  -11.966016|  -11.413303|    0.047050|    0.002285|
|         489|  -11.985874|  -11.433130|    0.047050|    0.002285|
|         490|  -12.005272|  -11.452502|    0.047050|    0.002285|
|         491|  -12.024005|  -11.471216|    0.047050|    0.002285|
|         492|  -12.041885|  -11.489084|    0.047050|    0.002285|
|         493|  -12.058753|  -11.505949|    0.047050|    0.002285|
|         494|  -12.074493|  -11.521695|    0.047050|    0.002285|
|         495|  -12.089044|  -11.536261|    0.047050|    0.002285|
|         496|  -12.102402|  -11.549643|    0.047050|    0.002285|
|         497|  -12.114623|  -11.561898|    0.047050|    0.002285|
|         498|  -12.125820|  -11.573133|    0.047050|    0.002285|
|         499|  -12.136149|  -11.583505|    0.047050|    0.002285|
|         500|  -12.145799|  -11.593199|    0.047050|    0.002285|
+-----------------------------------------------------------------------+
|        File Writing Summary       |              Filename             |
+-----------------------------------------------------------------------+
|SU2 binary restart                 |restart_flow.dat                   |
|Paraview                           |flow.vtu                           |
|Paraview surface                   |surface_flow.vtu                   |
|CSV file                           |surface_flow.csv                   |
+-----------------------------------------------------------------------+
+----------------------------------------------------------------+
|  Inner_Iter|    rms[Rho]|   rms[RhoE]|          CL|          CD|
+----------------------------------------------------------------+
|         501|  -12.154977|  -11.602421|    0.047050|    0.002285|
|         502|  -12.163896|  -11.611381|    0.047050|    0.002285|
|         503|  -12.172762|  -11.620285|    0.047050|    0.002285|
|         504|  -12.181769|  -11.629324|    0.047050|    0.002285|
|         505|  -12.191090|  -11.638671|    0.047050|    0.002285|
|         506|  -12.200877|  -11.648476|    0.047050|    0.002285|
|         507|  -12.211256|  -11.658867|    0.047050|    0.002285|
|         508|  -12.222332|  -11.669947|    0.047050|    0.002285|
|         509|  -12.234186|  -11.681797|    0.047050|    0.002285|
|         510|  -12.246876|  -11.694479|    0.047050|    0.002285|
|         511|  -12.260441|  -11.708029|    0.047050|    0.002285|
|         512|  -12.274900|  -11.722468|    0.047050|    0.002285|
|         513|  -12.290255|  -11.737797|    0.047050|    0.002285|
|         514|  -12.306486|  -11.754000|    0.047050|    0.002285|
|         515|  -12.323557|  -11.771038|    0.047050|    0.002285|
|         516|  -12.341413|  -11.788857|    0.047050|    0.002285|
|         517|  -12.359975|  -11.807382|    0.047050|    0.002285|
|         518|  -12.379146|  -11.826514|    0.047050|    0.002285|
|         519|  -12.398808|  -11.846136|    0.047050|    0.002285|
|         520|  -12.418818|  -11.866106|    0.047050|    0.002285|
|         521|  -12.439014|  -11.886265|    0.047050|    0.002285|
|         522|  -12.459215|  -11.906430|    0.047050|    0.002285|
|         523|  -12.479223|  -11.926408|    0.047050|    0.002285|
|         524|  -12.498836|  -11.945995|    0.047050|    0.002285|
|         525|  -12.517854|  -11.964995|    0.047050|    0.002285|
|         526|  -12.536089|  -11.983219|    0.047050|    0.002285|
|         527|  -12.553380|  -12.000510|    0.047050|    0.002285|
|         528|  -12.569606|  -12.016746|    0.047050|    0.002285|
|         529|  -12.584691|  -12.031851|    0.047050|    0.002285|
|         530|  -12.598622|  -12.045812|    0.047050|    0.002285|
|         531|  -12.611438|  -12.058667|    0.047050|    0.002285|
|         532|  -12.623234|  -12.070509|    0.047050|    0.002285|
|         533|  -12.634151|  -12.081476|    0.047050|    0.002285|
|         534|  -12.644366|  -12.091743|    0.047050|    0.002285|
|         535|  -12.654074|  -12.101504|    0.047050|    0.002285|
|         536|  -12.663481|  -12.110963|    0.047050|    0.002285|
|         537|  -12.672789|  -12.120317|    0.047050|    0.002285|
|         538|  -12.682191|  -12.129759|    0.047050|    0.002285|
|         539|  -12.691862|  -12.139464|    0.047050|    0.002285|
|         540|  -12.701952|  -12.149581|    0.047050|    0.002285|
|         541|  -12.712591|  -12.160239|    0.047050|    0.002285|
|         542|  -12.723888|  -12.171546|    0.047050|    0.002285|
|         543|  -12.735926|  -12.183585|    0.047050|    0.002285|
|         544|  -12.748771|  -12.196426|    0.047050|    0.002285|
|         545|  -12.762460|  -12.210104|    0.047050|    0.002285|
|         546|  -12.777016|  -12.224644|    0.047050|    0.002285|
|         547|  -12.792441|  -12.240047|    0.047050|    0.002285|
|         548|  -12.808722|  -12.256300|    0.047050|    0.002285|
|         549|  -12.825821|  -12.273369|    0.047050|    0.002285|
|         550|  -12.843684|  -12.291198|    0.047050|    0.002285|
|         551|  -12.862230|  -12.309707|    0.047050|    0.002285|
|         552|  -12.881367|  -12.328806|    0.047050|    0.002285|
|         553|  -12.900974|  -12.348373|    0.047050|    0.002285|
|         554|  -12.920906|  -12.368263|    0.047050|    0.002285|
|         555|  -12.941005|  -12.388325|    0.047050|    0.002285|
|         556|  -12.961078|  -12.408361|    0.047050|    0.002285|
|         557|  -12.980939|  -12.428193|    0.047050|    0.002285|
|         558|  -13.000382|  -12.447607|    0.047050|    0.002285|

----------------------------- Solver Exit -------------------------------
All convergence criteria satisfied.
+-----------------------------------------------------------------------+
|      Convergence Field     |     Value    |   Criterion  |  Converged |
+-----------------------------------------------------------------------+
|                    rms[Rho]|      -13.0004|         < -13|         Yes|
+-----------------------------------------------------------------------+
-------------------------------------------------------------------------
+-----------------------------------------------------------------------+
|        File Writing Summary       |              Filename             |
+-----------------------------------------------------------------------+
|SU2 binary restart                 |restart_flow.dat                   |
|Paraview                           |flow.vtu                           |
|Paraview surface                   |surface_flow.vtu                   |
|CSV file                           |surface_flow.csv                   |
+-----------------------------------------------------------------------+

--------------------------- Finalizing Solver ---------------------------
Deleted CNumerics container.
Deleted CIntegration container.
Deleted CSolver container.
Deleted CIteration container.
Deleted CInterface container.
Deleted CGeometry container.
Deleted CFreeFormDefBox class.
Deleted CSurfaceMovement class.
Deleted CVolumetricMovement class.
Deleted CConfig container.
Deleted nInst container.
Deleted COutput class.
-------------------------------------------------------------------------

------------------------- Exit Success (SU2_CFD) ------------------------

