
-------------------------------------------------------------------------
|    ___ _   _ ___                                                      |
|   / __| | | |_  )   Release 8.3.0 "Harrier"                           |
|   \__ \ |_| |/ /                                                      |
|   |___/\___//___|   Suite (Computational Fluid Dynamics Code)         |
|                                                                       |
-------------------------------------------------------------------------
| SU2 Project Website: https://su2code.github.io                        |
|                                                                       |
| The SU2 Project is maintained by the SU2 Foundation                   |
| (http://su2foundation.org)                                            |
-------------------------------------------------------------------------
| Copyright 2012-2025, SU2 Contributors                                 |
|                                                                       |
| SU2 is free software; you can redistribute it and/or                  |
| modify it under the terms of the GNU Lesser General Public            |
| License as published by the Free Software Foundation; either          |
| version 2.1 of the License, or (at your option) any later version.    |
|                                                                       |
| SU2 is distributed in the hope that it will be useful,                |
| but WITHOUT ANY WARRANTY; without even the implied warranty of        |
| MERCHANTABILITY or FITNESS FOR A PARTICULAR PURPOSE. See the GNU      |
| Lesser General Public License for more details.                       |
|                                                                       |
| You should have received a copy of the GNU Lesser General Public      |
| License along with SU2. If not, see <http://www.gnu.org/licenses/>.   |
-------------------------------------------------------------------------

Parsing config file for zone 0

----------------- Physical Case Definition ( Zone 0 ) -------------------
Compressible Euler equations.
Mach number: 0.8.
Angle of attack (AoA): 1.25 deg, and angle of sideslip (AoS): 0 deg.
Reading and writing binary SU2 native restart files.
Read flow solution from: solution_flow.
Non-Dimensional simulation (P=1.0, Rho=1.0, T=1.0 at the farfield).
The reference area is 1 m^2.
The semi-span will be computed using the max y(3D) value.
The reference length is 1 m.
Reference origin for moment evaluation is (0.25, 0, 0).
Surface(s) where the force coefficients are evaluated: airfoil.

Surface(s) plotted in the output file: airfoil.
Surface(s) affected by the design variables: airfoil.
Input mesh file name: mesh_NACA0012_inv_deform.su2

--------------- Space Numerical Integration ( Zone 0 ) ------------------
Jameson-Schmidt-Turkel scheme (2nd order in space) for the flow inviscid terms.
JST viscous coefficients (2nd & 4th): 0.5, 0.02.
The method includes a grid stretching correction (p = 0.3).
Gradient for viscous and source terms: Green-Gauss.

--------------- Time Numerical Integration  ( Zone 0 ) ------------------
Local time stepping (steady state simulation).
Euler implicit method for the flow equations.
FGMRES is used for solving the linear system.
Using a LU-SGS preconditioning.
Convergence criteria of the linear solver: 0.0001.
Max number of linear iterations: 2.
V Multigrid Cycle, with 2 multigrid levels.
Damping factor for the residual restriction: 1.
Damping factor for the correction prolongation: 1.
No CFL adaptation.
+-------------------------------------------+
|  MG Level| Presmooth|PostSmooth|CorrectSmo|
+-------------------------------------------+
|         0|         1|         0|         0|
|         1|         2|         0|         0|
|         2|         3|         0|         0|
+-------------------------------------------+
Courant-Friedrichs-Lewy number:       10

------------------ Convergence Criteria  ( Zone 0 ) ---------------------
Maximum number of solver subiterations: 1000.
Begin convergence monitoring at iteration 10.
Residual minimum value: 1e-13.
Cauchy series min. value: 1e-06.
Number of Cauchy elements: 100.
Begin windowed time average at iteration 0.

-------------------- Output Information ( Zone 0 ) ----------------------
File writing frequency: 
+------------------------------------+
|                     File| Frequency|
+------------------------------------+
|                  RESTART|       250|
|                 PARAVIEW|       250|
|         SURFACE_PARAVIEW|       250|
|              SURFACE_CSV|       250|
+------------------------------------+
Writing the convergence history file every 1 inner iterations.
Writing the screen convergence history every 1 inner iterations.
The tabular file format is CSV (.csv).
Convergence history file name: history_direct.
Forces breakdown file name: forces_breakdown.dat.
Surface file name: surface_flow.
Volume file name: flow.
Restart file name: restart_flow.

------------- Config File Boundary Information ( Zone 0 ) ---------------
+-----------------------------------------------------------------------+
|                        Marker Type|                        Marker Name|
+-----------------------------------------------------------------------+
|                         Euler wall|                            airfoil|
+-----------------------------------------------------------------------+
|                          Far-field|                           farfield|
+-----------------------------------------------------------------------+

-------------------- Output Preprocessing ( Zone 0 ) --------------------

WARNING: SURFACE_PRESSURE_DROP can only be computed for at least 2 surfaces (outlet, inlet, ...)

Screen output fields: INNER_ITER, RMS_DENSITY, RMS_ENERGY, LIFT, DRAG
History output group(s): ITER, RMS_RES, AERO_COEFF
Convergence field(s): RMS_DENSITY
Warning: No (valid) fields chosen for time convergence monitoring. Time convergence monitoring inactive.
Volume output fields: COORDINATES, SOLUTION, PRIMITIVE

------------------- Geometry Preprocessing ( Zone 0 ) -------------------
Two dimensional problem.
5233 grid points.
10216 volume elements.
2 surface markers.
200 boundary elements in index 0 (Marker = airfoil).
50 boundary elements in index 1 (Marker = farfield).
10216 triangles.
Setting point connectivity.
Renumbering points (Reverse Cuthill McKee Ordering).
Recomputing point connectivity.
Setting element connectivity.
Checking the numerical grid orientation.
All volume elements are correctly oriented.
All surface elements are correctly oriented.
Identifying edges and vertices.
Setting the control volume structure.
Area of the computational grid: 1253.25.
Searching for the closest normal neighbors to the surfaces.
Storing a mapping from global to local point index.
Compute the surface curvature.
Max K: 7835.1. Mean K: 35.091. Standard deviation K: 494.423.
Checking for periodicity.
Computing mesh quality statistics for the dual control volumes.
+--------------------------------------------------------------+
|           Mesh Quality Metric|        Minimum|        Maximum|
+--------------------------------------------------------------+
|    Orthogonality Angle (deg.)|        62.8623|        89.7388|
|     CV Face Area Aspect Ratio|        1.01215|        7.18419|
|           CV Sub-Volume Ratio|        1.00284|        6.47672|
+--------------------------------------------------------------+
Setting the multigrid structure.
+-------------------------------------------+
|  MG Level|       CVs|Aggl. Rate|       CFL|
+-------------------------------------------+
|         0|      5233|    1/1.00|        10|
|         1|      1690|     1/3.1|   8.52431|
|         2|       649|     1/2.6|   7.92373|
+-------------------------------------------+
Finding max control volume width.
Wetted area = 2.03988 m.
Area projection in the x-plane = 0.115941 m, y-plane = 0.999845 m.
Max. coordinate in the x-direction = 1 m, y-direction = 0.0526235 m.
Min. coordinate in the x-direction = 0 m, y-direction = -0.0633343 m.
Computing wall distances.

-------------------- Solver Preprocessing ( Zone 0 ) --------------------
Inviscid flow: Computing density based on free-stream
temperature and pressure using the ideal gas law.
Force coefficients computed using free-stream values.

-- Models:
+------------------------------------------------------------------------------+
|          Viscosity Model|        Conductivity Model|              Fluid Model|
+------------------------------------------------------------------------------+
|                        -|                         -|             STANDARD_AIR|
+------------------------------------------------------------------------------+
-- Fluid properties:
+------------------------------------------------------------------------------+
|                  Name|    Dim. value|    Ref. value|      Unit|Non-dim. value|
+------------------------------------------------------------------------------+
|          Gas Constant|       287.058|       287.058|  N.m/kg.K|             1|
|      Spec. Heat Ratio|             -|             -|         -|           1.4|
+------------------------------------------------------------------------------+
-- Initial and free-stream conditions:
+------------------------------------------------------------------------------+
|                  Name|    Dim. value|    Ref. value|      Unit|Non-dim. value|
+------------------------------------------------------------------------------+
|       Static Pressure|        101325|        101325|        Pa|             1|
|               Density|       1.22498|       1.22498|    kg/m^3|             1|
|           Temperature|        288.15|        288.15|         K|             1|
|          Total Energy|        243846|       82715.8|   m^2/s^2|         2.948|
|            Velocity-X|       272.173|       287.603|       m/s|      0.946348|
|            Velocity-Y|       5.93883|       287.603|       m/s|     0.0206494|
|    Velocity Magnitude|       272.238|       287.603|       m/s|      0.946573|
+------------------------------------------------------------------------------+
|           Mach Number|             -|             -|         -|           0.8|
+------------------------------------------------------------------------------+
Initialize Jacobian structure (Euler). MG level: 0.
Initialize Jacobian structure (Euler). MG level: 1.
Initialize Jacobian structure (Euler). MG level: 2.

------------------- Numerics Preprocessing ( Zone 0 ) -------------------

----------------- Integration Preprocessing ( Zone 0 ) ------------------

------------------- Iteration Preprocessing ( Zone 0 ) ------------------
Euler/Navier-Stokes/RANS fluid iteration.

------------------------------ Begin Solver -----------------------------

Simulation Run using the Single-zone Driver
WARNING: SU2 was not compiled for an AVX-capable architecture. Performance could be better,
         see https://su2code.github.io/docs_v7/Build-SU2-Linux-MacOS/#compiler-optimizations
WARNING: SU2 was not compiled for an AVX-capable architecture. Performance could be better,
         see https://su2code.github.io/docs_v7/Build-SU2-Linux-MacOS/#compiler-optimizations
WARNING: SU2 was not compiled for an AVX-capable architecture. Performance could be better,
         see https://su2code.github.io/docs_v7/Build-SU2-Linux-MacOS/#compiler-optimizations
+----------------------------------------------------------------+
|  Inner_Iter|    rms[Rho]|   rms[RhoE]|          CL|          CD|
+----------------------------------------------------------------+
|           0|   -5.090184|   -4.493804|    0.125209|    0.004526|
|           1|   -5.400615|   -4.802367|    0.124574|    0.002450|
|           2|   -5.316547|   -4.730284|    0.126254|    0.002252|
|           3|   -5.297624|   -4.713465|    0.125394|    0.002283|
|           4|   -5.264760|   -4.686661|    0.124167|    0.002090|
|           5|   -5.254715|   -4.681118|    0.123638|    0.001967|
|           6|   -5.235749|   -4.665247|    0.123193|    0.001916|
|           7|   -5.223645|   -4.656707|    0.122611|    0.001876|
|           8|   -5.211435|   -4.648215|    0.121992|    0.001817|
|           9|   -5.201933|   -4.641567|    0.121527|    0.001752|
|          10|   -5.189802|   -4.630801|    0.121191|    0.001699|
|          11|   -5.180916|   -4.623850|    0.120879|    0.001656|
|          12|   -5.173181|   -4.618315|    0.120562|    0.001613|
|          13|   -5.166474|   -4.613170|    0.120268|    0.001570|
|          14|   -5.160581|   -4.607905|    0.120018|    0.001531|
|          15|   -5.154728|   -4.602113|    0.119806|    0.001499|
|          16|   -5.149847|   -4.597315|    0.119617|    0.001472|
|          17|   -5.147000|   -4.594730|    0.119439|    0.001448|
|          18|   -5.146238|   -4.594184|    0.119271|    0.001427|
|          19|   -5.147559|   -4.595593|    0.119111|    0.001409|
|          20|   -5.150854|   -4.598805|    0.118960|    0.001396|
|          21|   -5.156011|   -4.603794|    0.118817|    0.001388|
|          22|   -5.163183|   -4.610755|    0.118675|    0.001384|
|          23|   -5.172528|   -4.619843|    0.118529|    0.001387|
|          24|   -5.184089|   -4.631053|    0.118384|    0.001394|
|          25|   -5.198067|   -4.644522|    0.118241|    0.001406|
|          26|   -5.214782|   -4.660574|    0.118096|    0.001423|
|          27|   -5.234346|   -4.679475|    0.117955|    0.001443|
|          28|   -5.255973|   -4.700375|    0.117815|    0.001467|
|          29|   -5.279072|   -4.722611|    0.117675|    0.001491|
|          30|   -5.303511|   -4.746167|    0.117536|    0.001517|
|          31|   -5.329664|   -4.771530|    0.117395|    0.001542|
|          32|   -5.356739|   -4.797829|    0.117251|    0.001565|
|          33|   -5.386526|   -4.826936|    0.117106|    0.001587|
|          34|   -5.417320|   -4.857077|    0.116962|    0.001606|
|          35|   -5.448936|   -4.887944|    0.116819|    0.001621|
|          36|   -5.481309|   -4.919606|    0.116676|    0.001633|
|          37|   -5.514459|   -4.952311|    0.116535|    0.001642|
|          38|   -5.547916|   -4.985618|    0.116397|    0.001646|
|          39|   -5.581371|   -5.019140|    0.116263|    0.001647|
|          40|   -5.614624|   -5.052646|    0.116135|    0.001644|
|          41|   -5.647675|   -5.086185|    0.116012|    0.001638|
|          42|   -5.680491|   -5.119765|    0.115896|    0.001629|
|          43|   -5.712604|   -5.152855|    0.115789|    0.001619|
|          44|   -5.743928|   -5.185250|    0.115690|    0.001607|
|          45|   -5.774175|   -5.216626|    0.115601|    0.001595|
|          46|   -5.802965|   -5.246564|    0.115521|    0.001583|
|          47|   -5.829882|   -5.274563|    0.115450|    0.001572|
|          48|   -5.854630|   -5.300265|    0.115388|    0.001561|
|          49|   -5.877128|   -5.323550|    0.115334|    0.001552|
|          50|   -5.897507|   -5.344542|    0.115288|    0.001544|
|          51|   -5.916071|   -5.363563|    0.115248|    0.001537|
|          52|   -5.933219|   -5.381050|    0.115215|    0.001532|
|          53|   -5.949379|   -5.397458|    0.115187|    0.001529|
|          54|   -5.964973|   -5.413229|    0.115165|    0.001528|
|          55|   -5.980418|   -5.428795|    0.115147|    0.001527|
|          56|   -5.996030|   -5.444471|    0.115133|    0.001528|
|          57|   -6.012072|   -5.460522|    0.115123|    0.001530|
|          58|   -6.028737|   -5.477145|    0.115116|    0.001532|
|          59|   -6.046056|   -5.494367|    0.115111|    0.001535|
|          60|   -6.064077|   -5.512229|    0.115108|    0.001538|
|          61|   -6.082750|   -5.530687|    0.115107|    0.001541|
|          62|   -6.101938|   -5.549603|    0.115107|    0.001544|
|          63|   -6.121535|   -5.568877|    0.115109|    0.001547|
|          64|   -6.141443|   -5.588418|    0.115112|    0.001550|
|          65|   -6.161564|   -5.608135|    0.115117|    0.001552|
|          66|   -6.181813|   -5.627954|    0.115122|    0.001553|
|          67|   -6.202144|   -5.647847|    0.115129|    0.001555|
|          68|   -6.222466|   -5.667743|    0.115136|    0.001555|
|          69|   -6.242775|   -5.687661|    0.115145|    0.001556|
|          70|   -6.262857|   -5.707362|    0.115156|    0.001556|
|          71|   -6.282800|   -5.726974|    0.115168|    0.001555|
|          72|   -6.302565|   -5.746531|    0.115181|    0.001555|
|          73|   -6.322170|   -5.766024|    0.115196|    0.001554|
|          74|   -6.341670|   -5.785491|    0.115213|    0.001554|
|          75|   -6.361073|   -5.804958|    0.115231|    0.001553|
|          76|   -6.380349|   -5.824414|    0.115251|    0.001552|
|          77|   -6.399391|   -5.843747|    0.115272|    0.001552|
|          78|   -6.418057|   -5.862805|    0.115296|    0.001551|
|          79|   -6.436189|   -5.881417|    0.115320|    0.001551|
|          80|   -6.453674|   -5.899455|    0.115346|    0.001551|
|          81|   -6.470386|   -5.916775|    0.115373|    0.001551|
|          82|   -6.486214|   -5.933247|    0.115401|    0.001552|
|          83|   -6.501066|   -5.948765|    0.115430|    0.001552|
|          84|   -6.514889|   -5.963257|    0.115460|    0.001553|
|          85|   -6.527682|   -5.976701|    0.115490|    0.001554|
|          86|   -6.539470|   -5.989100|    0.115520|    0.001555|
|          87|   -6.550310|   -6.000495|    0.115550|    0.001556|
|          88|   -6.560284|   -6.010953|    0.115580|    0.001557|
|          89|   -6.569502|   -6.020571|    0.115610|    0.001558|
|          90|   -6.578093|   -6.029469|    0.115639|    0.001559|
|          91|   -6.586186|   -6.037771|    0.115667|    0.001560|
|          92|   -6.593893|   -6.045586|    0.115695|    0.001561|
|          93|   -6.601345|   -6.053049|    0.115722|    0.001562|
|          94|   -6.608659|   -6.060286|    0.115748|    0.001563|
|          95|   -6.615937|   -6.067407|    0.115773|    0.001563|
|          96|   -6.623272|   -6.074516|    0.115797|    0.001564|
|          97|   -6.630740|   -6.081705|    0.115820|    0.001565|
|          98|   -6.638415|   -6.089057|    0.115842|    0.001565|
|          99|   -6.646363|   -6.096653|    0.115862|    0.001565|
|         100|   -6.654600|   -6.104524|    0.115882|    0.001566|
|         101|   -6.663152|   -6.112704|    0.115901|    0.001566|
|         102|   -6.672042|   -6.121226|    0.115919|    0.001566|
|         103|   -6.681311|   -6.130139|    0.115936|    0.001566|
|         104|   -6.690975|   -6.139467|    0.115952|    0.001566|
|         105|   -6.701032|   -6.149214|    0.115967|    0.001566|
|         106|   -6.711483|   -6.159383|    0.115982|    0.001567|
|         107|   -6.722329|   -6.169983|    0.115995|    0.001567|
|         108|   -6.733571|   -6.181016|    0.116008|    0.001567|
|         109|   -6.745202|   -6.192478|    0.116020|    0.001567|
|         110|   -6.757209|   -6.204355|    0.116032|    0.001567|
|         111|   -6.769580|   -6.216636|    0.116043|    0.001567|
|         112|   -6.782306|   -6.229311|    0.116053|    0.001567|
|         113|   -6.795372|   -6.242366|    0.116062|    0.001567|
|         114|   -6.808834|   -6.255871|    0.116071|    0.001567|
|         115|   -6.822700|   -6.269842|    0.116080|    0.001567|
|         116|   -6.836907|   -6.284169|    0.116088|    0.001567|
|         117|   -6.851442|   -6.298829|    0.116095|    0.001567|
|         118|   -6.866218|   -6.313761|    0.116102|    0.001567|
|         119|   -6.881116|   -6.328844|    0.116109|    0.001567|
|         120|   -6.896072|   -6.344005|    0.116115|    0.001567|
|         121|   -6.911030|   -6.359175|    0.116121|    0.001567|
|         122|   -6.925946|   -6.374303|    0.116126|    0.001567|
|         123|   -6.940792|   -6.389360|    0.116131|    0.001567|
|         124|   -6.955559|   -6.404337|    0.116136|    0.001567|
|         125|   -6.970231|   -6.419216|    0.116140|    0.001567|
|         126|   -6.984787|   -6.433976|    0.116144|    0.001567|
|         127|   -6.999206|   -6.448594|    0.116147|    0.001567|
|         128|   -7.013486|   -6.463067|    0.116151|    0.001567|
|         129|   -7.027597|   -6.477361|    0.116154|    0.001567|
|         130|   -7.041508|   -6.491447|    0.116157|    0.001567|
|         131|   -7.055208|   -6.505309|    0.116160|    0.001567|
|         132|   -7.068696|   -6.518947|    0.116162|    0.001567|
|         133|   -7.081969|   -6.532356|    0.116165|    0.001567|
|         134|   -7.095034|   -6.545541|    0.116167|    0.001567|
|         135|   -7.107904|   -6.558515|    0.116169|    0.001567|
|         136|   -7.120589|   -6.571290|    0.116171|    0.001567|
|         137|   -7.133102|   -6.583876|    0.116173|    0.001567|
|         138|   -7.145468|   -6.596302|    0.116175|    0.001567|
|         139|   -7.157717|   -6.608595|    0.116176|    0.001567|
|         140|   -7.169866|   -6.620776|    0.116178|    0.001567|
|         141|   -7.181940|   -6.632869|    0.116179|    0.001567|
|         142|   -7.193960|   -6.644898|    0.116181|    0.001567|
|         143|   -7.205949|   -6.656889|    0.116182|    0.001567|
|         144|   -7.217929|   -6.668861|    0.116183|    0.001567|
|         145|   -7.229920|   -6.680838|    0.116184|    0.001567|
|         146|   -7.241942|   -6.692841|    0.116186|    0.001567|
|         147|   -7.254010|   -6.704886|    0.116187|    0.001567|
|         148|   -7.266138|   -6.716987|    0.116188|    0.001567|
|         149|   -7.278337|   -6.729156|    0.116189|    0.001567|
|         150|   -7.290616|   -6.741403|    0.116189|    0.001567|
|         151|   -7.302981|   -6.753733|    0.116190|    0.001567|
|         152|   -7.315436|   -6.766153|    0.116191|    0.001567|
|         153|   -7.327987|   -6.778667|    0.116192|    0.001567|
|         154|   -7.340629|   -6.791271|    0.116192|    0.001567|
|         155|   -7.353366|   -6.803969|    0.116193|    0.001567|
|         156|   -7.366200|   -6.816764|    0.116193|    0.001567|
|         157|   -7.379129|   -6.829654|    0.116194|    0.001567|
|         158|   -7.392149|   -6.842634|    0.116194|    0.001567|
|         159|   -7.405259|   -6.855705|    0.116195|    0.001567|
|         160|   -7.418455|   -6.868864|    0.116195|    0.001567|
|         161|   -7.431734|   -6.882105|    0.116195|    0.001567|
|         162|   -7.445089|   -6.895425|    0.116195|    0.001567|
|         163|   -7.458516|   -6.908819|    0.116196|    0.001567|
|         164|   -7.472010|   -6.922283|    0.116196|    0.001567|
|         165|   -7.485565|   -6.935810|    0.116196|    0.001567|
|         166|   -7.499175|   -6.949396|    0.116196|    0.001567|
|         167|   -7.512833|   -6.963035|    0.116196|    0.001567|
|         168|   -7.526535|   -6.976721|    0.116196|    0.001567|
|         169|   -7.540273|   -6.990447|    0.116196|    0.001567|
|         170|   -7.554041|   -7.004209|    0.116196|    0.001567|
|         171|   -7.567832|   -7.017998|    0.116196|    0.001567|
|         172|   -7.581641|   -7.031809|    0.116196|    0.001567|
|         173|   -7.595460|   -7.045636|    0.116196|    0.001567|
|         174|   -7.609284|   -7.059472|    0.116195|    0.001567|
|         175|   -7.623103|   -7.073307|    0.116195|    0.001567|
|         176|   -7.636916|   -7.087139|    0.116195|    0.001567|
|         177|   -7.650722|   -7.100969|    0.116195|    0.001567|
|         178|   -7.664515|   -7.114791|    0.116195|    0.001567|
|         179|   -7.678286|   -7.128591|    0.116195|    0.001567|
|         180|   -7.692032|   -7.142369|    0.116195|    0.001567|
|         181|   -7.705754|   -7.156124|    0.116195|    0.001567|
|         182|   -7.719451|   -7.169855|    0.116194|    0.001567|
|         183|   -7.733122|   -7.183562|    0.116194|    0.001567|
|         184|   -7.746767|   -7.197242|    0.116194|    0.001567|
|         185|   -7.760384|   -7.210894|    0.116194|    0.001567|
|         186|   -7.773974|   -7.224518|    0.116194|    0.001567|
|         187|   -7.787535|   -7.238113|    0.116194|    0.001567|
|         188|   -7.801068|   -7.251679|    0.116194|    0.001567|
|         189|   -7.814572|   -7.265214|    0.116194|    0.001567|
|         190|   -7.828046|   -7.278717|    0.116194|    0.001567|
|         191|   -7.841483|   -7.292182|    0.116194|    0.001567|
|         192|   -7.854880|   -7.305606|    0.116193|    0.001567|
|         193|   -7.868245|   -7.318995|    0.116193|    0.001567|
|         194|   -7.881575|   -7.332349|    0.116193|    0.001567|
|         195|   -7.894872|   -7.345667|    0.116193|    0.001567|
|         196|   -7.908134|   -7.358950|    0.116193|    0.001567|
|         197|   -7.921364|   -7.372199|    0.116193|    0.001567|
|         198|   -7.934563|   -7.385414|    0.116193|    0.001567|
|         199|   -7.947733|   -7.398599|    0.116193|    0.001567|
|         200|   -7.960878|   -7.411756|    0.116193|    0.001567|
|         201|   -7.974003|   -7.424890|    0.116193|    0.001567|
|         202|   -7.987113|   -7.438006|    0.116193|    0.001567|
|         203|   -8.000215|   -7.451109|    0.116193|    0.001567|
|         204|   -8.013315|   -7.464206|    0.116193|    0.001567|
|         205|   -8.026420|   -7.477304|    0.116193|    0.001567|
|         206|   -8.039539|   -7.490411|    0.116193|    0.001567|
|         207|   -8.052680|   -7.503534|    0.116193|    0.001567|
|         208|   -8.065851|   -7.516681|    0.116193|    0.001567|
|         209|   -8.079061|   -7.529861|    0.116193|    0.001567|
|         210|   -8.092318|   -7.543083|    0.116193|    0.001567|
|         211|   -8.105630|   -7.556353|    0.116193|    0.001567|
|         212|   -8.119005|   -7.569681|    0.116193|    0.001567|
|         213|   -8.132451|   -7.583073|    0.116193|    0.001567|
|         214|   -8.145974|   -7.596538|    0.116193|    0.001567|
|         215|   -8.159579|   -7.610080|    0.116193|    0.001567|
|         216|   -8.173273|   -7.623706|    0.116193|    0.001567|
|         217|   -8.187059|   -7.637420|    0.116193|    0.001567|
|         218|   -8.200940|   -7.651227|    0.116193|    0.001567|
|         219|   -8.214919|   -7.665131|    0.116193|    0.001567|
|         220|   -8.228999|   -7.679133|    0.116193|    0.001567|
|         221|   -8.243178|   -7.693235|    0.116193|    0.001567|
|         222|   -8.257456|   -7.707438|    0.116193|    0.001567|
|         223|   -8.271833|   -7.721741|    0.116193|    0.001567|
|         224|   -8.286305|   -7.736142|    0.116193|    0.001567|
|         225|   -8.300869|   -7.750640|    0.116193|    0.001567|
|         226|   -8.315521|   -7.765231|    0.116193|    0.001567|
|         227|   -8.330255|   -7.779910|    0.116193|    0.001567|
|         228|   -8.345064|   -7.794671|    0.116193|    0.001567|
|         229|   -8.359940|   -7.809508|    0.116193|    0.001567|
|         230|   -8.374877|   -7.824413|    0.116193|    0.001567|
|         231|   -8.389863|   -7.839377|    0.116193|    0.001567|
|         232|   -8.404889|   -7.854390|    0.116193|    0.001567|
|         233|   -8.419940|   -7.869438|    0.116193|    0.001567|
|         234|   -8.435005|   -7.884508|    0.116193|    0.001567|
|         235|   -8.450082|   -7.899601|    0.116193|    0.001567|
|         236|   -8.465158|   -7.914703|    0.116193|    0.001567|
|         237|   -8.480217|   -7.929797|    0.116193|    0.001567|
|         238|   -8.495242|   -7.944867|    0.116193|    0.001567|
|         239|   -8.510222|   -7.959898|    0.116193|    0.001567|
|         240|   -8.525143|   -7.974877|    0.116193|    0.001567|
|         241|   -8.539993|   -7.989791|    0.116193|    0.001567|
|         242|   -8.554760|   -8.004627|    0.116192|    0.001567|
|         243|   -8.569432|   -8.019373|    0.116192|    0.001567|
|         244|   -8.584001|   -8.034016|    0.116192|    0.001567|
|         245|   -8.598458|   -8.048550|    0.116192|    0.001567|
|         246|   -8.612798|   -8.062966|    0.116192|    0.001567|
|         247|   -8.627018|   -8.077259|    0.116192|    0.001567|
|         248|   -8.641116|   -8.091428|    0.116192|    0.001567|
|         249|   -8.655092|   -8.105471|    0.116192|    0.001567|
|         250|   -8.668950|   -8.119389|    0.116192|    0.001567|
+-----------------------------------------------------------------------+
|        File Writing Summary       |              Filename             |
+-----------------------------------------------------------------------+
|SU2 binary restart                 |restart_flow.dat                   |
|Paraview                           |flow.vtu                           |
|Paraview surface                   |surface_flow.vtu                   |
|CSV file                           |surface_flow.csv                   |
+-----------------------------------------------------------------------+
+----------------------------------------------------------------+
|  Inner_Iter|    rms[Rho]|   rms[RhoE]|          CL|          CD|
+----------------------------------------------------------------+
|         251|   -8.682693|   -8.133187|    0.116192|    0.001567|
|         252|   -8.696328|   -8.146869|    0.116192|    0.001567|
|         253|   -8.709863|   -8.160442|    0.116192|    0.001567|
|         254|   -8.723307|   -8.173916|    0.116192|    0.001567|
|         255|   -8.736671|   -8.187299|    0.116192|    0.001567|
|         256|   -8.749966|   -8.200603|    0.116192|    0.001567|
|         257|   -8.763203|   -8.213840|    0.116192|    0.001567|
|         258|   -8.776395|   -8.227022|    0.116192|    0.001567|
|         259|   -8.789556|   -8.240162|    0.116192|    0.001567|
|         260|   -8.802697|   -8.253274|    0.116192|    0.001567|
|         261|   -8.815831|   -8.266369|    0.116192|    0.001567|
|         262|   -8.828971|   -8.279461|    0.116192|    0.001567|
|         263|   -8.842128|   -8.292562|    0.116192|    0.001567|
|         264|   -8.855314|   -8.305686|    0.116192|    0.001567|
|         265|   -8.868539|   -8.318842|    0.116192|    0.001567|
|         266|   -8.881814|   -8.332043|    0.116192|    0.001567|
|         267|   -8.895148|   -8.345298|    0.116192|    0.001567|
|         268|   -8.908550|   -8.358618|    0.116192|    0.001567|
|         269|   -8.922028|   -8.372011|    0.116191|    0.001567|
|         270|   -8.935588|   -8.385486|    0.116191|    0.001567|
|         271|   -8.949237|   -8.399050|    0.116191|    0.001567|
|         272|   -8.962981|   -8.412709|    0.116191|    0.001567|
|         273|   -8.976824|   -8.426469|    0.116191|    0.001567|
|         274|   -8.990769|   -8.440335|    0.116191|    0.001567|
|         275|   -9.004819|   -8.454309|    0.116191|    0.001567|
|         276|   -9.018974|   -8.468395|    0.116191|    0.001567|
|         277|   -9.033235|   -8.482593|    0.116191|    0.001567|
|         278|   -9.047600|   -8.496902|    0.116191|    0.001567|
|         279|   -9.062065|   -8.511319|    0.116191|    0.001567|
|         280|   -9.076638|   -8.525856|    0.116191|    0.001567|
|         281|   -9.091297|   -8.540489|    0.116191|    0.001567|
|         282|   -9.106027|   -8.555202|    0.116191|    0.001567|
|         283|   -9.120819|   -8.569989|    0.116191|    0.001567|
|         284|   -9.135667|   -8.584843|    0.116191|    0.001567|
|         285|   -9.150558|   -8.599752|    0.116191|    0.001567|
|         286|   -9.165478|   -8.614702|    0.116191|    0.001567|
|         287|   -9.180409|   -8.629676|    0.116191|    0.001567|
|         288|   -9.195336|   -8.644656|    0.116191|    0.001567|
|         289|   -9.210239|   -8.659625|    0.116191|    0.001567|
|         290|   -9.225102|   -8.674563|    0.116191|    0.001567|
|         291|   -9.239903|   -8.689450|    0.116191|    0.001567|
|         292|   -9.254626|   -8.704267|    0.116191|    0.001567|
|         293|   -9.269250|   -8.718993|    0.116191|    0.001567|
|         294|   -9.283759|   -8.733609|    0.116191|    0.001567|
|         295|   -9.298135|   -8.748098|    0.116191|    0.001567|
|         296|   -9.312365|   -8.762442|    0.116191|    0.001567|
|         297|   -9.326436|   -8.776629|    0.116191|    0.001567|
|         298|   -9.340340|   -8.790648|    0.116191|    0.001567|
|         299|   -9.354071|   -8.804491|    0.116191|    0.001567|
|         300|   -9.367627|   -8.818154|    0.116191|    0.001567|
|         301|   -9.381008|   -8.831637|    0.116191|    0.001567|
|         302|   -9.394219|   -8.844942|    0.116191|    0.001567|
|         303|   -9.407267|   -8.858075|    0.116191|    0.001567|
|         304|   -9.420162|   -8.871046|    0.116191|    0.001567|
|         305|   -9.432918|   -8.883866|    0.116191|    0.001567|
|         306|   -9.445550|   -8.896550|    0.116191|    0.001567|
|         307|   -9.458075|   -8.909115|    0.116191|    0.001567|
|         308|   -9.470512|   -8.921579|    0.116191|    0.001567|
|         309|   -9.482879|   -8.933961|    0.116191|    0.001567|
|         310|   -9.495195|   -8.946279|    0.116191|    0.001567|
|         311|   -9.507482|   -8.958556|    0.116191|    0.001567|
|         312|   -9.519757|   -8.970810|    0.116191|    0.001567|
|         313|   -9.532041|   -8.983060|    0.116191|    0.001567|
|         314|   -9.544349|   -8.995325|    0.116191|    0.001567|
|         315|   -9.556698|   -9.007622|    0.116191|    0.001567|
|         316|   -9.569103|   -9.019966|    0.116191|    0.001567|
|         317|   -9.581578|   -9.032373|    0.116191|    0.001567|
|         318|   -9.594135|   -9.044856|    0.116191|    0.001567|
|         319|   -9.606783|   -9.057424|    0.116191|    0.001567|
|         320|   -9.619530|   -9.070089|    0.116191|    0.001567|
|         321|   -9.632385|   -9.082857|    0.116191|    0.001567|
|         322|   -9.645350|   -9.095735|    0.116191|    0.001567|
|         323|   -9.658430|   -9.108728|    0.116191|    0.001567|
|         324|   -9.671627|   -9.121839|    0.116191|    0.001567|
|         325|   -9.684941|   -9.135068|    0.116191|    0.001567|
|         326|   -9.698370|   -9.148417|    0.116191|    0.001567|
|         327|   -9.711912|   -9.161882|    0.116191|    0.001567|
|         328|   -9.725562|   -9.175462|    0.116191|    0.001567|
|         329|   -9.739316|   -9.189152|    0.116191|    0.001567|
|         330|   -9.753166|   -9.202945|    0.116191|    0.001567|
|         331|   -9.767104|   -9.216835|    0.116191|    0.001567|
|         332|   -9.781122|   -9.230814|    0.116191|    0.001567|
|         333|   -9.795210|   -9.244871|    0.116191|    0.001567|
|         334|   -9.809356|   -9.258998|    0.116191|    0.001567|
|         335|   -9.823549|   -9.273182|    0.116191|    0.001567|
|         336|   -9.837777|   -9.287412|    0.116191|    0.001567|
|         337|   -9.852027|   -9.301674|    0.116191|    0.001567|
|         338|   -9.866285|   -9.315955|    0.116191|    0.001567|
|         339|   -9.880539|   -9.330242|    0.116191|    0.001567|
|         340|   -9.894775|   -9.344520|    0.116191|    0.001567|
|         341|   -9.908979|   -9.358776|    0.116191|    0.001567|
|         342|   -9.923138|   -9.372996|    0.116191|    0.001567|
|         343|   -9.937242|   -9.387167|    0.116191|    0.001567|
|         344|   -9.951277|   -9.401276|    0.116191|    0.001567|
|         345|   -9.965233|   -9.415312|    0.116191|    0.001567|
|         346|   -9.979100|   -9.429264|    0.116191|    0.001567|
|         347|   -9.992871|   -9.443123|    0.116191|    0.001567|
|         348|  -10.006539|   -9.456880|    0.116191|    0.001567|
|         349|  -10.020098|   -9.470529|    0.116191|    0.001567|
|         350|  -10.033544|   -9.484064|    0.116191|    0.001567|
|         351|  -10.046875|   -9.497482|    0.116191|    0.001567|
|         352|  -10.060090|   -9.510783|    0.116191|    0.001567|
|         353|  -10.073191|   -9.523964|    0.116191|    0.001567|
|         354|  -10.086180|   -9.537029|    0.116191|    0.001567|
|         355|  -10.099061|   -9.549980|    0.116191|    0.001567|
|         356|  -10.111839|   -9.562821|    0.116191|    0.001567|
|         357|  -10.124521|   -9.575559|    0.116191|    0.001567|
|         358|  -10.137115|   -9.588201|    0.116191|    0.001567|
|         359|  -10.149629|   -9.600755|    0.116191|    0.001567|
|         360|  -10.162073|   -9.613231|    0.116191|    0.001567|
|         361|  -10.174458|   -9.625638|    0.116191|    0.001567|
|         362|  -10.186794|   -9.637987|    0.116191|    0.001567|
|         363|  -10.199093|   -9.650291|    0.116191|    0.001567|
|         364|  -10.211367|   -9.662560|    0.116191|    0.001567|
|         365|  -10.223628|   -9.674806|    0.116191|    0.001567|
|         366|  -10.235888|   -9.687043|    0.116191|    0.001567|
|         367|  -10.248159|   -9.699282|    0.116191|    0.001567|
|         368|  -10.260454|   -9.711537|    0.116191|    0.001567|
|         369|  -10.272784|   -9.723819|    0.116191|    0.001567|
|         370|  -10.285160|   -9.736141|    0.116191|    0.001567|
|         371|  -10.297595|   -9.748514|    0.116191|    0.001567|
|         372|  -10.310098|   -9.760950|    0.116191|    0.001567|
|         373|  -10.322679|   -9.773459|    0.116191|    0.001567|
|         374|  -10.335348|   -9.786051|    0.116191|    0.001567|
|         375|  -10.348112|   -9.798736|    0.116191|    0.001567|
|         376|  -10.360978|   -9.811521|    0.116191|    0.001567|
|         377|  -10.373954|   -9.824414|    0.116191|    0.001567|
|         378|  -10.387043|   -9.837420|    0.116191|    0.001567|
|         379|  -10.400249|   -9.850545|    0.116191|    0.001567|
|         380|  -10.413575|   -9.863790|    0.116191|    0.001567|
|         381|  -10.427020|   -9.877159|    0.116191|    0.001567|
|         382|  -10.440584|   -9.890650|    0.116191|    0.001567|
|         383|  -10.454265|   -9.904264|    0.116191|    0.001567|
|         384|  -10.468059|   -9.917996|    0.116191|    0.001567|
|         385|  -10.481961|   -9.931843|    0.116191|    0.001567|
|         386|  -10.495963|   -9.945799|    0.116191|    0.001567|
|         387|  -10.510058|   -9.959854|    0.116191|    0.001567|
|         388|  -10.524235|   -9.974002|    0.116191|    0.001567|
|         389|  -10.538483|   -9.988231|    0.116191|    0.001567|
|         390|  -10.552791|  -10.002529|    0.116191|    0.001567|
|         391|  -10.567146|  -10.016883|    0.116191|    0.001567|
|         392|  -10.581533|  -10.031280|    0.116191|    0.001567|
|         393|  -10.595939|  -10.045706|    0.116191|    0.001567|
|         394|  -10.610348|  -10.060144|    0.116191|    0.001567|
|         395|  -10.624745|  -10.074579|    0.116191|    0.001567|
|         396|  -10.639115|  -10.088997|    0.116191|    0.001567|
|         397|  -10.653444|  -10.103381|    0.116191|    0.001567|
|         398|  -10.667717|  -10.117717|    0.116191|    0.001567|
|         399|  -10.681922|  -10.131991|    0.116191|    0.001567|
|         400|  -10.696047|  -10.146189|    0.116191|    0.001567|
|         401|  -10.710080|  -10.160300|    0.116191|    0.001567|
|         402|  -10.724012|  -10.174313|    0.116191|    0.001567|
|         403|  -10.737836|  -10.188219|    0.116191|    0.001567|
|         404|  -10.751545|  -10.202011|    0.116191|    0.001567|
|         405|  -10.765136|  -10.215684|    0.116191|    0.001567|
|         406|  -10.778607|  -10.229234|    0.116191|    0.001567|
|         407|  -10.791957|  -10.242660|    0.116191|    0.001567|
|         408|  -10.805187|  -10.255962|    0.116191|    0.001567|
|         409|  -10.818302|  -10.269145|    0.116191|    0.001567|
|         410|  -10.831308|  -10.282211|    0.116191|    0.001567|
|         411|  -10.844210|  -10.295167|    0.116191|    0.001567|
|         412|  -10.857018|  -10.308021|    0.116191|    0.001567|
|         413|  -10.869741|  -10.320782|    0.116191|    0.001567|
|         414|  -10.882390|  -10.333460|    0.116191|    0.001567|
|         415|  -10.894977|  -10.346068|    0.116191|    0.001567|
|         416|  -10.907515|  -10.358617|    0.116191|    0.001567|
|         417|  -10.920016|  -10.371121|    0.116191|    0.001567|
|         418|  -10.932494|  -10.383592|    0.116191|    0.001567|
|         419|  -10.944962|  -10.396043|    0.116191|    0.001567|
|         420|  -10.957434|  -10.408489|    0.116191|    0.001567|
|         421|  -10.969921|  -10.420943|    0.116191|    0.001567|
|         422|  -10.982437|  -10.433418|    0.116191|    0.001567|
|         423|  -10.994994|  -10.445925|    0.116191|    0.001567|
|         424|  -11.007603|  -10.458478|    0.116191|    0.001567|
|         425|  -11.020274|  -10.471087|    0.116191|    0.001567|
|         426|  -11.033017|  -10.483762|    0.116191|    0.001567|
|         427|  -11.045840|  -10.496513|    0.116191|    0.001567|
|         428|  -11.058751|  -10.509348|    0.116191|    0.001567|
|         429|  -11.071756|  -10.522274|    0.116191|    0.001567|
|         430|  -11.084860|  -10.535297|    0.116191|    0.001567|
|         431|  -11.098067|  -10.548423|    0.116191|    0.001567|
|         432|  -11.111379|  -10.561654|    0.116191|    0.001567|
|         433|  -11.124798|  -10.574994|    0.116191|    0.001567|
|         434|  -11.138324|  -10.588443|    0.116191|    0.001567|
|         435|  -11.151957|  -10.602002|    0.116191|    0.001567|
|         436|  -11.165693|  -10.615668|    0.116191|    0.001567|
|         437|  -11.179529|  -10.629440|    0.116191|    0.001567|
|         438|  -11.193462|  -10.643314|    0.116191|    0.001567|
|         439|  -11.207484|  -10.657284|    0.116191|    0.001567|
|         440|  -11.221590|  -10.671346|    0.116191|    0.001567|
|         441|  -11.235772|  -10.685491|    0.116191|    0.001567|
|         442|  -11.250022|  -10.699713|    0.116191|    0.001567|
|         443|  -11.264329|  -10.714001|    0.116191|    0.001567|
|         444|  -11.278685|  -10.728347|    0.116191|    0.001567|
|         445|  -11.293079|  -10.742739|    0.116191|    0.001567|
|         446|  -11.307499|  -10.757168|    0.116191|    0.001567|
|         447|  -11.321933|  -10.771620|    0.116191|    0.001567|
|         448|  -11.336371|  -10.786085|    0.116191|    0.001567|
|         449|  -11.350800|  -10.800549|    0.116191|    0.001567|
|         450|  -11.365207|  -10.814999|    0.116191|    0.001567|
|         451|  -11.379581|  -10.829425|    0.116191|    0.001567|
|         452|  -11.393910|  -10.843812|    0.116191|    0.001567|
|         453|  -11.408183|  -10.858148|    0.116191|    0.001567|
|         454|  -11.422388|  -10.872423|    0.116191|    0.001567|
|         455|  -11.436515|  -10.886624|    0.116191|    0.001567|
|         456|  -11.450556|  -10.900742|    0.116191|    0.001567|
|         457|  -11.464501|  -10.914766|    0.116191|    0.001567|
|         458|  -11.478344|  -10.928690|    0.116191|    0.001567|
|         459|  -11.492079|  -10.942506|    0.116191|    0.001567|
|         460|  -11.505701|  -10.956208|    0.116191|    0.001567|
|         461|  -11.519208|  -10.969793|    0.116191|    0.001567|
|         462|  -11.532599|  -10.983258|    0.116191|    0.001567|
|         463|  -11.545874|  -10.996603|    0.116191|    0.001567|
|         464|  -11.559036|  -11.009830|    0.116191|    0.001567|
|         465|  -11.572089|  -11.022942|    0.116191|    0.001567|
|         466|  -11.585038|  -11.035943|    0.116191|    0.001567|
|         467|  -11.597891|  -11.048841|    0.116191|    0.001567|
|         468|  -11.610658|  -11.061643|    0.116191|    0.001567|
|         469|  -11.623348|  -11.074360|    0.116191|    0.001567|
|         470|  -11.635973|  -11.087003|    0.116191|    0.001567|
|         471|  -11.648546|  -11.099584|    0.116191|    0.001567|
|         472|  -11.661080|  -11.112116|    0.116191|    0.001567|
|         473|  -11.673589|  -11.124614|    0.116191|    0.001567|
|         474|  -11.686088|  -11.137091|    0.116191|    0.001567|
|         475|  -11.698590|  -11.149563|    0.116191|    0.001567|
|         476|  -11.711111|  -11.162045|    0.116191|    0.001567|
|         477|  -11.723664|  -11.174550|    0.116191|    0.001567|
|         478|  -11.736263|  -11.187093|    0.116191|    0.001567|
|         479|  -11.748921|  -11.199688|    0.116191|    0.001567|
|         480|  -11.761649|  -11.212347|    0.116191|    0.001567|
|         481|  -11.774458|  -11.225083|    0.116191|    0.001567|
|         482|  -11.787358|  -11.237905|    0.116191|    0.001567|
|         483|  -11.800358|  -11.250823|    0.116191|    0.001567|
|         484|  -11.813464|  -11.263845|    0.116191|    0.001567|
|         485|  -11.826682|  -11.276978|    0.116191|    0.001567|
|         486|  -11.840015|  -11.290227|    0.116191|    0.001567|
|         487|  -11.853466|  -11.303596|    0.116191|    0.001567|
|         488|  -11.867037|  -11.317086|    0.116191|    0.001567|
|         489|  -11.880726|  -11.330697|    0.116191|    0.001567|
|         490|  -11.894531|  -11.344430|    0.116191|    0.001567|
|         491|  -11.908448|  -11.358280|    0.116191|    0.001567|
|         492|  -11.922472|  -11.372243|    0.116191|    0.001567|
|         493|  -11.936596|  -11.386315|    0.116191|    0.001567|
|         494|  -11.950813|  -11.400487|    0.116191|    0.001567|
|         495|  -11.965113|  -11.414751|    0.116191|    0.001567|
|         496|  -11.979485|  -11.429096|    0.116191|    0.001567|
|         497|  -11.993919|  -11.443514|    0.116191|    0.001567|
|         498|  -12.008402|  -11.457990|    0.116191|    0.001567|
|         499|  -12.022921|  -11.472512|    0.116191|    0.001567|
|         500|  -12.037462|  -11.487067|    0.116191|    0.001567|
+-----------------------------------------------------------------------+
|        File Writing Summary       |              Filename             |
+-----------------------------------------------------------------------+
|SU2 binary restart                 |restart_flow.dat                   |
|Paraview                           |flow.vtu                           |
|Paraview surface                   |surface_flow.vtu                   |
|CSV file                           |surface_flow.csv                   |
+-----------------------------------------------------------------------+
+----------------------------------------------------------------+
|  Inner_Iter|    rms[Rho]|   rms[RhoE]|          CL|          CD|
+----------------------------------------------------------------+
|         501|  -12.052011|  -11.501640|    0.116191|    0.001567|
|         502|  -12.066554|  -11.516217|    0.116191|    0.001567|
|         503|  -12.081077|  -11.530783|    0.116191|    0.001567|
|         504|  -12.095564|  -11.545323|    0.116191|    0.001567|
|         505|  -12.110003|  -11.559822|    0.116191|    0.001567|
|         506|  -12.124380|  -11.574267|    0.116191|    0.001567|
|         507|  -12.138683|  -11.588643|    0.116191|    0.001567|
|         508|  -12.152899|  -11.602938|    0.116191|    0.001567|
|         509|  -12.167019|  -11.617140|    0.116191|    0.001567|
|         510|  -12.181033|  -11.631240|    0.116191|    0.001567|
|         511|  -12.194934|  -11.645228|    0.116191|    0.001567|
|         512|  -12.208716|  -11.659098|    0.116191|    0.001567|
|         513|  -12.222375|  -11.672844|    0.116191|    0.001567|
|         514|  -12.235910|  -11.686462|    0.116191|    0.001567|
|         515|  -12.249318|  -11.699951|    0.116191|    0.001567|
|         516|  -12.262602|  -11.713312|    0.116191|    0.001567|
|         517|  -12.275766|  -11.726548|    0.116191|    0.001567|
|         518|  -12.288815|  -11.739661|    0.116191|    0.001567|
|         519|  -12.301755|  -11.752658|    0.116191|    0.001567|
|         520|  -12.314594|  -11.765547|    0.116191|    0.001567|
|         521|  -12.327343|  -11.778337|    0.116191|    0.001567|
|         522|  -12.340013|  -11.791039|    0.116191|    0.001567|
|         523|  -12.352614|  -11.803663|    0.116191|    0.001567|
|         524|  -12.365160|  -11.816222|    0.116191|    0.001567|
|         525|  -12.377664|  -11.828730|    0.116191|    0.001567|
|         526|  -12.390138|  -11.841198|    0.116191|    0.001567|
|         527|  -12.402597|  -11.853642|    0.116191|    0.001567|
|         528|  -12.415054|  -11.866074|    0.116191|    0.001567|
|         529|  -12.427523|  -11.878509|    0.116191|    0.001567|
|         530|  -12.440015|  -11.890960|    0.116191|    0.001567|
|         531|  -12.452544|  -11.903438|    0.116191|    0.001567|
|         532|  -12.465121|  -11.915959|    0.116191|    0.001567|
|         533|  -12.477757|  -11.928531|    0.116191|    0.001567|
|         534|  -12.490461|  -11.941167|    0.116191|    0.001567|
|         535|  -12.503241|  -11.953875|    0.116191|    0.001567|
|         536|  -12.516109|  -11.966665|    0.116191|    0.001567|
|         537|  -12.529068|  -11.979545|    0.116191|    0.001567|
|         538|  -12.542126|  -11.992521|    0.116191|    0.001567|
|         539|  -12.555287|  -12.005600|    0.116191|    0.001567|
|         540|  -12.568553|  -12.018784|    0.116191|    0.001567|
|         541|  -12.581928|  -12.032080|    0.116191|    0.001567|
|         542|  -12.595412|  -12.045485|    0.116191|    0.001567|
|         543|  -12.609006|  -12.059004|    0.116191|    0.001567|
|         544|  -12.622707|  -12.072636|    0.116191|    0.001567|
|         545|  -12.636512|  -12.086377|    0.116191|    0.001567|
|         546|  -12.650421|  -12.100227|    0.116191|    0.001567|
|         547|  -12.664422|  -12.114177|    0.116191|    0.001567|
|         548|  -12.678515|  -12.128226|    0.116191|    0.001567|
|         549|  -12.692688|  -12.142365|    0.116191|    0.001567|
|         550|  -12.706937|  -12.156587|    0.116191|    0.001567|
|         551|  -12.721248|  -12.170882|    0.116191|    0.001567|
|         552|  -12.735612|  -12.185239|    0.116191|    0.001567|
|         553|  -12.750019|  -12.199649|    0.116191|    0.001567|
|         554|  -12.764456|  -12.214098|    0.116191|    0.001567|
|         555|  -12.778907|  -12.228573|    0.116191|    0.001567|
|         556|  -12.793362|  -12.243059|    0.116191|    0.001567|
|         557|  -12.807808|  -12.257548|    0.116191|    0.001567|
|         558|  -12.822228|  -12.272018|    0.116191|    0.001567|
|         559|  -12.836609|  -12.286457|    0.116191|    0.001567|
|         560|  -12.850938|  -12.300851|    0.116191|    0.001567|
|         561|  -12.865201|  -12.315187|    0.116191|    0.001567|
|         562|  -12.879385|  -12.329448|    0.116191|    0.001567|
|         563|  -12.893482|  -12.343627|    0.116191|    0.001567|
|         564|  -12.907478|  -12.357708|    0.116191|    0.001567|
|         565|  -12.921367|  -12.371683|    0.116191|    0.001567|
|         566|  -12.935140|  -12.385544|    0.116191|    0.001567|
|         567|  -12.948789|  -12.399279|    0.116191|    0.001567|
|         568|  -12.962314|  -12.412889|    0.116191|    0.001567|
|         569|  -12.975714|  -12.426373|    0.116191|    0.001567|
|         570|  -12.988989|  -12.439723|    0.116191|    0.001567|
|         571|  -13.002136|  -12.452942|    0.116191|    0.001567|

----------------------------- Solver Exit -------------------------------
All convergence criteria satisfied.
+-----------------------------------------------------------------------+
|      Convergence Field     |     Value    |   Criterion  |  Converged |
+-----------------------------------------------------------------------+
|                    rms[Rho]|      -13.0021|         < -13|         Yes|
+-----------------------------------------------------------------------+
-------------------------------------------------------------------------
+-----------------------------------------------------------------------+
|        File Writing Summary       |              Filename             |
+-----------------------------------------------------------------------+
|SU2 binary restart                 |restart_flow.dat                   |
|Paraview                           |flow.vtu                           |
|Paraview surface                   |surface_flow.vtu                   |
|CSV file                           |surface_flow.csv                   |
+-----------------------------------------------------------------------+

--------------------------- Finalizing Solver ---------------------------
Deleted CNumerics container.
Deleted CIntegration container.
Deleted CSolver container.
Deleted CIteration container.
Deleted CInterface container.
Deleted CGeometry container.
Deleted CFreeFormDefBox class.
Deleted CSurfaceMovement class.
Deleted CVolumetricMovement class.
Deleted CConfig container.
Deleted nInst container.
Deleted COutput class.
-------------------------------------------------------------------------

------------------------- Exit Success (SU2_CFD) ------------------------

