
-------------------------------------------------------------------------
|    ___ _   _ ___                                                      |
|   / __| | | |_  )   Release 8.3.0 "Harrier"                           |
|   \__ \ |_| |/ /                                                      |
|   |___/\___//___|   Suite (Computational Fluid Dynamics Code)         |
|                                                                       |
-------------------------------------------------------------------------
| SU2 Project Website: https://su2code.github.io                        |
|                                                                       |
| The SU2 Project is maintained by the SU2 Foundation                   |
| (http://su2foundation.org)                                            |
-------------------------------------------------------------------------
| Copyright 2012-2025, SU2 Contributors                                 |
|                                                                       |
| SU2 is free software; you can redistribute it and/or                  |
| modify it under the terms of the GNU Lesser General Public            |
| License as published by the Free Software Foundation; either          |
| version 2.1 of the License, or (at your option) any later version.    |
|                                                                       |
| SU2 is distributed in the hope that it will be useful,                |
| but WITHOUT ANY WARRANTY; without even the implied warranty of        |
| MERCHANTABILITY or FITNESS FOR A PARTICULAR PURPOSE. See the GNU      |
| Lesser General Public License for more details.                       |
|                                                                       |
| You should have received a copy of the GNU Lesser General Public      |
| License along with SU2. If not, see <http://www.gnu.org/licenses/>.   |
-------------------------------------------------------------------------

Parsing config file for zone 0

----------------- Physical Case Definition ( Zone 0 ) -------------------
Compressible Euler equations.
Mach number: 0.8.
Angle of attack (AoA): 1.25 deg, and angle of sideslip (AoS): 0 deg.
Reading and writing binary SU2 native restart files.
Read flow solution from: solution_flow.
Non-Dimensional simulation (P=1.0, Rho=1.0, T=1.0 at the farfield).
The reference area is 1 m^2.
The semi-span will be computed using the max y(3D) value.
The reference length is 1 m.
Reference origin for moment evaluation is (0.25, 0, 0).
Surface(s) where the force coefficients are evaluated: airfoil.

Surface(s) plotted in the output file: airfoil.
Surface(s) affected by the design variables: airfoil.
Input mesh file name: mesh_NACA0012_inv_deform.su2

--------------- Space Numerical Integration ( Zone 0 ) ------------------
Jameson-Schmidt-Turkel scheme (2nd order in space) for the flow inviscid terms.
JST viscous coefficients (2nd & 4th): 0.5, 0.02.
The method includes a grid stretching correction (p = 0.3).
Gradient for viscous and source terms: Green-Gauss.

--------------- Time Numerical Integration  ( Zone 0 ) ------------------
Local time stepping (steady state simulation).
Euler implicit method for the flow equations.
FGMRES is used for solving the linear system.
Using a LU-SGS preconditioning.
Convergence criteria of the linear solver: 0.0001.
Max number of linear iterations: 2.
V Multigrid Cycle, with 2 multigrid levels.
Damping factor for the residual restriction: 1.
Damping factor for the correction prolongation: 1.
No CFL adaptation.
+-------------------------------------------+
|  MG Level| Presmooth|PostSmooth|CorrectSmo|
+-------------------------------------------+
|         0|         1|         0|         0|
|         1|         2|         0|         0|
|         2|         3|         0|         0|
+-------------------------------------------+
Courant-Friedrichs-Lewy number:       10

------------------ Convergence Criteria  ( Zone 0 ) ---------------------
Maximum number of solver subiterations: 1000.
Begin convergence monitoring at iteration 10.
Residual minimum value: 1e-13.
Cauchy series min. value: 1e-06.
Number of Cauchy elements: 100.
Begin windowed time average at iteration 0.

-------------------- Output Information ( Zone 0 ) ----------------------
File writing frequency: 
+------------------------------------+
|                     File| Frequency|
+------------------------------------+
|                  RESTART|       250|
|                 PARAVIEW|       250|
|         SURFACE_PARAVIEW|       250|
|              SURFACE_CSV|       250|
+------------------------------------+
Writing the convergence history file every 1 inner iterations.
Writing the screen convergence history every 1 inner iterations.
The tabular file format is CSV (.csv).
Convergence history file name: history_direct.
Forces breakdown file name: forces_breakdown.dat.
Surface file name: surface_flow.
Volume file name: flow.
Restart file name: restart_flow.

------------- Config File Boundary Information ( Zone 0 ) ---------------
+-----------------------------------------------------------------------+
|                        Marker Type|                        Marker Name|
+-----------------------------------------------------------------------+
|                         Euler wall|                            airfoil|
+-----------------------------------------------------------------------+
|                          Far-field|                           farfield|
+-----------------------------------------------------------------------+

-------------------- Output Preprocessing ( Zone 0 ) --------------------

WARNING: SURFACE_PRESSURE_DROP can only be computed for at least 2 surfaces (outlet, inlet, ...)

Screen output fields: INNER_ITER, RMS_DENSITY, RMS_ENERGY, LIFT, DRAG
History output group(s): ITER, RMS_RES, AERO_COEFF
Convergence field(s): RMS_DENSITY
Warning: No (valid) fields chosen for time convergence monitoring. Time convergence monitoring inactive.
Volume output fields: COORDINATES, SOLUTION, PRIMITIVE

------------------- Geometry Preprocessing ( Zone 0 ) -------------------
Two dimensional problem.
5233 grid points.
10216 volume elements.
2 surface markers.
200 boundary elements in index 0 (Marker = airfoil).
50 boundary elements in index 1 (Marker = farfield).
10216 triangles.
Setting point connectivity.
Renumbering points (Reverse Cuthill McKee Ordering).
Recomputing point connectivity.
Setting element connectivity.
Checking the numerical grid orientation.
All volume elements are correctly oriented.
All surface elements are correctly oriented.
Identifying edges and vertices.
Setting the control volume structure.
Area of the computational grid: 1253.25.
Searching for the closest normal neighbors to the surfaces.
Storing a mapping from global to local point index.
Compute the surface curvature.
Max K: 7835.1. Mean K: 35.041. Standard deviation K: 494.41.
Checking for periodicity.
Computing mesh quality statistics for the dual control volumes.
+--------------------------------------------------------------+
|           Mesh Quality Metric|        Minimum|        Maximum|
+--------------------------------------------------------------+
|    Orthogonality Angle (deg.)|        62.8562|        89.7064|
|     CV Face Area Aspect Ratio|        1.01157|        7.19147|
|           CV Sub-Volume Ratio|        1.00252|        6.47631|
+--------------------------------------------------------------+
Setting the multigrid structure.
+-------------------------------------------+
|  MG Level|       CVs|Aggl. Rate|       CFL|
+-------------------------------------------+
|         0|      5233|    1/1.00|        10|
|         1|      1690|     1/3.1|   8.52431|
|         2|       649|     1/2.6|   7.92373|
+-------------------------------------------+
Finding max control volume width.
Wetted area = 2.04405 m.
Area projection in the x-plane = 0.121263 m, y-plane = 0.999845 m.
Max. coordinate in the x-direction = 1 m, y-direction = 0.0564275 m.
Min. coordinate in the x-direction = 0 m, y-direction = -0.0648438 m.
Computing wall distances.

-------------------- Solver Preprocessing ( Zone 0 ) --------------------
Inviscid flow: Computing density based on free-stream
temperature and pressure using the ideal gas law.
Force coefficients computed using free-stream values.

-- Models:
+------------------------------------------------------------------------------+
|          Viscosity Model|        Conductivity Model|              Fluid Model|
+------------------------------------------------------------------------------+
|                        -|                         -|             STANDARD_AIR|
+------------------------------------------------------------------------------+
-- Fluid properties:
+------------------------------------------------------------------------------+
|                  Name|    Dim. value|    Ref. value|      Unit|Non-dim. value|
+------------------------------------------------------------------------------+
|          Gas Constant|       287.058|       287.058|  N.m/kg.K|             1|
|      Spec. Heat Ratio|             -|             -|         -|           1.4|
+------------------------------------------------------------------------------+
-- Initial and free-stream conditions:
+------------------------------------------------------------------------------+
|                  Name|    Dim. value|    Ref. value|      Unit|Non-dim. value|
+------------------------------------------------------------------------------+
|       Static Pressure|        101325|        101325|        Pa|             1|
|               Density|       1.22498|       1.22498|    kg/m^3|             1|
|           Temperature|        288.15|        288.15|         K|             1|
|          Total Energy|        243846|       82715.8|   m^2/s^2|         2.948|
|            Velocity-X|       272.173|       287.603|       m/s|      0.946348|
|            Velocity-Y|       5.93883|       287.603|       m/s|     0.0206494|
|    Velocity Magnitude|       272.238|       287.603|       m/s|      0.946573|
+------------------------------------------------------------------------------+
|           Mach Number|             -|             -|         -|           0.8|
+------------------------------------------------------------------------------+
Initialize Jacobian structure (Euler). MG level: 0.
Initialize Jacobian structure (Euler). MG level: 1.
Initialize Jacobian structure (Euler). MG level: 2.

------------------- Numerics Preprocessing ( Zone 0 ) -------------------

----------------- Integration Preprocessing ( Zone 0 ) ------------------

------------------- Iteration Preprocessing ( Zone 0 ) ------------------
Euler/Navier-Stokes/RANS fluid iteration.

------------------------------ Begin Solver -----------------------------

Simulation Run using the Single-zone Driver
WARNING: SU2 was not compiled for an AVX-capable architecture. Performance could be better,
         see https://su2code.github.io/docs_v7/Build-SU2-Linux-MacOS/#compiler-optimizations
WARNING: SU2 was not compiled for an AVX-capable architecture. Performance could be better,
         see https://su2code.github.io/docs_v7/Build-SU2-Linux-MacOS/#compiler-optimizations
WARNING: SU2 was not compiled for an AVX-capable architecture. Performance could be better,
         see https://su2code.github.io/docs_v7/Build-SU2-Linux-MacOS/#compiler-optimizations
+----------------------------------------------------------------+
|  Inner_Iter|    rms[Rho]|   rms[RhoE]|          CL|          CD|
+----------------------------------------------------------------+
|           0|   -4.678198|   -4.081818|    0.107831|    0.012374|
|           1|   -4.977366|   -4.379509|    0.105761|    0.005380|
|           2|   -4.894750|   -4.306591|    0.110193|    0.004514|
|           3|   -4.867918|   -4.281942|    0.107239|    0.004622|
|           4|   -4.825488|   -4.244057|    0.102988|    0.004031|
|           5|   -4.810051|   -4.232472|    0.101164|    0.003662|
|           6|   -4.796638|   -4.223659|    0.099409|    0.003499|
|           7|   -4.782997|   -4.213039|    0.097100|    0.003371|
|           8|   -4.769582|   -4.202447|    0.094847|    0.003216|
|           9|   -4.765761|   -4.202000|    0.093113|    0.003053|
|          10|   -4.758293|   -4.196477|    0.091731|    0.002921|
|          11|   -4.752776|   -4.192957|    0.090427|    0.002813|
|          12|   -4.748073|   -4.190096|    0.089139|    0.002706|
|          13|   -4.746199|   -4.189221|    0.087919|    0.002600|
|          14|   -4.747851|   -4.190879|    0.086830|    0.002508|
|          15|   -4.751145|   -4.193524|    0.085860|    0.002433|
|          16|   -4.755619|   -4.197423|    0.084987|    0.002375|
|          17|   -4.762011|   -4.203594|    0.084186|    0.002326|
|          18|   -4.771564|   -4.213242|    0.083378|    0.002283|
|          19|   -4.783489|   -4.225511|    0.082591|    0.002247|
|          20|   -4.796061|   -4.238344|    0.081829|    0.002222|
|          21|   -4.809151|   -4.251520|    0.081093|    0.002211|
|          22|   -4.823293|   -4.265711|    0.080389|    0.002216|
|          23|   -4.838893|   -4.281293|    0.079700|    0.002235|
|          24|   -4.857821|   -4.300190|    0.079025|    0.002270|
|          25|   -4.882146|   -4.324647|    0.078342|    0.002319|
|          26|   -4.909350|   -4.351899|    0.077649|    0.002379|
|          27|   -4.937645|   -4.379792|    0.076939|    0.002448|
|          28|   -4.965058|   -4.406338|    0.076206|    0.002523|
|          29|   -4.991128|   -4.431352|    0.075443|    0.002601|
|          30|   -5.016476|   -4.455618|    0.074639|    0.002680|
|          31|   -5.045244|   -4.483481|    0.073786|    0.002756|
|          32|   -5.074646|   -4.512075|    0.072918|    0.002829|
|          33|   -5.106216|   -4.542789|    0.072023|    0.002898|
|          34|   -5.139404|   -4.575401|    0.071107|    0.002958|
|          35|   -5.173829|   -4.609640|    0.070184|    0.003010|
|          36|   -5.208221|   -4.643884|    0.069259|    0.003052|
|          37|   -5.241017|   -4.676537|    0.068348|    0.003085|
|          38|   -5.271943|   -4.707586|    0.067459|    0.003108|
|          39|   -5.300190|   -4.736258|    0.066586|    0.003120|
|          40|   -5.326784|   -4.763517|    0.065738|    0.003122|
|          41|   -5.351513|   -4.788993|    0.064920|    0.003114|
|          42|   -5.374884|   -4.813106|    0.064140|    0.003099|
|          43|   -5.397756|   -4.836706|    0.063401|    0.003079|
|          44|   -5.420715|   -4.860368|    0.062708|    0.003054|
|          45|   -5.444001|   -4.884290|    0.062063|    0.003028|
|          46|   -5.467595|   -4.908408|    0.061468|    0.003001|
|          47|   -5.491405|   -4.932595|    0.060921|    0.002976|
|          48|   -5.515117|   -4.956501|    0.060422|    0.002954|
|          49|   -5.538504|   -4.979900|    0.059969|    0.002935|
|          50|   -5.561274|   -5.002559|    0.059560|    0.002921|
|          51|   -5.583154|   -5.024270|    0.059191|    0.002911|
|          52|   -5.603909|   -5.044861|    0.058861|    0.002906|
|          53|   -5.623422|   -5.064266|    0.058566|    0.002906|
|          54|   -5.641633|   -5.082451|    0.058302|    0.002910|
|          55|   -5.658300|   -5.099187|    0.058065|    0.002917|
|          56|   -5.673810|   -5.114892|    0.057854|    0.002928|
|          57|   -5.688176|   -5.129532|    0.057665|    0.002941|
|          58|   -5.701412|   -5.143107|    0.057494|    0.002955|
|          59|   -5.713510|   -5.155597|    0.057340|    0.002971|
|          60|   -5.724349|   -5.166865|    0.057198|    0.002987|
|          61|   -5.733792|   -5.176759|    0.057067|    0.003003|
|          62|   -5.741758|   -5.185187|    0.056945|    0.003018|
|          63|   -5.748222|   -5.192114|    0.056831|    0.003033|
|          64|   -5.753226|   -5.197571|    0.056723|    0.003047|
|          65|   -5.756828|   -5.201598|    0.056621|    0.003060|
|          66|   -5.759252|   -5.204415|    0.056523|    0.003071|
|          67|   -5.760722|   -5.206234|    0.056429|    0.003081|
|          68|   -5.761522|   -5.207331|    0.056339|    0.003090|
|          69|   -5.761992|   -5.208051|    0.056252|    0.003099|
|          70|   -5.762585|   -5.208849|    0.056168|    0.003106|
|          71|   -5.763408|   -5.209819|    0.056087|    0.003112|
|          72|   -5.764636|   -5.211140|    0.056009|    0.003118|
|          73|   -5.766462|   -5.213009|    0.055934|    0.003124|
|          74|   -5.769037|   -5.215586|    0.055863|    0.003129|
|          75|   -5.772477|   -5.218994|    0.055794|    0.003133|
|          76|   -5.776799|   -5.223245|    0.055729|    0.003138|
|          77|   -5.782090|   -5.228435|    0.055667|    0.003142|
|          78|   -5.788432|   -5.234658|    0.055607|    0.003147|
|          79|   -5.795831|   -5.241928|    0.055552|    0.003151|
|          80|   -5.804248|   -5.250208|    0.055499|    0.003156|
|          81|   -5.813619|   -5.259430|    0.055449|    0.003161|
|          82|   -5.823875|   -5.269538|    0.055402|    0.003165|
|          83|   -5.834991|   -5.280546|    0.055358|    0.003170|
|          84|   -5.846930|   -5.292362|    0.055316|    0.003175|
|          85|   -5.859635|   -5.304919|    0.055276|    0.003179|
|          86|   -5.873002|   -5.318154|    0.055238|    0.003183|
|          87|   -5.886953|   -5.332005|    0.055202|    0.003187|
|          88|   -5.901423|   -5.346408|    0.055166|    0.003191|
|          89|   -5.916355|   -5.361313|    0.055132|    0.003195|
|          90|   -5.931680|   -5.376649|    0.055099|    0.003198|
|          91|   -5.947343|   -5.392360|    0.055066|    0.003202|
|          92|   -5.963286|   -5.408391|    0.055033|    0.003205|
|          93|   -5.979427|   -5.424661|    0.055001|    0.003207|
|          94|   -5.995309|   -5.440723|    0.054969|    0.003210|
|          95|   -6.011124|   -5.456793|    0.054937|    0.003212|
|          96|   -6.026921|   -5.472866|    0.054905|    0.003214|
|          97|   -6.042662|   -5.488899|    0.054872|    0.003216|
|          98|   -6.058307|   -5.504870|    0.054840|    0.003218|
|          99|   -6.073811|   -5.520728|    0.054807|    0.003219|
|         100|   -6.089130|   -5.536423|    0.054773|    0.003221|
|         101|   -6.104222|   -5.551908|    0.054740|    0.003222|
|         102|   -6.119065|   -5.567153|    0.054706|    0.003224|
|         103|   -6.133635|   -5.582126|    0.054673|    0.003225|
|         104|   -6.147909|   -5.596793|    0.054639|    0.003226|
|         105|   -6.161880|   -5.611139|    0.054606|    0.003227|
|         106|   -6.175552|   -5.625155|    0.054573|    0.003228|
|         107|   -6.188940|   -5.638848|    0.054540|    0.003229|
|         108|   -6.202073|   -5.652239|    0.054508|    0.003230|
|         109|   -6.214999|   -5.665366|    0.054477|    0.003230|
|         110|   -6.227743|   -5.678241|    0.054446|    0.003231|
|         111|   -6.240296|   -5.690851|    0.054416|    0.003232|
|         112|   -6.252689|   -5.703228|    0.054387|    0.003232|
|         113|   -6.264962|   -5.715411|    0.054359|    0.003233|
|         114|   -6.277161|   -5.727449|    0.054332|    0.003233|
|         115|   -6.289322|   -5.739387|    0.054307|    0.003233|
|         116|   -6.301437|   -5.751223|    0.054282|    0.003234|
|         117|   -6.313540|   -5.763002|    0.054259|    0.003234|
|         118|   -6.325642|   -5.774748|    0.054237|    0.003234|
|         119|   -6.337747|   -5.786474|    0.054217|    0.003234|
|         120|   -6.349863|   -5.798210|    0.054197|    0.003234|
|         121|   -6.361985|   -5.809969|    0.054180|    0.003235|
|         122|   -6.374101|   -5.821747|    0.054163|    0.003235|
|         123|   -6.386207|   -5.833545|    0.054147|    0.003235|
|         124|   -6.398280|   -5.845350|    0.054133|    0.003235|
|         125|   -6.410294|   -5.857156|    0.054120|    0.003235|
|         126|   -6.422279|   -5.869014|    0.054108|    0.003235|
|         127|   -6.434206|   -5.880888|    0.054098|    0.003235|
|         128|   -6.446070|   -5.892778|    0.054088|    0.003236|
|         129|   -6.457895|   -5.904715|    0.054079|    0.003236|
|         130|   -6.469670|   -5.916680|    0.054071|    0.003236|
|         131|   -6.481379|   -5.928656|    0.054064|    0.003236|
|         132|   -6.493014|   -5.940635|    0.054058|    0.003237|
|         133|   -6.504549|   -5.952582|    0.054053|    0.003237|
|         134|   -6.515968|   -5.964473|    0.054048|    0.003238|
|         135|   -6.527247|   -5.976271|    0.054044|    0.003238|
|         136|   -6.538377|   -5.987953|    0.054041|    0.003239|
|         137|   -6.549335|   -5.999483|    0.054038|    0.003239|
|         138|   -6.560079|   -6.010804|    0.054035|    0.003240|
|         139|   -6.570608|   -6.021905|    0.054033|    0.003240|
|         140|   -6.580933|   -6.032783|    0.054032|    0.003241|
|         141|   -6.591037|   -6.043405|    0.054031|    0.003241|
|         142|   -6.600898|   -6.053731|    0.054030|    0.003242|
|         143|   -6.610510|   -6.063744|    0.054029|    0.003242|
|         144|   -6.619894|   -6.073459|    0.054028|    0.003243|
|         145|   -6.629065|   -6.082882|    0.054028|    0.003243|
|         146|   -6.638029|   -6.092007|    0.054028|    0.003244|
|         147|   -6.646796|   -6.100842|    0.054028|    0.003245|
|         148|   -6.655405|   -6.109426|    0.054029|    0.003245|
|         149|   -6.663877|   -6.117780|    0.054029|    0.003246|
|         150|   -6.672236|   -6.125938|    0.054029|    0.003246|
|         151|   -6.680519|   -6.133940|    0.054030|    0.003247|
|         152|   -6.688755|   -6.141826|    0.054030|    0.003247|
|         153|   -6.696961|   -6.149623|    0.054031|    0.003247|
|         154|   -6.705190|   -6.157397|    0.054031|    0.003248|
|         155|   -6.713473|   -6.165188|    0.054032|    0.003248|
|         156|   -6.721826|   -6.173024|    0.054032|    0.003249|
|         157|   -6.730288|   -6.180955|    0.054033|    0.003249|
|         158|   -6.738890|   -6.189024|    0.054033|    0.003249|
|         159|   -6.747655|   -6.197267|    0.054033|    0.003250|
|         160|   -6.756602|   -6.205710|    0.054033|    0.003250|
|         161|   -6.765744|   -6.214380|    0.054034|    0.003250|
|         162|   -6.775090|   -6.223288|    0.054033|    0.003251|
|         163|   -6.784643|   -6.232442|    0.054033|    0.003251|
|         164|   -6.794430|   -6.241878|    0.054033|    0.003251|
|         165|   -6.804438|   -6.251593|    0.054032|    0.003251|
|         166|   -6.814657|   -6.261580|    0.054032|    0.003252|
|         167|   -6.825087|   -6.271841|    0.054031|    0.003252|
|         168|   -6.835726|   -6.282379|    0.054030|    0.003252|
|         169|   -6.846555|   -6.293172|    0.054029|    0.003252|
|         170|   -6.857565|   -6.304211|    0.054028|    0.003252|
|         171|   -6.868751|   -6.315499|    0.054027|    0.003253|
|         172|   -6.880091|   -6.327005|    0.054025|    0.003253|
|         173|   -6.891567|   -6.338711|    0.054024|    0.003253|
|         174|   -6.903159|   -6.350597|    0.054022|    0.003253|
|         175|   -6.914859|   -6.362650|    0.054020|    0.003253|
|         176|   -6.926664|   -6.374861|    0.054018|    0.003253|
|         177|   -6.938554|   -6.387198|    0.054016|    0.003253|
|         178|   -6.950498|   -6.399618|    0.054014|    0.003253|
|         179|   -6.962520|   -6.412138|    0.054012|    0.003253|
|         180|   -6.974674|   -6.424814|    0.054010|    0.003253|
|         181|   -6.986918|   -6.437582|    0.054007|    0.003253|
|         182|   -6.999216|   -6.450395|    0.054005|    0.003253|
|         183|   -7.011569|   -6.463246|    0.054003|    0.003253|
|         184|   -7.023940|   -6.476083|    0.054000|    0.003254|
|         185|   -7.036311|   -6.488877|    0.053998|    0.003254|
|         186|   -7.048664|   -6.501604|    0.053995|    0.003254|
|         187|   -7.060993|   -6.514244|    0.053993|    0.003254|
|         188|   -7.073293|   -6.526788|    0.053991|    0.003254|
|         189|   -7.085559|   -6.539224|    0.053988|    0.003254|
|         190|   -7.097764|   -6.551519|    0.053986|    0.003254|
|         191|   -7.109900|   -6.563665|    0.053984|    0.003254|
|         192|   -7.121966|   -6.575666|    0.053981|    0.003253|
|         193|   -7.133967|   -6.587523|    0.053979|    0.003253|
|         194|   -7.145900|   -6.599234|    0.053977|    0.003253|
|         195|   -7.157755|   -6.610796|    0.053975|    0.003253|
|         196|   -7.169528|   -6.622212|    0.053973|    0.003253|
|         197|   -7.181219|   -6.633491|    0.053971|    0.003253|
|         198|   -7.192815|   -6.644630|    0.053969|    0.003253|
|         199|   -7.204292|   -6.655615|    0.053967|    0.003253|
|         200|   -7.215690|   -6.666501|    0.053966|    0.003253|
|         201|   -7.227015|   -6.677304|    0.053964|    0.003253|
|         202|   -7.238267|   -6.688034|    0.053963|    0.003253|
|         203|   -7.249460|   -6.698713|    0.053961|    0.003253|
|         204|   -7.260605|   -6.709364|    0.053960|    0.003253|
|         205|   -7.271674|   -6.719971|    0.053959|    0.003253|
|         206|   -7.282693|   -6.730574|    0.053958|    0.003253|
|         207|   -7.293715|   -6.741228|    0.053956|    0.003253|
|         208|   -7.304765|   -6.751960|    0.053955|    0.003253|
|         209|   -7.315851|   -6.762783|    0.053955|    0.003253|
|         210|   -7.326979|   -6.773711|    0.053954|    0.003253|
|         211|   -7.338160|   -6.784758|    0.053953|    0.003253|
|         212|   -7.349406|   -6.795939|    0.053952|    0.003253|
|         213|   -7.360727|   -6.807262|    0.053952|    0.003253|
|         214|   -7.372130|   -6.818736|    0.053951|    0.003253|
|         215|   -7.383619|   -6.830363|    0.053951|    0.003253|
|         216|   -7.395200|   -6.842144|    0.053951|    0.003253|
|         217|   -7.406874|   -6.854079|    0.053950|    0.003253|
|         218|   -7.418644|   -6.866165|    0.053950|    0.003253|
|         219|   -7.430506|   -6.878393|    0.053950|    0.003253|
|         220|   -7.442458|   -6.890753|    0.053950|    0.003253|
|         221|   -7.454494|   -6.903233|    0.053950|    0.003253|
|         222|   -7.466607|   -6.915817|    0.053950|    0.003253|
|         223|   -7.478786|   -6.928484|    0.053950|    0.003253|
|         224|   -7.491022|   -6.941217|    0.053950|    0.003253|
|         225|   -7.503302|   -6.953991|    0.053950|    0.003253|
|         226|   -7.515613|   -6.966786|    0.053950|    0.003253|
|         227|   -7.527944|   -6.979578|    0.053950|    0.003253|
|         228|   -7.540279|   -6.992345|    0.053951|    0.003253|
|         229|   -7.552608|   -7.005065|    0.053951|    0.003253|
|         230|   -7.564914|   -7.017714|    0.053951|    0.003253|
|         231|   -7.577185|   -7.030271|    0.053951|    0.003253|
|         232|   -7.589408|   -7.042714|    0.053952|    0.003253|
|         233|   -7.601568|   -7.055027|    0.053952|    0.003253|
|         234|   -7.613656|   -7.067192|    0.053952|    0.003253|
|         235|   -7.625660|   -7.079198|    0.053953|    0.003254|
|         236|   -7.637575|   -7.091039|    0.053953|    0.003254|
|         237|   -7.649395|   -7.102711|    0.053953|    0.003254|
|         238|   -7.661119|   -7.114215|    0.053954|    0.003254|
|         239|   -7.672747|   -7.125558|    0.053954|    0.003254|
|         240|   -7.684280|   -7.136748|    0.053955|    0.003254|
|         241|   -7.695724|   -7.147798|    0.053955|    0.003254|
|         242|   -7.707086|   -7.158723|    0.053955|    0.003254|
|         243|   -7.718374|   -7.169542|    0.053956|    0.003254|
|         244|   -7.729599|   -7.180275|    0.053956|    0.003254|
|         245|   -7.740772|   -7.190944|    0.053956|    0.003254|
|         246|   -7.751908|   -7.201572|    0.053956|    0.003254|
|         247|   -7.763020|   -7.212185|    0.053957|    0.003254|
|         248|   -7.774124|   -7.222807|    0.053957|    0.003254|
|         249|   -7.785235|   -7.233462|    0.053957|    0.003254|
|         250|   -7.796371|   -7.244174|    0.053958|    0.003254|
+-----------------------------------------------------------------------+
|        File Writing Summary       |              Filename             |
+-----------------------------------------------------------------------+
|SU2 binary restart                 |restart_flow.dat                   |
|Paraview                           |flow.vtu                           |
|Paraview surface                   |surface_flow.vtu                   |
|CSV file                           |surface_flow.csv                   |
+-----------------------------------------------------------------------+
+----------------------------------------------------------------+
|  Inner_Iter|    rms[Rho]|   rms[RhoE]|          CL|          CD|
+----------------------------------------------------------------+
|         251|   -7.807546|   -7.254968|    0.053958|    0.003254|
|         252|   -7.818777|   -7.265864|    0.053958|    0.003254|
|         253|   -7.830079|   -7.276883|    0.053958|    0.003254|
|         254|   -7.841466|   -7.288043|    0.053958|    0.003254|
|         255|   -7.852952|   -7.299362|    0.053958|    0.003254|
|         256|   -7.864547|   -7.310852|    0.053959|    0.003254|
|         257|   -7.876264|   -7.322526|    0.053959|    0.003254|
|         258|   -7.888110|   -7.334394|    0.053959|    0.003254|
|         259|   -7.900094|   -7.346460|    0.053959|    0.003254|
|         260|   -7.912219|   -7.358729|    0.053959|    0.003254|
|         261|   -7.924489|   -7.371200|    0.053959|    0.003254|
|         262|   -7.936904|   -7.383872|    0.053959|    0.003254|
|         263|   -7.949464|   -7.396738|    0.053959|    0.003254|
|         264|   -7.962164|   -7.409790|    0.053959|    0.003254|
|         265|   -7.974999|   -7.423016|    0.053959|    0.003254|
|         266|   -7.987960|   -7.436401|    0.053959|    0.003254|
|         267|   -8.001038|   -7.449928|    0.053959|    0.003254|
|         268|   -8.014221|   -7.463576|    0.053959|    0.003254|
|         269|   -8.027493|   -7.477324|    0.053959|    0.003254|
|         270|   -8.040839|   -7.491145|    0.053959|    0.003254|
|         271|   -8.054242|   -7.505015|    0.053959|    0.003254|
|         272|   -8.067686|   -7.518907|    0.053958|    0.003254|
|         273|   -8.081151|   -7.532795|    0.053958|    0.003254|
|         274|   -8.094619|   -7.546650|    0.053958|    0.003254|
|         275|   -8.108071|   -7.560445|    0.053958|    0.003254|
|         276|   -8.121487|   -7.574153|    0.053958|    0.003254|
|         277|   -8.134849|   -7.587747|    0.053958|    0.003254|
|         278|   -8.148137|   -7.601203|    0.053958|    0.003254|
|         279|   -8.161335|   -7.614499|    0.053958|    0.003254|
|         280|   -8.174428|   -7.627617|    0.053958|    0.003254|
|         281|   -8.187402|   -7.640543|    0.053957|    0.003254|
|         282|   -8.200249|   -7.653269|    0.053957|    0.003254|
|         283|   -8.212961|   -7.665791|    0.053957|    0.003254|
|         284|   -8.225535|   -7.678108|    0.053957|    0.003254|
|         285|   -8.237969|   -7.690227|    0.053957|    0.003254|
|         286|   -8.250266|   -7.702155|    0.053957|    0.003254|
|         287|   -8.262431|   -7.713907|    0.053957|    0.003254|
|         288|   -8.274471|   -7.725499|    0.053957|    0.003254|
|         289|   -8.286397|   -7.736951|    0.053956|    0.003254|
|         290|   -8.298221|   -7.748286|    0.053956|    0.003254|
|         291|   -8.309958|   -7.759529|    0.053956|    0.003254|
|         292|   -8.321625|   -7.770706|    0.053956|    0.003254|
|         293|   -8.333238|   -7.781844|    0.053956|    0.003254|
|         294|   -8.344818|   -7.792971|    0.053956|    0.003254|
|         295|   -8.356383|   -7.804115|    0.053956|    0.003254|
|         296|   -8.367953|   -7.815302|    0.053956|    0.003254|
|         297|   -8.379547|   -7.826559|    0.053956|    0.003254|
|         298|   -8.391184|   -7.837909|    0.053956|    0.003254|
|         299|   -8.402882|   -7.849375|    0.053956|    0.003254|
|         300|   -8.414658|   -7.860977|    0.053956|    0.003254|
|         301|   -8.426527|   -7.872732|    0.053956|    0.003254|
|         302|   -8.438502|   -7.884655|    0.053955|    0.003254|
|         303|   -8.450595|   -7.896759|    0.053955|    0.003254|
|         304|   -8.462815|   -7.909051|    0.053955|    0.003254|
|         305|   -8.475169|   -7.921537|    0.053955|    0.003254|
|         306|   -8.487661|   -7.934219|    0.053955|    0.003254|
|         307|   -8.500295|   -7.947097|    0.053955|    0.003254|
|         308|   -8.513068|   -7.960165|    0.053955|    0.003254|
|         309|   -8.525979|   -7.973415|    0.053955|    0.003254|
|         310|   -8.539020|   -7.986837|    0.053955|    0.003254|
|         311|   -8.552186|   -8.000415|    0.053955|    0.003254|
|         312|   -8.565464|   -8.014133|    0.053955|    0.003254|
|         313|   -8.578842|   -8.027968|    0.053955|    0.003254|
|         314|   -8.592305|   -8.041899|    0.053955|    0.003254|
|         315|   -8.605838|   -8.055900|    0.053955|    0.003254|
|         316|   -8.619423|   -8.069945|    0.053955|    0.003254|
|         317|   -8.633041|   -8.084007|    0.053955|    0.003254|
|         318|   -8.646675|   -8.098059|    0.053955|    0.003254|
|         319|   -8.660306|   -8.112074|    0.053955|    0.003254|
|         320|   -8.673914|   -8.126023|    0.053955|    0.003254|
|         321|   -8.687480|   -8.139880|    0.053955|    0.003254|
|         322|   -8.700984|   -8.153616|    0.053955|    0.003254|
|         323|   -8.714408|   -8.167209|    0.053955|    0.003254|
|         324|   -8.727736|   -8.180635|    0.053955|    0.003254|
|         325|   -8.740953|   -8.193878|    0.053956|    0.003254|
|         326|   -8.754046|   -8.206926|    0.053956|    0.003254|
|         327|   -8.767008|   -8.219769|    0.053956|    0.003254|
|         328|   -8.779833|   -8.232406|    0.053956|    0.003254|
|         329|   -8.792518|   -8.244838|    0.053956|    0.003254|
|         330|   -8.805063|   -8.257072|    0.053956|    0.003254|
|         331|   -8.817474|   -8.269118|    0.053956|    0.003254|
|         332|   -8.829756|   -8.280992|    0.053956|    0.003254|
|         333|   -8.841919|   -8.292712|    0.053956|    0.003254|
|         334|   -8.853975|   -8.304300|    0.053956|    0.003254|
|         335|   -8.865937|   -8.315779|    0.053956|    0.003254|
|         336|   -8.877823|   -8.327176|    0.053956|    0.003254|
|         337|   -8.889648|   -8.338518|    0.053956|    0.003254|
|         338|   -8.901433|   -8.349834|    0.053956|    0.003254|
|         339|   -8.913197|   -8.361151|    0.053956|    0.003254|
|         340|   -8.924959|   -8.372498|    0.053956|    0.003254|
|         341|   -8.936740|   -8.383902|    0.053956|    0.003254|
|         342|   -8.948559|   -8.395389|    0.053956|    0.003254|
|         343|   -8.960435|   -8.406983|    0.053956|    0.003254|
|         344|   -8.972385|   -8.418706|    0.053956|    0.003254|
|         345|   -8.984426|   -8.430577|    0.053956|    0.003254|
|         346|   -8.996572|   -8.442614|    0.053956|    0.003254|
|         347|   -9.008837|   -8.454831|    0.053956|    0.003254|
|         348|   -9.021230|   -8.467238|    0.053956|    0.003254|
|         349|   -9.033760|   -8.479845|    0.053956|    0.003254|
|         350|   -9.046433|   -8.492654|    0.053956|    0.003254|
|         351|   -9.059253|   -8.505669|    0.053956|    0.003254|
|         352|   -9.072220|   -8.518885|    0.053956|    0.003254|
|         353|   -9.085333|   -8.532298|    0.053956|    0.003254|
|         354|   -9.098586|   -8.545899|    0.053956|    0.003254|
|         355|   -9.111975|   -8.559674|    0.053956|    0.003254|
|         356|   -9.125488|   -8.573607|    0.053956|    0.003254|
|         357|   -9.139113|   -8.587680|    0.053956|    0.003254|
|         358|   -9.152838|   -8.601871|    0.053956|    0.003254|
|         359|   -9.166645|   -8.616154|    0.053956|    0.003254|
|         360|   -9.180517|   -8.630503|    0.053956|    0.003254|
|         361|   -9.194436|   -8.644890|    0.053956|    0.003254|
|         362|   -9.208381|   -8.659287|    0.053956|    0.003254|
|         363|   -9.222333|   -8.673664|    0.053956|    0.003254|
|         364|   -9.236271|   -8.687992|    0.053956|    0.003254|
|         365|   -9.250176|   -8.702242|    0.053956|    0.003254|
|         366|   -9.264025|   -8.716385|    0.053956|    0.003254|
|         367|   -9.277800|   -8.730393|    0.053956|    0.003254|
|         368|   -9.291481|   -8.744239|    0.053956|    0.003254|
|         369|   -9.305051|   -8.757903|    0.053956|    0.003254|
|         370|   -9.318494|   -8.771366|    0.053956|    0.003254|
|         371|   -9.331800|   -8.784617|    0.053956|    0.003254|
|         372|   -9.344959|   -8.797647|    0.053956|    0.003254|
|         373|   -9.357967|   -8.810455|    0.053956|    0.003254|
|         374|   -9.370821|   -8.823043|    0.053956|    0.003254|
|         375|   -9.383524|   -8.835420|    0.053956|    0.003254|
|         376|   -9.396080|   -8.847598|    0.053956|    0.003254|
|         377|   -9.408496|   -8.859593|    0.053956|    0.003254|
|         378|   -9.420784|   -8.871426|    0.053956|    0.003254|
|         379|   -9.432957|   -8.883119|    0.053956|    0.003254|
|         380|   -9.445029|   -8.894700|    0.053956|    0.003254|
|         381|   -9.457019|   -8.906195|    0.053956|    0.003254|
|         382|   -9.468944|   -8.917633|    0.053956|    0.003254|
|         383|   -9.480826|   -8.929045|    0.053956|    0.003254|
|         384|   -9.492684|   -8.940460|    0.053956|    0.003254|
|         385|   -9.504540|   -8.951907|    0.053956|    0.003254|
|         386|   -9.516413|   -8.963413|    0.053956|    0.003254|
|         387|   -9.528326|   -8.975006|    0.053956|    0.003254|
|         388|   -9.540296|   -8.986710|    0.053956|    0.003254|
|         389|   -9.552342|   -8.998548|    0.053956|    0.003254|
|         390|   -9.564481|   -9.010538|    0.053956|    0.003254|
|         391|   -9.576726|   -9.022697|    0.053956|    0.003254|
|         392|   -9.589091|   -9.035040|    0.053956|    0.003254|
|         393|   -9.601586|   -9.047577|    0.053956|    0.003254|
|         394|   -9.614219|   -9.060314|    0.053956|    0.003254|
|         395|   -9.626994|   -9.073255|    0.053956|    0.003254|
|         396|   -9.639916|   -9.086400|    0.053956|    0.003254|
|         397|   -9.652983|   -9.099746|    0.053956|    0.003254|
|         398|   -9.666194|   -9.113285|    0.053956|    0.003254|
|         399|   -9.679542|   -9.127006|    0.053956|    0.003254|
|         400|   -9.693019|   -9.140894|    0.053956|    0.003254|
|         401|   -9.706615|   -9.154933|    0.053956|    0.003254|
|         402|   -9.720317|   -9.169100|    0.053956|    0.003254|
|         403|   -9.734108|   -9.183372|    0.053956|    0.003254|
|         404|   -9.747972|   -9.197722|    0.053956|    0.003254|
|         405|   -9.761889|   -9.212122|    0.053956|    0.003254|
|         406|   -9.775841|   -9.226542|    0.053956|    0.003254|
|         407|   -9.789807|   -9.240954|    0.053956|    0.003254|
|         408|   -9.803766|   -9.255327|    0.053956|    0.003254|
|         409|   -9.817697|   -9.269631|    0.053956|    0.003254|
|         410|   -9.831579|   -9.283835|    0.053956|    0.003254|
|         411|   -9.845391|   -9.297911|    0.053956|    0.003254|
|         412|   -9.859112|   -9.311830|    0.053956|    0.003254|
|         413|   -9.872725|   -9.325568|    0.053956|    0.003254|
|         414|   -9.886212|   -9.339106|    0.053956|    0.003254|
|         415|   -9.899562|   -9.352428|    0.053956|    0.003254|
|         416|   -9.912763|   -9.365526|    0.053956|    0.003254|
|         417|   -9.925809|   -9.378394|    0.053956|    0.003254|
|         418|   -9.938697|   -9.391035|    0.053956|    0.003254|
|         419|   -9.951428|   -9.403454|    0.053956|    0.003254|
|         420|   -9.964006|   -9.415664|    0.053956|    0.003254|
|         421|   -9.976437|   -9.427679|    0.053956|    0.003254|
|         422|   -9.988732|   -9.439520|    0.053956|    0.003254|
|         423|  -10.000903|   -9.451210|    0.053956|    0.003254|
|         424|  -10.012966|   -9.462775|    0.053956|    0.003254|
|         425|  -10.024938|   -9.474243|    0.053956|    0.003254|
|         426|  -10.036838|   -9.485644|    0.053956|    0.003254|
|         427|  -10.048687|   -9.497008|    0.053956|    0.003254|
|         428|  -10.060505|   -9.508367|    0.053956|    0.003254|
|         429|  -10.072314|   -9.519749|    0.053956|    0.003254|
|         430|  -10.084136|   -9.531185|    0.053956|    0.003254|
|         431|  -10.095992|   -9.542703|    0.053956|    0.003254|
|         432|  -10.107901|   -9.554327|    0.053956|    0.003254|
|         433|  -10.119883|   -9.566083|    0.053956|    0.003254|
|         434|  -10.131956|   -9.577989|    0.053956|    0.003254|
|         435|  -10.144135|   -9.590066|    0.053956|    0.003254|
|         436|  -10.156433|   -9.602327|    0.053956|    0.003254|
|         437|  -10.168862|   -9.614784|    0.053956|    0.003254|
|         438|  -10.181431|   -9.627446|    0.053956|    0.003254|
|         439|  -10.194146|   -9.640317|    0.053956|    0.003254|
|         440|  -10.207011|   -9.653398|    0.053956|    0.003254|
|         441|  -10.220026|   -9.666686|    0.053956|    0.003254|
|         442|  -10.233191|   -9.680175|    0.053956|    0.003254|
|         443|  -10.246499|   -9.693855|    0.053956|    0.003254|
|         444|  -10.259943|   -9.707711|    0.053956|    0.003254|
|         445|  -10.273513|   -9.721727|    0.053956|    0.003254|
|         446|  -10.287196|   -9.735882|    0.053956|    0.003254|
|         447|  -10.300976|   -9.750150|    0.053956|    0.003254|
|         448|  -10.314837|   -9.764507|    0.053956|    0.003254|
|         449|  -10.328758|   -9.778923|    0.053956|    0.003254|
|         450|  -10.342721|   -9.793368|    0.053956|    0.003254|
|         451|  -10.356704|   -9.807812|    0.053956|    0.003254|
|         452|  -10.370685|   -9.822223|    0.053956|    0.003254|
|         453|  -10.384643|   -9.836571|    0.053956|    0.003254|
|         454|  -10.398555|   -9.850824|    0.053956|    0.003254|
|         455|  -10.412400|   -9.864949|    0.053956|    0.003254|
|         456|  -10.426154|   -9.878919|    0.053956|    0.003254|
|         457|  -10.439799|   -9.892706|    0.053956|    0.003254|
|         458|  -10.453316|   -9.906288|    0.053956|    0.003254|
|         459|  -10.466690|   -9.919648|    0.053956|    0.003254|
|         460|  -10.479910|   -9.932775|    0.053956|    0.003254|
|         461|  -10.492967|   -9.945663|    0.053956|    0.003254|
|         462|  -10.505858|   -9.958311|    0.053956|    0.003254|
|         463|  -10.518581|   -9.970725|    0.053956|    0.003254|
|         464|  -10.531139|   -9.982915|    0.053956|    0.003254|
|         465|  -10.543539|   -9.994896|    0.053956|    0.003254|
|         466|  -10.555789|  -10.006689|    0.053956|    0.003254|
|         467|  -10.567903|  -10.018315|    0.053956|    0.003254|
|         468|  -10.579896|  -10.029801|    0.053956|    0.003254|
|         469|  -10.591784|  -10.041176|    0.053956|    0.003254|
|         470|  -10.603587|  -10.052471|    0.053956|    0.003254|
|         471|  -10.615325|  -10.063715|    0.053956|    0.003254|
|         472|  -10.627021|  -10.074942|    0.053956|    0.003254|
|         473|  -10.638696|  -10.086183|    0.053956|    0.003254|
|         474|  -10.650373|  -10.097466|    0.053956|    0.003254|
|         475|  -10.662074|  -10.108822|    0.053956|    0.003254|
|         476|  -10.673819|  -10.120278|    0.053956|    0.003254|
|         477|  -10.685628|  -10.131856|    0.053956|    0.003254|
|         478|  -10.697520|  -10.143581|    0.053956|    0.003254|
|         479|  -10.709513|  -10.155470|    0.053956|    0.003254|
|         480|  -10.721619|  -10.167540|    0.053956|    0.003254|
|         481|  -10.733852|  -10.179803|    0.053956|    0.003254|
|         482|  -10.746222|  -10.192268|    0.053956|    0.003254|
|         483|  -10.758735|  -10.204940|    0.053956|    0.003254|
|         484|  -10.771398|  -10.217822|    0.053956|    0.003254|
|         485|  -10.784212|  -10.230911|    0.053956|    0.003254|
|         486|  -10.797175|  -10.244203|    0.053956|    0.003254|
|         487|  -10.810285|  -10.257688|    0.053956|    0.003254|
|         488|  -10.823535|  -10.271353|    0.053956|    0.003254|
|         489|  -10.836917|  -10.285182|    0.053956|    0.003254|
|         490|  -10.850417|  -10.299155|    0.053956|    0.003254|
|         491|  -10.864023|  -10.313249|    0.053956|    0.003254|
|         492|  -10.877719|  -10.327438|    0.053956|    0.003254|
|         493|  -10.891486|  -10.341697|    0.053956|    0.003254|
|         494|  -10.905305|  -10.355995|    0.053956|    0.003254|
|         495|  -10.919159|  -10.370305|    0.053956|    0.003254|
|         496|  -10.933025|  -10.384597|    0.053956|    0.003254|
|         497|  -10.946884|  -10.398839|    0.053956|    0.003254|
|         498|  -10.960713|  -10.413002|    0.053956|    0.003254|
|         499|  -10.974491|  -10.427055|    0.053956|    0.003254|
|         500|  -10.988196|  -10.440969|    0.053956|    0.003254|
+-----------------------------------------------------------------------+
|        File Writing Summary       |              Filename             |
+-----------------------------------------------------------------------+
|SU2 binary restart                 |restart_flow.dat                   |
|Paraview                           |flow.vtu                           |
|Paraview surface                   |surface_flow.vtu                   |
|CSV file                           |surface_flow.csv                   |
+-----------------------------------------------------------------------+
+----------------------------------------------------------------+
|  Inner_Iter|    rms[Rho]|   rms[RhoE]|          CL|          CD|
+----------------------------------------------------------------+
|         501|  -11.001809|  -10.454717|    0.053956|    0.003254|
|         502|  -11.015311|  -10.468278|    0.053956|    0.003254|
|         503|  -11.028687|  -10.481635|    0.053956|    0.003254|
|         504|  -11.041924|  -10.494774|    0.053956|    0.003254|
|         505|  -11.055014|  -10.507690|    0.053956|    0.003254|
|         506|  -11.067951|  -10.520381|    0.053956|    0.003254|
|         507|  -11.080732|  -10.532850|    0.053956|    0.003254|
|         508|  -11.093359|  -10.545106|    0.053956|    0.003254|
|         509|  -11.105836|  -10.557163|    0.053956|    0.003254|
|         510|  -11.118171|  -10.569038|    0.053956|    0.003254|
|         511|  -11.130373|  -10.580752|    0.053956|    0.003254|
|         512|  -11.142456|  -10.592329|    0.053956|    0.003254|
|         513|  -11.154435|  -10.603797|    0.053956|    0.003254|
|         514|  -11.166327|  -10.615182|    0.053956|    0.003254|
|         515|  -11.178151|  -10.626515|    0.053956|    0.003254|
|         516|  -11.189925|  -10.637825|    0.053956|    0.003254|
|         517|  -11.201672|  -10.649143|    0.053956|    0.003254|
|         518|  -11.213411|  -10.660495|    0.053956|    0.003254|
|         519|  -11.225162|  -10.671911|    0.053956|    0.003254|
|         520|  -11.236945|  -10.683414|    0.053956|    0.003254|
|         521|  -11.248779|  -10.695028|    0.053956|    0.003254|
|         522|  -11.260680|  -10.706775|    0.053956|    0.003254|
|         523|  -11.272665|  -10.718671|    0.053956|    0.003254|
|         524|  -11.284747|  -10.730732|    0.053956|    0.003254|
|         525|  -11.296938|  -10.742969|    0.053956|    0.003254|
|         526|  -11.309247|  -10.755390|    0.053956|    0.003254|
|         527|  -11.321680|  -10.767999|    0.053956|    0.003254|
|         528|  -11.334243|  -10.780799|    0.053956|    0.003254|
|         529|  -11.346937|  -10.793785|    0.053956|    0.003254|
|         530|  -11.359761|  -10.806953|    0.053956|    0.003254|
|         531|  -11.372711|  -10.820292|    0.053956|    0.003254|
|         532|  -11.385782|  -10.833789|    0.053956|    0.003254|
|         533|  -11.398964|  -10.847429|    0.053956|    0.003254|
|         534|  -11.412247|  -10.861190|    0.053956|    0.003254|
|         535|  -11.425618|  -10.875051|    0.053956|    0.003254|
|         536|  -11.439061|  -10.888988|    0.053956|    0.003254|
|         537|  -11.452561|  -10.902975|    0.053956|    0.003254|
|         538|  -11.466100|  -10.916984|    0.053956|    0.003254|
|         539|  -11.479663|  -10.930991|    0.053956|    0.003254|
|         540|  -11.493229|  -10.944966|    0.053956|    0.003254|
|         541|  -11.506782|  -10.958882|    0.053956|    0.003254|
|         542|  -11.520301|  -10.972711|    0.053956|    0.003254|
|         543|  -11.533767|  -10.986425|    0.053956|    0.003254|
|         544|  -11.547163|  -11.000000|    0.053956|    0.003254|
|         545|  -11.560470|  -11.013412|    0.053956|    0.003254|
|         546|  -11.573674|  -11.026645|    0.053956|    0.003254|
|         547|  -11.586763|  -11.039685|    0.053956|    0.003254|
|         548|  -11.599729|  -11.052525|    0.053956|    0.003254|
|         549|  -11.612564|  -11.065160|    0.053956|    0.003254|
|         550|  -11.625267|  -11.077594|    0.053956|    0.003254|
|         551|  -11.637837|  -11.089833|    0.053956|    0.003254|
|         552|  -11.650277|  -11.101887|    0.053956|    0.003254|
|         553|  -11.662593|  -11.113773|    0.053956|    0.003254|
|         554|  -11.674793|  -11.125508|    0.053956|    0.003254|
|         555|  -11.686890|  -11.137114|    0.053956|    0.003254|
|         556|  -11.698894|  -11.148616|    0.053956|    0.003254|
|         557|  -11.710823|  -11.160039|    0.053956|    0.003254|
|         558|  -11.722691|  -11.171410|    0.053956|    0.003254|
|         559|  -11.734517|  -11.182759|    0.053956|    0.003254|
|         560|  -11.746318|  -11.194111|    0.053956|    0.003254|
|         561|  -11.758114|  -11.205496|    0.053956|    0.003254|
|         562|  -11.769923|  -11.216938|    0.053956|    0.003254|
|         563|  -11.781763|  -11.228463|    0.053956|    0.003254|
|         564|  -11.793651|  -11.240094|    0.053956|    0.003254|
|         565|  -11.805602|  -11.251849|    0.053956|    0.003254|
|         566|  -11.817631|  -11.263748|    0.053956|    0.003254|
|         567|  -11.829752|  -11.275804|    0.053956|    0.003254|
|         568|  -11.841974|  -11.288030|    0.053956|    0.003254|
|         569|  -11.854307|  -11.300433|    0.053956|    0.003254|
|         570|  -11.866755|  -11.313019|    0.053956|    0.003254|
|         571|  -11.879325|  -11.325789|    0.053956|    0.003254|
|         572|  -11.892016|  -11.338740|    0.053956|    0.003254|
|         573|  -11.904827|  -11.351867|    0.053956|    0.003254|
|         574|  -11.917755|  -11.365160|    0.053956|    0.003254|
|         575|  -11.930793|  -11.378607|    0.053956|    0.003254|
|         576|  -11.943932|  -11.392190|    0.053956|    0.003254|
|         577|  -11.957161|  -11.405891|    0.053956|    0.003254|
|         578|  -11.970467|  -11.419688|    0.053956|    0.003254|
|         579|  -11.983834|  -11.433555|    0.053956|    0.003254|
|         580|  -11.997246|  -11.447466|    0.053956|    0.003254|
|         581|  -12.010685|  -11.461394|    0.053956|    0.003254|
|         582|  -12.024134|  -11.475311|    0.053956|    0.003254|
|         583|  -12.037575|  -11.489188|    0.053956|    0.003254|
|         584|  -12.050988|  -11.502998|    0.053956|    0.003254|
|         585|  -12.064355|  -11.516712|    0.053956|    0.003254|
|         586|  -12.077658|  -11.530303|    0.053956|    0.003254|
|         587|  -12.090877|  -11.543743|    0.053956|    0.003254|
|         588|  -12.103995|  -11.557010|    0.053956|    0.003254|
|         589|  -12.116998|  -11.570085|    0.053956|    0.003254|
|         590|  -12.129874|  -11.582955|    0.053956|    0.003254|
|         591|  -12.142614|  -11.595610|    0.053956|    0.003254|
|         592|  -12.155212|  -11.608046|    0.053956|    0.003254|
|         593|  -12.167667|  -11.620268|    0.053956|    0.003254|
|         594|  -12.179980|  -11.632281|    0.053956|    0.003254|
|         595|  -12.192155|  -11.644098|    0.053956|    0.003254|
|         596|  -12.204199|  -11.655733|    0.053956|    0.003254|
|         597|  -12.216123|  -11.667209|    0.053956|    0.003254|
|         598|  -12.227940|  -11.678547|    0.053956|    0.003254|
|         599|  -12.239663|  -11.689773|    0.053956|    0.003254|
|         600|  -12.251311|  -11.700916|    0.053956|    0.003254|
|         601|  -12.262899|  -11.712004|    0.053956|    0.003254|
|         602|  -12.274449|  -11.723066|    0.053956|    0.003254|
|         603|  -12.285980|  -11.734134|    0.053956|    0.003254|
|         604|  -12.297513|  -11.745236|    0.053956|    0.003254|
|         605|  -12.309067|  -11.756399|    0.053956|    0.003254|
|         606|  -12.320662|  -11.767651|    0.053956|    0.003254|
|         607|  -12.332316|  -11.779017|    0.053956|    0.003254|
|         608|  -12.344047|  -11.790517|    0.053956|    0.003254|
|         609|  -12.355871|  -11.802173|    0.053956|    0.003254|
|         610|  -12.367800|  -11.813999|    0.053956|    0.003254|
|         611|  -12.379846|  -11.826009|    0.053956|    0.003254|
|         612|  -12.392019|  -11.838212|    0.053956|    0.003254|
|         613|  -12.404326|  -11.850615|    0.053956|    0.003254|
|         614|  -12.416771|  -11.863219|    0.053956|    0.003254|
|         615|  -12.429355|  -11.876026|    0.053956|    0.003254|
|         616|  -12.442078|  -11.889029|    0.053956|    0.003254|
|         617|  -12.454936|  -11.902219|    0.053956|    0.003254|
|         618|  -12.467920|  -11.915585|    0.053956|    0.003254|
|         619|  -12.481024|  -11.929109|    0.053956|    0.003254|
|         620|  -12.494233|  -11.942772|    0.053956|    0.003254|
|         621|  -12.507535|  -11.956553|    0.053956|    0.003254|
|         622|  -12.520912|  -11.970424|    0.053956|    0.003254|
|         623|  -12.534345|  -11.984358|    0.053956|    0.003254|
|         624|  -12.547817|  -11.998327|    0.053956|    0.003254|
|         625|  -12.561306|  -12.012298|    0.053956|    0.003254|
|         626|  -12.574789|  -12.026239|    0.053956|    0.003254|
|         627|  -12.588248|  -12.040124|    0.053956|    0.003254|
|         628|  -12.601662|  -12.053917|    0.053956|    0.003254|
|         629|  -12.615007|  -12.067590|    0.053956|    0.003254|
|         630|  -12.628262|  -12.081111|    0.053956|    0.003254|
|         631|  -12.641407|  -12.094452|    0.053956|    0.003254|
|         632|  -12.654424|  -12.107590|    0.053956|    0.003254|
|         633|  -12.667295|  -12.120506|    0.053956|    0.003254|
|         634|  -12.680012|  -12.133186|    0.053956|    0.003254|
|         635|  -12.692565|  -12.145624|    0.053956|    0.003254|
|         636|  -12.704946|  -12.157816|    0.053956|    0.003254|
|         637|  -12.717157|  -12.169766|    0.053956|    0.003254|
|         638|  -12.729201|  -12.181486|    0.053956|    0.003254|
|         639|  -12.741081|  -12.192986|    0.053956|    0.003254|
|         640|  -12.752808|  -12.204289|    0.053956|    0.003254|
|         641|  -12.764396|  -12.215417|    0.053956|    0.003254|
|         642|  -12.775856|  -12.226392|    0.053956|    0.003254|
|         643|  -12.787208|  -12.237247|    0.053956|    0.003254|
|         644|  -12.798473|  -12.248012|    0.053956|    0.003254|
|         645|  -12.809670|  -12.258717|    0.053956|    0.003254|
|         646|  -12.820822|  -12.269397|    0.053956|    0.003254|
|         647|  -12.831951|  -12.280083|    0.053956|    0.003254|
|         648|  -12.843078|  -12.290803|    0.053956|    0.003254|
|         649|  -12.854230|  -12.301590|    0.053956|    0.003254|
|         650|  -12.865425|  -12.312474|    0.053956|    0.003254|
|         651|  -12.876681|  -12.323473|    0.053956|    0.003254|
|         652|  -12.888022|  -12.334617|    0.053956|    0.003254|
|         653|  -12.899462|  -12.345923|    0.053956|    0.003254|
|         654|  -12.911015|  -12.357407|    0.053956|    0.003254|
|         655|  -12.922697|  -12.369084|    0.053956|    0.003254|
|         656|  -12.934514|  -12.380962|    0.053956|    0.003254|
|         657|  -12.946479|  -12.393051|    0.053956|    0.003254|
|         658|  -12.958591|  -12.405348|    0.053956|    0.003254|
|         659|  -12.970854|  -12.417854|    0.053956|    0.003254|
|         660|  -12.983267|  -12.430563|    0.053956|    0.003254|
|         661|  -12.995826|  -12.443466|    0.053956|    0.003254|
|         662|  -13.008524|  -12.456552|    0.053956|    0.003254|

----------------------------- Solver Exit -------------------------------
All convergence criteria satisfied.
+-----------------------------------------------------------------------+
|      Convergence Field     |     Value    |   Criterion  |  Converged |
+-----------------------------------------------------------------------+
|                    rms[Rho]|      -13.0085|         < -13|         Yes|
+-----------------------------------------------------------------------+
-------------------------------------------------------------------------
+-----------------------------------------------------------------------+
|        File Writing Summary       |              Filename             |
+-----------------------------------------------------------------------+
|SU2 binary restart                 |restart_flow.dat                   |
|Paraview                           |flow.vtu                           |
|Paraview surface                   |surface_flow.vtu                   |
|CSV file                           |surface_flow.csv                   |
+-----------------------------------------------------------------------+

--------------------------- Finalizing Solver ---------------------------
Deleted CNumerics container.
Deleted CIntegration container.
Deleted CSolver container.
Deleted CIteration container.
Deleted CInterface container.
Deleted CGeometry container.
Deleted CFreeFormDefBox class.
Deleted CSurfaceMovement class.
Deleted CVolumetricMovement class.
Deleted CConfig container.
Deleted nInst container.
Deleted COutput class.
-------------------------------------------------------------------------

------------------------- Exit Success (SU2_CFD) ------------------------

