
-------------------------------------------------------------------------
|    ___ _   _ ___                                                      |
|   / __| | | |_  )   Release 8.3.0 "Harrier"                           |
|   \__ \ |_| |/ /                                                      |
|   |___/\___//___|   Suite (Computational Fluid Dynamics Code)         |
|                                                                       |
-------------------------------------------------------------------------
| SU2 Project Website: https://su2code.github.io                        |
|                                                                       |
| The SU2 Project is maintained by the SU2 Foundation                   |
| (http://su2foundation.org)                                            |
-------------------------------------------------------------------------
| Copyright 2012-2025, SU2 Contributors                                 |
|                                                                       |
| SU2 is free software; you can redistribute it and/or                  |
| modify it under the terms of the GNU Lesser General Public            |
| License as published by the Free Software Foundation; either          |
| version 2.1 of the License, or (at your option) any later version.    |
|                                                                       |
| SU2 is distributed in the hope that it will be useful,                |
| but WITHOUT ANY WARRANTY; without even the implied warranty of        |
| MERCHANTABILITY or FITNESS FOR A PARTICULAR PURPOSE. See the GNU      |
| Lesser General Public License for more details.                       |
|                                                                       |
| You should have received a copy of the GNU Lesser General Public      |
| License along with SU2. If not, see <http://www.gnu.org/licenses/>.   |
-------------------------------------------------------------------------

Parsing config file for zone 0

----------------- Physical Case Definition ( Zone 0 ) -------------------
Compressible Euler equations.
Mach number: 0.8.
Angle of attack (AoA): 1.25 deg, and angle of sideslip (AoS): 0 deg.
Reading and writing binary SU2 native restart files.
Read flow solution from: solution_flow.
Non-Dimensional simulation (P=1.0, Rho=1.0, T=1.0 at the farfield).
The reference area is 1 m^2.
The semi-span will be computed using the max y(3D) value.
The reference length is 1 m.
Reference origin for moment evaluation is (0.25, 0, 0).
Surface(s) where the force coefficients are evaluated: airfoil.

Surface(s) plotted in the output file: airfoil.
Surface(s) affected by the design variables: airfoil.
Input mesh file name: mesh_NACA0012_inv_deform.su2

--------------- Space Numerical Integration ( Zone 0 ) ------------------
Jameson-Schmidt-Turkel scheme (2nd order in space) for the flow inviscid terms.
JST viscous coefficients (2nd & 4th): 0.5, 0.02.
The method includes a grid stretching correction (p = 0.3).
Gradient for viscous and source terms: Green-Gauss.

--------------- Time Numerical Integration  ( Zone 0 ) ------------------
Local time stepping (steady state simulation).
Euler implicit method for the flow equations.
FGMRES is used for solving the linear system.
Using a LU-SGS preconditioning.
Convergence criteria of the linear solver: 0.0001.
Max number of linear iterations: 2.
V Multigrid Cycle, with 2 multigrid levels.
Damping factor for the residual restriction: 1.
Damping factor for the correction prolongation: 1.
No CFL adaptation.
+-------------------------------------------+
|  MG Level| Presmooth|PostSmooth|CorrectSmo|
+-------------------------------------------+
|         0|         1|         0|         0|
|         1|         2|         0|         0|
|         2|         3|         0|         0|
+-------------------------------------------+
Courant-Friedrichs-Lewy number:       10

------------------ Convergence Criteria  ( Zone 0 ) ---------------------
Maximum number of solver subiterations: 1000.
Begin convergence monitoring at iteration 10.
Residual minimum value: 1e-13.
Cauchy series min. value: 1e-06.
Number of Cauchy elements: 100.
Begin windowed time average at iteration 0.

-------------------- Output Information ( Zone 0 ) ----------------------
File writing frequency: 
+------------------------------------+
|                     File| Frequency|
+------------------------------------+
|                  RESTART|       250|
|                 PARAVIEW|       250|
|         SURFACE_PARAVIEW|       250|
|              SURFACE_CSV|       250|
+------------------------------------+
Writing the convergence history file every 1 inner iterations.
Writing the screen convergence history every 1 inner iterations.
The tabular file format is CSV (.csv).
Convergence history file name: history_direct.
Forces breakdown file name: forces_breakdown.dat.
Surface file name: surface_flow.
Volume file name: flow.
Restart file name: restart_flow.

------------- Config File Boundary Information ( Zone 0 ) ---------------
+-----------------------------------------------------------------------+
|                        Marker Type|                        Marker Name|
+-----------------------------------------------------------------------+
|                         Euler wall|                            airfoil|
+-----------------------------------------------------------------------+
|                          Far-field|                           farfield|
+-----------------------------------------------------------------------+

-------------------- Output Preprocessing ( Zone 0 ) --------------------

WARNING: SURFACE_PRESSURE_DROP can only be computed for at least 2 surfaces (outlet, inlet, ...)

Screen output fields: INNER_ITER, RMS_DENSITY, RMS_ENERGY, LIFT, DRAG
History output group(s): ITER, RMS_RES, AERO_COEFF
Convergence field(s): RMS_DENSITY
Warning: No (valid) fields chosen for time convergence monitoring. Time convergence monitoring inactive.
Volume output fields: COORDINATES, SOLUTION, PRIMITIVE

------------------- Geometry Preprocessing ( Zone 0 ) -------------------
Two dimensional problem.
5233 grid points.
10216 volume elements.
2 surface markers.
200 boundary elements in index 0 (Marker = airfoil).
50 boundary elements in index 1 (Marker = farfield).
10216 triangles.
Setting point connectivity.
Renumbering points (Reverse Cuthill McKee Ordering).
Recomputing point connectivity.
Setting element connectivity.
Checking the numerical grid orientation.
All volume elements are correctly oriented.
All surface elements are correctly oriented.
Identifying edges and vertices.
Setting the control volume structure.
Area of the computational grid: 1253.25.
Searching for the closest normal neighbors to the surfaces.
Storing a mapping from global to local point index.
Compute the surface curvature.
Max K: 7835.1. Mean K: 35.3879. Standard deviation K: 494.433.
Checking for periodicity.
Computing mesh quality statistics for the dual control volumes.
+--------------------------------------------------------------+
|           Mesh Quality Metric|        Minimum|        Maximum|
+--------------------------------------------------------------+
|    Orthogonality Angle (deg.)|        63.0015|         89.785|
|     CV Face Area Aspect Ratio|        1.01263|         7.1745|
|           CV Sub-Volume Ratio|        1.00195|        6.47664|
+--------------------------------------------------------------+
Setting the multigrid structure.
+-------------------------------------------+
|  MG Level|       CVs|Aggl. Rate|       CFL|
+-------------------------------------------+
|         0|      5233|    1/1.00|        10|
|         1|      1690|     1/3.1|   8.52431|
|         2|       649|     1/2.6|   7.92373|
+-------------------------------------------+
Finding max control volume width.
Wetted area = 2.03578 m.
Area projection in the x-plane = 0.108606 m, y-plane = 0.999845 m.
Max. coordinate in the x-direction = 1 m, y-direction = 0.0452094 m.
Min. coordinate in the x-direction = 0 m, y-direction = -0.0634231 m.
Computing wall distances.

-------------------- Solver Preprocessing ( Zone 0 ) --------------------
Inviscid flow: Computing density based on free-stream
temperature and pressure using the ideal gas law.
Force coefficients computed using free-stream values.

-- Models:
+------------------------------------------------------------------------------+
|          Viscosity Model|        Conductivity Model|              Fluid Model|
+------------------------------------------------------------------------------+
|                        -|                         -|             STANDARD_AIR|
+------------------------------------------------------------------------------+
-- Fluid properties:
+------------------------------------------------------------------------------+
|                  Name|    Dim. value|    Ref. value|      Unit|Non-dim. value|
+------------------------------------------------------------------------------+
|          Gas Constant|       287.058|       287.058|  N.m/kg.K|             1|
|      Spec. Heat Ratio|             -|             -|         -|           1.4|
+------------------------------------------------------------------------------+
-- Initial and free-stream conditions:
+------------------------------------------------------------------------------+
|                  Name|    Dim. value|    Ref. value|      Unit|Non-dim. value|
+------------------------------------------------------------------------------+
|       Static Pressure|        101325|        101325|        Pa|             1|
|               Density|       1.22498|       1.22498|    kg/m^3|             1|
|           Temperature|        288.15|        288.15|         K|             1|
|          Total Energy|        243846|       82715.8|   m^2/s^2|         2.948|
|            Velocity-X|       272.173|       287.603|       m/s|      0.946348|
|            Velocity-Y|       5.93883|       287.603|       m/s|     0.0206494|
|    Velocity Magnitude|       272.238|       287.603|       m/s|      0.946573|
+------------------------------------------------------------------------------+
|           Mach Number|             -|             -|         -|           0.8|
+------------------------------------------------------------------------------+
Initialize Jacobian structure (Euler). MG level: 0.
Initialize Jacobian structure (Euler). MG level: 1.
Initialize Jacobian structure (Euler). MG level: 2.

------------------- Numerics Preprocessing ( Zone 0 ) -------------------

----------------- Integration Preprocessing ( Zone 0 ) ------------------

------------------- Iteration Preprocessing ( Zone 0 ) ------------------
Euler/Navier-Stokes/RANS fluid iteration.

------------------------------ Begin Solver -----------------------------

Simulation Run using the Single-zone Driver
WARNING: SU2 was not compiled for an AVX-capable architecture. Performance could be better,
         see https://su2code.github.io/docs_v7/Build-SU2-Linux-MacOS/#compiler-optimizations
WARNING: SU2 was not compiled for an AVX-capable architecture. Performance could be better,
         see https://su2code.github.io/docs_v7/Build-SU2-Linux-MacOS/#compiler-optimizations
WARNING: SU2 was not compiled for an AVX-capable architecture. Performance could be better,
         see https://su2code.github.io/docs_v7/Build-SU2-Linux-MacOS/#compiler-optimizations
+----------------------------------------------------------------+
|  Inner_Iter|    rms[Rho]|   rms[RhoE]|          CL|          CD|
+----------------------------------------------------------------+
|           0|   -4.859801|   -4.263420|   -0.004196|    0.003798|
|           1|   -5.132417|   -4.531134|   -0.002629|    0.003213|
|           2|   -5.076113|   -4.491227|    0.003077|    0.003216|
|           3|   -5.091675|   -4.503902|    0.002214|    0.003359|
|           4|   -5.081443|   -4.498666|    0.003119|    0.003175|
|           5|   -5.105069|   -4.532910|    0.006518|    0.003115|
|           6|   -5.097111|   -4.525783|    0.008265|    0.003053|
|           7|   -5.090965|   -4.518532|    0.009784|    0.002992|
|           8|   -5.096962|   -4.527448|    0.011752|    0.002928|
|           9|   -5.104529|   -4.538385|    0.013580|    0.002848|
|          10|   -5.109323|   -4.545047|    0.015174|    0.002778|
|          11|   -5.113431|   -4.550558|    0.016609|    0.002719|
|          12|   -5.118887|   -4.557352|    0.017942|    0.002661|
|          13|   -5.124712|   -4.563962|    0.019204|    0.002607|
|          14|   -5.128699|   -4.568230|    0.020367|    0.002559|
|          15|   -5.129575|   -4.569495|    0.021394|    0.002519|
|          16|   -5.127978|   -4.568811|    0.022285|    0.002483|
|          17|   -5.125257|   -4.567360|    0.023060|    0.002453|
|          18|   -5.121878|   -4.565113|    0.023731|    0.002430|
|          19|   -5.118152|   -4.562101|    0.024308|    0.002414|
|          20|   -5.114485|   -4.558779|    0.024791|    0.002404|
|          21|   -5.111202|   -4.555651|    0.025187|    0.002401|
|          22|   -5.108265|   -4.552760|    0.025511|    0.002403|
|          23|   -5.105634|   -4.550163|    0.025777|    0.002412|
|          24|   -5.103478|   -4.548038|    0.025996|    0.002426|
|          25|   -5.101891|   -4.546470|    0.026173|    0.002446|
|          26|   -5.100701|   -4.545278|    0.026312|    0.002469|
|          27|   -5.100667|   -4.545289|    0.026419|    0.002496|
|          28|   -5.100540|   -4.545247|    0.026498|    0.002527|
|          29|   -5.099333|   -4.544069|    0.026570|    0.002558|
|          30|   -5.097022|   -4.541688|    0.026639|    0.002591|
|          31|   -5.094148|   -4.538686|    0.026697|    0.002624|
|          32|   -5.091829|   -4.536190|    0.026749|    0.002657|
|          33|   -5.090509|   -4.534602|    0.026795|    0.002689|
|          34|   -5.090771|   -4.534604|    0.026842|    0.002719|
|          35|   -5.093032|   -4.536731|    0.026896|    0.002747|
|          36|   -5.097941|   -4.541533|    0.026957|    0.002773|
|          37|   -5.106163|   -4.549621|    0.027019|    0.002796|
|          38|   -5.117783|   -4.561123|    0.027080|    0.002817|
|          39|   -5.132706|   -4.575930|    0.027143|    0.002834|
|          40|   -5.150946|   -4.593953|    0.027201|    0.002849|
|          41|   -5.173079|   -4.616004|    0.027260|    0.002861|
|          42|   -5.197406|   -4.640303|    0.027325|    0.002870|
|          43|   -5.223766|   -4.666566|    0.027388|    0.002876|
|          44|   -5.251945|   -4.694665|    0.027448|    0.002880|
|          45|   -5.281032|   -4.723671|    0.027511|    0.002881|
|          46|   -5.310804|   -4.753350|    0.027579|    0.002880|
|          47|   -5.341478|   -4.784033|    0.027652|    0.002878|
|          48|   -5.372376|   -4.815004|    0.027726|    0.002873|
|          49|   -5.403262|   -4.846030|    0.027801|    0.002868|
|          50|   -5.433896|   -4.876909|    0.027874|    0.002861|
|          51|   -5.463749|   -4.907135|    0.027946|    0.002854|
|          52|   -5.492533|   -4.936367|    0.028017|    0.002846|
|          53|   -5.520079|   -4.964425|    0.028086|    0.002838|
|          54|   -5.546131|   -4.991054|    0.028154|    0.002830|
|          55|   -5.570429|   -5.015958|    0.028220|    0.002821|
|          56|   -5.592879|   -5.038982|    0.028286|    0.002813|
|          57|   -5.613456|   -5.060072|    0.028351|    0.002804|
|          58|   -5.632277|   -5.079334|    0.028414|    0.002796|
|          59|   -5.649425|   -5.096848|    0.028477|    0.002788|
|          60|   -5.665137|   -5.112858|    0.028538|    0.002781|
|          61|   -5.679724|   -5.127671|    0.028598|    0.002773|
|          62|   -5.693546|   -5.141653|    0.028657|    0.002766|
|          63|   -5.706923|   -5.155140|    0.028715|    0.002759|
|          64|   -5.720166|   -5.168456|    0.028771|    0.002753|
|          65|   -5.733568|   -5.181905|    0.028826|    0.002747|
|          66|   -5.747371|   -5.195736|    0.028880|    0.002741|
|          67|   -5.761725|   -5.210119|    0.028934|    0.002736|
|          68|   -5.776816|   -5.225258|    0.028986|    0.002731|
|          69|   -5.792768|   -5.241268|    0.029038|    0.002727|
|          70|   -5.809567|   -5.258142|    0.029089|    0.002724|
|          71|   -5.827156|   -5.275822|    0.029139|    0.002721|
|          72|   -5.845401|   -5.294174|    0.029188|    0.002719|
|          73|   -5.864138|   -5.313028|    0.029235|    0.002717|
|          74|   -5.883294|   -5.332303|    0.029281|    0.002716|
|          75|   -5.902484|   -5.351595|    0.029326|    0.002716|
|          76|   -5.921457|   -5.370657|    0.029370|    0.002716|
|          77|   -5.939952|   -5.389212|    0.029413|    0.002717|
|          78|   -5.957663|   -5.406945|    0.029453|    0.002718|
|          79|   -5.974325|   -5.423583|    0.029493|    0.002720|
|          80|   -5.989769|   -5.438960|    0.029530|    0.002722|
|          81|   -6.003838|   -5.452916|    0.029566|    0.002725|
|          82|   -6.016510|   -5.465443|    0.029601|    0.002728|
|          83|   -6.027873|   -5.476640|    0.029633|    0.002731|
|          84|   -6.038074|   -5.486665|    0.029664|    0.002735|
|          85|   -6.047392|   -5.495815|    0.029694|    0.002738|
|          86|   -6.056103|   -5.504360|    0.029722|    0.002742|
|          87|   -6.064474|   -5.512572|    0.029749|    0.002745|
|          88|   -6.072698|   -5.520652|    0.029774|    0.002749|
|          89|   -6.081018|   -5.528842|    0.029797|    0.002752|
|          90|   -6.089733|   -5.537441|    0.029820|    0.002755|
|          91|   -6.099028|   -5.546656|    0.029841|    0.002758|
|          92|   -6.109093|   -5.556663|    0.029861|    0.002761|
|          93|   -6.120117|   -5.567614|    0.029880|    0.002764|
|          94|   -6.132155|   -5.579584|    0.029899|    0.002766|
|          95|   -6.145302|   -5.592678|    0.029917|    0.002768|
|          96|   -6.159621|   -5.606961|    0.029934|    0.002769|
|          97|   -6.175172|   -5.622489|    0.029951|    0.002771|
|          98|   -6.191943|   -5.639245|    0.029967|    0.002772|
|          99|   -6.209916|   -5.657214|    0.029983|    0.002772|
|         100|   -6.229062|   -5.676372|    0.029999|    0.002773|
|         101|   -6.249324|   -5.696660|    0.030015|    0.002773|
|         102|   -6.270579|   -5.717950|    0.030031|    0.002773|
|         103|   -6.292697|   -5.740115|    0.030046|    0.002773|
|         104|   -6.315498|   -5.762968|    0.030062|    0.002772|
|         105|   -6.338712|   -5.786230|    0.030078|    0.002772|
|         106|   -6.362074|   -5.809639|    0.030094|    0.002771|
|         107|   -6.385296|   -5.832899|    0.030111|    0.002770|
|         108|   -6.408085|   -5.855718|    0.030127|    0.002769|
|         109|   -6.430166|   -5.877816|    0.030144|    0.002768|
|         110|   -6.451268|   -5.898922|    0.030160|    0.002767|
|         111|   -6.471174|   -5.918819|    0.030177|    0.002766|
|         112|   -6.489761|   -5.937384|    0.030194|    0.002764|
|         113|   -6.507017|   -5.954608|    0.030211|    0.002763|
|         114|   -6.523010|   -5.970571|    0.030228|    0.002762|
|         115|   -6.537855|   -5.985389|    0.030244|    0.002761|
|         116|   -6.551812|   -5.999334|    0.030261|    0.002760|
|         117|   -6.565169|   -6.012695|    0.030277|    0.002758|
|         118|   -6.578223|   -6.025770|    0.030293|    0.002757|
|         119|   -6.591261|   -6.038847|    0.030308|    0.002756|
|         120|   -6.604522|   -6.052163|    0.030324|    0.002755|
|         121|   -6.618164|   -6.065876|    0.030338|    0.002755|
|         122|   -6.632321|   -6.080127|    0.030353|    0.002754|
|         123|   -6.647084|   -6.095009|    0.030367|    0.002753|
|         124|   -6.662451|   -6.110516|    0.030380|    0.002753|
|         125|   -6.678387|   -6.126607|    0.030393|    0.002752|
|         126|   -6.694791|   -6.143178|    0.030405|    0.002752|
|         127|   -6.711538|   -6.160104|    0.030417|    0.002751|
|         128|   -6.728447|   -6.177202|    0.030428|    0.002751|
|         129|   -6.745310|   -6.194253|    0.030438|    0.002751|
|         130|   -6.761839|   -6.210958|    0.030448|    0.002751|
|         131|   -6.777717|   -6.226995|    0.030457|    0.002751|
|         132|   -6.792671|   -6.242080|    0.030465|    0.002751|
|         133|   -6.806438|   -6.255942|    0.030473|    0.002751|
|         134|   -6.818813|   -6.268363|    0.030480|    0.002752|
|         135|   -6.829696|   -6.279238|    0.030487|    0.002752|
|         136|   -6.839067|   -6.288544|    0.030493|    0.002752|
|         137|   -6.846998|   -6.296354|    0.030499|    0.002753|
|         138|   -6.853660|   -6.302845|    0.030505|    0.002753|
|         139|   -6.859276|   -6.308251|    0.030510|    0.002754|
|         140|   -6.864115|   -6.312851|    0.030514|    0.002754|
|         141|   -6.868487|   -6.316966|    0.030519|    0.002755|
|         142|   -6.872707|   -6.320919|    0.030523|    0.002755|
|         143|   -6.877057|   -6.324999|    0.030526|    0.002756|
|         144|   -6.881779|   -6.329455|    0.030530|    0.002756|
|         145|   -6.887094|   -6.334515|    0.030533|    0.002757|
|         146|   -6.893200|   -6.340381|    0.030536|    0.002757|
|         147|   -6.900248|   -6.347206|    0.030539|    0.002758|
|         148|   -6.908362|   -6.355113|    0.030542|    0.002758|
|         149|   -6.917636|   -6.364199|    0.030545|    0.002758|
|         150|   -6.928144|   -6.374536|    0.030548|    0.002759|
|         151|   -6.939926|   -6.386169|    0.030551|    0.002759|
|         152|   -6.953013|   -6.399129|    0.030553|    0.002759|
|         153|   -6.967408|   -6.413414|    0.030556|    0.002760|
|         154|   -6.983096|   -6.429010|    0.030559|    0.002760|
|         155|   -7.000039|   -6.445880|    0.030561|    0.002760|
|         156|   -7.018198|   -6.463982|    0.030564|    0.002760|
|         157|   -7.037492|   -6.483237|    0.030567|    0.002760|
|         158|   -7.057833|   -6.503555|    0.030569|    0.002761|
|         159|   -7.079105|   -6.524824|    0.030572|    0.002761|
|         160|   -7.101171|   -6.546904|    0.030575|    0.002761|
|         161|   -7.123850|   -6.569615|    0.030578|    0.002761|
|         162|   -7.146936|   -6.592750|    0.030580|    0.002761|
|         163|   -7.170198|   -6.616077|    0.030583|    0.002761|
|         164|   -7.193388|   -6.639344|    0.030586|    0.002761|
|         165|   -7.216252|   -6.662296|    0.030589|    0.002761|
|         166|   -7.238540|   -6.684680|    0.030592|    0.002760|
|         167|   -7.260012|   -6.706252|    0.030595|    0.002760|
|         168|   -7.280476|   -6.726819|    0.030598|    0.002760|
|         169|   -7.299770|   -6.746213|    0.030600|    0.002760|
|         170|   -7.317860|   -6.764403|    0.030603|    0.002760|
|         171|   -7.334775|   -6.781412|    0.030606|    0.002760|
|         172|   -7.350610|   -6.797330|    0.030609|    0.002760|
|         173|   -7.365519|   -6.812310|    0.030611|    0.002759|
|         174|   -7.379701|   -6.826554|    0.030614|    0.002759|
|         175|   -7.393396|   -6.840306|    0.030616|    0.002759|
|         176|   -7.406845|   -6.853807|    0.030618|    0.002759|
|         177|   -7.420277|   -6.867288|    0.030621|    0.002759|
|         178|   -7.433889|   -6.880950|    0.030623|    0.002759|
|         179|   -7.447856|   -6.894972|    0.030625|    0.002758|
|         180|   -7.462308|   -6.909484|    0.030627|    0.002758|
|         181|   -7.477332|   -6.924577|    0.030629|    0.002758|
|         182|   -7.492968|   -6.940292|    0.030630|    0.002758|
|         183|   -7.509209|   -6.956627|    0.030632|    0.002758|
|         184|   -7.525978|   -6.973503|    0.030634|    0.002758|
|         185|   -7.543183|   -6.990826|    0.030635|    0.002758|
|         186|   -7.560684|   -7.008457|    0.030636|    0.002758|
|         187|   -7.578274|   -7.026186|    0.030638|    0.002758|
|         188|   -7.595711|   -7.043775|    0.030639|    0.002758|
|         189|   -7.612747|   -7.060970|    0.030640|    0.002758|
|         190|   -7.629118|   -7.077500|    0.030641|    0.002758|
|         191|   -7.644533|   -7.093061|    0.030641|    0.002758|
|         192|   -7.658751|   -7.107400|    0.030642|    0.002758|
|         193|   -7.671581|   -7.120317|    0.030643|    0.002758|
|         194|   -7.682907|   -7.131688|    0.030643|    0.002758|
|         195|   -7.692714|   -7.141494|    0.030644|    0.002758|
|         196|   -7.701083|   -7.149815|    0.030644|    0.002758|
|         197|   -7.708185|   -7.156823|    0.030645|    0.002758|
|         198|   -7.714268|   -7.162770|    0.030645|    0.002758|
|         199|   -7.719593|   -7.167923|    0.030646|    0.002758|
|         200|   -7.724457|   -7.172592|    0.030646|    0.002758|
|         201|   -7.729171|   -7.177099|    0.030646|    0.002758|
|         202|   -7.734042|   -7.181757|    0.030646|    0.002758|
|         203|   -7.739340|   -7.186837|    0.030647|    0.002758|
|         204|   -7.745271|   -7.192554|    0.030647|    0.002758|
|         205|   -7.752022|   -7.199104|    0.030647|    0.002758|
|         206|   -7.759759|   -7.206653|    0.030647|    0.002758|
|         207|   -7.768609|   -7.215323|    0.030647|    0.002758|
|         208|   -7.778665|   -7.225211|    0.030647|    0.002759|
|         209|   -7.789995|   -7.236389|    0.030648|    0.002759|
|         210|   -7.802677|   -7.248935|    0.030648|    0.002759|
|         211|   -7.816721|   -7.262854|    0.030648|    0.002759|
|         212|   -7.832131|   -7.278150|    0.030648|    0.002759|
|         213|   -7.848891|   -7.294811|    0.030649|    0.002759|
|         214|   -7.866979|   -7.312815|    0.030649|    0.002759|
|         215|   -7.886354|   -7.332118|    0.030649|    0.002759|
|         216|   -7.906950|   -7.352654|    0.030649|    0.002759|
|         217|   -7.928679|   -7.374338|    0.030650|    0.002759|
|         218|   -7.951429|   -7.397053|    0.030650|    0.002759|
|         219|   -7.975056|   -7.420659|    0.030650|    0.002759|
|         220|   -7.999380|   -7.444973|    0.030651|    0.002759|
|         221|   -8.024165|   -7.469760|    0.030651|    0.002759|
|         222|   -8.049179|   -7.494791|    0.030651|    0.002759|
|         223|   -8.074156|   -7.519797|    0.030652|    0.002759|
|         224|   -8.098779|   -7.544455|    0.030652|    0.002759|
|         225|   -8.122745|   -7.568462|    0.030652|    0.002759|
|         226|   -8.145765|   -7.591528|    0.030653|    0.002759|
|         227|   -8.167603|   -7.613412|    0.030653|    0.002759|
|         228|   -8.188089|   -7.633946|    0.030653|    0.002759|
|         229|   -8.207129|   -7.653032|    0.030654|    0.002759|
|         230|   -8.224728|   -7.670674|    0.030654|    0.002759|
|         231|   -8.240986|   -7.686969|    0.030655|    0.002759|
|         232|   -8.256087|   -7.702102|    0.030655|    0.002759|
|         233|   -8.270267|   -7.716307|    0.030655|    0.002759|
|         234|   -8.283830|   -7.729893|    0.030656|    0.002759|
|         235|   -8.297094|   -7.743177|    0.030656|    0.002759|
|         236|   -8.310362|   -7.756464|    0.030656|    0.002759|
|         237|   -8.323907|   -7.770027|    0.030657|    0.002759|
|         238|   -8.337948|   -7.784087|    0.030657|    0.002759|
|         239|   -8.352663|   -7.798825|    0.030657|    0.002759|
|         240|   -8.368191|   -7.814383|    0.030658|    0.002759|
|         241|   -8.384616|   -7.830845|    0.030658|    0.002759|
|         242|   -8.401963|   -7.848239|    0.030658|    0.002759|
|         243|   -8.420199|   -7.866533|    0.030658|    0.002758|
|         244|   -8.439231|   -7.885638|    0.030659|    0.002758|
|         245|   -8.458907|   -7.905403|    0.030659|    0.002758|
|         246|   -8.479011|   -7.925610|    0.030659|    0.002758|
|         247|   -8.499258|   -7.945978|    0.030659|    0.002758|
|         248|   -8.519304|   -7.966160|    0.030659|    0.002758|
|         249|   -8.538757|   -7.985758|    0.030659|    0.002758|
|         250|   -8.557199|   -8.004352|    0.030660|    0.002758|
+-----------------------------------------------------------------------+
|        File Writing Summary       |              Filename             |
+-----------------------------------------------------------------------+
|SU2 binary restart                 |restart_flow.dat                   |
|Paraview                           |flow.vtu                           |
|Paraview surface                   |surface_flow.vtu                   |
|CSV file                           |surface_flow.csv                   |
+-----------------------------------------------------------------------+
+----------------------------------------------------------------+
|  Inner_Iter|    rms[Rho]|   rms[RhoE]|          CL|          CD|
+----------------------------------------------------------------+
|         251|   -8.574245|   -8.021551|    0.030660|    0.002758|
|         252|   -8.589520|   -8.036961|    0.030660|    0.002758|
|         253|   -8.602738|   -8.050290|    0.030660|    0.002758|
|         254|   -8.613769|   -8.061401|    0.030660|    0.002758|
|         255|   -8.622645|   -8.070320|    0.030660|    0.002758|
|         256|   -8.629543|   -8.077221|    0.030660|    0.002758|
|         257|   -8.634767|   -8.082407|    0.030660|    0.002759|
|         258|   -8.638705|   -8.086272|    0.030660|    0.002759|
|         259|   -8.641798|   -8.089265|    0.030660|    0.002759|
|         260|   -8.644480|   -8.091823|    0.030660|    0.002759|
|         261|   -8.647158|   -8.094362|    0.030660|    0.002759|
|         262|   -8.650191|   -8.097246|    0.030660|    0.002759|
|         263|   -8.653882|   -8.100786|    0.030660|    0.002759|
|         264|   -8.658482|   -8.105234|    0.030660|    0.002759|
|         265|   -8.664189|   -8.110793|    0.030660|    0.002759|
|         266|   -8.671159|   -8.117621|    0.030660|    0.002759|
|         267|   -8.679503|   -8.125829|    0.030660|    0.002759|
|         268|   -8.689298|   -8.135497|    0.030660|    0.002759|
|         269|   -8.700596|   -8.146675|    0.030661|    0.002759|
|         270|   -8.713422|   -8.159392|    0.030661|    0.002759|
|         271|   -8.727784|   -8.173654|    0.030661|    0.002759|
|         272|   -8.743670|   -8.189451|    0.030661|    0.002759|
|         273|   -8.761050|   -8.206753|    0.030661|    0.002759|
|         274|   -8.779874|   -8.225510|    0.030661|    0.002759|
|         275|   -8.800073|   -8.245652|    0.030661|    0.002759|
|         276|   -8.821550|   -8.267086|    0.030661|    0.002759|
|         277|   -8.844186|   -8.289690|    0.030661|    0.002759|
|         278|   -8.867827|   -8.313313|    0.030661|    0.002759|
|         279|   -8.892283|   -8.337764|    0.030661|    0.002759|
|         280|   -8.917325|   -8.362815|    0.030661|    0.002759|
|         281|   -8.942681|   -8.388194|    0.030661|    0.002759|
|         282|   -8.968043|   -8.413593|    0.030661|    0.002759|
|         283|   -8.993070|   -8.438671|    0.030661|    0.002759|
|         284|   -9.017412|   -8.463076|    0.030661|    0.002759|
|         285|   -9.040728|   -8.486467|    0.030661|    0.002759|
|         286|   -9.062720|   -8.508545|    0.030661|    0.002759|
|         287|   -9.083166|   -8.529084|    0.030661|    0.002759|
|         288|   -9.101944|   -8.547960|    0.030661|    0.002759|
|         289|   -9.119051|   -8.565168|    0.030661|    0.002759|
|         290|   -9.134603|   -8.580820|    0.030661|    0.002759|
|         291|   -9.148822|   -8.595135|    0.030661|    0.002759|
|         292|   -9.162004|   -8.608408|    0.030662|    0.002759|
|         293|   -9.174490|   -8.620978|    0.030662|    0.002759|
|         294|   -9.186631|   -8.633195|    0.030662|    0.002759|
|         295|   -9.198760|   -8.645395|    0.030662|    0.002759|
|         296|   -9.211176|   -8.657876|    0.030662|    0.002759|
|         297|   -9.224124|   -8.670885|    0.030662|    0.002759|
|         298|   -9.237797|   -8.684618|    0.030662|    0.002759|
|         299|   -9.252327|   -8.699207|    0.030662|    0.002759|
|         300|   -9.267784|   -8.714727|    0.030662|    0.002759|
|         301|   -9.284179|   -8.731189|    0.030662|    0.002759|
|         302|   -9.301461|   -8.748544|    0.030662|    0.002759|
|         303|   -9.319512|   -8.766675|    0.030662|    0.002759|
|         304|   -9.338149|   -8.785400|    0.030662|    0.002759|
|         305|   -9.357123|   -8.804470|    0.030662|    0.002759|
|         306|   -9.376117|   -8.823568|    0.030662|    0.002759|
|         307|   -9.394760|   -8.842318|    0.030662|    0.002759|
|         308|   -9.412641|   -8.860304|    0.030662|    0.002759|
|         309|   -9.429338|   -8.877098|    0.030662|    0.002759|
|         310|   -9.444460|   -8.892302|    0.030662|    0.002759|
|         311|   -9.457689|   -8.905591|    0.030662|    0.002759|
|         312|   -9.468829|   -8.916762|    0.030662|    0.002759|
|         313|   -9.477827|   -8.925759|    0.030662|    0.002759|
|         314|   -9.484791|   -8.932688|    0.030662|    0.002759|
|         315|   -9.489970|   -8.937800|    0.030662|    0.002759|
|         316|   -9.493716|   -8.941452|    0.030662|    0.002759|
|         317|   -9.496449|   -8.944067|    0.030662|    0.002759|
|         318|   -9.498603|   -8.946089|    0.030662|    0.002759|
|         319|   -9.500600|   -8.947943|    0.030662|    0.002759|
|         320|   -9.502820|   -8.950015|    0.030662|    0.002759|
|         321|   -9.505591|   -8.952639|    0.030662|    0.002759|
|         322|   -9.509187|   -8.956091|    0.030662|    0.002759|
|         323|   -9.513827|   -8.960590|    0.030662|    0.002759|
|         324|   -9.519679|   -8.966310|    0.030662|    0.002759|
|         325|   -9.526873|   -8.973378|    0.030662|    0.002759|
|         326|   -9.535499|   -8.981888|    0.030662|    0.002759|
|         327|   -9.545621|   -8.991903|    0.030662|    0.002759|
|         328|   -9.557276|   -9.003459|    0.030662|    0.002759|
|         329|   -9.570478|   -9.016572|    0.030662|    0.002759|
|         330|   -9.585223|   -9.031237|    0.030662|    0.002759|
|         331|   -9.601486|   -9.047431|    0.030662|    0.002759|
|         332|   -9.619226|   -9.065111|    0.030662|    0.002759|
|         333|   -9.638379|   -9.084216|    0.030662|    0.002759|
|         334|   -9.658860|   -9.104658|    0.030662|    0.002759|
|         335|   -9.680555|   -9.126326|    0.030662|    0.002759|
|         336|   -9.703323|   -9.149078|    0.030662|    0.002759|
|         337|   -9.726984|   -9.172735|    0.030662|    0.002759|
|         338|   -9.751321|   -9.197080|    0.030662|    0.002759|
|         339|   -9.776074|   -9.221853|    0.030662|    0.002759|
|         340|   -9.800942|   -9.246752|    0.030662|    0.002759|
|         341|   -9.825587|   -9.271441|    0.030662|    0.002759|
|         342|   -9.849653|   -9.295561|    0.030662|    0.002759|
|         343|   -9.872785|   -9.318757|    0.030662|    0.002759|
|         344|   -9.894657|   -9.340702|    0.030662|    0.002759|
|         345|   -9.915007|   -9.361132|    0.030662|    0.002759|
|         346|   -9.933669|   -9.379881|    0.030662|    0.002759|
|         347|   -9.950593|   -9.396895|    0.030662|    0.002759|
|         348|   -9.965855|   -9.412248|    0.030662|    0.002759|
|         349|   -9.979644|   -9.426128|    0.030662|    0.002759|
|         350|   -9.992242|   -9.438812|    0.030662|    0.002759|
|         351|  -10.003986|   -9.450639|    0.030662|    0.002759|
|         352|  -10.015237|   -9.461968|    0.030662|    0.002759|
|         353|  -10.026349|   -9.473154|    0.030662|    0.002759|
|         354|  -10.037645|   -9.484519|    0.030662|    0.002759|
|         355|  -10.049402|   -9.496343|    0.030662|    0.002759|
|         356|  -10.061845|   -9.508852|    0.030662|    0.002759|
|         357|  -10.075142|   -9.522217|    0.030662|    0.002759|
|         358|  -10.089404|   -9.536548|    0.030662|    0.002759|
|         359|  -10.104686|   -9.551904|    0.030662|    0.002759|
|         360|  -10.120984|   -9.568281|    0.030662|    0.002759|
|         361|  -10.138240|   -9.585622|    0.030662|    0.002759|
|         362|  -10.156334|   -9.603808|    0.030662|    0.002759|
|         363|  -10.175085|   -9.622658|    0.030662|    0.002759|
|         364|  -10.194248|   -9.641927|    0.030662|    0.002759|
|         365|  -10.213516|   -9.661306|    0.030662|    0.002759|
|         366|  -10.232527|   -9.680428|    0.030662|    0.002759|
|         367|  -10.250879|   -9.698885|    0.030662|    0.002759|
|         368|  -10.268153|   -9.716252|    0.030662|    0.002759|
|         369|  -10.283954|   -9.732127|    0.030662|    0.002759|
|         370|  -10.297953|   -9.746173|    0.030662|    0.002759|
|         371|  -10.309929|   -9.758163|    0.030662|    0.002759|
|         372|  -10.319801|   -9.768014|    0.030662|    0.002759|
|         373|  -10.327642|   -9.775797|    0.030662|    0.002759|
|         374|  -10.333666|   -9.781731|    0.030662|    0.002759|
|         375|  -10.338201|   -9.786149|    0.030662|    0.002759|
|         376|  -10.341646|   -9.789456|    0.030662|    0.002759|
|         377|  -10.344428|   -9.792084|    0.030662|    0.002759|
|         378|  -10.346964|   -9.794461|    0.030662|    0.002759|
|         379|  -10.349639|   -9.796974|    0.030662|    0.002759|
|         380|  -10.352789|   -9.799965|    0.030662|    0.002759|
|         381|  -10.356695|   -9.803718|    0.030662|    0.002759|
|         382|  -10.361585|   -9.808462|    0.030662|    0.002759|
|         383|  -10.367637|   -9.814378|    0.030662|    0.002759|
|         384|  -10.374987|   -9.821601|    0.030662|    0.002759|
|         385|  -10.383733|   -9.830231|    0.030662|    0.002759|
|         386|  -10.393943|   -9.840335|    0.030662|    0.002759|
|         387|  -10.405658|   -9.851954|    0.030662|    0.002759|
|         388|  -10.418896|   -9.865107|    0.030662|    0.002759|
|         389|  -10.433655|   -9.879791|    0.030662|    0.002759|
|         390|  -10.449913|   -9.895985|    0.030662|    0.002759|
|         391|  -10.467629|   -9.913646|    0.030662|    0.002759|
|         392|  -10.486741|   -9.932714|    0.030662|    0.002759|
|         393|  -10.507164|   -9.953103|    0.030662|    0.002759|
|         394|  -10.528786|   -9.974701|    0.030662|    0.002759|
|         395|  -10.551465|   -9.997366|    0.030662|    0.002759|
|         396|  -10.575025|  -10.020923|    0.030662|    0.002759|
|         397|  -10.599249|  -10.045154|    0.030662|    0.002759|
|         398|  -10.623882|  -10.069803|    0.030662|    0.002759|
|         399|  -10.648627|  -10.094573|    0.030662|    0.002759|
|         400|  -10.673153|  -10.119131|    0.030662|    0.002759|
|         401|  -10.697111|  -10.143129|    0.030662|    0.002759|
|         402|  -10.720156|  -10.166220|    0.030662|    0.002759|
|         403|  -10.741971|  -10.188085|    0.030662|    0.002759|
|         404|  -10.762304|  -10.208473|    0.030662|    0.002759|
|         405|  -10.780994|  -10.227222|    0.030662|    0.002759|
|         406|  -10.797996|  -10.244285|    0.030662|    0.002759|
|         407|  -10.813383|  -10.259734|    0.030662|    0.002759|
|         408|  -10.827341|  -10.273755|    0.030662|    0.002759|
|         409|  -10.840143|  -10.286618|    0.030662|    0.002759|
|         410|  -10.852118|  -10.298654|    0.030662|    0.002759|
|         411|  -10.863618|  -10.310213|    0.030662|    0.002759|
|         412|  -10.874990|  -10.321643|    0.030662|    0.002759|
|         413|  -10.886549|  -10.333261|    0.030662|    0.002759|
|         414|  -10.898570|  -10.345341|    0.030662|    0.002759|
|         415|  -10.911274|  -10.358108|    0.030662|    0.002759|
|         416|  -10.924829|  -10.371728|    0.030662|    0.002759|
|         417|  -10.939346|  -10.386316|    0.030662|    0.002759|
|         418|  -10.954881|  -10.401928|    0.030662|    0.002759|
|         419|  -10.971433|  -10.418565|    0.030662|    0.002759|
|         420|  -10.988946|  -10.436171|    0.030662|    0.002759|
|         421|  -11.007303|  -10.454629|    0.030662|    0.002759|
|         422|  -11.026327|  -10.473763|    0.030662|    0.002759|
|         423|  -11.045775|  -10.493329|    0.030662|    0.002759|
|         424|  -11.065345|  -10.513023|    0.030662|    0.002759|
|         425|  -11.084675|  -10.532477|    0.030662|    0.002759|
|         426|  -11.103361|  -10.551284|    0.030662|    0.002759|
|         427|  -11.120984|  -10.569014|    0.030662|    0.002759|
|         428|  -11.137142|  -10.585260|    0.030662|    0.002759|
|         429|  -11.151497|  -10.599675|    0.030662|    0.002759|
|         430|  -11.163820|  -10.612023|    0.030662|    0.002759|
|         431|  -11.174020|  -10.622211|    0.030662|    0.002759|
|         432|  -11.182161|  -10.630301|    0.030662|    0.002759|
|         433|  -11.188455|  -10.636509|    0.030662|    0.002759|
|         434|  -11.193227|  -10.641165|    0.030662|    0.002759|
|         435|  -11.196877|  -10.644677|    0.030662|    0.002759|
|         436|  -11.199835|  -10.647481|    0.030662|    0.002759|
|         437|  -11.202525|  -10.650009|    0.030662|    0.002759|
|         438|  -11.205336|  -10.652657|    0.030662|    0.002759|
|         439|  -11.208610|  -10.655769|    0.030662|    0.002759|
|         440|  -11.212631|  -10.659635|    0.030662|    0.002759|
|         441|  -11.217631|  -10.664489|    0.030662|    0.002759|
|         442|  -11.223792|  -10.670513|    0.030662|    0.002759|
|         443|  -11.231250|  -10.677846|    0.030662|    0.002759|
|         444|  -11.240106|  -10.686588|    0.030662|    0.002759|
|         445|  -11.250428|  -10.696807|    0.030662|    0.002759|
|         446|  -11.262256|  -10.708545|    0.030662|    0.002759|
|         447|  -11.275608|  -10.721817|    0.030662|    0.002759|
|         448|  -11.290480|  -10.736621|    0.030662|    0.002759|
|         449|  -11.306848|  -10.752933|    0.030662|    0.002759|
|         450|  -11.324666|  -10.770707|    0.030662|    0.002759|
|         451|  -11.343869|  -10.789876|    0.030662|    0.002759|
|         452|  -11.364365|  -10.810351|    0.030662|    0.002759|
|         453|  -11.386035|  -10.832010|    0.030662|    0.002759|
|         454|  -11.408728|  -10.854705|    0.030662|    0.002759|
|         455|  -11.432255|  -10.878245|    0.030662|    0.002759|
|         456|  -11.456389|  -10.902403|    0.030662|    0.002759|
|         457|  -11.480859|  -10.926906|    0.030662|    0.002759|
|         458|  -11.505354|  -10.951443|    0.030662|    0.002759|
|         459|  -11.529533|  -10.975670|    0.030662|    0.002759|
|         460|  -11.553038|  -10.999229|    0.030662|    0.002759|
|         461|  -11.575522|  -11.021770|    0.030662|    0.002759|
|         462|  -11.596677|  -11.042984|    0.030662|    0.002759|
|         463|  -11.616268|  -11.062633|    0.030662|    0.002759|
|         464|  -11.634160|  -11.080582|    0.030662|    0.002759|
|         465|  -11.650341|  -11.096817|    0.030662|    0.002759|
|         466|  -11.664918|  -11.111445|    0.030662|    0.002759|
|         467|  -11.678108|  -11.124683|    0.030662|    0.002759|
|         468|  -11.690209|  -11.136827|    0.030662|    0.002759|
|         469|  -11.701568|  -11.148225|    0.030662|    0.002759|
|         470|  -11.712544|  -11.159239|    0.030662|    0.002759|
|         471|  -11.723485|  -11.170215|    0.030662|    0.002759|
|         472|  -11.734703|  -11.181470|    0.030662|    0.002759|
|         473|  -11.746464|  -11.193269|    0.030662|    0.002759|
|         474|  -11.758984|  -11.205830|    0.030662|    0.002759|
|         475|  -11.772420|  -11.219313|    0.030662|    0.002759|
|         476|  -11.786876|  -11.233822|    0.030662|    0.002759|
|         477|  -11.802403|  -11.249410|    0.030662|    0.002759|
|         478|  -11.818996|  -11.266074|    0.030662|    0.002759|
|         479|  -11.836597|  -11.283755|    0.030662|    0.002759|
|         480|  -11.855088|  -11.302338|    0.030662|    0.002759|
|         481|  -11.874294|  -11.321646|    0.030662|    0.002759|
|         482|  -11.893975|  -11.341439|    0.030662|    0.002759|
|         483|  -11.913830|  -11.361414|    0.030662|    0.002759|
|         484|  -11.933499|  -11.381207|    0.030662|    0.002759|
|         485|  -11.952579|  -11.400409|    0.030662|    0.002759|
|         486|  -11.970644|  -11.418588|    0.030662|    0.002759|
|         487|  -11.987287|  -11.435326|    0.030662|    0.002759|
|         488|  -12.002154|  -11.450263|    0.030662|    0.002759|
|         489|  -12.015000|  -11.463145|    0.030662|    0.002759|
|         490|  -12.025714|  -11.473859|    0.030662|    0.002759|
|         491|  -12.034344|  -11.482450|    0.030662|    0.002759|
|         492|  -12.041085|  -11.489116|    0.030662|    0.002759|
|         493|  -12.046253|  -11.494177|    0.030662|    0.002759|
|         494|  -12.050246|  -11.498039|    0.030662|    0.002759|
|         495|  -12.053496|  -11.501140|    0.030662|    0.002759|
|         496|  -12.056430|  -11.503916|    0.030662|    0.002759|
|         497|  -12.059445|  -11.506771|    0.030662|    0.002759|
|         498|  -12.062892|  -11.510057|    0.030662|    0.002759|
|         499|  -12.067061|  -11.514072|    0.030662|    0.002759|
|         500|  -12.072193|  -11.519056|    0.030662|    0.002759|
+-----------------------------------------------------------------------+
|        File Writing Summary       |              Filename             |
+-----------------------------------------------------------------------+
|SU2 binary restart                 |restart_flow.dat                   |
|Paraview                           |flow.vtu                           |
|Paraview surface                   |surface_flow.vtu                   |
|CSV file                           |surface_flow.csv                   |
+-----------------------------------------------------------------------+
+----------------------------------------------------------------+
|  Inner_Iter|    rms[Rho]|   rms[RhoE]|          CL|          CD|
+----------------------------------------------------------------+
|         501|  -12.078473|  -11.525199|    0.030662|    0.002759|
|         502|  -12.086045|  -11.532644|    0.030662|    0.002759|
|         503|  -12.095011|  -11.541495|    0.030662|    0.002759|
|         504|  -12.105442|  -11.551822|    0.030662|    0.002759|
|         505|  -12.117381|  -11.563670|    0.030662|    0.002759|
|         506|  -12.130847|  -11.577056|    0.030662|    0.002759|
|         507|  -12.145836|  -11.591977|    0.030662|    0.002759|
|         508|  -12.162323|  -11.608409|    0.030662|    0.002759|
|         509|  -12.180263|  -11.626306|    0.030662|    0.002759|
|         510|  -12.199588|  -11.645600|    0.030662|    0.002759|
|         511|  -12.220203|  -11.666196|    0.030662|    0.002759|
|         512|  -12.241986|  -11.687973|    0.030662|    0.002759|
|         513|  -12.264780|  -11.710773|    0.030662|    0.002759|
|         514|  -12.288389|  -11.734401|    0.030662|    0.002759|
|         515|  -12.312578|  -11.758621|    0.030662|    0.002759|
|         516|  -12.337065|  -11.783150|    0.030662|    0.002759|
|         517|  -12.361529|  -11.807666|    0.030662|    0.002759|
|         518|  -12.385620|  -11.831815|    0.030662|    0.002759|
|         519|  -12.408970|  -11.855230|    0.030662|    0.002759|
|         520|  -12.431226|  -11.877553|    0.030662|    0.002759|
|         521|  -12.452083|  -11.898479|    0.030662|    0.002759|
|         522|  -12.471306|  -11.917770|    0.030662|    0.002759|
|         523|  -12.488779|  -11.935306|    0.030662|    0.002759|
|         524|  -12.504502|  -11.951088|    0.030662|    0.002759|
|         525|  -12.518607|  -11.965246|    0.030662|    0.002759|
|         526|  -12.531327|  -11.978012|    0.030662|    0.002759|
|         527|  -12.542979|  -11.989704|    0.030662|    0.002759|
|         528|  -12.553922|  -12.000680|    0.030662|    0.002759|
|         529|  -12.564526|  -12.011313|    0.030662|    0.002759|
|         530|  -12.575140|  -12.021953|    0.030662|    0.002759|
|         531|  -12.586079|  -12.032919|    0.030662|    0.002759|
|         532|  -12.597608|  -12.044475|    0.030662|    0.002759|
|         533|  -12.609937|  -12.056835|    0.030662|    0.002759|
|         534|  -12.623218|  -12.070152|    0.030662|    0.002759|
|         535|  -12.637561|  -12.084537|    0.030662|    0.002759|
|         536|  -12.653006|  -12.100033|    0.030662|    0.002759|
|         537|  -12.669548|  -12.116635|    0.030662|    0.002759|
|         538|  -12.687138|  -12.134295|    0.030662|    0.002759|
|         539|  -12.705645|  -12.152884|    0.030662|    0.002759|
|         540|  -12.724902|  -12.172234|    0.030662|    0.002759|
|         541|  -12.744675|  -12.192111|    0.030662|    0.002759|
|         542|  -12.764666|  -12.212214|    0.030662|    0.002759|
|         543|  -12.784515|  -12.232179|    0.030662|    0.002759|
|         544|  -12.803821|  -12.251606|    0.030662|    0.002759|
|         545|  -12.822156|  -12.270053|    0.030662|    0.002759|
|         546|  -12.839122|  -12.287112|    0.030662|    0.002759|
|         547|  -12.854340|  -12.302404|    0.030662|    0.002759|
|         548|  -12.867567|  -12.315670|    0.030662|    0.002759|
|         549|  -12.878671|  -12.326776|    0.030662|    0.002759|
|         550|  -12.887684|  -12.335758|    0.030662|    0.002759|
|         551|  -12.894798|  -12.342807|    0.030662|    0.002759|
|         552|  -12.900308|  -12.348218|    0.030662|    0.002759|
|         553|  -12.904614|  -12.352398|    0.030662|    0.002759|
|         554|  -12.908139|  -12.355782|    0.030662|    0.002759|
|         555|  -12.911319|  -12.358807|    0.030662|    0.002759|
|         556|  -12.914552|  -12.361882|    0.030662|    0.002759|
|         557|  -12.918191|  -12.365363|    0.030662|    0.002759|
|         558|  -12.922536|  -12.369555|    0.030662|    0.002759|
|         559|  -12.927828|  -12.374699|    0.030662|    0.002759|
|         560|  -12.934262|  -12.380998|    0.030662|    0.002759|
|         561|  -12.941981|  -12.388589|    0.030662|    0.002759|
|         562|  -12.951094|  -12.397585|    0.030662|    0.002759|
|         563|  -12.961671|  -12.408058|    0.030662|    0.002759|
|         564|  -12.973761|  -12.420055|    0.030662|    0.002759|
|         565|  -12.987378|  -12.433588|    0.030662|    0.002759|
|         566|  -13.002528|  -12.448666|    0.030662|    0.002759|

----------------------------- Solver Exit -------------------------------
All convergence criteria satisfied.
+-----------------------------------------------------------------------+
|      Convergence Field     |     Value    |   Criterion  |  Converged |
+-----------------------------------------------------------------------+
|                    rms[Rho]|      -13.0025|         < -13|         Yes|
+-----------------------------------------------------------------------+
-------------------------------------------------------------------------
+-----------------------------------------------------------------------+
|        File Writing Summary       |              Filename             |
+-----------------------------------------------------------------------+
|SU2 binary restart                 |restart_flow.dat                   |
|Paraview                           |flow.vtu                           |
|Paraview surface                   |surface_flow.vtu                   |
|CSV file                           |surface_flow.csv                   |
+-----------------------------------------------------------------------+

--------------------------- Finalizing Solver ---------------------------
Deleted CNumerics container.
Deleted CIntegration container.
Deleted CSolver container.
Deleted CIteration container.
Deleted CInterface container.
Deleted CGeometry container.
Deleted CFreeFormDefBox class.
Deleted CSurfaceMovement class.
Deleted CVolumetricMovement class.
Deleted CConfig container.
Deleted nInst container.
Deleted COutput class.
-------------------------------------------------------------------------

------------------------- Exit Success (SU2_CFD) ------------------------

