
-------------------------------------------------------------------------
|    ___ _   _ ___                                                      |
|   / __| | | |_  )   Release 8.3.0 "Harrier"                           |
|   \__ \ |_| |/ /                                                      |
|   |___/\___//___|   Suite (Computational Fluid Dynamics Code)         |
|                                                                       |
-------------------------------------------------------------------------
| SU2 Project Website: https://su2code.github.io                        |
|                                                                       |
| The SU2 Project is maintained by the SU2 Foundation                   |
| (http://su2foundation.org)                                            |
-------------------------------------------------------------------------
| Copyright 2012-2025, SU2 Contributors                                 |
|                                                                       |
| SU2 is free software; you can redistribute it and/or                  |
| modify it under the terms of the GNU Lesser General Public            |
| License as published by the Free Software Foundation; either          |
| version 2.1 of the License, or (at your option) any later version.    |
|                                                                       |
| SU2 is distributed in the hope that it will be useful,                |
| but WITHOUT ANY WARRANTY; without even the implied warranty of        |
| MERCHANTABILITY or FITNESS FOR A PARTICULAR PURPOSE. See the GNU      |
| Lesser General Public License for more details.                       |
|                                                                       |
| You should have received a copy of the GNU Lesser General Public      |
| License along with SU2. If not, see <http://www.gnu.org/licenses/>.   |
-------------------------------------------------------------------------

Parsing config file for zone 0

----------------- Physical Case Definition ( Zone 0 ) -------------------
Compressible Euler equations.
Mach number: 0.8.
Angle of attack (AoA): 1.25 deg, and angle of sideslip (AoS): 0 deg.
Reading and writing binary SU2 native restart files.
Read flow solution from: solution_flow.
Non-Dimensional simulation (P=1.0, Rho=1.0, T=1.0 at the farfield).
The reference area is 1 m^2.
The semi-span will be computed using the max y(3D) value.
The reference length is 1 m.
Reference origin for moment evaluation is (0.25, 0, 0).
Surface(s) where the force coefficients are evaluated: airfoil.

Surface(s) plotted in the output file: airfoil.
Surface(s) affected by the design variables: airfoil.
Input mesh file name: mesh_NACA0012_inv_deform.su2

--------------- Space Numerical Integration ( Zone 0 ) ------------------
Jameson-Schmidt-Turkel scheme (2nd order in space) for the flow inviscid terms.
JST viscous coefficients (2nd & 4th): 0.5, 0.02.
The method includes a grid stretching correction (p = 0.3).
Gradient for viscous and source terms: Green-Gauss.

--------------- Time Numerical Integration  ( Zone 0 ) ------------------
Local time stepping (steady state simulation).
Euler implicit method for the flow equations.
FGMRES is used for solving the linear system.
Using a LU-SGS preconditioning.
Convergence criteria of the linear solver: 0.0001.
Max number of linear iterations: 2.
V Multigrid Cycle, with 2 multigrid levels.
Damping factor for the residual restriction: 1.
Damping factor for the correction prolongation: 1.
No CFL adaptation.
+-------------------------------------------+
|  MG Level| Presmooth|PostSmooth|CorrectSmo|
+-------------------------------------------+
|         0|         1|         0|         0|
|         1|         2|         0|         0|
|         2|         3|         0|         0|
+-------------------------------------------+
Courant-Friedrichs-Lewy number:       10

------------------ Convergence Criteria  ( Zone 0 ) ---------------------
Maximum number of solver subiterations: 1000.
Begin convergence monitoring at iteration 10.
Residual minimum value: 1e-13.
Cauchy series min. value: 1e-06.
Number of Cauchy elements: 100.
Begin windowed time average at iteration 0.

-------------------- Output Information ( Zone 0 ) ----------------------
File writing frequency: 
+------------------------------------+
|                     File| Frequency|
+------------------------------------+
|                  RESTART|       250|
|                 PARAVIEW|       250|
|         SURFACE_PARAVIEW|       250|
|              SURFACE_CSV|       250|
+------------------------------------+
Writing the convergence history file every 1 inner iterations.
Writing the screen convergence history every 1 inner iterations.
The tabular file format is CSV (.csv).
Convergence history file name: history_direct.
Forces breakdown file name: forces_breakdown.dat.
Surface file name: surface_flow.
Volume file name: flow.
Restart file name: restart_flow.

------------- Config File Boundary Information ( Zone 0 ) ---------------
+-----------------------------------------------------------------------+
|                        Marker Type|                        Marker Name|
+-----------------------------------------------------------------------+
|                         Euler wall|                            airfoil|
+-----------------------------------------------------------------------+
|                          Far-field|                           farfield|
+-----------------------------------------------------------------------+

-------------------- Output Preprocessing ( Zone 0 ) --------------------

WARNING: SURFACE_PRESSURE_DROP can only be computed for at least 2 surfaces (outlet, inlet, ...)

Screen output fields: INNER_ITER, RMS_DENSITY, RMS_ENERGY, LIFT, DRAG
History output group(s): ITER, RMS_RES, AERO_COEFF
Convergence field(s): RMS_DENSITY
Warning: No (valid) fields chosen for time convergence monitoring. Time convergence monitoring inactive.
Volume output fields: COORDINATES, SOLUTION, PRIMITIVE

------------------- Geometry Preprocessing ( Zone 0 ) -------------------
Two dimensional problem.
5233 grid points.
10216 volume elements.
2 surface markers.
200 boundary elements in index 0 (Marker = airfoil).
50 boundary elements in index 1 (Marker = farfield).
10216 triangles.
Setting point connectivity.
Renumbering points (Reverse Cuthill McKee Ordering).
Recomputing point connectivity.
Setting element connectivity.
Checking the numerical grid orientation.
All volume elements are correctly oriented.
All surface elements are correctly oriented.
Identifying edges and vertices.
Setting the control volume structure.
Area of the computational grid: 1253.25.
Searching for the closest normal neighbors to the surfaces.
Storing a mapping from global to local point index.
Compute the surface curvature.
Max K: 7835.1. Mean K: 35.0737. Standard deviation K: 494.416.
Checking for periodicity.
Computing mesh quality statistics for the dual control volumes.
+--------------------------------------------------------------+
|           Mesh Quality Metric|        Minimum|        Maximum|
+--------------------------------------------------------------+
|    Orthogonality Angle (deg.)|        62.8748|        89.7318|
|     CV Face Area Aspect Ratio|        1.01411|        7.18682|
|           CV Sub-Volume Ratio|        1.00273|        6.47639|
+--------------------------------------------------------------+
Setting the multigrid structure.
+-------------------------------------------+
|  MG Level|       CVs|Aggl. Rate|       CFL|
+-------------------------------------------+
|         0|      5233|    1/1.00|        10|
|         1|      1690|     1/3.1|   8.52431|
|         2|       649|     1/2.6|   7.92373|
+-------------------------------------------+
Finding max control volume width.
Wetted area = 2.04152 m.
Area projection in the x-plane = 0.117116 m, y-plane = 0.999845 m.
Max. coordinate in the x-direction = 1 m, y-direction = 0.0529413 m.
Min. coordinate in the x-direction = 0 m, y-direction = -0.0641923 m.
Computing wall distances.

-------------------- Solver Preprocessing ( Zone 0 ) --------------------
Inviscid flow: Computing density based on free-stream
temperature and pressure using the ideal gas law.
Force coefficients computed using free-stream values.

-- Models:
+------------------------------------------------------------------------------+
|          Viscosity Model|        Conductivity Model|              Fluid Model|
+------------------------------------------------------------------------------+
|                        -|                         -|             STANDARD_AIR|
+------------------------------------------------------------------------------+
-- Fluid properties:
+------------------------------------------------------------------------------+
|                  Name|    Dim. value|    Ref. value|      Unit|Non-dim. value|
+------------------------------------------------------------------------------+
|          Gas Constant|       287.058|       287.058|  N.m/kg.K|             1|
|      Spec. Heat Ratio|             -|             -|         -|           1.4|
+------------------------------------------------------------------------------+
-- Initial and free-stream conditions:
+------------------------------------------------------------------------------+
|                  Name|    Dim. value|    Ref. value|      Unit|Non-dim. value|
+------------------------------------------------------------------------------+
|       Static Pressure|        101325|        101325|        Pa|             1|
|               Density|       1.22498|       1.22498|    kg/m^3|             1|
|           Temperature|        288.15|        288.15|         K|             1|
|          Total Energy|        243846|       82715.8|   m^2/s^2|         2.948|
|            Velocity-X|       272.173|       287.603|       m/s|      0.946348|
|            Velocity-Y|       5.93883|       287.603|       m/s|     0.0206494|
|    Velocity Magnitude|       272.238|       287.603|       m/s|      0.946573|
+------------------------------------------------------------------------------+
|           Mach Number|             -|             -|         -|           0.8|
+------------------------------------------------------------------------------+
Initialize Jacobian structure (Euler). MG level: 0.
Initialize Jacobian structure (Euler). MG level: 1.
Initialize Jacobian structure (Euler). MG level: 2.

------------------- Numerics Preprocessing ( Zone 0 ) -------------------

----------------- Integration Preprocessing ( Zone 0 ) ------------------

------------------- Iteration Preprocessing ( Zone 0 ) ------------------
Euler/Navier-Stokes/RANS fluid iteration.

------------------------------ Begin Solver -----------------------------

Simulation Run using the Single-zone Driver
WARNING: SU2 was not compiled for an AVX-capable architecture. Performance could be better,
         see https://su2code.github.io/docs_v7/Build-SU2-Linux-MacOS/#compiler-optimizations
WARNING: SU2 was not compiled for an AVX-capable architecture. Performance could be better,
         see https://su2code.github.io/docs_v7/Build-SU2-Linux-MacOS/#compiler-optimizations
WARNING: SU2 was not compiled for an AVX-capable architecture. Performance could be better,
         see https://su2code.github.io/docs_v7/Build-SU2-Linux-MacOS/#compiler-optimizations
+----------------------------------------------------------------+
|  Inner_Iter|    rms[Rho]|   rms[RhoE]|          CL|          CD|
+----------------------------------------------------------------+
|           0|   -5.213528|   -4.617148|    0.094689|    0.004894|
|           1|   -5.503154|   -4.905596|    0.094016|    0.002577|
|           2|   -5.421080|   -4.831343|    0.095115|    0.002201|
|           3|   -5.390904|   -4.802723|    0.094164|    0.002220|
|           4|   -5.347899|   -4.763035|    0.092808|    0.001973|
|           5|   -5.332838|   -4.751016|    0.092202|    0.001795|
|           6|   -5.327989|   -4.750982|    0.091600|    0.001704|
|           7|   -5.320606|   -4.745354|    0.090815|    0.001633|
|           8|   -5.312320|   -4.738832|    0.090073|    0.001553|
|           9|   -5.318301|   -4.748490|    0.089499|    0.001467|
|          10|   -5.320467|   -4.753167|    0.089031|    0.001390|
|          11|   -5.325166|   -4.760143|    0.088595|    0.001323|
|          12|   -5.329163|   -4.766184|    0.088175|    0.001257|
|          13|   -5.334451|   -4.772221|    0.087792|    0.001192|
|          14|   -5.342572|   -4.779688|    0.087456|    0.001133|
|          15|   -5.349449|   -4.785542|    0.087160|    0.001080|
|          16|   -5.354765|   -4.790809|    0.086893|    0.001033|
|          17|   -5.360818|   -4.797938|    0.086646|    0.000992|
|          18|   -5.368931|   -4.807507|    0.086421|    0.000954|
|          19|   -5.379352|   -4.819159|    0.086215|    0.000921|
|          20|   -5.391517|   -4.832213|    0.086026|    0.000893|
|          21|   -5.404614|   -4.846043|    0.085850|    0.000871|
|          22|   -5.418011|   -4.860149|    0.085684|    0.000857|
|          23|   -5.431352|   -4.874133|    0.085526|    0.000849|
|          24|   -5.444504|   -4.887745|    0.085374|    0.000849|
|          25|   -5.457466|   -4.900908|    0.085227|    0.000856|
|          26|   -5.470373|   -4.913821|    0.085085|    0.000869|
|          27|   -5.483357|   -4.926762|    0.084945|    0.000889|
|          28|   -5.496505|   -4.939971|    0.084805|    0.000913|
|          29|   -5.509879|   -4.953627|    0.084666|    0.000940|
|          30|   -5.523605|   -4.967869|    0.084526|    0.000969|
|          31|   -5.537758|   -4.982683|    0.084385|    0.000999|
|          32|   -5.552403|   -4.997999|    0.084243|    0.001029|
|          33|   -5.567534|   -5.013667|    0.084100|    0.001057|
|          34|   -5.583031|   -5.029488|    0.083955|    0.001082|
|          35|   -5.598779|   -5.045354|    0.083810|    0.001104|
|          36|   -5.614705|   -5.061253|    0.083664|    0.001123|
|          37|   -5.630760|   -5.077214|    0.083518|    0.001138|
|          38|   -5.646936|   -5.093315|    0.083374|    0.001148|
|          39|   -5.663272|   -5.109640|    0.083232|    0.001154|
|          40|   -5.679980|   -5.126428|    0.083094|    0.001156|
|          41|   -5.697146|   -5.143735|    0.082961|    0.001154|
|          42|   -5.714827|   -5.161592|    0.082834|    0.001149|
|          43|   -5.733079|   -5.180023|    0.082713|    0.001141|
|          44|   -5.751876|   -5.198964|    0.082600|    0.001132|
|          45|   -5.771114|   -5.218286|    0.082494|    0.001122|
|          46|   -5.790664|   -5.237837|    0.082397|    0.001111|
|          47|   -5.810288|   -5.257371|    0.082309|    0.001100|
|          48|   -5.829751|   -5.276671|    0.082229|    0.001090|
|          49|   -5.848882|   -5.295585|    0.082158|    0.001081|
|          50|   -5.867581|   -5.314032|    0.082093|    0.001073|
|          51|   -5.885847|   -5.332046|    0.082036|    0.001066|
|          52|   -5.903777|   -5.349766|    0.081986|    0.001062|
|          53|   -5.921511|   -5.367361|    0.081943|    0.001059|
|          54|   -5.939246|   -5.385043|    0.081904|    0.001057|
|          55|   -5.957202|   -5.403045|    0.081870|    0.001057|
|          56|   -5.975611|   -5.421594|    0.081841|    0.001058|
|          57|   -5.994598|   -5.440807|    0.081814|    0.001060|
|          58|   -6.014304|   -5.460802|    0.081791|    0.001063|
|          59|   -6.034791|   -5.481604|    0.081769|    0.001066|
|          60|   -6.055925|   -5.503061|    0.081749|    0.001070|
|          61|   -6.077590|   -5.525068|    0.081730|    0.001073|
|          62|   -6.099376|   -5.547189|    0.081712|    0.001077|
|          63|   -6.121052|   -5.569163|    0.081693|    0.001080|
|          64|   -6.142413|   -5.590763|    0.081675|    0.001082|
|          65|   -6.163244|   -5.611770|    0.081657|    0.001084|
|          66|   -6.183371|   -5.632019|    0.081638|    0.001086|
|          67|   -6.202686|   -5.651402|    0.081619|    0.001087|
|          68|   -6.221181|   -5.669919|    0.081599|    0.001088|
|          69|   -6.238827|   -5.687545|    0.081579|    0.001088|
|          70|   -6.255659|   -5.704323|    0.081559|    0.001087|
|          71|   -6.271826|   -5.720418|    0.081538|    0.001086|
|          72|   -6.287472|   -5.735976|    0.081516|    0.001085|
|          73|   -6.302772|   -5.751177|    0.081495|    0.001084|
|          74|   -6.317878|   -5.766181|    0.081474|    0.001083|
|          75|   -6.332937|   -5.781147|    0.081453|    0.001082|
|          76|   -6.348019|   -5.796140|    0.081432|    0.001080|
|          77|   -6.363168|   -5.811197|    0.081412|    0.001079|
|          78|   -6.378453|   -5.826387|    0.081392|    0.001078|
|          79|   -6.393901|   -5.841727|    0.081374|    0.001077|
|          80|   -6.409486|   -5.857194|    0.081356|    0.001076|
|          81|   -6.425168|   -5.872757|    0.081338|    0.001075|
|          82|   -6.440915|   -5.888388|    0.081322|    0.001075|
|          83|   -6.456690|   -5.904053|    0.081307|    0.001075|
|          84|   -6.472441|   -5.919705|    0.081293|    0.001074|
|          85|   -6.488114|   -5.935302|    0.081279|    0.001074|
|          86|   -6.503660|   -5.950812|    0.081267|    0.001075|
|          87|   -6.519013|   -5.966174|    0.081255|    0.001075|
|          88|   -6.534187|   -5.981408|    0.081244|    0.001075|
|          89|   -6.549194|   -5.996520|    0.081234|    0.001076|
|          90|   -6.564001|   -6.011483|    0.081225|    0.001076|
|          91|   -6.578438|   -6.026111|    0.081217|    0.001076|
|          92|   -6.592667|   -6.040587|    0.081209|    0.001077|
|          93|   -6.606699|   -6.054917|    0.081202|    0.001077|
|          94|   -6.620552|   -6.069101|    0.081195|    0.001078|
|          95|   -6.634227|   -6.083133|    0.081189|    0.001078|
|          96|   -6.647709|   -6.096985|    0.081183|    0.001078|
|          97|   -6.661010|   -6.110658|    0.081178|    0.001078|
|          98|   -6.674131|   -6.124148|    0.081173|    0.001079|
|          99|   -6.687093|   -6.137465|    0.081169|    0.001079|
|         100|   -6.699913|   -6.150618|    0.081165|    0.001079|
|         101|   -6.712603|   -6.163611|    0.081161|    0.001079|
|         102|   -6.725177|   -6.176449|    0.081158|    0.001079|
|         103|   -6.737639|   -6.189127|    0.081155|    0.001080|
|         104|   -6.749992|   -6.201644|    0.081152|    0.001080|
|         105|   -6.762245|   -6.214003|    0.081149|    0.001080|
|         106|   -6.774403|   -6.226207|    0.081147|    0.001080|
|         107|   -6.786481|   -6.238269|    0.081146|    0.001080|
|         108|   -6.798497|   -6.250204|    0.081144|    0.001080|
|         109|   -6.810467|   -6.262039|    0.081143|    0.001080|
|         110|   -6.822388|   -6.273777|    0.081142|    0.001080|
|         111|   -6.834274|   -6.285435|    0.081142|    0.001081|
|         112|   -6.846139|   -6.297039|    0.081141|    0.001081|
|         113|   -6.858023|   -6.308642|    0.081141|    0.001081|
|         114|   -6.869942|   -6.320265|    0.081142|    0.001081|
|         115|   -6.881885|   -6.331909|    0.081142|    0.001081|
|         116|   -6.893878|   -6.343616|    0.081143|    0.001081|
|         117|   -6.905943|   -6.355412|    0.081144|    0.001081|
|         118|   -6.918089|   -6.367313|    0.081145|    0.001081|
|         119|   -6.930315|   -6.379323|    0.081146|    0.001081|
|         120|   -6.942613|   -6.391440|    0.081148|    0.001081|
|         121|   -6.954983|   -6.403667|    0.081150|    0.001081|
|         122|   -6.967427|   -6.416010|    0.081152|    0.001081|
|         123|   -6.979946|   -6.428468|    0.081154|    0.001081|
|         124|   -6.992541|   -6.441041|    0.081156|    0.001081|
|         125|   -7.005206|   -6.453723|    0.081158|    0.001081|
|         126|   -7.017940|   -6.466510|    0.081160|    0.001081|
|         127|   -7.030739|   -6.479398|    0.081163|    0.001081|
|         128|   -7.043602|   -6.492379|    0.081165|    0.001081|
|         129|   -7.056524|   -6.505448|    0.081168|    0.001081|
|         130|   -7.069497|   -6.518594|    0.081170|    0.001081|
|         131|   -7.082514|   -6.531802|    0.081173|    0.001081|
|         132|   -7.095561|   -6.545057|    0.081176|    0.001081|
|         133|   -7.108634|   -6.558349|    0.081178|    0.001081|
|         134|   -7.121721|   -6.571665|    0.081181|    0.001081|
|         135|   -7.134808|   -6.584985|    0.081184|    0.001081|
|         136|   -7.147879|   -6.598290|    0.081187|    0.001081|
|         137|   -7.160917|   -6.611558|    0.081189|    0.001081|
|         138|   -7.173904|   -6.624769|    0.081192|    0.001082|
|         139|   -7.186821|   -6.637898|    0.081195|    0.001082|
|         140|   -7.199649|   -6.650923|    0.081198|    0.001082|
|         141|   -7.212370|   -6.663824|    0.081201|    0.001082|
|         142|   -7.224967|   -6.676581|    0.081203|    0.001082|
|         143|   -7.237425|   -6.689176|    0.081206|    0.001082|
|         144|   -7.249749|   -6.701615|    0.081209|    0.001082|
|         145|   -7.261915|   -6.713869|    0.081211|    0.001082|
|         146|   -7.273888|   -6.725905|    0.081214|    0.001082|
|         147|   -7.285666|   -6.737718|    0.081216|    0.001082|
|         148|   -7.297249|   -6.749312|    0.081219|    0.001082|
|         149|   -7.308640|   -6.760688|    0.081221|    0.001082|
|         150|   -7.319845|   -6.771855|    0.081224|    0.001082|
|         151|   -7.330877|   -6.782827|    0.081226|    0.001082|
|         152|   -7.341751|   -6.793623|    0.081228|    0.001082|
|         153|   -7.352490|   -6.804268|    0.081231|    0.001082|
|         154|   -7.363116|   -6.814785|    0.081233|    0.001082|
|         155|   -7.373653|   -6.825203|    0.081235|    0.001082|
|         156|   -7.384128|   -6.835551|    0.081237|    0.001082|
|         157|   -7.394568|   -6.845860|    0.081239|    0.001082|
|         158|   -7.405001|   -6.856158|    0.081241|    0.001082|
|         159|   -7.415453|   -6.866475|    0.081242|    0.001082|
|         160|   -7.425951|   -6.876840|    0.081244|    0.001082|
|         161|   -7.436518|   -6.887278|    0.081246|    0.001082|
|         162|   -7.447176|   -6.897812|    0.081247|    0.001082|
|         163|   -7.457944|   -6.908463|    0.081249|    0.001082|
|         164|   -7.468840|   -6.919250|    0.081250|    0.001082|
|         165|   -7.479880|   -6.930189|    0.081251|    0.001082|
|         166|   -7.491074|   -6.941291|    0.081253|    0.001082|
|         167|   -7.502427|   -6.952562|    0.081254|    0.001082|
|         168|   -7.513942|   -6.964006|    0.081255|    0.001082|
|         169|   -7.525622|   -6.975623|    0.081256|    0.001082|
|         170|   -7.537465|   -6.987414|    0.081257|    0.001082|
|         171|   -7.549471|   -6.999376|    0.081258|    0.001082|
|         172|   -7.561635|   -7.011505|    0.081259|    0.001082|
|         173|   -7.573951|   -7.023796|    0.081260|    0.001082|
|         174|   -7.586414|   -7.036240|    0.081261|    0.001082|
|         175|   -7.599016|   -7.048832|    0.081261|    0.001082|
|         176|   -7.611749|   -7.061560|    0.081262|    0.001082|
|         177|   -7.624603|   -7.074416|    0.081263|    0.001082|
|         178|   -7.637570|   -7.087389|    0.081263|    0.001082|
|         179|   -7.650641|   -7.100471|    0.081264|    0.001082|
|         180|   -7.663805|   -7.113649|    0.081264|    0.001082|
|         181|   -7.677055|   -7.126916|    0.081264|    0.001082|
|         182|   -7.690382|   -7.140262|    0.081265|    0.001082|
|         183|   -7.703779|   -7.153678|    0.081265|    0.001082|
|         184|   -7.717237|   -7.167156|    0.081265|    0.001082|
|         185|   -7.730751|   -7.180689|    0.081266|    0.001082|
|         186|   -7.744315|   -7.194271|    0.081266|    0.001082|
|         187|   -7.757922|   -7.207895|    0.081266|    0.001082|
|         188|   -7.771567|   -7.221556|    0.081266|    0.001082|
|         189|   -7.785247|   -7.235250|    0.081267|    0.001081|
|         190|   -7.798956|   -7.248970|    0.081267|    0.001081|
|         191|   -7.812690|   -7.262712|    0.081267|    0.001081|
|         192|   -7.826444|   -7.276473|    0.081267|    0.001081|
|         193|   -7.840214|   -7.290247|    0.081267|    0.001081|
|         194|   -7.853995|   -7.304029|    0.081267|    0.001081|
|         195|   -7.867781|   -7.317815|    0.081267|    0.001081|
|         196|   -7.881567|   -7.331599|    0.081267|    0.001081|
|         197|   -7.895347|   -7.345376|    0.081267|    0.001081|
|         198|   -7.909115|   -7.359140|    0.081267|    0.001081|
|         199|   -7.922865|   -7.372884|    0.081267|    0.001081|
|         200|   -7.936589|   -7.386603|    0.081267|    0.001081|
|         201|   -7.950281|   -7.400290|    0.081268|    0.001081|
|         202|   -7.963935|   -7.413938|    0.081268|    0.001081|
|         203|   -7.977543|   -7.427542|    0.081268|    0.001081|
|         204|   -7.991102|   -7.441096|    0.081268|    0.001081|
|         205|   -8.004605|   -7.454595|    0.081268|    0.001081|
|         206|   -8.018048|   -7.468035|    0.081268|    0.001081|
|         207|   -8.031429|   -7.481413|    0.081268|    0.001081|
|         208|   -8.044745|   -7.494727|    0.081268|    0.001081|
|         209|   -8.057997|   -7.507977|    0.081268|    0.001081|
|         210|   -8.071186|   -7.521164|    0.081268|    0.001081|
|         211|   -8.084314|   -7.534291|    0.081268|    0.001081|
|         212|   -8.097386|   -7.547361|    0.081268|    0.001081|
|         213|   -8.110408|   -7.560380|    0.081268|    0.001082|
|         214|   -8.123387|   -7.573356|    0.081268|    0.001082|
|         215|   -8.136332|   -7.586296|    0.081268|    0.001082|
|         216|   -8.149252|   -7.599210|    0.081268|    0.001082|
|         217|   -8.162158|   -7.612107|    0.081268|    0.001082|
|         218|   -8.175060|   -7.625000|    0.081268|    0.001082|
|         219|   -8.187969|   -7.637898|    0.081268|    0.001082|
|         220|   -8.200897|   -7.650812|    0.081268|    0.001082|
|         221|   -8.213854|   -7.663754|    0.081268|    0.001082|
|         222|   -8.226850|   -7.676734|    0.081268|    0.001082|
|         223|   -8.239895|   -7.689761|    0.081268|    0.001082|
|         224|   -8.252996|   -7.702843|    0.081268|    0.001082|
|         225|   -8.266161|   -7.715987|    0.081268|    0.001082|
|         226|   -8.279393|   -7.729199|    0.081268|    0.001082|
|         227|   -8.292698|   -7.742482|    0.081268|    0.001082|
|         228|   -8.306076|   -7.755840|    0.081268|    0.001082|
|         229|   -8.319527|   -7.769271|    0.081268|    0.001082|
|         230|   -8.333049|   -7.782774|    0.081268|    0.001082|
|         231|   -8.346638|   -7.796347|    0.081268|    0.001082|
|         232|   -8.360290|   -7.809984|    0.081268|    0.001082|
|         233|   -8.373996|   -7.823677|    0.081268|    0.001082|
|         234|   -8.387749|   -7.837420|    0.081269|    0.001082|
|         235|   -8.401538|   -7.851203|    0.081269|    0.001082|
|         236|   -8.415352|   -7.865014|    0.081269|    0.001082|
|         237|   -8.429181|   -7.878843|    0.081269|    0.001082|
|         238|   -8.443012|   -7.892679|    0.081269|    0.001082|
|         239|   -8.456833|   -7.906508|    0.081269|    0.001082|
|         240|   -8.470632|   -7.920319|    0.081269|    0.001082|
|         241|   -8.484398|   -7.934101|    0.081269|    0.001082|
|         242|   -8.498121|   -7.947843|    0.081269|    0.001082|
|         243|   -8.511791|   -7.961536|    0.081269|    0.001082|
|         244|   -8.525401|   -7.975170|    0.081269|    0.001082|
|         245|   -8.538942|   -7.988740|    0.081269|    0.001082|
|         246|   -8.552412|   -8.002239|    0.081269|    0.001082|
|         247|   -8.565805|   -8.015664|    0.081269|    0.001082|
|         248|   -8.579121|   -8.029013|    0.081269|    0.001082|
|         249|   -8.592361|   -8.042285|    0.081269|    0.001082|
|         250|   -8.605525|   -8.055482|    0.081269|    0.001082|
+-----------------------------------------------------------------------+
|        File Writing Summary       |              Filename             |
+-----------------------------------------------------------------------+
|SU2 binary restart                 |restart_flow.dat                   |
|Paraview                           |flow.vtu                           |
|Paraview surface                   |surface_flow.vtu                   |
|CSV file                           |surface_flow.csv                   |
+-----------------------------------------------------------------------+
+----------------------------------------------------------------+
|  Inner_Iter|    rms[Rho]|   rms[RhoE]|          CL|          CD|
+----------------------------------------------------------------+
|         251|   -8.618617|   -8.068608|    0.081269|    0.001082|
|         252|   -8.631643|   -8.081665|    0.081269|    0.001082|
|         253|   -8.644607|   -8.094659|    0.081269|    0.001082|
|         254|   -8.657517|   -8.107597|    0.081269|    0.001082|
|         255|   -8.670379|   -8.120486|    0.081269|    0.001082|
|         256|   -8.683201|   -8.133333|    0.081269|    0.001082|
|         257|   -8.695991|   -8.146144|    0.081269|    0.001081|
|         258|   -8.708757|   -8.158929|    0.081269|    0.001081|
|         259|   -8.721505|   -8.171693|    0.081269|    0.001081|
|         260|   -8.734243|   -8.184443|    0.081269|    0.001081|
|         261|   -8.746976|   -8.197186|    0.081269|    0.001081|
|         262|   -8.759709|   -8.209926|    0.081269|    0.001081|
|         263|   -8.772446|   -8.222668|    0.081268|    0.001081|
|         264|   -8.785191|   -8.235415|    0.081268|    0.001081|
|         265|   -8.797947|   -8.248169|    0.081268|    0.001081|
|         266|   -8.810714|   -8.260931|    0.081268|    0.001081|
|         267|   -8.823493|   -8.273704|    0.081268|    0.001081|
|         268|   -8.836284|   -8.286486|    0.081268|    0.001081|
|         269|   -8.849087|   -8.299277|    0.081268|    0.001081|
|         270|   -8.861900|   -8.312076|    0.081268|    0.001081|
|         271|   -8.874721|   -8.324882|    0.081268|    0.001081|
|         272|   -8.887550|   -8.337692|    0.081268|    0.001081|
|         273|   -8.900383|   -8.350505|    0.081268|    0.001081|
|         274|   -8.913221|   -8.363320|    0.081268|    0.001081|
|         275|   -8.926060|   -8.376134|    0.081268|    0.001081|
|         276|   -8.938901|   -8.388948|    0.081268|    0.001081|
|         277|   -8.951742|   -8.401760|    0.081268|    0.001081|
|         278|   -8.964583|   -8.414571|    0.081268|    0.001081|
|         279|   -8.977424|   -8.427380|    0.081268|    0.001081|
|         280|   -8.990267|   -8.440188|    0.081268|    0.001081|
|         281|   -9.003111|   -8.452997|    0.081268|    0.001081|
|         282|   -9.015958|   -8.465808|    0.081268|    0.001081|
|         283|   -9.028811|   -8.478624|    0.081268|    0.001081|
|         284|   -9.041671|   -8.491447|    0.081268|    0.001081|
|         285|   -9.054540|   -8.504280|    0.081268|    0.001081|
|         286|   -9.067421|   -8.517124|    0.081268|    0.001081|
|         287|   -9.080314|   -8.529982|    0.081268|    0.001081|
|         288|   -9.093222|   -8.542857|    0.081268|    0.001081|
|         289|   -9.106145|   -8.555750|    0.081268|    0.001081|
|         290|   -9.119085|   -8.568662|    0.081268|    0.001081|
|         291|   -9.132040|   -8.581594|    0.081268|    0.001081|
|         292|   -9.145011|   -8.594545|    0.081268|    0.001081|
|         293|   -9.157995|   -8.607515|    0.081268|    0.001081|
|         294|   -9.170990|   -8.620501|    0.081268|    0.001081|
|         295|   -9.183992|   -8.633501|    0.081268|    0.001081|
|         296|   -9.196998|   -8.646510|    0.081268|    0.001081|
|         297|   -9.210001|   -8.659525|    0.081268|    0.001081|
|         298|   -9.222997|   -8.672539|    0.081268|    0.001081|
|         299|   -9.235979|   -8.685547|    0.081268|    0.001081|
|         300|   -9.248940|   -8.698541|    0.081268|    0.001081|
|         301|   -9.261873|   -8.711515|    0.081268|    0.001081|
|         302|   -9.274769|   -8.724461|    0.081268|    0.001081|
|         303|   -9.287623|   -8.737370|    0.081268|    0.001081|
|         304|   -9.300426|   -8.750236|    0.081268|    0.001081|
|         305|   -9.313172|   -8.763050|    0.081268|    0.001081|
|         306|   -9.325855|   -8.775806|    0.081268|    0.001081|
|         307|   -9.338468|   -8.788497|    0.081268|    0.001081|
|         308|   -9.351007|   -8.801117|    0.081268|    0.001081|
|         309|   -9.363468|   -8.813662|    0.081268|    0.001081|
|         310|   -9.375850|   -8.826127|    0.081268|    0.001081|
|         311|   -9.388149|   -8.838510|    0.081268|    0.001081|
|         312|   -9.400367|   -8.850809|    0.081268|    0.001081|
|         313|   -9.412505|   -8.863025|    0.081268|    0.001081|
|         314|   -9.424565|   -8.875159|    0.081268|    0.001081|
|         315|   -9.436550|   -8.887213|    0.081268|    0.001081|
|         316|   -9.448466|   -8.899191|    0.081268|    0.001081|
|         317|   -9.460319|   -8.911097|    0.081268|    0.001081|
|         318|   -9.472114|   -8.922938|    0.081268|    0.001081|
|         319|   -9.483859|   -8.934720|    0.081268|    0.001081|
|         320|   -9.495564|   -8.946451|    0.081268|    0.001081|
|         321|   -9.507235|   -8.958138|    0.081268|    0.001081|
|         322|   -9.518881|   -8.969791|    0.081268|    0.001081|
|         323|   -9.530513|   -8.981418|    0.081268|    0.001081|
|         324|   -9.542138|   -8.993029|    0.081268|    0.001081|
|         325|   -9.553766|   -9.004632|    0.081268|    0.001081|
|         326|   -9.565404|   -9.016238|    0.081268|    0.001081|
|         327|   -9.577063|   -9.027854|    0.081268|    0.001081|
|         328|   -9.588748|   -9.039490|    0.081268|    0.001081|
|         329|   -9.600469|   -9.051153|    0.081268|    0.001081|
|         330|   -9.612231|   -9.062853|    0.081268|    0.001081|
|         331|   -9.624042|   -9.074596|    0.081268|    0.001081|
|         332|   -9.635906|   -9.086389|    0.081268|    0.001081|
|         333|   -9.647830|   -9.098238|    0.081268|    0.001081|
|         334|   -9.659817|   -9.110149|    0.081268|    0.001081|
|         335|   -9.671871|   -9.122127|    0.081268|    0.001081|
|         336|   -9.683996|   -9.134176|    0.081268|    0.001081|
|         337|   -9.696194|   -9.146299|    0.081268|    0.001081|
|         338|   -9.708466|   -9.158501|    0.081268|    0.001081|
|         339|   -9.720815|   -9.170782|    0.081268|    0.001081|
|         340|   -9.733241|   -9.183145|    0.081268|    0.001081|
|         341|   -9.745744|   -9.195590|    0.081268|    0.001081|
|         342|   -9.758324|   -9.208117|    0.081268|    0.001081|
|         343|   -9.770978|   -9.220727|    0.081268|    0.001081|
|         344|   -9.783706|   -9.233417|    0.081268|    0.001081|
|         345|   -9.796505|   -9.246185|    0.081268|    0.001081|
|         346|   -9.809372|   -9.259030|    0.081268|    0.001081|
|         347|   -9.822302|   -9.271947|    0.081268|    0.001081|
|         348|   -9.835293|   -9.284932|    0.081268|    0.001081|
|         349|   -9.848338|   -9.297980|    0.081268|    0.001081|
|         350|   -9.861431|   -9.311085|    0.081268|    0.001081|
|         351|   -9.874567|   -9.324241|    0.081268|    0.001081|
|         352|   -9.887737|   -9.337439|    0.081268|    0.001081|
|         353|   -9.900935|   -9.350672|    0.081268|    0.001081|
|         354|   -9.914151|   -9.363932|    0.081268|    0.001081|
|         355|   -9.927378|   -9.377207|    0.081268|    0.001081|
|         356|   -9.940604|   -9.390489|    0.081268|    0.001081|
|         357|   -9.953822|   -9.403766|    0.081268|    0.001081|
|         358|   -9.967019|   -9.417029|    0.081268|    0.001081|
|         359|   -9.980187|   -9.430266|    0.081268|    0.001081|
|         360|   -9.993315|   -9.443465|    0.081268|    0.001081|
|         361|  -10.006394|   -9.456617|    0.081268|    0.001081|
|         362|  -10.019413|   -9.469710|    0.081268|    0.001081|
|         363|  -10.032363|   -9.482735|    0.081268|    0.001081|
|         364|  -10.045237|   -9.495682|    0.081268|    0.001081|
|         365|  -10.058027|   -9.508544|    0.081268|    0.001081|
|         366|  -10.070726|   -9.521313|    0.081268|    0.001081|
|         367|  -10.083331|   -9.533982|    0.081268|    0.001081|
|         368|  -10.095836|   -9.546549|    0.081268|    0.001081|
|         369|  -10.108241|   -9.559010|    0.081268|    0.001081|
|         370|  -10.120544|   -9.571365|    0.081268|    0.001081|
|         371|  -10.132748|   -9.583613|    0.081268|    0.001081|
|         372|  -10.144855|   -9.595757|    0.081268|    0.001081|
|         373|  -10.156869|   -9.607802|    0.081268|    0.001081|
|         374|  -10.168797|   -9.619754|    0.081268|    0.001081|
|         375|  -10.180647|   -9.631619|    0.081268|    0.001081|
|         376|  -10.192427|   -9.643408|    0.081268|    0.001081|
|         377|  -10.204148|   -9.655130|    0.081268|    0.001081|
|         378|  -10.215822|   -9.666797|    0.081268|    0.001081|
|         379|  -10.227460|   -9.678421|    0.081268|    0.001081|
|         380|  -10.239074|   -9.690015|    0.081268|    0.001081|
|         381|  -10.250679|   -9.701594|    0.081268|    0.001081|
|         382|  -10.262287|   -9.713169|    0.081268|    0.001081|
|         383|  -10.273912|   -9.724756|    0.081268|    0.001081|
|         384|  -10.285566|   -9.736367|    0.081268|    0.001081|
|         385|  -10.297261|   -9.748015|    0.081268|    0.001081|
|         386|  -10.309009|   -9.759712|    0.081268|    0.001081|
|         387|  -10.320821|   -9.771470|    0.081268|    0.001081|
|         388|  -10.332706|   -9.783298|    0.081268|    0.001081|
|         389|  -10.344672|   -9.795207|    0.081268|    0.001081|
|         390|  -10.356727|   -9.807202|    0.081268|    0.001081|
|         391|  -10.368877|   -9.819292|    0.081268|    0.001081|
|         392|  -10.381127|   -9.831482|    0.081268|    0.001081|
|         393|  -10.393479|   -9.843774|    0.081268|    0.001081|
|         394|  -10.405936|   -9.856172|    0.081268|    0.001081|
|         395|  -10.418497|   -9.868676|    0.081268|    0.001081|
|         396|  -10.431163|   -9.881286|    0.081268|    0.001081|
|         397|  -10.443930|   -9.894000|    0.081268|    0.001081|
|         398|  -10.456795|   -9.906815|    0.081268|    0.001081|
|         399|  -10.469754|   -9.919727|    0.081268|    0.001081|
|         400|  -10.482800|   -9.932731|    0.081268|    0.001081|
|         401|  -10.495928|   -9.945820|    0.081268|    0.001081|
|         402|  -10.509129|   -9.958987|    0.081268|    0.001081|
|         403|  -10.522394|   -9.972224|    0.081268|    0.001081|
|         404|  -10.535715|   -9.985522|    0.081268|    0.001081|
|         405|  -10.549083|   -9.998871|    0.081268|    0.001081|
|         406|  -10.562486|  -10.012262|    0.081268|    0.001081|
|         407|  -10.575914|  -10.025684|    0.081268|    0.001081|
|         408|  -10.589358|  -10.039127|    0.081268|    0.001081|
|         409|  -10.602807|  -10.052582|    0.081268|    0.001081|
|         410|  -10.616250|  -10.066037|    0.081268|    0.001081|
|         411|  -10.629677|  -10.079483|    0.081268|    0.001081|
|         412|  -10.643080|  -10.092910|    0.081268|    0.001081|
|         413|  -10.656448|  -10.106309|    0.081268|    0.001081|
|         414|  -10.669774|  -10.119671|    0.081268|    0.001081|
|         415|  -10.683050|  -10.132988|    0.081268|    0.001081|
|         416|  -10.696269|  -10.146253|    0.081268|    0.001081|
|         417|  -10.709425|  -10.159460|    0.081268|    0.001081|
|         418|  -10.722513|  -10.172603|    0.081268|    0.001081|
|         419|  -10.735530|  -10.185677|    0.081268|    0.001081|
|         420|  -10.748471|  -10.198679|    0.081268|    0.001081|
|         421|  -10.761335|  -10.211605|    0.081268|    0.001081|
|         422|  -10.774120|  -10.224455|    0.081268|    0.001081|
|         423|  -10.786827|  -10.237225|    0.081268|    0.001081|
|         424|  -10.799456|  -10.249918|    0.081268|    0.001081|
|         425|  -10.812008|  -10.262532|    0.081268|    0.001081|
|         426|  -10.824486|  -10.275070|    0.081268|    0.001081|
|         427|  -10.836892|  -10.287533|    0.081268|    0.001081|
|         428|  -10.849230|  -10.299925|    0.081268|    0.001081|
|         429|  -10.861505|  -10.312249|    0.081268|    0.001081|
|         430|  -10.873721|  -10.324510|    0.081268|    0.001081|
|         431|  -10.885883|  -10.336711|    0.081268|    0.001081|
|         432|  -10.897997|  -10.348857|    0.081268|    0.001081|
|         433|  -10.910069|  -10.360955|    0.081268|    0.001081|
|         434|  -10.922105|  -10.373011|    0.081268|    0.001081|
|         435|  -10.934112|  -10.385029|    0.081268|    0.001081|
|         436|  -10.946096|  -10.397018|    0.081268|    0.001081|
|         437|  -10.958064|  -10.408982|    0.081268|    0.001081|
|         438|  -10.970022|  -10.420930|    0.081268|    0.001081|
|         439|  -10.981977|  -10.432867|    0.081268|    0.001081|
|         440|  -10.993936|  -10.444801|    0.081268|    0.001081|
|         441|  -11.005905|  -10.456739|    0.081268|    0.001081|
|         442|  -11.017890|  -10.468685|    0.081268|    0.001081|
|         443|  -11.029897|  -10.480648|    0.081268|    0.001081|
|         444|  -11.041931|  -10.492633|    0.081268|    0.001081|
|         445|  -11.053998|  -10.504646|    0.081268|    0.001081|
|         446|  -11.066103|  -10.516692|    0.081268|    0.001081|
|         447|  -11.078249|  -10.528777|    0.081268|    0.001081|
|         448|  -11.090441|  -10.540904|    0.081268|    0.001081|
|         449|  -11.102682|  -10.553079|    0.081268|    0.001081|
|         450|  -11.114975|  -10.565304|    0.081268|    0.001081|
|         451|  -11.127322|  -10.577583|    0.081268|    0.001081|
|         452|  -11.139724|  -10.589918|    0.081268|    0.001081|
|         453|  -11.152183|  -10.602311|    0.081268|    0.001081|
|         454|  -11.164699|  -10.614763|    0.081268|    0.001081|
|         455|  -11.177271|  -10.627275|    0.081268|    0.001081|
|         456|  -11.189899|  -10.639846|    0.081268|    0.001081|
|         457|  -11.202581|  -10.652476|    0.081268|    0.001081|
|         458|  -11.215313|  -10.665163|    0.081268|    0.001081|
|         459|  -11.228094|  -10.677903|    0.081268|    0.001081|
|         460|  -11.240920|  -10.690696|    0.081268|    0.001081|
|         461|  -11.253785|  -10.703535|    0.081268|    0.001081|
|         462|  -11.266686|  -10.716418|    0.081268|    0.001081|
|         463|  -11.279616|  -10.729338|    0.081268|    0.001081|
|         464|  -11.292569|  -10.742290|    0.081268|    0.001081|
|         465|  -11.305539|  -10.755268|    0.081268|    0.001081|
|         466|  -11.318519|  -10.768264|    0.081268|    0.001081|
|         467|  -11.331502|  -10.781272|    0.081268|    0.001081|
|         468|  -11.344480|  -10.794283|    0.081268|    0.001081|
|         469|  -11.357445|  -10.807290|    0.081268|    0.001081|
|         470|  -11.370390|  -10.820286|    0.081268|    0.001081|
|         471|  -11.383308|  -10.833261|    0.081268|    0.001081|
|         472|  -11.396191|  -10.846207|    0.081268|    0.001081|
|         473|  -11.409032|  -10.859117|    0.081268|    0.001081|
|         474|  -11.421825|  -10.871984|    0.081268|    0.001081|
|         475|  -11.434563|  -10.884800|    0.081268|    0.001081|
|         476|  -11.447242|  -10.897559|    0.081268|    0.001081|
|         477|  -11.459856|  -10.910255|    0.081268|    0.001081|
|         478|  -11.472402|  -10.922883|    0.081268|    0.001081|
|         479|  -11.484877|  -10.935439|    0.081268|    0.001081|
|         480|  -11.497279|  -10.947919|    0.081268|    0.001081|
|         481|  -11.509607|  -10.960322|    0.081268|    0.001081|
|         482|  -11.521861|  -10.972647|    0.081268|    0.001081|
|         483|  -11.534042|  -10.984893|    0.081268|    0.001081|
|         484|  -11.546153|  -10.997061|    0.081268|    0.001081|
|         485|  -11.558196|  -11.009154|    0.081268|    0.001081|
|         486|  -11.570175|  -11.021176|    0.081268|    0.001081|
|         487|  -11.582096|  -11.033130|    0.081268|    0.001081|
|         488|  -11.593965|  -11.045021|    0.081268|    0.001081|
|         489|  -11.605787|  -11.056857|    0.081268|    0.001081|
|         490|  -11.617569|  -11.068644|    0.081268|    0.001081|
|         491|  -11.629321|  -11.080389|    0.081268|    0.001081|
|         492|  -11.641048|  -11.092101|    0.081268|    0.001081|
|         493|  -11.652761|  -11.103789|    0.081268|    0.001081|
|         494|  -11.664467|  -11.115462|    0.081268|    0.001081|
|         495|  -11.676174|  -11.127129|    0.081268|    0.001081|
|         496|  -11.687893|  -11.138799|    0.081268|    0.001081|
|         497|  -11.699630|  -11.150481|    0.081268|    0.001081|
|         498|  -11.711394|  -11.162185|    0.081268|    0.001081|
|         499|  -11.723194|  -11.173919|    0.081268|    0.001081|
|         500|  -11.735035|  -11.185691|    0.081268|    0.001081|
+-----------------------------------------------------------------------+
|        File Writing Summary       |              Filename             |
+-----------------------------------------------------------------------+
|SU2 binary restart                 |restart_flow.dat                   |
|Paraview                           |flow.vtu                           |
|Paraview surface                   |surface_flow.vtu                   |
|CSV file                           |surface_flow.csv                   |
+-----------------------------------------------------------------------+
+----------------------------------------------------------------+
|  Inner_Iter|    rms[Rho]|   rms[RhoE]|          CL|          CD|
+----------------------------------------------------------------+
|         501|  -11.746927|  -11.197510|    0.081268|    0.001081|
|         502|  -11.758873|  -11.209383|    0.081268|    0.001081|
|         503|  -11.770881|  -11.221315|    0.081268|    0.001081|
|         504|  -11.782955|  -11.233315|    0.081268|    0.001081|
|         505|  -11.795099|  -11.245385|    0.081268|    0.001081|
|         506|  -11.807318|  -11.257532|    0.081268|    0.001081|
|         507|  -11.819613|  -11.269758|    0.081268|    0.001081|
|         508|  -11.831988|  -11.282066|    0.081268|    0.001081|
|         509|  -11.844442|  -11.294458|    0.081268|    0.001081|
|         510|  -11.856976|  -11.306935|    0.081268|    0.001081|
|         511|  -11.869589|  -11.319496|    0.081268|    0.001081|
|         512|  -11.882281|  -11.332142|    0.081268|    0.001081|
|         513|  -11.895048|  -11.344870|    0.081268|    0.001081|
|         514|  -11.907889|  -11.357677|    0.081268|    0.001081|
|         515|  -11.920798|  -11.370560|    0.081268|    0.001081|
|         516|  -11.933771|  -11.383515|    0.081268|    0.001081|
|         517|  -11.946803|  -11.396535|    0.081268|    0.001081|
|         518|  -11.959887|  -11.409614|    0.081268|    0.001081|
|         519|  -11.973017|  -11.422747|    0.081268|    0.001081|
|         520|  -11.986185|  -11.435925|    0.081268|    0.001081|
|         521|  -11.999382|  -11.449140|    0.081268|    0.001081|
|         522|  -12.012601|  -11.462383|    0.081268|    0.001081|
|         523|  -12.025833|  -11.475645|    0.081268|    0.001081|
|         524|  -12.039068|  -11.488917|    0.081268|    0.001081|
|         525|  -12.052297|  -11.502188|    0.081268|    0.001081|
|         526|  -12.065510|  -11.515448|    0.081268|    0.001081|
|         527|  -12.078698|  -11.528689|    0.081268|    0.001081|
|         528|  -12.091853|  -11.541898|    0.081268|    0.001081|
|         529|  -12.104964|  -11.555069|    0.081268|    0.001081|
|         530|  -12.118025|  -11.568191|    0.081268|    0.001081|
|         531|  -12.131026|  -11.581255|    0.081268|    0.001081|
|         532|  -12.143963|  -11.594255|    0.081268|    0.001081|
|         533|  -12.156827|  -11.607183|    0.081268|    0.001081|
|         534|  -12.169615|  -11.620034|    0.081268|    0.001081|
|         535|  -12.182321|  -11.632802|    0.081268|    0.001081|
|         536|  -12.194945|  -11.645485|    0.081268|    0.001081|
|         537|  -12.207484|  -11.658080|    0.081268|    0.001081|
|         538|  -12.219937|  -11.670586|    0.081268|    0.001081|
|         539|  -12.232308|  -11.683004|    0.081268|    0.001081|
|         540|  -12.244596|  -11.695336|    0.081268|    0.001081|
|         541|  -12.256806|  -11.707583|    0.081268|    0.001081|
|         542|  -12.268942|  -11.719751|    0.081268|    0.001081|
|         543|  -12.281012|  -11.731846|    0.081268|    0.001081|
|         544|  -12.293020|  -11.743873|    0.081268|    0.001081|
|         545|  -12.304976|  -11.755841|    0.081268|    0.001081|
|         546|  -12.316888|  -11.767758|    0.081268|    0.001081|
|         547|  -12.328763|  -11.779632|    0.081268|    0.001081|
|         548|  -12.340614|  -11.791475|    0.081268|    0.001081|
|         549|  -12.352448|  -11.803294|    0.081268|    0.001081|
|         550|  -12.364278|  -11.815103|    0.081268|    0.001081|
|         551|  -12.376111|  -11.826909|    0.081268|    0.001081|
|         552|  -12.387958|  -11.838723|    0.081268|    0.001081|
|         553|  -12.399828|  -11.850557|    0.081268|    0.001081|
|         554|  -12.411732|  -11.862418|    0.081268|    0.001081|
|         555|  -12.423677|  -11.874317|    0.081268|    0.001081|
|         556|  -12.435672|  -11.886262|    0.081268|    0.001081|
|         557|  -12.447722|  -11.898259|    0.081268|    0.001081|
|         558|  -12.459836|  -11.910318|    0.081268|    0.001081|
|         559|  -12.472018|  -11.922443|    0.081268|    0.001081|
|         560|  -12.484273|  -11.934640|    0.081268|    0.001081|
|         561|  -12.496604|  -11.946913|    0.081268|    0.001081|
|         562|  -12.509015|  -11.959265|    0.081268|    0.001081|
|         563|  -12.521507|  -11.971698|    0.081268|    0.001081|
|         564|  -12.534081|  -11.984215|    0.081268|    0.001081|
|         565|  -12.546736|  -11.996814|    0.081268|    0.001081|
|         566|  -12.559471|  -12.009496|    0.081268|    0.001081|
|         567|  -12.572285|  -12.022260|    0.081268|    0.001081|
|         568|  -12.585173|  -12.035100|    0.081268|    0.001081|
|         569|  -12.598133|  -12.048017|    0.081268|    0.001081|
|         570|  -12.611159|  -12.061004|    0.081268|    0.001081|
|         571|  -12.624247|  -12.074057|    0.081268|    0.001081|
|         572|  -12.637391|  -12.087172|    0.081268|    0.001081|
|         573|  -12.650585|  -12.100341|    0.081268|    0.001081|
|         574|  -12.663819|  -12.113557|    0.081268|    0.001081|
|         575|  -12.677088|  -12.126813|    0.081268|    0.001081|
|         576|  -12.690382|  -12.140102|    0.081268|    0.001081|
|         577|  -12.703695|  -12.153413|    0.081268|    0.001081|
|         578|  -12.717018|  -12.166744|    0.081268|    0.001081|
|         579|  -12.730341|  -12.180080|    0.081268|    0.001081|
|         580|  -12.743657|  -12.193416|    0.081268|    0.001081|
|         581|  -12.756956|  -12.206742|    0.081268|    0.001081|
|         582|  -12.770232|  -12.220050|    0.081268|    0.001081|
|         583|  -12.783476|  -12.233333|    0.081268|    0.001081|
|         584|  -12.796680|  -12.246580|    0.081268|    0.001081|
|         585|  -12.809837|  -12.259786|    0.081268|    0.001081|
|         586|  -12.822938|  -12.272943|    0.081268|    0.001081|
|         587|  -12.835981|  -12.286044|    0.081268|    0.001081|
|         588|  -12.848959|  -12.299084|    0.081268|    0.001081|
|         589|  -12.861869|  -12.312057|    0.081268|    0.001081|
|         590|  -12.874704|  -12.324959|    0.081268|    0.001081|
|         591|  -12.887463|  -12.337785|    0.081268|    0.001081|
|         592|  -12.900142|  -12.350533|    0.081268|    0.001081|
|         593|  -12.912744|  -12.363203|    0.081268|    0.001081|
|         594|  -12.925267|  -12.375791|    0.081268|    0.001081|
|         595|  -12.937710|  -12.388299|    0.081268|    0.001081|
|         596|  -12.950077|  -12.400726|    0.081268|    0.001081|
|         597|  -12.962370|  -12.413076|    0.081268|    0.001081|
|         598|  -12.974593|  -12.425351|    0.081268|    0.001081|
|         599|  -12.986746|  -12.437551|    0.081268|    0.001081|
|         600|  -12.998842|  -12.449688|    0.081268|    0.001081|
|         601|  -13.010878|  -12.461759|    0.081268|    0.001081|

----------------------------- Solver Exit -------------------------------
All convergence criteria satisfied.
+-----------------------------------------------------------------------+
|      Convergence Field     |     Value    |   Criterion  |  Converged |
+-----------------------------------------------------------------------+
|                    rms[Rho]|      -13.0109|         < -13|         Yes|
+-----------------------------------------------------------------------+
-------------------------------------------------------------------------
+-----------------------------------------------------------------------+
|        File Writing Summary       |              Filename             |
+-----------------------------------------------------------------------+
|SU2 binary restart                 |restart_flow.dat                   |
|Paraview                           |flow.vtu                           |
|Paraview surface                   |surface_flow.vtu                   |
|CSV file                           |surface_flow.csv                   |
+-----------------------------------------------------------------------+

--------------------------- Finalizing Solver ---------------------------
Deleted CNumerics container.
Deleted CIntegration container.
Deleted CSolver container.
Deleted CIteration container.
Deleted CInterface container.
Deleted CGeometry container.
Deleted CFreeFormDefBox class.
Deleted CSurfaceMovement class.
Deleted CVolumetricMovement class.
Deleted CConfig container.
Deleted nInst container.
Deleted COutput class.
-------------------------------------------------------------------------

------------------------- Exit Success (SU2_CFD) ------------------------

