
-------------------------------------------------------------------------
|    ___ _   _ ___                                                      |
|   / __| | | |_  )   Release 8.3.0 "Harrier"                           |
|   \__ \ |_| |/ /                                                      |
|   |___/\___//___|   Suite (Computational Fluid Dynamics Code)         |
|                                                                       |
-------------------------------------------------------------------------
| SU2 Project Website: https://su2code.github.io                        |
|                                                                       |
| The SU2 Project is maintained by the SU2 Foundation                   |
| (http://su2foundation.org)                                            |
-------------------------------------------------------------------------
| Copyright 2012-2025, SU2 Contributors                                 |
|                                                                       |
| SU2 is free software; you can redistribute it and/or                  |
| modify it under the terms of the GNU Lesser General Public            |
| License as published by the Free Software Foundation; either          |
| version 2.1 of the License, or (at your option) any later version.    |
|                                                                       |
| SU2 is distributed in the hope that it will be useful,                |
| but WITHOUT ANY WARRANTY; without even the implied warranty of        |
| MERCHANTABILITY or FITNESS FOR A PARTICULAR PURPOSE. See the GNU      |
| Lesser General Public License for more details.                       |
|                                                                       |
| You should have received a copy of the GNU Lesser General Public      |
| License along with SU2. If not, see <http://www.gnu.org/licenses/>.   |
-------------------------------------------------------------------------

Parsing config file for zone 0

----------------- Physical Case Definition ( Zone 0 ) -------------------
Compressible Euler equations.
Mach number: 0.8.
Angle of attack (AoA): 1.25 deg, and angle of sideslip (AoS): 0 deg.
Reading and writing binary SU2 native restart files.
Read flow solution from: solution_flow.
Non-Dimensional simulation (P=1.0, Rho=1.0, T=1.0 at the farfield).
The reference area is 1 m^2.
The semi-span will be computed using the max y(3D) value.
The reference length is 1 m.
Reference origin for moment evaluation is (0.25, 0, 0).
Surface(s) where the force coefficients are evaluated: airfoil.

Surface(s) plotted in the output file: airfoil.
Surface(s) affected by the design variables: airfoil.
Input mesh file name: mesh_NACA0012_inv_deform.su2

--------------- Space Numerical Integration ( Zone 0 ) ------------------
Jameson-Schmidt-Turkel scheme (2nd order in space) for the flow inviscid terms.
JST viscous coefficients (2nd & 4th): 0.5, 0.02.
The method includes a grid stretching correction (p = 0.3).
Gradient for viscous and source terms: Green-Gauss.

--------------- Time Numerical Integration  ( Zone 0 ) ------------------
Local time stepping (steady state simulation).
Euler implicit method for the flow equations.
FGMRES is used for solving the linear system.
Using a LU-SGS preconditioning.
Convergence criteria of the linear solver: 0.0001.
Max number of linear iterations: 2.
V Multigrid Cycle, with 2 multigrid levels.
Damping factor for the residual restriction: 1.
Damping factor for the correction prolongation: 1.
No CFL adaptation.
+-------------------------------------------+
|  MG Level| Presmooth|PostSmooth|CorrectSmo|
+-------------------------------------------+
|         0|         1|         0|         0|
|         1|         2|         0|         0|
|         2|         3|         0|         0|
+-------------------------------------------+
Courant-Friedrichs-Lewy number:       10

------------------ Convergence Criteria  ( Zone 0 ) ---------------------
Maximum number of solver subiterations: 1000.
Begin convergence monitoring at iteration 10.
Residual minimum value: 1e-13.
Cauchy series min. value: 1e-06.
Number of Cauchy elements: 100.
Begin windowed time average at iteration 0.

-------------------- Output Information ( Zone 0 ) ----------------------
File writing frequency: 
+------------------------------------+
|                     File| Frequency|
+------------------------------------+
|                  RESTART|       250|
|                 PARAVIEW|       250|
|         SURFACE_PARAVIEW|       250|
|              SURFACE_CSV|       250|
+------------------------------------+
Writing the convergence history file every 1 inner iterations.
Writing the screen convergence history every 1 inner iterations.
The tabular file format is CSV (.csv).
Convergence history file name: history_direct.
Forces breakdown file name: forces_breakdown.dat.
Surface file name: surface_flow.
Volume file name: flow.
Restart file name: restart_flow.

------------- Config File Boundary Information ( Zone 0 ) ---------------
+-----------------------------------------------------------------------+
|                        Marker Type|                        Marker Name|
+-----------------------------------------------------------------------+
|                         Euler wall|                            airfoil|
+-----------------------------------------------------------------------+
|                          Far-field|                           farfield|
+-----------------------------------------------------------------------+

-------------------- Output Preprocessing ( Zone 0 ) --------------------

WARNING: SURFACE_PRESSURE_DROP can only be computed for at least 2 surfaces (outlet, inlet, ...)

Screen output fields: INNER_ITER, RMS_DENSITY, RMS_ENERGY, LIFT, DRAG
History output group(s): ITER, RMS_RES, AERO_COEFF
Convergence field(s): RMS_DENSITY
Warning: No (valid) fields chosen for time convergence monitoring. Time convergence monitoring inactive.
Volume output fields: COORDINATES, SOLUTION, PRIMITIVE

------------------- Geometry Preprocessing ( Zone 0 ) -------------------
Two dimensional problem.
5233 grid points.
10216 volume elements.
2 surface markers.
200 boundary elements in index 0 (Marker = airfoil).
50 boundary elements in index 1 (Marker = farfield).
10216 triangles.
Setting point connectivity.
Renumbering points (Reverse Cuthill McKee Ordering).
Recomputing point connectivity.
Setting element connectivity.
Checking the numerical grid orientation.
All volume elements are correctly oriented.
All surface elements are correctly oriented.
Identifying edges and vertices.
Setting the control volume structure.
Area of the computational grid: 1253.25.
Searching for the closest normal neighbors to the surfaces.
Storing a mapping from global to local point index.
Compute the surface curvature.
Max K: 7835.1. Mean K: 34.9458. Standard deviation K: 494.426.
Checking for periodicity.
Computing mesh quality statistics for the dual control volumes.
+--------------------------------------------------------------+
|           Mesh Quality Metric|        Minimum|        Maximum|
+--------------------------------------------------------------+
|    Orthogonality Angle (deg.)|        62.7412|        89.7097|
|     CV Face Area Aspect Ratio|        1.00875|        7.18731|
|           CV Sub-Volume Ratio|        1.00273|        6.47702|
+--------------------------------------------------------------+
Setting the multigrid structure.
+-------------------------------------------+
|  MG Level|       CVs|Aggl. Rate|       CFL|
+-------------------------------------------+
|         0|      5233|    1/1.00|        10|
|         1|      1690|     1/3.1|   8.52431|
|         2|       649|     1/2.6|   7.92373|
+-------------------------------------------+
Finding max control volume width.
Wetted area = 2.04099 m.
Area projection in the x-plane = 0.119526 m, y-plane = 0.999845 m.
Max. coordinate in the x-direction = 1 m, y-direction = 0.0582146 m.
Min. coordinate in the x-direction = 0 m, y-direction = -0.0613336 m.
Computing wall distances.

-------------------- Solver Preprocessing ( Zone 0 ) --------------------
Inviscid flow: Computing density based on free-stream
temperature and pressure using the ideal gas law.
Force coefficients computed using free-stream values.

-- Models:
+------------------------------------------------------------------------------+
|          Viscosity Model|        Conductivity Model|              Fluid Model|
+------------------------------------------------------------------------------+
|                        -|                         -|             STANDARD_AIR|
+------------------------------------------------------------------------------+
-- Fluid properties:
+------------------------------------------------------------------------------+
|                  Name|    Dim. value|    Ref. value|      Unit|Non-dim. value|
+------------------------------------------------------------------------------+
|          Gas Constant|       287.058|       287.058|  N.m/kg.K|             1|
|      Spec. Heat Ratio|             -|             -|         -|           1.4|
+------------------------------------------------------------------------------+
-- Initial and free-stream conditions:
+------------------------------------------------------------------------------+
|                  Name|    Dim. value|    Ref. value|      Unit|Non-dim. value|
+------------------------------------------------------------------------------+
|       Static Pressure|        101325|        101325|        Pa|             1|
|               Density|       1.22498|       1.22498|    kg/m^3|             1|
|           Temperature|        288.15|        288.15|         K|             1|
|          Total Energy|        243846|       82715.8|   m^2/s^2|         2.948|
|            Velocity-X|       272.173|       287.603|       m/s|      0.946348|
|            Velocity-Y|       5.93883|       287.603|       m/s|     0.0206494|
|    Velocity Magnitude|       272.238|       287.603|       m/s|      0.946573|
+------------------------------------------------------------------------------+
|           Mach Number|             -|             -|         -|           0.8|
+------------------------------------------------------------------------------+
Initialize Jacobian structure (Euler). MG level: 0.
Initialize Jacobian structure (Euler). MG level: 1.
Initialize Jacobian structure (Euler). MG level: 2.

------------------- Numerics Preprocessing ( Zone 0 ) -------------------

----------------- Integration Preprocessing ( Zone 0 ) ------------------

------------------- Iteration Preprocessing ( Zone 0 ) ------------------
Euler/Navier-Stokes/RANS fluid iteration.

------------------------------ Begin Solver -----------------------------

Simulation Run using the Single-zone Driver
WARNING: SU2 was not compiled for an AVX-capable architecture. Performance could be better,
         see https://su2code.github.io/docs_v7/Build-SU2-Linux-MacOS/#compiler-optimizations
WARNING: SU2 was not compiled for an AVX-capable architecture. Performance could be better,
         see https://su2code.github.io/docs_v7/Build-SU2-Linux-MacOS/#compiler-optimizations
WARNING: SU2 was not compiled for an AVX-capable architecture. Performance could be better,
         see https://su2code.github.io/docs_v7/Build-SU2-Linux-MacOS/#compiler-optimizations
+----------------------------------------------------------------+
|  Inner_Iter|    rms[Rho]|   rms[RhoE]|          CL|          CD|
+----------------------------------------------------------------+
|           0|   -4.571510|   -3.975129|    0.232942|    0.018755|
|           1|   -4.868482|   -4.270973|    0.230109|    0.012787|
|           2|   -4.775347|   -4.192535|    0.237882|    0.012457|
|           3|   -4.734662|   -4.154832|    0.233766|    0.012883|
|           4|   -4.671193|   -4.097796|    0.227876|    0.012609|
|           5|   -4.634353|   -4.067457|    0.227145|    0.012683|
|           6|   -4.594602|   -4.031194|    0.225668|    0.012859|
|           7|   -4.564738|   -4.003655|    0.222906|    0.012985|
|           8|   -4.542173|   -3.983245|    0.220374|    0.013069|
|           9|   -4.527035|   -3.969558|    0.218377|    0.013131|
|          10|   -4.510745|   -3.953476|    0.216611|    0.013197|
|          11|   -4.492608|   -3.935198|    0.214774|    0.013248|
|          12|   -4.477173|   -3.918902|    0.212877|    0.013262|
|          13|   -4.473766|   -3.913740|    0.210877|    0.013228|
|          14|   -4.485635|   -3.923391|    0.208907|    0.013169|
|          15|   -4.512296|   -3.947994|    0.207019|    0.013102|
|          16|   -4.548775|   -3.982836|    0.205102|    0.013020|
|          17|   -4.591179|   -4.024077|    0.203204|    0.012925|
|          18|   -4.640850|   -4.073125|    0.201290|    0.012814|
|          19|   -4.694909|   -4.127042|    0.199444|    0.012699|
|          20|   -4.751854|   -4.184029|    0.197694|    0.012588|
|          21|   -4.807999|   -4.240707|    0.196023|    0.012481|
|          22|   -4.858588|   -4.292620|    0.194431|    0.012381|
|          23|   -4.899562|   -4.336083|    0.192951|    0.012292|
|          24|   -4.927316|   -4.367235|    0.191580|    0.012216|
|          25|   -4.941142|   -4.384470|    0.190312|    0.012150|
|          26|   -4.943767|   -4.389516|    0.189152|    0.012096|
|          27|   -4.940033|   -4.386916|    0.188103|    0.012053|
|          28|   -4.934120|   -4.381101|    0.187158|    0.012019|
|          29|   -4.929670|   -4.376199|    0.186306|    0.011993|
|          30|   -4.928851|   -4.374653|    0.185525|    0.011972|
|          31|   -4.932947|   -4.377879|    0.184797|    0.011953|
|          32|   -4.943714|   -4.387792|    0.184159|    0.011941|
|          33|   -4.957952|   -4.401090|    0.183599|    0.011931|
|          34|   -4.975502|   -4.417887|    0.183096|    0.011923|
|          35|   -4.995876|   -4.437593|    0.182649|    0.011916|
|          36|   -5.017993|   -4.459208|    0.182257|    0.011908|
|          37|   -5.041344|   -4.482295|    0.181905|    0.011898|
|          38|   -5.066282|   -4.507102|    0.181598|    0.011886|
|          39|   -5.092917|   -4.533716|    0.181323|    0.011871|
|          40|   -5.122934|   -4.563909|    0.181077|    0.011854|
|          41|   -5.154825|   -4.595932|    0.180847|    0.011834|
|          42|   -5.186836|   -4.628089|    0.180639|    0.011812|
|          43|   -5.219016|   -4.660525|    0.180448|    0.011789|
|          44|   -5.251325|   -4.693171|    0.180272|    0.011765|
|          45|   -5.283282|   -4.725589|    0.180109|    0.011741|
|          46|   -5.314268|   -4.757180|    0.179959|    0.011718|
|          47|   -5.343593|   -4.787237|    0.179819|    0.011696|
|          48|   -5.370860|   -4.815315|    0.179687|    0.011675|
|          49|   -5.395662|   -4.840906|    0.179564|    0.011656|
|          50|   -5.417673|   -4.863652|    0.179446|    0.011640|
|          51|   -5.436768|   -4.883399|    0.179336|    0.011627|
|          52|   -5.453072|   -4.900238|    0.179232|    0.011616|
|          53|   -5.466861|   -4.914429|    0.179132|    0.011608|
|          54|   -5.478485|   -4.926320|    0.179037|    0.011603|
|          55|   -5.488384|   -4.936364|    0.178945|    0.011600|
|          56|   -5.496939|   -4.944953|    0.178856|    0.011599|
|          57|   -5.504586|   -4.952555|    0.178769|    0.011599|
|          58|   -5.511699|   -4.959573|    0.178684|    0.011601|
|          59|   -5.518650|   -4.966400|    0.178601|    0.011604|
|          60|   -5.525778|   -4.973408|    0.178520|    0.011607|
|          61|   -5.533358|   -4.980894|    0.178441|    0.011610|
|          62|   -5.541603|   -4.989089|    0.178363|    0.011613|
|          63|   -5.550728|   -4.998234|    0.178286|    0.011615|
|          64|   -5.560807|   -5.008424|    0.178212|    0.011617|
|          65|   -5.571882|   -5.019709|    0.178139|    0.011618|
|          66|   -5.583877|   -5.032019|    0.178068|    0.011618|
|          67|   -5.596661|   -5.045237|    0.177999|    0.011617|
|          68|   -5.610062|   -5.059191|    0.177933|    0.011615|
|          69|   -5.623905|   -5.073689|    0.177870|    0.011612|
|          70|   -5.637992|   -5.088510|    0.177809|    0.011609|
|          71|   -5.652104|   -5.103407|    0.177751|    0.011605|
|          72|   -5.666070|   -5.118174|    0.177697|    0.011601|
|          73|   -5.679777|   -5.132659|    0.177645|    0.011597|
|          74|   -5.693094|   -5.146683|    0.177596|    0.011592|
|          75|   -5.705963|   -5.160146|    0.177549|    0.011588|
|          76|   -5.718370|   -5.173001|    0.177505|    0.011584|
|          77|   -5.730348|   -5.185266|    0.177464|    0.011580|
|          78|   -5.741943|   -5.196983|    0.177424|    0.011576|
|          79|   -5.753142|   -5.208134|    0.177387|    0.011573|
|          80|   -5.763974|   -5.218761|    0.177351|    0.011571|
|          81|   -5.774461|   -5.228901|    0.177316|    0.011568|
|          82|   -5.784630|   -5.238606|    0.177283|    0.011566|
|          83|   -5.794541|   -5.247973|    0.177251|    0.011565|
|          84|   -5.804262|   -5.257105|    0.177220|    0.011563|
|          85|   -5.813883|   -5.266117|    0.177190|    0.011562|
|          86|   -5.823511|   -5.275148|    0.177161|    0.011562|
|          87|   -5.833231|   -5.284308|    0.177133|    0.011561|
|          88|   -5.843138|   -5.293710|    0.177106|    0.011560|
|          89|   -5.853318|   -5.303457|    0.177079|    0.011560|
|          90|   -5.863840|   -5.313627|    0.177054|    0.011560|
|          91|   -5.874736|   -5.324261|    0.177029|    0.011559|
|          92|   -5.886070|   -5.335434|    0.177005|    0.011559|
|          93|   -5.897851|   -5.347151|    0.176982|    0.011558|
|          94|   -5.910049|   -5.359368|    0.176960|    0.011558|
|          95|   -5.922683|   -5.372104|    0.176938|    0.011557|
|          96|   -5.935697|   -5.385298|    0.176919|    0.011556|
|          97|   -5.948998|   -5.398852|    0.176900|    0.011555|
|          98|   -5.962485|   -5.412651|    0.176882|    0.011554|
|          99|   -5.976098|   -5.426621|    0.176866|    0.011554|
|         100|   -5.989754|   -5.440658|    0.176851|    0.011553|
|         101|   -6.003417|   -5.454709|    0.176837|    0.011552|
|         102|   -6.017040|   -5.468712|    0.176824|    0.011551|
|         103|   -6.030575|   -5.482604|    0.176812|    0.011550|
|         104|   -6.043967|   -5.496311|    0.176801|    0.011549|
|         105|   -6.057201|   -5.509806|    0.176791|    0.011548|
|         106|   -6.070277|   -5.523083|    0.176783|    0.011547|
|         107|   -6.083204|   -5.536150|    0.176775|    0.011546|
|         108|   -6.095996|   -5.549020|    0.176768|    0.011545|
|         109|   -6.108656|   -5.561692|    0.176761|    0.011544|
|         110|   -6.121220|   -5.574195|    0.176755|    0.011543|
|         111|   -6.133699|   -5.586549|    0.176750|    0.011543|
|         112|   -6.146084|   -5.598766|    0.176745|    0.011542|
|         113|   -6.158389|   -5.610868|    0.176740|    0.011541|
|         114|   -6.170660|   -5.622905|    0.176735|    0.011541|
|         115|   -6.182961|   -5.634954|    0.176731|    0.011541|
|         116|   -6.195298|   -5.647027|    0.176726|    0.011540|
|         117|   -6.207653|   -5.659124|    0.176722|    0.011540|
|         118|   -6.220015|   -5.671245|    0.176717|    0.011539|
|         119|   -6.232394|   -5.683398|    0.176713|    0.011539|
|         120|   -6.244857|   -5.695664|    0.176708|    0.011539|
|         121|   -6.257377|   -5.708018|    0.176703|    0.011539|
|         122|   -6.269962|   -5.720472|    0.176697|    0.011538|
|         123|   -6.282603|   -5.733013|    0.176692|    0.011538|
|         124|   -6.295356|   -5.745698|    0.176686|    0.011538|
|         125|   -6.308237|   -5.758540|    0.176681|    0.011538|
|         126|   -6.321238|   -5.771529|    0.176674|    0.011538|
|         127|   -6.334367|   -5.784673|    0.176668|    0.011537|
|         128|   -6.347626|   -5.797966|    0.176662|    0.011537|
|         129|   -6.361023|   -5.811411|    0.176655|    0.011537|
|         130|   -6.374550|   -5.824995|    0.176649|    0.011537|
|         131|   -6.388208|   -5.838720|    0.176642|    0.011536|
|         132|   -6.402054|   -5.852637|    0.176635|    0.011536|
|         133|   -6.416071|   -5.866714|    0.176628|    0.011536|
|         134|   -6.430246|   -5.880933|    0.176621|    0.011536|
|         135|   -6.444551|   -5.895267|    0.176614|    0.011535|
|         136|   -6.458960|   -5.909689|    0.176608|    0.011535|
|         137|   -6.473463|   -5.924189|    0.176601|    0.011535|
|         138|   -6.488050|   -5.938758|    0.176594|    0.011535|
|         139|   -6.502712|   -5.953380|    0.176587|    0.011534|
|         140|   -6.517416|   -5.968026|    0.176580|    0.011534|
|         141|   -6.532063|   -5.982590|    0.176574|    0.011534|
|         142|   -6.546660|   -5.997085|    0.176567|    0.011534|
|         143|   -6.561196|   -6.011504|    0.176561|    0.011533|
|         144|   -6.575675|   -6.025853|    0.176555|    0.011533|
|         145|   -6.590094|   -6.040133|    0.176549|    0.011533|
|         146|   -6.604457|   -6.054349|    0.176543|    0.011533|
|         147|   -6.618766|   -6.068510|    0.176537|    0.011532|
|         148|   -6.633000|   -6.082594|    0.176531|    0.011532|
|         149|   -6.647181|   -6.096625|    0.176526|    0.011532|
|         150|   -6.661349|   -6.110650|    0.176521|    0.011532|
|         151|   -6.675530|   -6.124696|    0.176516|    0.011532|
|         152|   -6.689748|   -6.138789|    0.176511|    0.011531|
|         153|   -6.704039|   -6.152969|    0.176506|    0.011531|
|         154|   -6.718409|   -6.167244|    0.176502|    0.011531|
|         155|   -6.732866|   -6.181623|    0.176497|    0.011531|
|         156|   -6.747427|   -6.196124|    0.176493|    0.011531|
|         157|   -6.762107|   -6.210761|    0.176489|    0.011531|
|         158|   -6.776930|   -6.225556|    0.176486|    0.011530|
|         159|   -6.791887|   -6.240499|    0.176482|    0.011530|
|         160|   -6.806961|   -6.255570|    0.176479|    0.011530|
|         161|   -6.822166|   -6.270790|    0.176475|    0.011530|
|         162|   -6.837495|   -6.286148|    0.176472|    0.011530|
|         163|   -6.852929|   -6.301623|    0.176469|    0.011530|
|         164|   -6.868442|   -6.317189|    0.176467|    0.011530|
|         165|   -6.884023|   -6.332833|    0.176464|    0.011530|
|         166|   -6.899669|   -6.348554|    0.176462|    0.011529|
|         167|   -6.915367|   -6.364337|    0.176459|    0.011529|
|         168|   -6.931074|   -6.380135|    0.176457|    0.011529|
|         169|   -6.946751|   -6.395905|    0.176455|    0.011529|
|         170|   -6.962395|   -6.411645|    0.176453|    0.011529|
|         171|   -6.977973|   -6.427320|    0.176452|    0.011529|
|         172|   -6.993460|   -6.442905|    0.176450|    0.011529|
|         173|   -7.008824|   -6.458363|    0.176448|    0.011529|
|         174|   -7.024056|   -6.473684|    0.176447|    0.011529|
|         175|   -7.039150|   -6.488864|    0.176446|    0.011529|
|         176|   -7.054086|   -6.503881|    0.176444|    0.011529|
|         177|   -7.068844|   -6.518711|    0.176443|    0.011528|
|         178|   -7.083412|   -6.533345|    0.176442|    0.011528|
|         179|   -7.097795|   -6.547787|    0.176441|    0.011528|
|         180|   -7.112030|   -6.562070|    0.176440|    0.011528|
|         181|   -7.126104|   -6.576181|    0.176440|    0.011528|
|         182|   -7.139999|   -6.590103|    0.176439|    0.011528|
|         183|   -7.153767|   -6.603889|    0.176438|    0.011528|
|         184|   -7.167446|   -6.617579|    0.176437|    0.011528|
|         185|   -7.181065|   -6.631201|    0.176437|    0.011528|
|         186|   -7.194646|   -6.644777|    0.176436|    0.011528|
|         187|   -7.208214|   -6.658335|    0.176436|    0.011528|
|         188|   -7.221780|   -6.671880|    0.176435|    0.011528|
|         189|   -7.235354|   -6.685426|    0.176435|    0.011528|
|         190|   -7.248959|   -6.698997|    0.176434|    0.011528|
|         191|   -7.262617|   -6.712615|    0.176434|    0.011528|
|         192|   -7.276348|   -6.726301|    0.176434|    0.011528|
|         193|   -7.290169|   -6.740075|    0.176433|    0.011528|
|         194|   -7.304092|   -6.753946|    0.176433|    0.011528|
|         195|   -7.318115|   -6.767915|    0.176432|    0.011528|
|         196|   -7.332248|   -6.781989|    0.176432|    0.011528|
|         197|   -7.346502|   -6.796185|    0.176432|    0.011528|
|         198|   -7.360894|   -6.810518|    0.176431|    0.011528|
|         199|   -7.375425|   -6.824991|    0.176431|    0.011528|
|         200|   -7.390088|   -6.839597|    0.176431|    0.011528|
|         201|   -7.404889|   -6.854345|    0.176430|    0.011528|
|         202|   -7.419831|   -6.869236|    0.176430|    0.011528|
|         203|   -7.434890|   -6.884249|    0.176429|    0.011528|
|         204|   -7.450044|   -6.899361|    0.176429|    0.011528|
|         205|   -7.465288|   -6.914568|    0.176429|    0.011528|
|         206|   -7.480611|   -6.929860|    0.176428|    0.011528|
|         207|   -7.495999|   -6.945223|    0.176428|    0.011528|
|         208|   -7.511435|   -6.960643|    0.176427|    0.011528|
|         209|   -7.526903|   -6.976104|    0.176427|    0.011528|
|         210|   -7.542384|   -6.991587|    0.176426|    0.011528|
|         211|   -7.557858|   -7.007073|    0.176426|    0.011528|
|         212|   -7.573306|   -7.022543|    0.176425|    0.011528|
|         213|   -7.588707|   -7.037975|    0.176425|    0.011528|
|         214|   -7.604039|   -7.053349|    0.176424|    0.011527|
|         215|   -7.619282|   -7.068642|    0.176424|    0.011527|
|         216|   -7.634416|   -7.083835|    0.176423|    0.011527|
|         217|   -7.649419|   -7.098906|    0.176423|    0.011527|
|         218|   -7.664275|   -7.113836|    0.176422|    0.011527|
|         219|   -7.678949|   -7.128588|    0.176422|    0.011527|
|         220|   -7.693445|   -7.143167|    0.176421|    0.011527|
|         221|   -7.707753|   -7.157562|    0.176421|    0.011527|
|         222|   -7.721863|   -7.171759|    0.176420|    0.011527|
|         223|   -7.735762|   -7.185746|    0.176420|    0.011527|
|         224|   -7.749443|   -7.199514|    0.176419|    0.011527|
|         225|   -7.762892|   -7.213044|    0.176419|    0.011527|
|         226|   -7.776125|   -7.226353|    0.176418|    0.011527|
|         227|   -7.789152|   -7.239450|    0.176418|    0.011527|
|         228|   -7.801980|   -7.252341|    0.176417|    0.011527|
|         229|   -7.814617|   -7.265033|    0.176417|    0.011527|
|         230|   -7.827075|   -7.277537|    0.176416|    0.011527|
|         231|   -7.839369|   -7.289868|    0.176416|    0.011527|
|         232|   -7.851518|   -7.302043|    0.176415|    0.011527|
|         233|   -7.863542|   -7.314083|    0.176415|    0.011527|
|         234|   -7.875465|   -7.326010|    0.176415|    0.011527|
|         235|   -7.887310|   -7.337849|    0.176414|    0.011527|
|         236|   -7.899101|   -7.349623|    0.176414|    0.011527|
|         237|   -7.910861|   -7.361357|    0.176413|    0.011527|
|         238|   -7.922616|   -7.373076|    0.176413|    0.011527|
|         239|   -7.934387|   -7.384803|    0.176413|    0.011527|
|         240|   -7.946199|   -7.396561|    0.176412|    0.011527|
|         241|   -7.958071|   -7.408372|    0.176412|    0.011527|
|         242|   -7.970024|   -7.420258|    0.176412|    0.011527|
|         243|   -7.982075|   -7.432236|    0.176412|    0.011527|
|         244|   -7.994242|   -7.444325|    0.176411|    0.011527|
|         245|   -8.006538|   -7.456539|    0.176411|    0.011527|
|         246|   -8.018976|   -7.468892|    0.176411|    0.011527|
|         247|   -8.031568|   -7.481396|    0.176411|    0.011527|
|         248|   -8.044322|   -7.494060|    0.176410|    0.011527|
|         249|   -8.057245|   -7.506894|    0.176410|    0.011527|
|         250|   -8.070343|   -7.519902|    0.176410|    0.011527|
+-----------------------------------------------------------------------+
|        File Writing Summary       |              Filename             |
+-----------------------------------------------------------------------+
|SU2 binary restart                 |restart_flow.dat                   |
|Paraview                           |flow.vtu                           |
|Paraview surface                   |surface_flow.vtu                   |
|CSV file                           |surface_flow.csv                   |
+-----------------------------------------------------------------------+
+----------------------------------------------------------------+
|  Inner_Iter|    rms[Rho]|   rms[RhoE]|          CL|          CD|
+----------------------------------------------------------------+
|         251|   -8.083619|   -7.533090|    0.176410|    0.011527|
|         252|   -8.097075|   -7.546460|    0.176410|    0.011527|
|         253|   -8.110713|   -7.560013|    0.176409|    0.011527|
|         254|   -8.124529|   -7.573750|    0.176409|    0.011527|
|         255|   -8.138523|   -7.587667|    0.176409|    0.011527|
|         256|   -8.152688|   -7.601761|    0.176409|    0.011527|
|         257|   -8.167021|   -7.616028|    0.176409|    0.011527|
|         258|   -8.181515|   -7.630461|    0.176409|    0.011527|
|         259|   -8.196161|   -7.645054|    0.176409|    0.011527|
|         260|   -8.210950|   -7.659797|    0.176408|    0.011527|
|         261|   -8.225873|   -7.674682|    0.176408|    0.011527|
|         262|   -8.240918|   -7.689696|    0.176408|    0.011527|
|         263|   -8.256074|   -7.704830|    0.176408|    0.011527|
|         264|   -8.271327|   -7.720070|    0.176408|    0.011527|
|         265|   -8.286665|   -7.735403|    0.176408|    0.011527|
|         266|   -8.302072|   -7.750815|    0.176408|    0.011527|
|         267|   -8.317534|   -7.766291|    0.176408|    0.011527|
|         268|   -8.333037|   -7.781816|    0.176408|    0.011527|
|         269|   -8.348565|   -7.797375|    0.176408|    0.011527|
|         270|   -8.364101|   -7.812952|    0.176408|    0.011527|
|         271|   -8.379631|   -7.828530|    0.176408|    0.011527|
|         272|   -8.395139|   -7.844094|    0.176407|    0.011527|
|         273|   -8.410610|   -7.859627|    0.176407|    0.011527|
|         274|   -8.426029|   -7.875116|    0.176407|    0.011527|
|         275|   -8.441381|   -7.890543|    0.176407|    0.011527|
|         276|   -8.456655|   -7.905896|    0.176407|    0.011527|
|         277|   -8.471836|   -7.921161|    0.176407|    0.011527|
|         278|   -8.486914|   -7.936326|    0.176407|    0.011527|
|         279|   -8.501879|   -7.951380|    0.176407|    0.011527|
|         280|   -8.516723|   -7.966313|    0.176407|    0.011527|
|         281|   -8.531439|   -7.981119|    0.176407|    0.011527|
|         282|   -8.546022|   -7.995791|    0.176407|    0.011527|
|         283|   -8.560469|   -8.010325|    0.176407|    0.011527|
|         284|   -8.574779|   -8.024720|    0.176407|    0.011527|
|         285|   -8.588953|   -8.038974|    0.176407|    0.011527|
|         286|   -8.602993|   -8.053091|    0.176407|    0.011527|
|         287|   -8.616905|   -8.067075|    0.176407|    0.011527|
|         288|   -8.630695|   -8.080931|    0.176407|    0.011527|
|         289|   -8.644371|   -8.094667|    0.176407|    0.011527|
|         290|   -8.657943|   -8.108293|    0.176407|    0.011527|
|         291|   -8.671423|   -8.121820|    0.176407|    0.011527|
|         292|   -8.684822|   -8.135258|    0.176407|    0.011527|
|         293|   -8.698154|   -8.148621|    0.176407|    0.011527|
|         294|   -8.711433|   -8.161923|    0.176407|    0.011527|
|         295|   -8.724674|   -8.175179|    0.176407|    0.011527|
|         296|   -8.737891|   -8.188402|    0.176407|    0.011527|
|         297|   -8.751099|   -8.201609|    0.176407|    0.011527|
|         298|   -8.764315|   -8.214814|    0.176407|    0.011527|
|         299|   -8.777552|   -8.228033|    0.176407|    0.011527|
|         300|   -8.790826|   -8.241280|    0.176407|    0.011527|
|         301|   -8.804150|   -8.254569|    0.176407|    0.011527|
|         302|   -8.817539|   -8.267916|    0.176407|    0.011527|
|         303|   -8.831004|   -8.281333|    0.176407|    0.011527|
|         304|   -8.844559|   -8.294832|    0.176407|    0.011527|
|         305|   -8.858214|   -8.308426|    0.176407|    0.011527|
|         306|   -8.871980|   -8.322124|    0.176407|    0.011527|
|         307|   -8.885865|   -8.335937|    0.176407|    0.011527|
|         308|   -8.899877|   -8.349873|    0.176407|    0.011527|
|         309|   -8.914023|   -8.363940|    0.176407|    0.011527|
|         310|   -8.928309|   -8.378144|    0.176407|    0.011527|
|         311|   -8.942738|   -8.392490|    0.176407|    0.011527|
|         312|   -8.957314|   -8.406981|    0.176407|    0.011527|
|         313|   -8.972038|   -8.421620|    0.176407|    0.011527|
|         314|   -8.986909|   -8.436409|    0.176407|    0.011527|
|         315|   -9.001928|   -8.451346|    0.176407|    0.011527|
|         316|   -9.017091|   -8.466430|    0.176407|    0.011527|
|         317|   -9.032394|   -8.481657|    0.176407|    0.011527|
|         318|   -9.047832|   -8.497024|    0.176407|    0.011527|
|         319|   -9.063398|   -8.512524|    0.176407|    0.011527|
|         320|   -9.079083|   -8.528149|    0.176407|    0.011527|
|         321|   -9.094879|   -8.543892|    0.176407|    0.011527|
|         322|   -9.110774|   -8.559741|    0.176407|    0.011527|
|         323|   -9.126756|   -8.575686|    0.176407|    0.011527|
|         324|   -9.142813|   -8.591713|    0.176407|    0.011527|
|         325|   -9.158930|   -8.607810|    0.176407|    0.011527|
|         326|   -9.175091|   -8.623960|    0.176407|    0.011527|
|         327|   -9.191282|   -8.640148|    0.176407|    0.011527|
|         328|   -9.207485|   -8.656358|    0.176407|    0.011527|
|         329|   -9.223683|   -8.672572|    0.176407|    0.011527|
|         330|   -9.239858|   -8.688771|    0.176407|    0.011527|
|         331|   -9.255992|   -8.704939|    0.176407|    0.011527|
|         332|   -9.272068|   -8.721055|    0.176407|    0.011527|
|         333|   -9.288067|   -8.737102|    0.176407|    0.011527|
|         334|   -9.303973|   -8.753062|    0.176407|    0.011527|
|         335|   -9.319769|   -8.768917|    0.176407|    0.011527|
|         336|   -9.335441|   -8.784651|    0.176407|    0.011527|
|         337|   -9.350974|   -8.800249|    0.176407|    0.011527|
|         338|   -9.366356|   -8.815699|    0.176407|    0.011527|
|         339|   -9.381577|   -8.830987|    0.176407|    0.011527|
|         340|   -9.396629|   -8.846107|    0.176407|    0.011527|
|         341|   -9.411508|   -8.861050|    0.176407|    0.011527|
|         342|   -9.426209|   -8.875813|    0.176407|    0.011527|
|         343|   -9.440734|   -8.890395|    0.176407|    0.011527|
|         344|   -9.455086|   -8.904799|    0.176407|    0.011527|
|         345|   -9.469269|   -8.919029|    0.176407|    0.011527|
|         346|   -9.483294|   -8.933092|    0.176407|    0.011527|
|         347|   -9.497169|   -8.946999|    0.176407|    0.011527|
|         348|   -9.510909|   -8.960762|    0.176407|    0.011527|
|         349|   -9.524528|   -8.974394|    0.176407|    0.011527|
|         350|   -9.538044|   -8.987914|    0.176407|    0.011527|
|         351|   -9.551474|   -9.001339|    0.176407|    0.011527|
|         352|   -9.564840|   -9.014688|    0.176407|    0.011527|
|         353|   -9.578161|   -9.027984|    0.176407|    0.011527|
|         354|   -9.591458|   -9.041247|    0.176407|    0.011527|
|         355|   -9.604753|   -9.054498|    0.176407|    0.011527|
|         356|   -9.618067|   -9.067761|    0.176407|    0.011527|
|         357|   -9.631420|   -9.081055|    0.176407|    0.011527|
|         358|   -9.644833|   -9.094401|    0.176407|    0.011527|
|         359|   -9.658323|   -9.107819|    0.176407|    0.011527|
|         360|   -9.671910|   -9.121328|    0.176407|    0.011527|
|         361|   -9.685608|   -9.134944|    0.176407|    0.011527|
|         362|   -9.699434|   -9.148684|    0.176407|    0.011527|
|         363|   -9.713401|   -9.162562|    0.176407|    0.011527|
|         364|   -9.727520|   -9.176590|    0.176407|    0.011527|
|         365|   -9.741802|   -9.190780|    0.176407|    0.011527|
|         366|   -9.756255|   -9.205141|    0.176407|    0.011527|
|         367|   -9.770887|   -9.219680|    0.176407|    0.011527|
|         368|   -9.785701|   -9.234403|    0.176407|    0.011527|
|         369|   -9.800701|   -9.249315|    0.176407|    0.011527|
|         370|   -9.815888|   -9.264418|    0.176407|    0.011527|
|         371|   -9.831263|   -9.279711|    0.176407|    0.011527|
|         372|   -9.846822|   -9.295195|    0.176407|    0.011527|
|         373|   -9.862563|   -9.310865|    0.176407|    0.011527|
|         374|   -9.878480|   -9.326716|    0.176407|    0.011527|
|         375|   -9.894565|   -9.342744|    0.176407|    0.011527|
|         376|   -9.910810|   -9.358939|    0.176407|    0.011527|
|         377|   -9.927205|   -9.375291|    0.176407|    0.011527|
|         378|   -9.943738|   -9.391790|    0.176407|    0.011527|
|         379|   -9.960396|   -9.408424|    0.176407|    0.011527|
|         380|   -9.977164|   -9.425177|    0.176407|    0.011527|
|         381|   -9.994027|   -9.442035|    0.176407|    0.011527|
|         382|  -10.010969|   -9.458982|    0.176407|    0.011527|
|         383|  -10.027971|   -9.476000|    0.176407|    0.011527|
|         384|  -10.045015|   -9.493070|    0.176407|    0.011527|
|         385|  -10.062082|   -9.510172|    0.176407|    0.011527|
|         386|  -10.079152|   -9.527289|    0.176407|    0.011527|
|         387|  -10.096205|   -9.544397|    0.176407|    0.011527|
|         388|  -10.113220|   -9.561478|    0.176407|    0.011527|
|         389|  -10.130179|   -9.578511|    0.176407|    0.011527|
|         390|  -10.147060|   -9.595474|    0.176407|    0.011527|
|         391|  -10.163845|   -9.612348|    0.176407|    0.011527|
|         392|  -10.180516|   -9.629114|    0.176407|    0.011527|
|         393|  -10.197055|   -9.645755|    0.176407|    0.011527|
|         394|  -10.213449|   -9.662252|    0.176407|    0.011527|
|         395|  -10.229681|   -9.678592|    0.176407|    0.011527|
|         396|  -10.245743|   -9.694761|    0.176407|    0.011527|
|         397|  -10.261623|   -9.710750|    0.176407|    0.011527|
|         398|  -10.277315|   -9.726549|    0.176407|    0.011527|
|         399|  -10.292815|   -9.742153|    0.176407|    0.011527|
|         400|  -10.308122|   -9.757561|    0.176407|    0.011527|
|         401|  -10.323238|   -9.772772|    0.176407|    0.011527|
|         402|  -10.338167|   -9.787791|    0.176407|    0.011527|
|         403|  -10.352916|   -9.802624|    0.176407|    0.011527|
|         404|  -10.367495|   -9.817278|    0.176407|    0.011527|
|         405|  -10.381916|   -9.831766|    0.176407|    0.011527|
|         406|  -10.396191|   -9.846100|    0.176407|    0.011527|
|         407|  -10.410338|   -9.860295|    0.176407|    0.011527|
|         408|  -10.424372|   -9.874367|    0.176407|    0.011527|
|         409|  -10.438312|   -9.888335|    0.176407|    0.011527|
|         410|  -10.452178|   -9.902217|    0.176407|    0.011527|
|         411|  -10.465988|   -9.916033|    0.176407|    0.011527|
|         412|  -10.479763|   -9.929804|    0.176407|    0.011527|
|         413|  -10.493523|   -9.943551|    0.176407|    0.011527|
|         414|  -10.507288|   -9.957293|    0.176407|    0.011527|
|         415|  -10.521077|   -9.971050|    0.176407|    0.011527|
|         416|  -10.534909|   -9.984841|    0.176407|    0.011527|
|         417|  -10.548801|   -9.998685|    0.176407|    0.011527|
|         418|  -10.562771|  -10.012600|    0.176407|    0.011527|
|         419|  -10.576834|  -10.026601|    0.176407|    0.011527|
|         420|  -10.591003|  -10.040703|    0.176407|    0.011527|
|         421|  -10.605291|  -10.054919|    0.176407|    0.011527|
|         422|  -10.619710|  -10.069263|    0.176407|    0.011527|
|         423|  -10.634268|  -10.083743|    0.176407|    0.011527|
|         424|  -10.648975|  -10.098369|    0.176407|    0.011527|
|         425|  -10.663835|  -10.113147|    0.176407|    0.011527|
|         426|  -10.678854|  -10.128084|    0.176407|    0.011527|
|         427|  -10.694035|  -10.143184|    0.176407|    0.011527|
|         428|  -10.709379|  -10.158447|    0.176407|    0.011527|
|         429|  -10.724884|  -10.173874|    0.176407|    0.011527|
|         430|  -10.740550|  -10.189465|    0.176407|    0.011527|
|         431|  -10.756372|  -10.205216|    0.176407|    0.011527|
|         432|  -10.772344|  -10.221121|    0.176407|    0.011527|
|         433|  -10.788460|  -10.237176|    0.176407|    0.011527|
|         434|  -10.804711|  -10.253371|    0.176407|    0.011527|
|         435|  -10.821088|  -10.269698|    0.176407|    0.011527|
|         436|  -10.837578|  -10.286146|    0.176407|    0.011527|
|         437|  -10.854168|  -10.302702|    0.176407|    0.011527|
|         438|  -10.870846|  -10.319353|    0.176407|    0.011527|
|         439|  -10.887596|  -10.336084|    0.176407|    0.011527|
|         440|  -10.904401|  -10.352879|    0.176407|    0.011527|
|         441|  -10.921246|  -10.369721|    0.176407|    0.011527|
|         442|  -10.938111|  -10.386594|    0.176407|    0.011527|
|         443|  -10.954980|  -10.403477|    0.176407|    0.011527|
|         444|  -10.971833|  -10.420354|    0.176407|    0.011527|
|         445|  -10.988652|  -10.437203|    0.176407|    0.011527|
|         446|  -11.005417|  -10.454007|    0.176407|    0.011527|
|         447|  -11.022110|  -10.470746|    0.176407|    0.011527|
|         448|  -11.038713|  -10.487401|    0.176407|    0.011527|
|         449|  -11.055209|  -10.503953|    0.176407|    0.011527|
|         450|  -11.071581|  -10.520386|    0.176407|    0.011527|
|         451|  -11.087814|  -10.536683|    0.176407|    0.011527|
|         452|  -11.103895|  -10.552830|    0.176407|    0.011527|
|         453|  -11.119812|  -10.568815|    0.176407|    0.011527|
|         454|  -11.135555|  -10.584626|    0.176407|    0.011527|
|         455|  -11.151118|  -10.600255|    0.176407|    0.011527|
|         456|  -11.166496|  -10.615696|    0.176407|    0.011527|
|         457|  -11.181687|  -10.630948|    0.176407|    0.011527|
|         458|  -11.196693|  -10.646010|    0.176407|    0.011527|
|         459|  -11.211516|  -10.660885|    0.176407|    0.011527|
|         460|  -11.226164|  -10.675580|    0.176407|    0.011527|
|         461|  -11.240647|  -10.690102|    0.176407|    0.011527|
|         462|  -11.254974|  -10.704463|    0.176407|    0.011527|
|         463|  -11.269162|  -10.718676|    0.176407|    0.011527|
|         464|  -11.283223|  -10.732755|    0.176407|    0.011527|
|         465|  -11.297177|  -10.746718|    0.176407|    0.011527|
|         466|  -11.311042|  -10.760583|    0.176407|    0.011527|
|         467|  -11.324837|  -10.774368|    0.176407|    0.011527|
|         468|  -11.338583|  -10.788097|    0.176407|    0.011527|
|         469|  -11.352301|  -10.801789|    0.176407|    0.011527|
|         470|  -11.366013|  -10.815467|    0.176407|    0.011527|
|         471|  -11.379739|  -10.829151|    0.176407|    0.011527|
|         472|  -11.393498|  -10.842862|    0.176407|    0.011527|
|         473|  -11.407312|  -10.856621|    0.176407|    0.011527|
|         474|  -11.421198|  -10.870447|    0.176407|    0.011527|
|         475|  -11.435175|  -10.884357|    0.176407|    0.011527|
|         476|  -11.449257|  -10.898369|    0.176407|    0.011527|
|         477|  -11.463461|  -10.912498|    0.176407|    0.011527|
|         478|  -11.477799|  -10.926758|    0.176407|    0.011527|
|         479|  -11.492284|  -10.941163|    0.176407|    0.011527|
|         480|  -11.506926|  -10.955723|    0.176407|    0.011527|
|         481|  -11.521734|  -10.970448|    0.176407|    0.011527|
|         482|  -11.536716|  -10.985347|    0.176407|    0.011527|
|         483|  -11.551877|  -11.000425|    0.176407|    0.011527|
|         484|  -11.567221|  -11.015687|    0.176407|    0.011527|
|         485|  -11.582751|  -11.031138|    0.176407|    0.011527|
|         486|  -11.598469|  -11.046778|    0.176407|    0.011527|
|         487|  -11.614373|  -11.062607|    0.176407|    0.011527|
|         488|  -11.630460|  -11.078625|    0.176407|    0.011527|
|         489|  -11.646729|  -11.094827|    0.176407|    0.011527|
|         490|  -11.663172|  -11.111210|    0.176407|    0.011527|
|         491|  -11.679784|  -11.127768|    0.176407|    0.011527|
|         492|  -11.696556|  -11.144491|    0.176407|    0.011527|
|         493|  -11.713479|  -11.161373|    0.176407|    0.011527|
|         494|  -11.730542|  -11.178402|    0.176407|    0.011527|
|         495|  -11.747732|  -11.195566|    0.176407|    0.011527|
|         496|  -11.765036|  -11.212852|    0.176407|    0.011527|
|         497|  -11.782440|  -11.230246|    0.176407|    0.011527|
|         498|  -11.799927|  -11.247734|    0.176407|    0.011527|
|         499|  -11.817482|  -11.265297|    0.176407|    0.011527|
|         500|  -11.835085|  -11.282918|    0.176407|    0.011527|
+-----------------------------------------------------------------------+
|        File Writing Summary       |              Filename             |
+-----------------------------------------------------------------------+
|SU2 binary restart                 |restart_flow.dat                   |
|Paraview                           |flow.vtu                           |
|Paraview surface                   |surface_flow.vtu                   |
|CSV file                           |surface_flow.csv                   |
+-----------------------------------------------------------------------+
+----------------------------------------------------------------+
|  Inner_Iter|    rms[Rho]|   rms[RhoE]|          CL|          CD|
+----------------------------------------------------------------+
|         501|  -11.852720|  -11.300581|    0.176407|    0.011527|
|         502|  -11.870367|  -11.318264|    0.176407|    0.011527|
|         503|  -11.888007|  -11.335950|    0.176407|    0.011527|
|         504|  -11.905620|  -11.353617|    0.176407|    0.011527|
|         505|  -11.923187|  -11.371246|    0.176407|    0.011527|
|         506|  -11.940687|  -11.388817|    0.176407|    0.011527|
|         507|  -11.958103|  -11.406309|    0.176407|    0.011527|
|         508|  -11.975416|  -11.423704|    0.176407|    0.011527|
|         509|  -11.992607|  -11.440984|    0.176407|    0.011527|
|         510|  -12.009661|  -11.458130|    0.176407|    0.011527|
|         511|  -12.026565|  -11.475128|    0.176407|    0.011527|
|         512|  -12.043303|  -11.491962|    0.176407|    0.011527|
|         513|  -12.059866|  -11.508623|    0.176407|    0.011527|
|         514|  -12.076245|  -11.525098|    0.176407|    0.011527|
|         515|  -12.092435|  -11.541383|    0.176407|    0.011527|
|         516|  -12.108432|  -11.557472|    0.176407|    0.011527|
|         517|  -12.124237|  -11.573364|    0.176407|    0.011527|
|         518|  -12.139853|  -11.589063|    0.176407|    0.011527|
|         519|  -12.155285|  -11.604572|    0.176407|    0.011527|
|         520|  -12.170541|  -11.619898|    0.176407|    0.011527|
|         521|  -12.185632|  -11.635052|    0.176407|    0.011527|
|         522|  -12.200569|  -11.650045|    0.176407|    0.011527|
|         523|  -12.215368|  -11.664890|    0.176407|    0.011527|
|         524|  -12.230045|  -11.679603|    0.176407|    0.011527|
|         525|  -12.244617|  -11.694200|    0.176407|    0.011527|
|         526|  -12.259103|  -11.708702|    0.176407|    0.011527|
|         527|  -12.273523|  -11.723128|    0.176407|    0.011527|
|         528|  -12.287897|  -11.737498|    0.176407|    0.011527|
|         529|  -12.302247|  -11.751834|    0.176407|    0.011527|
|         530|  -12.316592|  -11.766157|    0.176407|    0.011527|
|         531|  -12.330954|  -11.780487|    0.176407|    0.011527|
|         532|  -12.345352|  -11.794845|    0.176407|    0.011527|
|         533|  -12.359805|  -11.809252|    0.176407|    0.011527|
|         534|  -12.374331|  -11.823723|    0.176407|    0.011527|
|         535|  -12.388947|  -11.838279|    0.176407|    0.011527|
|         536|  -12.403669|  -11.852935|    0.176407|    0.011527|
|         537|  -12.418509|  -11.867705|    0.176407|    0.011527|
|         538|  -12.433482|  -11.882604|    0.176407|    0.011527|
|         539|  -12.448598|  -11.897642|    0.176407|    0.011527|
|         540|  -12.463866|  -11.912831|    0.176407|    0.011527|
|         541|  -12.479295|  -11.928179|    0.176407|    0.011527|
|         542|  -12.494890|  -11.943693|    0.176407|    0.011527|
|         543|  -12.510655|  -11.959377|    0.176407|    0.011527|
|         544|  -12.526594|  -11.975236|    0.176407|    0.011527|
|         545|  -12.542707|  -11.991271|    0.176407|    0.011527|
|         546|  -12.558992|  -12.007481|    0.176407|    0.011527|
|         547|  -12.575448|  -12.023864|    0.176407|    0.011527|
|         548|  -12.592071|  -12.040419|    0.176407|    0.011527|
|         549|  -12.608852|  -12.057137|    0.176407|    0.011527|
|         550|  -12.625785|  -12.074012|    0.176407|    0.011527|
|         551|  -12.642861|  -12.091036|    0.176407|    0.011527|
|         552|  -12.660069|  -12.108197|    0.176407|    0.011527|
|         553|  -12.677396|  -12.125486|    0.176407|    0.011527|
|         554|  -12.694827|  -12.142885|    0.176407|    0.011527|
|         555|  -12.712351|  -12.160385|    0.176407|    0.011527|
|         556|  -12.729947|  -12.177966|    0.176407|    0.011527|
|         557|  -12.747601|  -12.195612|    0.176407|    0.011527|
|         558|  -12.765294|  -12.213306|    0.176407|    0.011527|
|         559|  -12.783006|  -12.231027|    0.176407|    0.011527|
|         560|  -12.800720|  -12.248757|    0.176407|    0.011527|
|         561|  -12.818411|  -12.266475|    0.176407|    0.011527|
|         562|  -12.836063|  -12.284160|    0.176407|    0.011527|
|         563|  -12.853653|  -12.301789|    0.176407|    0.011527|
|         564|  -12.871162|  -12.319346|    0.176407|    0.011527|
|         565|  -12.888569|  -12.336804|    0.176407|    0.011527|
|         566|  -12.905858|  -12.354151|    0.176407|    0.011527|
|         567|  -12.923008|  -12.371363|    0.176407|    0.011527|
|         568|  -12.940000|  -12.388419|    0.176407|    0.011527|
|         569|  -12.956826|  -12.405309|    0.176407|    0.011527|
|         570|  -12.973467|  -12.422018|    0.176407|    0.011527|
|         571|  -12.989914|  -12.438533|    0.176407|    0.011527|
|         572|  -13.006159|  -12.454844|    0.176407|    0.011527|

----------------------------- Solver Exit -------------------------------
All convergence criteria satisfied.
+-----------------------------------------------------------------------+
|      Convergence Field     |     Value    |   Criterion  |  Converged |
+-----------------------------------------------------------------------+
|                    rms[Rho]|      -13.0062|         < -13|         Yes|
+-----------------------------------------------------------------------+
-------------------------------------------------------------------------
+-----------------------------------------------------------------------+
|        File Writing Summary       |              Filename             |
+-----------------------------------------------------------------------+
|SU2 binary restart                 |restart_flow.dat                   |
|Paraview                           |flow.vtu                           |
|Paraview surface                   |surface_flow.vtu                   |
|CSV file                           |surface_flow.csv                   |
+-----------------------------------------------------------------------+

--------------------------- Finalizing Solver ---------------------------
Deleted CNumerics container.
Deleted CIntegration container.
Deleted CSolver container.
Deleted CIteration container.
Deleted CInterface container.
Deleted CGeometry container.
Deleted CFreeFormDefBox class.
Deleted CSurfaceMovement class.
Deleted CVolumetricMovement class.
Deleted CConfig container.
Deleted nInst container.
Deleted COutput class.
-------------------------------------------------------------------------

------------------------- Exit Success (SU2_CFD) ------------------------

