
-------------------------------------------------------------------------
|    ___ _   _ ___                                                      |
|   / __| | | |_  )   Release 8.3.0 "Harrier"                           |
|   \__ \ |_| |/ /                                                      |
|   |___/\___//___|   Suite (Computational Fluid Dynamics Code)         |
|                                                                       |
-------------------------------------------------------------------------
| SU2 Project Website: https://su2code.github.io                        |
|                                                                       |
| The SU2 Project is maintained by the SU2 Foundation                   |
| (http://su2foundation.org)                                            |
-------------------------------------------------------------------------
| Copyright 2012-2025, SU2 Contributors                                 |
|                                                                       |
| SU2 is free software; you can redistribute it and/or                  |
| modify it under the terms of the GNU Lesser General Public            |
| License as published by the Free Software Foundation; either          |
| version 2.1 of the License, or (at your option) any later version.    |
|                                                                       |
| SU2 is distributed in the hope that it will be useful,                |
| but WITHOUT ANY WARRANTY; without even the implied warranty of        |
| MERCHANTABILITY or FITNESS FOR A PARTICULAR PURPOSE. See the GNU      |
| Lesser General Public License for more details.                       |
|                                                                       |
| You should have received a copy of the GNU Lesser General Public      |
| License along with SU2. If not, see <http://www.gnu.org/licenses/>.   |
-------------------------------------------------------------------------

Parsing config file for zone 0

----------------- Physical Case Definition ( Zone 0 ) -------------------
Compressible Euler equations.
Mach number: 0.8.
Angle of attack (AoA): 1.25 deg, and angle of sideslip (AoS): 0 deg.
Reading and writing binary SU2 native restart files.
Read flow solution from: solution_flow.
Non-Dimensional simulation (P=1.0, Rho=1.0, T=1.0 at the farfield).
The reference area is 1 m^2.
The semi-span will be computed using the max y(3D) value.
The reference length is 1 m.
Reference origin for moment evaluation is (0.25, 0, 0).
Surface(s) where the force coefficients are evaluated: airfoil.

Surface(s) plotted in the output file: airfoil.
Surface(s) affected by the design variables: airfoil.
Input mesh file name: mesh_NACA0012_inv_deform.su2

--------------- Space Numerical Integration ( Zone 0 ) ------------------
Jameson-Schmidt-Turkel scheme (2nd order in space) for the flow inviscid terms.
JST viscous coefficients (2nd & 4th): 0.5, 0.02.
The method includes a grid stretching correction (p = 0.3).
Gradient for viscous and source terms: Green-Gauss.

--------------- Time Numerical Integration  ( Zone 0 ) ------------------
Local time stepping (steady state simulation).
Euler implicit method for the flow equations.
FGMRES is used for solving the linear system.
Using a LU-SGS preconditioning.
Convergence criteria of the linear solver: 0.0001.
Max number of linear iterations: 2.
V Multigrid Cycle, with 2 multigrid levels.
Damping factor for the residual restriction: 1.
Damping factor for the correction prolongation: 1.
No CFL adaptation.
+-------------------------------------------+
|  MG Level| Presmooth|PostSmooth|CorrectSmo|
+-------------------------------------------+
|         0|         1|         0|         0|
|         1|         2|         0|         0|
|         2|         3|         0|         0|
+-------------------------------------------+
Courant-Friedrichs-Lewy number:       10

------------------ Convergence Criteria  ( Zone 0 ) ---------------------
Maximum number of solver subiterations: 1000.
Begin convergence monitoring at iteration 10.
Residual minimum value: 1e-13.
Cauchy series min. value: 1e-06.
Number of Cauchy elements: 100.
Begin windowed time average at iteration 0.

-------------------- Output Information ( Zone 0 ) ----------------------
File writing frequency: 
+------------------------------------+
|                     File| Frequency|
+------------------------------------+
|                  RESTART|       250|
|                 PARAVIEW|       250|
|         SURFACE_PARAVIEW|       250|
|              SURFACE_CSV|       250|
+------------------------------------+
Writing the convergence history file every 1 inner iterations.
Writing the screen convergence history every 1 inner iterations.
The tabular file format is CSV (.csv).
Convergence history file name: history_direct.
Forces breakdown file name: forces_breakdown.dat.
Surface file name: surface_flow.
Volume file name: flow.
Restart file name: restart_flow.

------------- Config File Boundary Information ( Zone 0 ) ---------------
+-----------------------------------------------------------------------+
|                        Marker Type|                        Marker Name|
+-----------------------------------------------------------------------+
|                         Euler wall|                            airfoil|
+-----------------------------------------------------------------------+
|                          Far-field|                           farfield|
+-----------------------------------------------------------------------+

-------------------- Output Preprocessing ( Zone 0 ) --------------------

WARNING: SURFACE_PRESSURE_DROP can only be computed for at least 2 surfaces (outlet, inlet, ...)

Screen output fields: INNER_ITER, RMS_DENSITY, RMS_ENERGY, LIFT, DRAG
History output group(s): ITER, RMS_RES, AERO_COEFF
Convergence field(s): RMS_DENSITY
Warning: No (valid) fields chosen for time convergence monitoring. Time convergence monitoring inactive.
Volume output fields: COORDINATES, SOLUTION, PRIMITIVE

------------------- Geometry Preprocessing ( Zone 0 ) -------------------
Two dimensional problem.
5233 grid points.
10216 volume elements.
2 surface markers.
200 boundary elements in index 0 (Marker = airfoil).
50 boundary elements in index 1 (Marker = farfield).
10216 triangles.
Setting point connectivity.
Renumbering points (Reverse Cuthill McKee Ordering).
Recomputing point connectivity.
Setting element connectivity.
Checking the numerical grid orientation.
All volume elements are correctly oriented.
All surface elements are correctly oriented.
Identifying edges and vertices.
Setting the control volume structure.
Area of the computational grid: 1253.24.
Searching for the closest normal neighbors to the surfaces.
Storing a mapping from global to local point index.
Compute the surface curvature.
Max K: 7835.1. Mean K: 34.5284. Standard deviation K: 494.426.
Checking for periodicity.
Computing mesh quality statistics for the dual control volumes.
+--------------------------------------------------------------+
|           Mesh Quality Metric|        Minimum|        Maximum|
+--------------------------------------------------------------+
|    Orthogonality Angle (deg.)|        62.5512|        89.5737|
|     CV Face Area Aspect Ratio|        1.00574|        7.19986|
|           CV Sub-Volume Ratio|        1.00236|        6.47749|
+--------------------------------------------------------------+
Setting the multigrid structure.
+-------------------------------------------+
|  MG Level|       CVs|Aggl. Rate|       CFL|
+-------------------------------------------+
|         0|      5233|    1/1.00|        10|
|         1|      1690|     1/3.1|   8.52431|
|         2|       649|     1/2.6|   7.92373|
+-------------------------------------------+
Finding max control volume width.
Wetted area = 2.0487 m.
Area projection in the x-plane = 0.134465 m, y-plane = 0.999845 m.
Max. coordinate in the x-direction = 1 m, y-direction = 0.0729952 m.
Min. coordinate in the x-direction = 0 m, y-direction = -0.0614964 m.
Computing wall distances.

-------------------- Solver Preprocessing ( Zone 0 ) --------------------
Inviscid flow: Computing density based on free-stream
temperature and pressure using the ideal gas law.
Force coefficients computed using free-stream values.

-- Models:
+------------------------------------------------------------------------------+
|          Viscosity Model|        Conductivity Model|              Fluid Model|
+------------------------------------------------------------------------------+
|                        -|                         -|             STANDARD_AIR|
+------------------------------------------------------------------------------+
-- Fluid properties:
+------------------------------------------------------------------------------+
|                  Name|    Dim. value|    Ref. value|      Unit|Non-dim. value|
+------------------------------------------------------------------------------+
|          Gas Constant|       287.058|       287.058|  N.m/kg.K|             1|
|      Spec. Heat Ratio|             -|             -|         -|           1.4|
+------------------------------------------------------------------------------+
-- Initial and free-stream conditions:
+------------------------------------------------------------------------------+
|                  Name|    Dim. value|    Ref. value|      Unit|Non-dim. value|
+------------------------------------------------------------------------------+
|       Static Pressure|        101325|        101325|        Pa|             1|
|               Density|       1.22498|       1.22498|    kg/m^3|             1|
|           Temperature|        288.15|        288.15|         K|             1|
|          Total Energy|        243846|       82715.8|   m^2/s^2|         2.948|
|            Velocity-X|       272.173|       287.603|       m/s|      0.946348|
|            Velocity-Y|       5.93883|       287.603|       m/s|     0.0206494|
|    Velocity Magnitude|       272.238|       287.603|       m/s|      0.946573|
+------------------------------------------------------------------------------+
|           Mach Number|             -|             -|         -|           0.8|
+------------------------------------------------------------------------------+
Initialize Jacobian structure (Euler). MG level: 0.
Initialize Jacobian structure (Euler). MG level: 1.
Initialize Jacobian structure (Euler). MG level: 2.

------------------- Numerics Preprocessing ( Zone 0 ) -------------------

----------------- Integration Preprocessing ( Zone 0 ) ------------------

------------------- Iteration Preprocessing ( Zone 0 ) ------------------
Euler/Navier-Stokes/RANS fluid iteration.

------------------------------ Begin Solver -----------------------------

Simulation Run using the Single-zone Driver
WARNING: SU2 was not compiled for an AVX-capable architecture. Performance could be better,
         see https://su2code.github.io/docs_v7/Build-SU2-Linux-MacOS/#compiler-optimizations
WARNING: SU2 was not compiled for an AVX-capable architecture. Performance could be better,
         see https://su2code.github.io/docs_v7/Build-SU2-Linux-MacOS/#compiler-optimizations
WARNING: SU2 was not compiled for an AVX-capable architecture. Performance could be better,
         see https://su2code.github.io/docs_v7/Build-SU2-Linux-MacOS/#compiler-optimizations
+----------------------------------------------------------------+
|  Inner_Iter|    rms[Rho]|   rms[RhoE]|          CL|          CD|
+----------------------------------------------------------------+
|           0|   -4.256533|   -3.660151|    0.176225|    0.046185|
|           1|   -4.513101|   -3.911601|    0.191018|    0.035148|
|           2|   -4.460519|   -3.876657|    0.205683|    0.033865|
|           3|   -4.445277|   -3.862441|    0.199334|    0.035315|
|           4|   -4.389707|   -3.811062|    0.198935|    0.035573|
|           5|   -4.360591|   -3.792709|    0.209332|    0.036135|
|           6|   -4.321567|   -3.759981|    0.213456|    0.036163|
|           7|   -4.269285|   -3.707434|    0.215080|    0.036286|
|           8|   -4.229477|   -3.667640|    0.218058|    0.036711|
|           9|   -4.203760|   -3.641444|    0.221044|    0.037113|
|          10|   -4.183701|   -3.619004|    0.223206|    0.037410|
|          11|   -4.174442|   -3.607849|    0.224651|    0.037648|
|          12|   -4.171684|   -3.604031|    0.225657|    0.037855|
|          13|   -4.174835|   -3.606434|    0.226532|    0.038057|
|          14|   -4.188756|   -3.619561|    0.227247|    0.038243|
|          15|   -4.209358|   -3.639262|    0.227856|    0.038416|
|          16|   -4.231574|   -3.659933|    0.228294|    0.038559|
|          17|   -4.260511|   -3.687211|    0.228718|    0.038677|
|          18|   -4.293631|   -3.719067|    0.229102|    0.038752|
|          19|   -4.328562|   -3.753307|    0.229391|    0.038772|
|          20|   -4.366339|   -3.790876|    0.229667|    0.038749|
|          21|   -4.406583|   -3.830911|    0.230156|    0.038723|
|          22|   -4.451421|   -3.875753|    0.230541|    0.038655|
|          23|   -4.496558|   -3.921141|    0.230888|    0.038563|
|          24|   -4.543378|   -3.967945|    0.231231|    0.038460|
|          25|   -4.598520|   -4.022979|    0.231643|    0.038362|
|          26|   -4.662103|   -4.086510|    0.232105|    0.038274|
|          27|   -4.729829|   -4.154023|    0.232617|    0.038204|
|          28|   -4.800081|   -4.224019|    0.233156|    0.038155|
|          29|   -4.869319|   -4.293224|    0.233698|    0.038128|
|          30|   -4.931862|   -4.356531|    0.234237|    0.038125|
|          31|   -4.983021|   -4.409720|    0.234763|    0.038145|
|          32|   -5.021702|   -4.451631|    0.235260|    0.038186|
|          33|   -5.050495|   -4.484028|    0.235720|    0.038244|
|          34|   -5.074199|   -4.510764|    0.236136|    0.038315|
|          35|   -5.097763|   -4.536270|    0.236504|    0.038397|
|          36|   -5.124823|   -4.564107|    0.236817|    0.038483|
|          37|   -5.157017|   -4.596084|    0.237072|    0.038570|
|          38|   -5.194008|   -4.632178|    0.237267|    0.038655|
|          39|   -5.233305|   -4.670399|    0.237403|    0.038733|
|          40|   -5.270144|   -4.706691|    0.237482|    0.038803|
|          41|   -5.298201|   -4.735430|    0.237511|    0.038861|
|          42|   -5.312391|   -4.751684|    0.237495|    0.038908|
|          43|   -5.312509|   -4.754531|    0.237441|    0.038942|
|          44|   -5.303429|   -4.747824|    0.237354|    0.038964|
|          45|   -5.291948|   -4.737815|    0.237242|    0.038973|
|          46|   -5.283504|   -4.729919|    0.237110|    0.038972|
|          47|   -5.281558|   -4.727814|    0.236962|    0.038962|
|          48|   -5.287648|   -4.733279|    0.236806|    0.038943|
|          49|   -5.302235|   -4.746959|    0.236647|    0.038918|
|          50|   -5.324938|   -4.768601|    0.236488|    0.038889|
|          51|   -5.354793|   -4.797370|    0.236338|    0.038858|
|          52|   -5.390401|   -4.832070|    0.236199|    0.038826|
|          53|   -5.429116|   -4.870297|    0.236075|    0.038795|
|          54|   -5.467072|   -4.908466|    0.235968|    0.038766|
|          55|   -5.499910|   -4.942417|    0.235880|    0.038741|
|          56|   -5.524112|   -4.968517|    0.235809|    0.038720|
|          57|   -5.538429|   -4.985031|    0.235756|    0.038703|
|          58|   -5.544627|   -4.993115|    0.235719|    0.038689|
|          59|   -5.546344|   -4.996033|    0.235697|    0.038680|
|          60|   -5.547283|   -4.997448|    0.235688|    0.038675|
|          61|   -5.550320|   -5.000411|    0.235690|    0.038672|
|          62|   -5.557354|   -5.007042|    0.235700|    0.038672|
|          63|   -5.568933|   -5.018011|    0.235716|    0.038674|
|          64|   -5.585081|   -5.033482|    0.235738|    0.038678|
|          65|   -5.605358|   -5.053128|    0.235761|    0.038683|
|          66|   -5.628941|   -5.076215|    0.235784|    0.038687|
|          67|   -5.654657|   -5.101659|    0.235806|    0.038692|
|          68|   -5.681097|   -5.128113|    0.235826|    0.038697|
|          69|   -5.706728|   -5.154060|    0.235842|    0.038700|
|          70|   -5.730236|   -5.178134|    0.235856|    0.038703|
|          71|   -5.750721|   -5.199312|    0.235867|    0.038705|
|          72|   -5.767862|   -5.217116|    0.235874|    0.038707|
|          73|   -5.781921|   -5.231654|    0.235878|    0.038707|
|          74|   -5.793767|   -5.243734|    0.235880|    0.038706|
|          75|   -5.804294|   -5.254261|    0.235880|    0.038705|
|          76|   -5.814308|   -5.264097|    0.235877|    0.038704|
|          77|   -5.824353|   -5.273861|    0.235873|    0.038702|
|          78|   -5.834733|   -5.283950|    0.235869|    0.038700|
|          79|   -5.845514|   -5.294521|    0.235863|    0.038697|
|          80|   -5.856578|   -5.305519|    0.235858|    0.038695|
|          81|   -5.867742|   -5.316802|    0.235852|    0.038693|
|          82|   -5.878793|   -5.328166|    0.235846|    0.038692|
|          83|   -5.889581|   -5.339440|    0.235841|    0.038691|
|          84|   -5.900033|   -5.350518|    0.235837|    0.038690|
|          85|   -5.910187|   -5.361396|    0.235832|    0.038689|
|          86|   -5.920133|   -5.372113|    0.235828|    0.038689|
|          87|   -5.930006|   -5.382762|    0.235823|    0.038689|
|          88|   -5.939945|   -5.393442|    0.235819|    0.038689|
|          89|   -5.950052|   -5.404232|    0.235814|    0.038690|
|          90|   -5.960396|   -5.415171|    0.235808|    0.038690|
|          91|   -5.970972|   -5.426241|    0.235802|    0.038691|
|          92|   -5.981736|   -5.437383|    0.235795|    0.038691|
|          93|   -5.992612|   -5.448510|    0.235787|    0.038692|
|          94|   -6.003550|   -5.459556|    0.235778|    0.038693|
|          95|   -6.014470|   -5.470432|    0.235768|    0.038693|
|          96|   -6.025313|   -5.481078|    0.235757|    0.038694|
|          97|   -6.036051|   -5.491471|    0.235745|    0.038694|
|          98|   -6.046683|   -5.501621|    0.235733|    0.038694|
|          99|   -6.057236|   -5.511583|    0.235719|    0.038694|
|         100|   -6.067753|   -5.521435|    0.235705|    0.038694|
|         101|   -6.078289|   -5.531270|    0.235690|    0.038693|
|         102|   -6.088912|   -5.541190|    0.235676|    0.038693|
|         103|   -6.099680|   -5.551286|    0.235661|    0.038692|
|         104|   -6.110612|   -5.561606|    0.235646|    0.038692|
|         105|   -6.121729|   -5.572194|    0.235632|    0.038691|
|         106|   -6.133056|   -5.583099|    0.235619|    0.038690|
|         107|   -6.144633|   -5.594383|    0.235605|    0.038689|
|         108|   -6.156441|   -5.606019|    0.235593|    0.038688|
|         109|   -6.168486|   -5.618011|    0.235581|    0.038688|
|         110|   -6.180749|   -5.630333|    0.235571|    0.038687|
|         111|   -6.193208|   -5.642956|    0.235561|    0.038686|
|         112|   -6.205840|   -5.655843|    0.235552|    0.038685|
|         113|   -6.218646|   -5.668991|    0.235545|    0.038684|
|         114|   -6.231581|   -5.682332|    0.235538|    0.038683|
|         115|   -6.244623|   -5.695824|    0.235532|    0.038683|
|         116|   -6.257753|   -5.709426|    0.235527|    0.038682|
|         117|   -6.270941|   -5.723088|    0.235522|    0.038681|
|         118|   -6.284153|   -5.736753|    0.235519|    0.038681|
|         119|   -6.297327|   -5.750343|    0.235516|    0.038680|
|         120|   -6.310430|   -5.763809|    0.235514|    0.038680|
|         121|   -6.323458|   -5.777130|    0.235512|    0.038679|
|         122|   -6.336392|   -5.790275|    0.235511|    0.038679|
|         123|   -6.349194|   -5.803202|    0.235511|    0.038678|
|         124|   -6.361839|   -5.815877|    0.235510|    0.038678|
|         125|   -6.374363|   -5.828334|    0.235510|    0.038678|
|         126|   -6.386749|   -5.840564|    0.235511|    0.038677|
|         127|   -6.398998|   -5.852586|    0.235511|    0.038677|
|         128|   -6.411130|   -5.864428|    0.235512|    0.038677|
|         129|   -6.423212|   -5.876172|    0.235512|    0.038677|
|         130|   -6.435258|   -5.887847|    0.235513|    0.038677|
|         131|   -6.447295|   -5.899491|    0.235514|    0.038676|
|         132|   -6.459336|   -5.911135|    0.235515|    0.038676|
|         133|   -6.471439|   -5.922862|    0.235516|    0.038676|
|         134|   -6.483667|   -5.934744|    0.235516|    0.038676|
|         135|   -6.496061|   -5.946833|    0.235517|    0.038676|
|         136|   -6.508646|   -5.959165|    0.235517|    0.038676|
|         137|   -6.521446|   -5.971763|    0.235518|    0.038676|
|         138|   -6.534492|   -5.984662|    0.235518|    0.038676|
|         139|   -6.547791|   -5.997871|    0.235519|    0.038676|
|         140|   -6.561329|   -6.011379|    0.235519|    0.038676|
|         141|   -6.575108|   -6.025188|    0.235519|    0.038676|
|         142|   -6.589124|   -6.039290|    0.235519|    0.038676|
|         143|   -6.603342|   -6.053642|    0.235519|    0.038676|
|         144|   -6.617744|   -6.068220|    0.235518|    0.038676|
|         145|   -6.632307|   -6.082997|    0.235518|    0.038676|
|         146|   -6.647004|   -6.097935|    0.235518|    0.038676|
|         147|   -6.661765|   -6.112950|    0.235517|    0.038676|
|         148|   -6.676520|   -6.127966|    0.235516|    0.038676|
|         149|   -6.691247|   -6.142952|    0.235516|    0.038676|
|         150|   -6.705923|   -6.157874|    0.235515|    0.038676|
|         151|   -6.720487|   -6.172656|    0.235514|    0.038676|
|         152|   -6.734899|   -6.187253|    0.235513|    0.038676|
|         153|   -6.749118|   -6.201618|    0.235512|    0.038676|
|         154|   -6.763106|   -6.215704|    0.235511|    0.038676|
|         155|   -6.776868|   -6.229522|    0.235510|    0.038676|
|         156|   -6.790412|   -6.243072|    0.235508|    0.038676|
|         157|   -6.803750|   -6.256366|    0.235507|    0.038676|
|         158|   -6.816906|   -6.269432|    0.235506|    0.038676|
|         159|   -6.829900|   -6.282296|    0.235505|    0.038676|
|         160|   -6.842745|   -6.294979|    0.235504|    0.038676|
|         161|   -6.855497|   -6.307549|    0.235503|    0.038676|
|         162|   -6.868199|   -6.320049|    0.235502|    0.038676|
|         163|   -6.880923|   -6.332552|    0.235501|    0.038676|
|         164|   -6.893737|   -6.345139|    0.235500|    0.038676|
|         165|   -6.906652|   -6.357826|    0.235499|    0.038676|
|         166|   -6.919694|   -6.370652|    0.235498|    0.038676|
|         167|   -6.932899|   -6.383656|    0.235497|    0.038676|
|         168|   -6.946296|   -6.396875|    0.235496|    0.038676|
|         169|   -6.959917|   -6.410339|    0.235495|    0.038676|
|         170|   -6.973771|   -6.424061|    0.235494|    0.038676|
|         171|   -6.987860|   -6.438049|    0.235494|    0.038676|
|         172|   -7.002180|   -6.452299|    0.235493|    0.038676|
|         173|   -7.016725|   -6.466804|    0.235493|    0.038676|
|         174|   -7.031485|   -6.481557|    0.235492|    0.038676|
|         175|   -7.046438|   -6.496531|    0.235492|    0.038676|
|         176|   -7.061557|   -6.511698|    0.235491|    0.038676|
|         177|   -7.076810|   -6.527022|    0.235491|    0.038676|
|         178|   -7.092163|   -6.542468|    0.235491|    0.038675|
|         179|   -7.107583|   -6.557998|    0.235490|    0.038675|
|         180|   -7.123033|   -6.573570|    0.235490|    0.038675|
|         181|   -7.138479|   -6.589145|    0.235490|    0.038675|
|         182|   -7.153888|   -6.604685|    0.235490|    0.038675|
|         183|   -7.169227|   -6.620153|    0.235490|    0.038675|
|         184|   -7.184470|   -6.635517|    0.235490|    0.038675|
|         185|   -7.199593|   -6.650751|    0.235490|    0.038675|
|         186|   -7.214580|   -6.665832|    0.235490|    0.038675|
|         187|   -7.229420|   -6.680749|    0.235490|    0.038675|
|         188|   -7.244109|   -6.695493|    0.235490|    0.038675|
|         189|   -7.258650|   -6.710066|    0.235490|    0.038675|
|         190|   -7.273065|   -6.724491|    0.235490|    0.038675|
|         191|   -7.287366|   -6.738778|    0.235490|    0.038675|
|         192|   -7.301534|   -6.752911|    0.235490|    0.038675|
|         193|   -7.315588|   -6.766910|    0.235490|    0.038675|
|         194|   -7.329563|   -6.780811|    0.235491|    0.038675|
|         195|   -7.343490|   -6.794649|    0.235491|    0.038675|
|         196|   -7.357404|   -6.808463|    0.235491|    0.038675|
|         197|   -7.371336|   -6.822286|    0.235491|    0.038675|
|         198|   -7.385309|   -6.836145|    0.235491|    0.038675|
|         199|   -7.399355|   -6.850077|    0.235491|    0.038675|
|         200|   -7.413495|   -6.864107|    0.235491|    0.038675|
|         201|   -7.427750|   -6.878257|    0.235491|    0.038675|
|         202|   -7.442135|   -6.892547|    0.235491|    0.038675|
|         203|   -7.456664|   -6.906991|    0.235491|    0.038675|
|         204|   -7.471343|   -6.921598|    0.235491|    0.038675|
|         205|   -7.486175|   -6.936372|    0.235491|    0.038675|
|         206|   -7.501160|   -6.951314|    0.235491|    0.038675|
|         207|   -7.516292|   -6.966419|    0.235491|    0.038675|
|         208|   -7.531561|   -6.981676|    0.235491|    0.038675|
|         209|   -7.546952|   -6.997070|    0.235491|    0.038675|
|         210|   -7.562449|   -7.012584|    0.235491|    0.038675|
|         211|   -7.578034|   -7.028197|    0.235491|    0.038675|
|         212|   -7.593682|   -7.043885|    0.235491|    0.038675|
|         213|   -7.609372|   -7.059624|    0.235491|    0.038675|
|         214|   -7.625078|   -7.075386|    0.235491|    0.038675|
|         215|   -7.640778|   -7.091146|    0.235491|    0.038675|
|         216|   -7.656449|   -7.106879|    0.235491|    0.038675|
|         217|   -7.672069|   -7.122562|    0.235490|    0.038675|
|         218|   -7.687618|   -7.138169|    0.235490|    0.038675|
|         219|   -7.703076|   -7.153682|    0.235490|    0.038675|
|         220|   -7.718436|   -7.169090|    0.235490|    0.038675|
|         221|   -7.733687|   -7.184380|    0.235490|    0.038675|
|         222|   -7.748824|   -7.199548|    0.235490|    0.038675|
|         223|   -7.763849|   -7.214592|    0.235490|    0.038675|
|         224|   -7.778763|   -7.229514|    0.235489|    0.038675|
|         225|   -7.793572|   -7.244321|    0.235489|    0.038675|
|         226|   -7.808287|   -7.259023|    0.235489|    0.038675|
|         227|   -7.822924|   -7.273636|    0.235489|    0.038675|
|         228|   -7.837499|   -7.288176|    0.235489|    0.038675|
|         229|   -7.852029|   -7.302664|    0.235489|    0.038675|
|         230|   -7.866534|   -7.317119|    0.235489|    0.038675|
|         231|   -7.881035|   -7.331565|    0.235488|    0.038675|
|         232|   -7.895551|   -7.346022|    0.235488|    0.038675|
|         233|   -7.910102|   -7.360510|    0.235488|    0.038675|
|         234|   -7.924704|   -7.375050|    0.235488|    0.038675|
|         235|   -7.939374|   -7.389658|    0.235488|    0.038675|
|         236|   -7.954124|   -7.404350|    0.235488|    0.038675|
|         237|   -7.968966|   -7.419138|    0.235488|    0.038675|
|         238|   -7.983909|   -7.434031|    0.235488|    0.038675|
|         239|   -7.998957|   -7.449035|    0.235488|    0.038675|
|         240|   -8.014114|   -7.464156|    0.235488|    0.038675|
|         241|   -8.029379|   -7.479392|    0.235488|    0.038675|
|         242|   -8.044749|   -7.494741|    0.235488|    0.038675|
|         243|   -8.060219|   -7.510198|    0.235487|    0.038675|
|         244|   -8.075781|   -7.525754|    0.235487|    0.038675|
|         245|   -8.091424|   -7.541401|    0.235487|    0.038675|
|         246|   -8.107138|   -7.557124|    0.235487|    0.038675|
|         247|   -8.122908|   -7.572910|    0.235487|    0.038675|
|         248|   -8.138720|   -7.588743|    0.235487|    0.038675|
|         249|   -8.154559|   -7.604608|    0.235487|    0.038675|
|         250|   -8.170410|   -7.620488|    0.235487|    0.038675|
+-----------------------------------------------------------------------+
|        File Writing Summary       |              Filename             |
+-----------------------------------------------------------------------+
|SU2 binary restart                 |restart_flow.dat                   |
|Paraview                           |flow.vtu                           |
|Paraview surface                   |surface_flow.vtu                   |
|CSV file                           |surface_flow.csv                   |
+-----------------------------------------------------------------------+
+----------------------------------------------------------------+
|  Inner_Iter|    rms[Rho]|   rms[RhoE]|          CL|          CD|
+----------------------------------------------------------------+
|         251|   -8.186256|   -7.636367|    0.235487|    0.038675|
|         252|   -8.202084|   -7.652229|    0.235488|    0.038675|
|         253|   -8.217881|   -7.668060|    0.235488|    0.038675|
|         254|   -8.233634|   -7.683847|    0.235488|    0.038675|
|         255|   -8.249333|   -7.699579|    0.235488|    0.038675|
|         256|   -8.264971|   -7.715247|    0.235488|    0.038675|
|         257|   -8.280541|   -7.730844|    0.235488|    0.038675|
|         258|   -8.296041|   -7.746368|    0.235488|    0.038675|
|         259|   -8.311469|   -7.761816|    0.235488|    0.038675|
|         260|   -8.326827|   -7.777189|    0.235488|    0.038675|
|         261|   -8.342119|   -7.792492|    0.235488|    0.038675|
|         262|   -8.357349|   -7.807728|    0.235488|    0.038675|
|         263|   -8.372525|   -7.822906|    0.235488|    0.038675|
|         264|   -8.387656|   -7.838034|    0.235488|    0.038675|
|         265|   -8.402751|   -7.853122|    0.235488|    0.038675|
|         266|   -8.417820|   -7.868182|    0.235488|    0.038675|
|         267|   -8.432876|   -7.883225|    0.235488|    0.038675|
|         268|   -8.447927|   -7.898262|    0.235488|    0.038675|
|         269|   -8.462985|   -7.913305|    0.235488|    0.038675|
|         270|   -8.478060|   -7.928363|    0.235488|    0.038675|
|         271|   -8.493161|   -7.943446|    0.235488|    0.038675|
|         272|   -8.508294|   -7.958563|    0.235488|    0.038675|
|         273|   -8.523467|   -7.973721|    0.235488|    0.038675|
|         274|   -8.538685|   -7.988925|    0.235488|    0.038675|
|         275|   -8.553952|   -8.004179|    0.235488|    0.038675|
|         276|   -8.569268|   -8.019486|    0.235488|    0.038675|
|         277|   -8.584636|   -8.034845|    0.235488|    0.038675|
|         278|   -8.600053|   -8.050257|    0.235488|    0.038675|
|         279|   -8.615517|   -8.065718|    0.235488|    0.038675|
|         280|   -8.631024|   -8.081225|    0.235488|    0.038675|
|         281|   -8.646570|   -8.096771|    0.235488|    0.038675|
|         282|   -8.662147|   -8.112351|    0.235488|    0.038675|
|         283|   -8.677750|   -8.127957|    0.235488|    0.038675|
|         284|   -8.693370|   -8.143581|    0.235488|    0.038675|
|         285|   -8.709000|   -8.159215|    0.235488|    0.038675|
|         286|   -8.724631|   -8.174850|    0.235488|    0.038675|
|         287|   -8.740256|   -8.190479|    0.235488|    0.038675|
|         288|   -8.755867|   -8.206093|    0.235488|    0.038675|
|         289|   -8.771457|   -8.221685|    0.235488|    0.038675|
|         290|   -8.787020|   -8.237250|    0.235488|    0.038675|
|         291|   -8.802551|   -8.252782|    0.235488|    0.038675|
|         292|   -8.818046|   -8.268277|    0.235488|    0.038675|
|         293|   -8.833500|   -8.283731|    0.235488|    0.038675|
|         294|   -8.848913|   -8.299144|    0.235488|    0.038675|
|         295|   -8.864282|   -8.314513|    0.235488|    0.038675|
|         296|   -8.879607|   -8.329839|    0.235488|    0.038675|
|         297|   -8.894890|   -8.345123|    0.235488|    0.038675|
|         298|   -8.910132|   -8.360367|    0.235488|    0.038675|
|         299|   -8.925334|   -8.375573|    0.235488|    0.038675|
|         300|   -8.940501|   -8.390744|    0.235488|    0.038675|
|         301|   -8.955636|   -8.405885|    0.235488|    0.038675|
|         302|   -8.970742|   -8.420999|    0.235488|    0.038675|
|         303|   -8.985826|   -8.436091|    0.235488|    0.038675|
|         304|   -9.000891|   -8.451165|    0.235488|    0.038675|
|         305|   -9.015943|   -8.466227|    0.235488|    0.038675|
|         306|   -9.030986|   -8.481281|    0.235488|    0.038675|
|         307|   -9.046026|   -8.496332|    0.235488|    0.038675|
|         308|   -9.061067|   -8.511385|    0.235488|    0.038675|
|         309|   -9.076115|   -8.526443|    0.235488|    0.038675|
|         310|   -9.091172|   -8.541511|    0.235488|    0.038675|
|         311|   -9.106245|   -8.556592|    0.235488|    0.038675|
|         312|   -9.121336|   -8.571689|    0.235488|    0.038675|
|         313|   -9.136448|   -8.586807|    0.235488|    0.038675|
|         314|   -9.151584|   -8.601946|    0.235488|    0.038675|
|         315|   -9.166745|   -8.617109|    0.235488|    0.038675|
|         316|   -9.181934|   -8.632296|    0.235488|    0.038675|
|         317|   -9.197151|   -8.647509|    0.235488|    0.038675|
|         318|   -9.212396|   -8.662747|    0.235488|    0.038675|
|         319|   -9.227668|   -8.678010|    0.235488|    0.038675|
|         320|   -9.242966|   -8.693297|    0.235488|    0.038675|
|         321|   -9.258288|   -8.708605|    0.235488|    0.038675|
|         322|   -9.273631|   -8.723933|    0.235488|    0.038675|
|         323|   -9.288993|   -8.739278|    0.235488|    0.038675|
|         324|   -9.304369|   -8.754638|    0.235488|    0.038675|
|         325|   -9.319757|   -8.770009|    0.235488|    0.038675|
|         326|   -9.335152|   -8.785387|    0.235488|    0.038675|
|         327|   -9.350549|   -8.800771|    0.235488|    0.038675|
|         328|   -9.365945|   -8.816154|    0.235488|    0.038675|
|         329|   -9.381334|   -8.831535|    0.235488|    0.038675|
|         330|   -9.396712|   -8.846909|    0.235488|    0.038675|
|         331|   -9.412074|   -8.862271|    0.235488|    0.038675|
|         332|   -9.427415|   -8.877618|    0.235488|    0.038675|
|         333|   -9.442731|   -8.892944|    0.235488|    0.038675|
|         334|   -9.458016|   -8.908246|    0.235488|    0.038675|
|         335|   -9.473267|   -8.923519|    0.235488|    0.038675|
|         336|   -9.488480|   -8.938760|    0.235488|    0.038675|
|         337|   -9.503652|   -8.953963|    0.235488|    0.038675|
|         338|   -9.518779|   -8.969127|    0.235488|    0.038675|
|         339|   -9.533860|   -8.984249|    0.235488|    0.038675|
|         340|   -9.548895|   -8.999325|    0.235488|    0.038675|
|         341|   -9.563881|   -9.014356|    0.235488|    0.038675|
|         342|   -9.578821|   -9.029340|    0.235488|    0.038675|
|         343|   -9.593716|   -9.044278|    0.235488|    0.038675|
|         344|   -9.608568|   -9.059171|    0.235488|    0.038675|
|         345|   -9.623381|   -9.074022|    0.235488|    0.038675|
|         346|   -9.638159|   -9.088833|    0.235488|    0.038675|
|         347|   -9.652907|   -9.103610|    0.235488|    0.038675|
|         348|   -9.667631|   -9.118356|    0.235488|    0.038675|
|         349|   -9.682338|   -9.133079|    0.235488|    0.038675|
|         350|   -9.697033|   -9.147784|    0.235488|    0.038675|
|         351|   -9.711725|   -9.162478|    0.235488|    0.038675|
|         352|   -9.726419|   -9.177167|    0.235488|    0.038675|
|         353|   -9.741123|   -9.191860|    0.235488|    0.038675|
|         354|   -9.755843|   -9.206561|    0.235488|    0.038675|
|         355|   -9.770585|   -9.221279|    0.235488|    0.038675|
|         356|   -9.785354|   -9.236017|    0.235488|    0.038675|
|         357|   -9.800153|   -9.250782|    0.235488|    0.038675|
|         358|   -9.814985|   -9.265577|    0.235488|    0.038675|
|         359|   -9.829854|   -9.280405|    0.235488|    0.038675|
|         360|   -9.844758|   -9.295268|    0.235488|    0.038675|
|         361|   -9.859699|   -9.310168|    0.235488|    0.038675|
|         362|   -9.874673|   -9.325103|    0.235488|    0.038675|
|         363|   -9.889679|   -9.340072|    0.235488|    0.038675|
|         364|   -9.904712|   -9.355072|    0.235488|    0.038675|
|         365|   -9.919766|   -9.370101|    0.235488|    0.038675|
|         366|   -9.934837|   -9.385151|    0.235488|    0.038675|
|         367|   -9.949916|   -9.400218|    0.235488|    0.038675|
|         368|   -9.964996|   -9.415295|    0.235488|    0.038675|
|         369|   -9.980068|   -9.430373|    0.235488|    0.038675|
|         370|   -9.995124|   -9.445443|    0.235488|    0.038675|
|         371|  -10.010155|   -9.460498|    0.235488|    0.038675|
|         372|  -10.025152|   -9.475527|    0.235488|    0.038675|
|         373|  -10.040107|   -9.490523|    0.235488|    0.038675|
|         374|  -10.055013|   -9.505476|    0.235488|    0.038675|
|         375|  -10.069864|   -9.520380|    0.235488|    0.038675|
|         376|  -10.084653|   -9.535226|    0.235488|    0.038675|
|         377|  -10.099378|   -9.550011|    0.235488|    0.038675|
|         378|  -10.114036|   -9.564730|    0.235488|    0.038675|
|         379|  -10.128627|   -9.579380|    0.235488|    0.038675|
|         380|  -10.143152|   -9.593962|    0.235488|    0.038675|
|         381|  -10.157613|   -9.608476|    0.235488|    0.038675|
|         382|  -10.172017|   -9.622926|    0.235488|    0.038675|
|         383|  -10.186368|   -9.637316|    0.235488|    0.038675|
|         384|  -10.200675|   -9.651654|    0.235488|    0.038675|
|         385|  -10.214947|   -9.665947|    0.235488|    0.038675|
|         386|  -10.229194|   -9.680206|    0.235488|    0.038675|
|         387|  -10.243425|   -9.694440|    0.235488|    0.038675|
|         388|  -10.257654|   -9.708660|    0.235488|    0.038675|
|         389|  -10.271889|   -9.722878|    0.235488|    0.038675|
|         390|  -10.286143|   -9.737105|    0.235488|    0.038675|
|         391|  -10.300425|   -9.751353|    0.235488|    0.038675|
|         392|  -10.314744|   -9.765631|    0.235488|    0.038675|
|         393|  -10.329109|   -9.779949|    0.235488|    0.038675|
|         394|  -10.343526|   -9.794315|    0.235488|    0.038675|
|         395|  -10.357999|   -9.808734|    0.235488|    0.038675|
|         396|  -10.372533|   -9.823213|    0.235488|    0.038675|
|         397|  -10.387128|   -9.837754|    0.235488|    0.038675|
|         398|  -10.401784|   -9.852358|    0.235488|    0.038675|
|         399|  -10.416499|   -9.867024|    0.235488|    0.038675|
|         400|  -10.431269|   -9.881751|    0.235488|    0.038675|
|         401|  -10.446087|   -9.896534|    0.235488|    0.038675|
|         402|  -10.460947|   -9.911366|    0.235488|    0.038675|
|         403|  -10.475839|   -9.926240|    0.235488|    0.038675|
|         404|  -10.490753|   -9.941147|    0.235488|    0.038675|
|         405|  -10.505679|   -9.956076|    0.235488|    0.038675|
|         406|  -10.520605|   -9.971016|    0.235488|    0.038675|
|         407|  -10.535518|   -9.985954|    0.235488|    0.038675|
|         408|  -10.550406|  -10.000878|    0.235488|    0.038675|
|         409|  -10.565258|  -10.015776|    0.235488|    0.038675|
|         410|  -10.580063|  -10.030635|    0.235488|    0.038675|
|         411|  -10.594811|  -10.045443|    0.235488|    0.038675|
|         412|  -10.609493|  -10.060192|    0.235488|    0.038675|
|         413|  -10.624103|  -10.074871|    0.235488|    0.038675|
|         414|  -10.638635|  -10.089474|    0.235488|    0.038675|
|         415|  -10.653087|  -10.103996|    0.235488|    0.038675|
|         416|  -10.667459|  -10.118435|    0.235488|    0.038675|
|         417|  -10.681753|  -10.132790|    0.235488|    0.038675|
|         418|  -10.695971|  -10.147064|    0.235488|    0.038675|
|         419|  -10.710121|  -10.161260|    0.235488|    0.038675|
|         420|  -10.724210|  -10.175386|    0.235488|    0.038675|
|         421|  -10.738249|  -10.189451|    0.235488|    0.038675|
|         422|  -10.752249|  -10.203465|    0.235488|    0.038675|
|         423|  -10.766221|  -10.217440|    0.235488|    0.038675|
|         424|  -10.780180|  -10.231389|    0.235488|    0.038675|
|         425|  -10.794138|  -10.245327|    0.235488|    0.038675|
|         426|  -10.808109|  -10.259268|    0.235488|    0.038675|
|         427|  -10.822106|  -10.273224|    0.235488|    0.038675|
|         428|  -10.836140|  -10.287210|    0.235488|    0.038675|
|         429|  -10.850222|  -10.301238|    0.235488|    0.038675|
|         430|  -10.864362|  -10.315318|    0.235488|    0.038675|
|         431|  -10.878567|  -10.329459|    0.235488|    0.038675|
|         432|  -10.892842|  -10.343670|    0.235488|    0.038675|
|         433|  -10.907191|  -10.357954|    0.235488|    0.038675|
|         434|  -10.921615|  -10.372316|    0.235488|    0.038675|
|         435|  -10.936112|  -10.386755|    0.235488|    0.038675|
|         436|  -10.950680|  -10.401271|    0.235488|    0.038675|
|         437|  -10.965314|  -10.415859|    0.235488|    0.038675|
|         438|  -10.980007|  -10.430515|    0.235488|    0.038675|
|         439|  -10.994749|  -10.445230|    0.235488|    0.038675|
|         440|  -11.009531|  -10.459995|    0.235488|    0.038675|
|         441|  -11.024340|  -10.474799|    0.235488|    0.038675|
|         442|  -11.039164|  -10.489630|    0.235488|    0.038675|
|         443|  -11.053990|  -10.504474|    0.235488|    0.038675|
|         444|  -11.068804|  -10.519318|    0.235488|    0.038675|
|         445|  -11.083594|  -10.534148|    0.235488|    0.038675|
|         446|  -11.098346|  -10.548949|    0.235488|    0.038675|
|         447|  -11.113048|  -10.563709|    0.235488|    0.038675|
|         448|  -11.127691|  -10.578415|    0.235488|    0.038675|
|         449|  -11.142265|  -10.593057|    0.235488|    0.038675|
|         450|  -11.156764|  -10.607625|    0.235488|    0.038675|
|         451|  -11.171183|  -10.622114|    0.235488|    0.038675|
|         452|  -11.185520|  -10.636518|    0.235488|    0.038675|
|         453|  -11.199775|  -10.650836|    0.235488|    0.038675|
|         454|  -11.213951|  -10.665069|    0.235488|    0.038675|
|         455|  -11.228053|  -10.679219|    0.235488|    0.038675|
|         456|  -11.242087|  -10.693293|    0.235488|    0.038675|
|         457|  -11.256065|  -10.707299|    0.235488|    0.038675|
|         458|  -11.269996|  -10.721246|    0.235488|    0.038675|
|         459|  -11.283892|  -10.735148|    0.235488|    0.038675|
|         460|  -11.297768|  -10.749017|    0.235488|    0.038675|
|         461|  -11.311638|  -10.762867|    0.235488|    0.038675|
|         462|  -11.325515|  -10.776715|    0.235488|    0.038675|
|         463|  -11.339413|  -10.790574|    0.235488|    0.038675|
|         464|  -11.353346|  -10.804459|    0.235488|    0.038675|
|         465|  -11.367326|  -10.818385|    0.235488|    0.038675|
|         466|  -11.381363|  -10.832362|    0.235488|    0.038675|
|         467|  -11.395468|  -10.846403|    0.235488|    0.038675|
|         468|  -11.409646|  -10.860516|    0.235488|    0.038675|
|         469|  -11.423903|  -10.874707|    0.235488|    0.038675|
|         470|  -11.438242|  -10.888982|    0.235488|    0.038675|
|         471|  -11.452663|  -10.903343|    0.235488|    0.038675|
|         472|  -11.467165|  -10.917789|    0.235488|    0.038675|
|         473|  -11.481744|  -10.932319|    0.235488|    0.038675|
|         474|  -11.496393|  -10.946927|    0.235488|    0.038675|
|         475|  -11.511104|  -10.961606|    0.235488|    0.038675|
|         476|  -11.525868|  -10.976349|    0.235488|    0.038675|
|         477|  -11.540674|  -10.991143|    0.235488|    0.038675|
|         478|  -11.555508|  -11.005978|    0.235488|    0.038675|
|         479|  -11.570359|  -11.020840|    0.235488|    0.038675|
|         480|  -11.585211|  -11.035715|    0.235488|    0.038675|
|         481|  -11.600051|  -11.050589|    0.235488|    0.038675|
|         482|  -11.614866|  -11.065446|    0.235488|    0.038675|
|         483|  -11.629643|  -11.080273|    0.235488|    0.038675|
|         484|  -11.644369|  -11.095057|    0.235488|    0.038675|
|         485|  -11.659035|  -11.109785|    0.235488|    0.038675|
|         486|  -11.673632|  -11.124447|    0.235488|    0.038675|
|         487|  -11.688154|  -11.139035|    0.235488|    0.038675|
|         488|  -11.702596|  -11.153542|    0.235488|    0.038675|
|         489|  -11.716956|  -11.167965|    0.235488|    0.038675|
|         490|  -11.731236|  -11.182302|    0.235488|    0.038675|
|         491|  -11.745438|  -11.196554|    0.235488|    0.038675|
|         492|  -11.759568|  -11.210726|    0.235488|    0.038675|
|         493|  -11.773634|  -11.224824|    0.235488|    0.038675|
|         494|  -11.787646|  -11.238857|    0.235488|    0.038675|
|         495|  -11.801614|  -11.252836|    0.235488|    0.038675|
|         496|  -11.815551|  -11.266772|    0.235488|    0.038675|
|         497|  -11.829472|  -11.280680|    0.235488|    0.038675|
|         498|  -11.843389|  -11.294575|    0.235488|    0.038675|
|         499|  -11.857317|  -11.308470|    0.235488|    0.038675|
|         500|  -11.871270|  -11.322381|    0.235488|    0.038675|
+-----------------------------------------------------------------------+
|        File Writing Summary       |              Filename             |
+-----------------------------------------------------------------------+
|SU2 binary restart                 |restart_flow.dat                   |
|Paraview                           |flow.vtu                           |
|Paraview surface                   |surface_flow.vtu                   |
|CSV file                           |surface_flow.csv                   |
+-----------------------------------------------------------------------+
+----------------------------------------------------------------+
|  Inner_Iter|    rms[Rho]|   rms[RhoE]|          CL|          CD|
+----------------------------------------------------------------+
|         501|  -11.885260|  -11.336323|    0.235488|    0.038675|
|         502|  -11.899300|  -11.350308|    0.235488|    0.038675|
|         503|  -11.913399|  -11.364348|    0.235488|    0.038675|
|         504|  -11.927566|  -11.378454|    0.235488|    0.038675|
|         505|  -11.941809|  -11.392634|    0.235488|    0.038675|
|         506|  -11.956131|  -11.406894|    0.235488|    0.038675|
|         507|  -11.970535|  -11.421238|    0.235488|    0.038675|
|         508|  -11.985021|  -11.435668|    0.235488|    0.038675|
|         509|  -11.999587|  -11.450183|    0.235488|    0.038675|
|         510|  -12.014228|  -11.464780|    0.235488|    0.038675|
|         511|  -12.028939|  -11.479454|    0.235488|    0.038675|
|         512|  -12.043710|  -11.494198|    0.235488|    0.038675|
|         513|  -12.058532|  -11.509002|    0.235488|    0.038675|
|         514|  -12.073394|  -11.523856|    0.235488|    0.038675|
|         515|  -12.088283|  -11.538747|    0.235488|    0.038675|
|         516|  -12.103187|  -11.553662|    0.235488|    0.038675|
|         517|  -12.118091|  -11.568589|    0.235488|    0.038675|
|         518|  -12.132983|  -11.583512|    0.235488|    0.038675|
|         519|  -12.147849|  -11.598418|    0.235488|    0.038675|
|         520|  -12.162677|  -11.613292|    0.235488|    0.038675|
|         521|  -12.177455|  -11.628123|    0.235488|    0.038675|
|         522|  -12.192175|  -11.642899|    0.235488|    0.038675|
|         523|  -12.206827|  -11.657611|    0.235488|    0.038675|
|         524|  -12.221406|  -11.672250|    0.235488|    0.038675|
|         525|  -12.235908|  -11.686811|    0.235488|    0.038675|
|         526|  -12.250333|  -11.701290|    0.235488|    0.038675|
|         527|  -12.264680|  -11.715688|    0.235488|    0.038675|
|         528|  -12.278954|  -11.730005|    0.235488|    0.038675|
|         529|  -12.293160|  -11.744247|    0.235488|    0.038675|
|         530|  -12.307305|  -11.758420|    0.235488|    0.038675|
|         531|  -12.321399|  -11.772531|    0.235488|    0.038675|
|         532|  -12.335453|  -11.786593|    0.235488|    0.038675|
|         533|  -12.349480|  -11.800617|    0.235488|    0.038675|
|         534|  -12.363492|  -11.814616|    0.235488|    0.038675|
|         535|  -12.377502|  -11.828604|    0.235488|    0.038675|
|         536|  -12.391525|  -11.842596|    0.235488|    0.038675|
|         537|  -12.405573|  -11.856606|    0.235488|    0.038675|
|         538|  -12.419659|  -11.870647|    0.235488|    0.038675|
|         539|  -12.433794|  -11.884731|    0.235488|    0.038675|
|         540|  -12.447987|  -11.898870|    0.235488|    0.038675|
|         541|  -12.462247|  -11.913074|    0.235488|    0.038675|
|         542|  -12.476580|  -11.927350|    0.235488|    0.038675|
|         543|  -12.490990|  -11.941704|    0.235488|    0.038675|
|         544|  -12.505480|  -11.956140|    0.235488|    0.038675|
|         545|  -12.520048|  -11.970658|    0.235488|    0.038675|
|         546|  -12.534694|  -11.985258|    0.235488|    0.038675|
|         547|  -12.549413|  -11.999936|    0.235488|    0.038675|
|         548|  -12.564198|  -12.014689|    0.235488|    0.038675|
|         549|  -12.579041|  -12.029507|    0.235488|    0.038675|
|         550|  -12.593933|  -12.044382|    0.235488|    0.038675|
|         551|  -12.608865|  -12.059306|    0.235488|    0.038675|
|         552|  -12.623821|  -12.074264|    0.235488|    0.038675|
|         553|  -12.638792|  -12.089245|    0.235488|    0.038675|
|         554|  -12.653765|  -12.104237|    0.235488|    0.038675|
|         555|  -12.668724|  -12.119225|    0.235488|    0.038675|
|         556|  -12.683660|  -12.134195|    0.235488|    0.038675|
|         557|  -12.698560|  -12.149137|    0.235488|    0.038675|
|         558|  -12.713411|  -12.164036|    0.235488|    0.038675|
|         559|  -12.728206|  -12.178882|    0.235488|    0.038675|
|         560|  -12.742939|  -12.193669|    0.235488|    0.038675|
|         561|  -12.757602|  -12.208386|    0.235488|    0.038675|
|         562|  -12.772190|  -12.223027|    0.235488|    0.038675|
|         563|  -12.786706|  -12.237594|    0.235488|    0.038675|
|         564|  -12.801145|  -12.252081|    0.235488|    0.038675|
|         565|  -12.815514|  -12.266490|    0.235488|    0.038675|
|         566|  -12.829817|  -12.280828|    0.235488|    0.038675|
|         567|  -12.844061|  -12.295100|    0.235488|    0.038675|
|         568|  -12.858256|  -12.309312|    0.235488|    0.038675|
|         569|  -12.872411|  -12.323476|    0.235488|    0.038675|
|         570|  -12.886537|  -12.337603|    0.235488|    0.038675|
|         571|  -12.900646|  -12.351703|    0.235488|    0.038675|
|         572|  -12.914753|  -12.365791|    0.235488|    0.038675|
|         573|  -12.928870|  -12.379884|    0.235488|    0.038675|
|         574|  -12.943007|  -12.393987|    0.235488|    0.038675|
|         575|  -12.957179|  -12.408120|    0.235488|    0.038675|
|         576|  -12.971394|  -12.422290|    0.235488|    0.038675|
|         577|  -12.985664|  -12.436512|    0.235488|    0.038675|
|         578|  -12.999995|  -12.450792|    0.235488|    0.038675|
|         579|  -13.014392|  -12.465141|    0.235488|    0.038675|

----------------------------- Solver Exit -------------------------------
All convergence criteria satisfied.
+-----------------------------------------------------------------------+
|      Convergence Field     |     Value    |   Criterion  |  Converged |
+-----------------------------------------------------------------------+
|                    rms[Rho]|      -13.0144|         < -13|         Yes|
+-----------------------------------------------------------------------+
-------------------------------------------------------------------------
+-----------------------------------------------------------------------+
|        File Writing Summary       |              Filename             |
+-----------------------------------------------------------------------+
|SU2 binary restart                 |restart_flow.dat                   |
|Paraview                           |flow.vtu                           |
|Paraview surface                   |surface_flow.vtu                   |
|CSV file                           |surface_flow.csv                   |
+-----------------------------------------------------------------------+

--------------------------- Finalizing Solver ---------------------------
Deleted CNumerics container.
Deleted CIntegration container.
Deleted CSolver container.
Deleted CIteration container.
Deleted CInterface container.
Deleted CGeometry container.
Deleted CFreeFormDefBox class.
Deleted CSurfaceMovement class.
Deleted CVolumetricMovement class.
Deleted CConfig container.
Deleted nInst container.
Deleted COutput class.
-------------------------------------------------------------------------

------------------------- Exit Success (SU2_CFD) ------------------------

