
-------------------------------------------------------------------------
|    ___ _   _ ___                                                      |
|   / __| | | |_  )   Release 8.3.0 "Harrier"                           |
|   \__ \ |_| |/ /                                                      |
|   |___/\___//___|   Suite (Computational Fluid Dynamics Code)         |
|                                                                       |
-------------------------------------------------------------------------
| SU2 Project Website: https://su2code.github.io                        |
|                                                                       |
| The SU2 Project is maintained by the SU2 Foundation                   |
| (http://su2foundation.org)                                            |
-------------------------------------------------------------------------
| Copyright 2012-2025, SU2 Contributors                                 |
|                                                                       |
| SU2 is free software; you can redistribute it and/or                  |
| modify it under the terms of the GNU Lesser General Public            |
| License as published by the Free Software Foundation; either          |
| version 2.1 of the License, or (at your option) any later version.    |
|                                                                       |
| SU2 is distributed in the hope that it will be useful,                |
| but WITHOUT ANY WARRANTY; without even the implied warranty of        |
| MERCHANTABILITY or FITNESS FOR A PARTICULAR PURPOSE. See the GNU      |
| Lesser General Public License for more details.                       |
|                                                                       |
| You should have received a copy of the GNU Lesser General Public      |
| License along with SU2. If not, see <http://www.gnu.org/licenses/>.   |
-------------------------------------------------------------------------

Parsing config file for zone 0

----------------- Physical Case Definition ( Zone 0 ) -------------------
Compressible Euler equations.
Mach number: 0.8.
Angle of attack (AoA): 1.25 deg, and angle of sideslip (AoS): 0 deg.
Reading and writing binary SU2 native restart files.
Read flow solution from: solution_flow.
Non-Dimensional simulation (P=1.0, Rho=1.0, T=1.0 at the farfield).
The reference area is 1 m^2.
The semi-span will be computed using the max y(3D) value.
The reference length is 1 m.
Reference origin for moment evaluation is (0.25, 0, 0).
Surface(s) where the force coefficients are evaluated: airfoil.

Surface(s) plotted in the output file: airfoil.
Surface(s) affected by the design variables: airfoil.
Input mesh file name: mesh_NACA0012_inv_deform.su2

--------------- Space Numerical Integration ( Zone 0 ) ------------------
Jameson-Schmidt-Turkel scheme (2nd order in space) for the flow inviscid terms.
JST viscous coefficients (2nd & 4th): 0.5, 0.02.
The method includes a grid stretching correction (p = 0.3).
Gradient for viscous and source terms: Green-Gauss.

--------------- Time Numerical Integration  ( Zone 0 ) ------------------
Local time stepping (steady state simulation).
Euler implicit method for the flow equations.
FGMRES is used for solving the linear system.
Using a LU-SGS preconditioning.
Convergence criteria of the linear solver: 0.0001.
Max number of linear iterations: 2.
V Multigrid Cycle, with 2 multigrid levels.
Damping factor for the residual restriction: 1.
Damping factor for the correction prolongation: 1.
No CFL adaptation.
+-------------------------------------------+
|  MG Level| Presmooth|PostSmooth|CorrectSmo|
+-------------------------------------------+
|         0|         1|         0|         0|
|         1|         2|         0|         0|
|         2|         3|         0|         0|
+-------------------------------------------+
Courant-Friedrichs-Lewy number:       10

------------------ Convergence Criteria  ( Zone 0 ) ---------------------
Maximum number of solver subiterations: 1000.
Begin convergence monitoring at iteration 10.
Residual minimum value: 1e-13.
Cauchy series min. value: 1e-06.
Number of Cauchy elements: 100.
Begin windowed time average at iteration 0.

-------------------- Output Information ( Zone 0 ) ----------------------
File writing frequency: 
+------------------------------------+
|                     File| Frequency|
+------------------------------------+
|                  RESTART|       250|
|                 PARAVIEW|       250|
|         SURFACE_PARAVIEW|       250|
|              SURFACE_CSV|       250|
+------------------------------------+
Writing the convergence history file every 1 inner iterations.
Writing the screen convergence history every 1 inner iterations.
The tabular file format is CSV (.csv).
Convergence history file name: history_direct.
Forces breakdown file name: forces_breakdown.dat.
Surface file name: surface_flow.
Volume file name: flow.
Restart file name: restart_flow.

------------- Config File Boundary Information ( Zone 0 ) ---------------
+-----------------------------------------------------------------------+
|                        Marker Type|                        Marker Name|
+-----------------------------------------------------------------------+
|                         Euler wall|                            airfoil|
+-----------------------------------------------------------------------+
|                          Far-field|                           farfield|
+-----------------------------------------------------------------------+

-------------------- Output Preprocessing ( Zone 0 ) --------------------

WARNING: SURFACE_PRESSURE_DROP can only be computed for at least 2 surfaces (outlet, inlet, ...)

Screen output fields: INNER_ITER, RMS_DENSITY, RMS_ENERGY, LIFT, DRAG
History output group(s): ITER, RMS_RES, AERO_COEFF
Convergence field(s): RMS_DENSITY
Warning: No (valid) fields chosen for time convergence monitoring. Time convergence monitoring inactive.
Volume output fields: COORDINATES, SOLUTION, PRIMITIVE

------------------- Geometry Preprocessing ( Zone 0 ) -------------------
Two dimensional problem.
5233 grid points.
10216 volume elements.
2 surface markers.
200 boundary elements in index 0 (Marker = airfoil).
50 boundary elements in index 1 (Marker = farfield).
10216 triangles.
Setting point connectivity.
Renumbering points (Reverse Cuthill McKee Ordering).
Recomputing point connectivity.
Setting element connectivity.
Checking the numerical grid orientation.
All volume elements are correctly oriented.
All surface elements are correctly oriented.
Identifying edges and vertices.
Setting the control volume structure.
Area of the computational grid: 1253.26.
Searching for the closest normal neighbors to the surfaces.
Storing a mapping from global to local point index.
Compute the surface curvature.
Max K: 7835.1. Mean K: 35.4726. Standard deviation K: 494.434.
Checking for periodicity.
Computing mesh quality statistics for the dual control volumes.
+--------------------------------------------------------------+
|           Mesh Quality Metric|        Minimum|        Maximum|
+--------------------------------------------------------------+
|    Orthogonality Angle (deg.)|        63.0518|        89.7679|
|     CV Face Area Aspect Ratio|        1.01356|        7.17236|
|           CV Sub-Volume Ratio|        1.00165|         6.4766|
+--------------------------------------------------------------+
Setting the multigrid structure.
+-------------------------------------------+
|  MG Level|       CVs|Aggl. Rate|       CFL|
+-------------------------------------------+
|         0|      5233|    1/1.00|        10|
|         1|      1690|     1/3.1|   8.52431|
|         2|       649|     1/2.6|   7.92373|
+-------------------------------------------+
Finding max control volume width.
Wetted area = 2.03535 m.
Area projection in the x-plane = 0.108212 m, y-plane = 0.999845 m.
Max. coordinate in the x-direction = 1 m, y-direction = 0.0438482 m.
Min. coordinate in the x-direction = 0 m, y-direction = -0.0644049 m.
Computing wall distances.

-------------------- Solver Preprocessing ( Zone 0 ) --------------------
Inviscid flow: Computing density based on free-stream
temperature and pressure using the ideal gas law.
Force coefficients computed using free-stream values.

-- Models:
+------------------------------------------------------------------------------+
|          Viscosity Model|        Conductivity Model|              Fluid Model|
+------------------------------------------------------------------------------+
|                        -|                         -|             STANDARD_AIR|
+------------------------------------------------------------------------------+
-- Fluid properties:
+------------------------------------------------------------------------------+
|                  Name|    Dim. value|    Ref. value|      Unit|Non-dim. value|
+------------------------------------------------------------------------------+
|          Gas Constant|       287.058|       287.058|  N.m/kg.K|             1|
|      Spec. Heat Ratio|             -|             -|         -|           1.4|
+------------------------------------------------------------------------------+
-- Initial and free-stream conditions:
+------------------------------------------------------------------------------+
|                  Name|    Dim. value|    Ref. value|      Unit|Non-dim. value|
+------------------------------------------------------------------------------+
|       Static Pressure|        101325|        101325|        Pa|             1|
|               Density|       1.22498|       1.22498|    kg/m^3|             1|
|           Temperature|        288.15|        288.15|         K|             1|
|          Total Energy|        243846|       82715.8|   m^2/s^2|         2.948|
|            Velocity-X|       272.173|       287.603|       m/s|      0.946348|
|            Velocity-Y|       5.93883|       287.603|       m/s|     0.0206494|
|    Velocity Magnitude|       272.238|       287.603|       m/s|      0.946573|
+------------------------------------------------------------------------------+
|           Mach Number|             -|             -|         -|           0.8|
+------------------------------------------------------------------------------+
Initialize Jacobian structure (Euler). MG level: 0.
Initialize Jacobian structure (Euler). MG level: 1.
Initialize Jacobian structure (Euler). MG level: 2.

------------------- Numerics Preprocessing ( Zone 0 ) -------------------

----------------- Integration Preprocessing ( Zone 0 ) ------------------

------------------- Iteration Preprocessing ( Zone 0 ) ------------------
Euler/Navier-Stokes/RANS fluid iteration.

------------------------------ Begin Solver -----------------------------

Simulation Run using the Single-zone Driver
WARNING: SU2 was not compiled for an AVX-capable architecture. Performance could be better,
         see https://su2code.github.io/docs_v7/Build-SU2-Linux-MacOS/#compiler-optimizations
WARNING: SU2 was not compiled for an AVX-capable architecture. Performance could be better,
         see https://su2code.github.io/docs_v7/Build-SU2-Linux-MacOS/#compiler-optimizations
WARNING: SU2 was not compiled for an AVX-capable architecture. Performance could be better,
         see https://su2code.github.io/docs_v7/Build-SU2-Linux-MacOS/#compiler-optimizations
+----------------------------------------------------------------+
|  Inner_Iter|    rms[Rho]|   rms[RhoE]|          CL|          CD|
+----------------------------------------------------------------+
|           0|   -4.167934|   -3.571553|    0.225524|    0.001894|
|           1|   -4.448765|   -3.849314|    0.209883|    0.000862|
|           2|   -4.380082|   -3.799116|    0.185217|    0.000329|
|           3|   -4.372627|   -3.789768|    0.189387|   -0.000273|
|           4|   -4.321350|   -3.741536|    0.182667|    0.000262|
|           5|   -4.311036|   -3.743554|    0.162768|    0.000195|
|           6|   -4.278890|   -3.716040|    0.151046|    0.000449|
|           7|   -4.251277|   -3.688154|    0.141039|    0.000659|
|           8|   -4.238714|   -3.677366|    0.129042|    0.000792|
|           9|   -4.233386|   -3.674827|    0.117528|    0.001053|
|          10|   -4.226870|   -3.669704|    0.107029|    0.001372|
|          11|   -4.223680|   -3.667433|    0.097417|    0.001735|
|          12|   -4.224842|   -3.669555|    0.088429|    0.002156|
|          13|   -4.228263|   -3.673699|    0.079848|    0.002614|
|          14|   -4.233641|   -3.679597|    0.071792|    0.003093|
|          15|   -4.241404|   -3.687773|    0.064501|    0.003597|
|          16|   -4.252457|   -3.699286|    0.058011|    0.004126|
|          17|   -4.266169|   -3.713475|    0.052239|    0.004664|
|          18|   -4.280816|   -3.728507|    0.047089|    0.005190|
|          19|   -4.294557|   -3.742420|    0.042495|    0.005688|
|          20|   -4.305815|   -3.753697|    0.038431|    0.006147|
|          21|   -4.314250|   -3.762167|    0.034884|    0.006563|
|          22|   -4.320760|   -3.768887|    0.031842|    0.006930|
|          23|   -4.326170|   -3.774660|    0.029294|    0.007243|
|          24|   -4.331063|   -3.779868|    0.027207|    0.007499|
|          25|   -4.334087|   -3.782859|    0.025521|    0.007697|
|          26|   -4.333796|   -3.781977|    0.024175|    0.007836|
|          27|   -4.330212|   -3.777297|    0.023109|    0.007916|
|          28|   -4.324009|   -3.769900|    0.022280|    0.007934|
|          29|   -4.317622|   -3.762662|    0.021664|    0.007890|
|          30|   -4.313983|   -3.758685|    0.021206|    0.007784|
|          31|   -4.313755|   -3.758800|    0.020881|    0.007619|
|          32|   -4.316852|   -3.762844|    0.020671|    0.007401|
|          33|   -4.322703|   -3.769968|    0.020600|    0.007136|
|          34|   -4.331693|   -3.780300|    0.020637|    0.006831|
|          35|   -4.344410|   -3.794152|    0.020748|    0.006496|
|          36|   -4.359513|   -3.809754|    0.020813|    0.006145|
|          37|   -4.376204|   -3.826356|    0.020701|    0.005793|
|          38|   -4.395374|   -3.845459|    0.020369|    0.005447|
|          39|   -4.415711|   -3.865635|    0.019856|    0.005114|
|          40|   -4.434419|   -3.883660|    0.019267|    0.004795|
|          41|   -4.450054|   -3.898371|    0.018606|    0.004495|
|          42|   -4.464457|   -3.912303|    0.017901|    0.004218|
|          43|   -4.478464|   -3.926440|    0.017200|    0.003968|
|          44|   -4.492679|   -3.941052|    0.016450|    0.003749|
|          45|   -4.508026|   -3.956759|    0.015584|    0.003558|
|          46|   -4.524854|   -3.973714|    0.014596|    0.003399|
|          47|   -4.543932|   -3.992711|    0.013513|    0.003270|
|          48|   -4.564451|   -4.012954|    0.012382|    0.003176|
|          49|   -4.586062|   -4.034201|    0.011229|    0.003118|
|          50|   -4.607478|   -4.055139|    0.010074|    0.003092|
|          51|   -4.628411|   -4.075740|    0.008921|    0.003092|
|          52|   -4.649667|   -4.096964|    0.007766|    0.003117|
|          53|   -4.671463|   -4.118974|    0.006630|    0.003165|
|          54|   -4.694084|   -4.142044|    0.005539|    0.003234|
|          55|   -4.717391|   -4.165962|    0.004496|    0.003322|
|          56|   -4.740779|   -4.190031|    0.003484|    0.003422|
|          57|   -4.763314|   -4.213184|    0.002506|    0.003532|
|          58|   -4.784046|   -4.234362|    0.001568|    0.003649|
|          59|   -4.802346|   -4.252899|    0.000670|    0.003768|
|          60|   -4.817849|   -4.268425|   -0.000179|    0.003889|
|          61|   -4.830777|   -4.281215|   -0.000976|    0.004007|
|          62|   -4.841814|   -4.291961|   -0.001721|    0.004121|
|          63|   -4.851803|   -4.301474|   -0.002411|    0.004229|
|          64|   -4.861603|   -4.310616|   -0.003045|    0.004330|
|          65|   -4.872026|   -4.320234|   -0.003615|    0.004421|
|          66|   -4.883853|   -4.331103|   -0.004133|    0.004502|
|          67|   -4.897408|   -4.343614|   -0.004594|    0.004572|
|          68|   -4.913015|   -4.358174|   -0.004988|    0.004630|
|          69|   -4.931051|   -4.375236|   -0.005319|    0.004675|
|          70|   -4.951678|   -4.394978|   -0.005585|    0.004706|
|          71|   -4.974745|   -4.417334|   -0.005784|    0.004725|
|          72|   -4.999921|   -4.442017|   -0.005922|    0.004731|
|          73|   -5.026089|   -4.467941|   -0.006000|    0.004725|
|          74|   -5.052103|   -4.494011|   -0.006023|    0.004708|
|          75|   -5.076865|   -4.519164|   -0.006006|    0.004681|
|          76|   -5.099182|   -4.542209|   -0.005959|    0.004644|
|          77|   -5.117530|   -4.561530|   -0.005890|    0.004601|
|          78|   -5.131087|   -4.576186|   -0.005811|    0.004551|
|          79|   -5.139702|   -4.585856|   -0.005724|    0.004497|
|          80|   -5.144066|   -4.591115|   -0.005635|    0.004440|
|          81|   -5.145405|   -4.593117|   -0.005551|    0.004381|
|          82|   -5.145021|   -4.593130|   -0.005475|    0.004322|
|          83|   -5.144190|   -4.592449|   -0.005415|    0.004263|
|          84|   -5.143634|   -4.591813|   -0.005370|    0.004205|
|          85|   -5.144205|   -4.592218|   -0.005339|    0.004151|
|          86|   -5.146690|   -4.594470|   -0.005324|    0.004099|
|          87|   -5.151824|   -4.599304|   -0.005324|    0.004052|
|          88|   -5.159541|   -4.606665|   -0.005338|    0.004010|
|          89|   -5.169825|   -4.616563|   -0.005365|    0.003973|
|          90|   -5.182797|   -4.629124|   -0.005402|    0.003942|
|          91|   -5.198564|   -4.644461|   -0.005447|    0.003916|
|          92|   -5.217195|   -4.662674|   -0.005500|    0.003896|
|          93|   -5.238374|   -4.683461|   -0.005559|    0.003882|
|          94|   -5.261845|   -4.706609|   -0.005624|    0.003873|
|          95|   -5.287347|   -4.731896|   -0.005693|    0.003871|
|          96|   -5.314598|   -4.759015|   -0.005765|    0.003873|
|          97|   -5.343956|   -4.788399|   -0.005837|    0.003881|
|          98|   -5.374360|   -4.818966|   -0.005911|    0.003893|
|          99|   -5.404707|   -4.849596|   -0.005984|    0.003908|
|         100|   -5.434321|   -4.879631|   -0.006054|    0.003926|
|         101|   -5.462223|   -4.908075|   -0.006119|    0.003947|
|         102|   -5.487643|   -4.934151|   -0.006176|    0.003969|
|         103|   -5.510137|   -4.957388|   -0.006227|    0.003992|
|         104|   -5.529421|   -4.977429|   -0.006271|    0.004015|
|         105|   -5.545547|   -4.994238|   -0.006306|    0.004038|
|         106|   -5.558800|   -5.008025|   -0.006334|    0.004061|
|         107|   -5.569687|   -5.019232|   -0.006353|    0.004083|
|         108|   -5.578930|   -5.028555|   -0.006365|    0.004104|
|         109|   -5.587264|   -5.036754|   -0.006368|    0.004124|
|         110|   -5.595631|   -5.044782|   -0.006364|    0.004141|
|         111|   -5.604754|   -5.053377|   -0.006351|    0.004157|
|         112|   -5.614966|   -5.062974|   -0.006333|    0.004170|
|         113|   -5.626637|   -5.074020|   -0.006308|    0.004181|
|         114|   -5.640119|   -5.086899|   -0.006276|    0.004190|
|         115|   -5.655588|   -5.101813|   -0.006238|    0.004196|
|         116|   -5.672863|   -5.118581|   -0.006196|    0.004200|
|         117|   -5.691852|   -5.137119|   -0.006149|    0.004202|
|         118|   -5.712368|   -5.157297|   -0.006099|    0.004201|
|         119|   -5.734061|   -5.178826|   -0.006047|    0.004199|
|         120|   -5.756611|   -5.201416|   -0.005993|    0.004195|
|         121|   -5.779487|   -5.224538|   -0.005939|    0.004189|
|         122|   -5.801994|   -5.247483|   -0.005885|    0.004182|
|         123|   -5.823432|   -5.269529|   -0.005832|    0.004173|
|         124|   -5.843242|   -5.290072|   -0.005781|    0.004164|
|         125|   -5.861000|   -5.308616|   -0.005734|    0.004154|
|         126|   -5.876584|   -5.324961|   -0.005690|    0.004144|
|         127|   -5.890002|   -5.339030|   -0.005650|    0.004134|
|         128|   -5.901583|   -5.351097|   -0.005616|    0.004124|
|         129|   -5.911836|   -5.361625|   -0.005586|    0.004115|
|         130|   -5.921352|   -5.371179|   -0.005562|    0.004105|
|         131|   -5.930591|   -5.380232|   -0.005542|    0.004097|
|         132|   -5.940100|   -5.389392|   -0.005527|    0.004089|
|         133|   -5.950408|   -5.399216|   -0.005517|    0.004082|
|         134|   -5.961980|   -5.410209|   -0.005512|    0.004076|
|         135|   -5.975112|   -5.422711|   -0.005512|    0.004071|
|         136|   -5.990029|   -5.436987|   -0.005515|    0.004067|
|         137|   -6.006856|   -5.453195|   -0.005522|    0.004064|
|         138|   -6.025519|   -5.471287|   -0.005533|    0.004062|
|         139|   -6.045888|   -5.491173|   -0.005547|    0.004061|
|         140|   -6.067732|   -5.512656|   -0.005563|    0.004061|
|         141|   -6.090622|   -5.535337|   -0.005582|    0.004061|
|         142|   -6.114058|   -5.558738|   -0.005601|    0.004063|
|         143|   -6.137422|   -5.582264|   -0.005622|    0.004065|
|         144|   -6.160036|   -5.605250|   -0.005643|    0.004068|
|         145|   -6.181236|   -5.627013|   -0.005665|    0.004072|
|         146|   -6.200389|   -5.646874|   -0.005685|    0.004076|
|         147|   -6.217055|   -5.664318|   -0.005705|    0.004080|
|         148|   -6.231077|   -5.679099|   -0.005724|    0.004084|
|         149|   -6.242645|   -5.691325|   -0.005742|    0.004088|
|         150|   -6.252230|   -5.701403|   -0.005758|    0.004092|
|         151|   -6.260495|   -5.709947|   -0.005772|    0.004096|
|         152|   -6.268108|   -5.717589|   -0.005784|    0.004100|
|         153|   -6.275731|   -5.725016|   -0.005794|    0.004104|
|         154|   -6.284023|   -5.732953|   -0.005802|    0.004107|
|         155|   -6.293567|   -5.742019|   -0.005808|    0.004111|
|         156|   -6.304742|   -5.752622|   -0.005812|    0.004113|
|         157|   -6.317761|   -5.765007|   -0.005814|    0.004115|
|         158|   -6.332850|   -5.779448|   -0.005815|    0.004117|
|         159|   -6.350117|   -5.796074|   -0.005813|    0.004119|
|         160|   -6.369535|   -5.814886|   -0.005810|    0.004120|
|         161|   -6.390951|   -5.835759|   -0.005805|    0.004120|
|         162|   -6.414171|   -5.858539|   -0.005799|    0.004120|
|         163|   -6.438789|   -5.882840|   -0.005792|    0.004120|
|         164|   -6.464290|   -5.908182|   -0.005785|    0.004119|
|         165|   -6.490022|   -5.933944|   -0.005776|    0.004118|
|         166|   -6.515249|   -5.959415|   -0.005768|    0.004117|
|         167|   -6.539139|   -5.983766|   -0.005759|    0.004115|
|         168|   -6.560893|   -6.006171|   -0.005750|    0.004114|
|         169|   -6.579892|   -6.025952|   -0.005741|    0.004112|
|         170|   -6.595847|   -6.042735|   -0.005732|    0.004110|
|         171|   -6.608830|   -6.056492|   -0.005724|    0.004108|
|         172|   -6.619235|   -6.067529|   -0.005717|    0.004106|
|         173|   -6.627807|   -6.076537|   -0.005711|    0.004104|
|         174|   -6.635370|   -6.084303|   -0.005705|    0.004103|
|         175|   -6.642724|   -6.091638|   -0.005700|    0.004101|
|         176|   -6.650593|   -6.099298|   -0.005695|    0.004099|
|         177|   -6.659595|   -6.107937|   -0.005692|    0.004098|
|         178|   -6.670200|   -6.118065|   -0.005690|    0.004097|
|         179|   -6.682760|   -6.130074|   -0.005688|    0.004096|
|         180|   -6.697503|   -6.144218|   -0.005687|    0.004095|
|         181|   -6.714523|   -6.160621|   -0.005687|    0.004094|
|         182|   -6.733815|   -6.179309|   -0.005687|    0.004094|
|         183|   -6.755291|   -6.200230|   -0.005688|    0.004094|
|         184|   -6.778725|   -6.223185|   -0.005690|    0.004094|
|         185|   -6.803754|   -6.247842|   -0.005692|    0.004094|
|         186|   -6.829861|   -6.273726|   -0.005694|    0.004094|
|         187|   -6.856355|   -6.300184|   -0.005697|    0.004094|
|         188|   -6.882416|   -6.326433|   -0.005699|    0.004095|
|         189|   -6.907137|   -6.351576|   -0.005702|    0.004096|
|         190|   -6.929599|   -6.374671|   -0.005705|    0.004096|
|         191|   -6.949085|   -6.394953|   -0.005708|    0.004097|
|         192|   -6.965175|   -6.411907|   -0.005710|    0.004098|
|         193|   -6.977844|   -6.425400|   -0.005713|    0.004099|
|         194|   -6.987519|   -6.435756|   -0.005715|    0.004100|
|         195|   -6.994920|   -6.443621|   -0.005717|    0.004101|
|         196|   -7.000949|   -6.449869|   -0.005718|    0.004101|
|         197|   -7.006507|   -6.455409|   -0.005719|    0.004102|
|         198|   -7.012444|   -6.461126|   -0.005720|    0.004103|
|         199|   -7.019466|   -6.467773|   -0.005720|    0.004104|
|         200|   -7.028124|   -6.475946|   -0.005720|    0.004104|
|         201|   -7.038820|   -6.486085|   -0.005720|    0.004105|
|         202|   -7.051823|   -6.498494|   -0.005719|    0.004105|
|         203|   -7.067281|   -6.513349|   -0.005718|    0.004105|
|         204|   -7.085219|   -6.530703|   -0.005717|    0.004105|
|         205|   -7.105579|   -6.550523|   -0.005716|    0.004106|
|         206|   -7.128143|   -6.572616|   -0.005714|    0.004106|
|         207|   -7.152592|   -6.596702|   -0.005712|    0.004106|
|         208|   -7.178480|   -6.622366|   -0.005710|    0.004105|
|         209|   -7.205209|   -6.649043|   -0.005708|    0.004105|
|         210|   -7.232028|   -6.676013|   -0.005705|    0.004105|
|         211|   -7.258065|   -6.702423|   -0.005703|    0.004105|
|         212|   -7.282409|   -6.727352|   -0.005701|    0.004104|
|         213|   -7.304225|   -6.749925|   -0.005699|    0.004104|
|         214|   -7.322928|   -6.769480|   -0.005697|    0.004104|
|         215|   -7.338334|   -6.785732|   -0.005695|    0.004103|
|         216|   -7.350675|   -6.798801|   -0.005693|    0.004103|
|         217|   -7.360519|   -6.809174|   -0.005691|    0.004103|
|         218|   -7.368681|   -6.817627|   -0.005690|    0.004102|
|         219|   -7.376066|   -6.825061|   -0.005688|    0.004102|
|         220|   -7.383528|   -6.832357|   -0.005687|    0.004102|
|         221|   -7.391808|   -6.840296|   -0.005686|    0.004101|
|         222|   -7.401479|   -6.849495|   -0.005686|    0.004101|
|         223|   -7.412966|   -6.860424|   -0.005685|    0.004101|
|         224|   -7.426548|   -6.873402|   -0.005685|    0.004101|
|         225|   -7.442364|   -6.888604|   -0.005684|    0.004100|
|         226|   -7.460423|   -6.906070|   -0.005684|    0.004100|
|         227|   -7.480600|   -6.925708|   -0.005685|    0.004100|
|         228|   -7.502633|   -6.947293|   -0.005685|    0.004100|
|         229|   -7.526108|   -6.970447|   -0.005685|    0.004100|
|         230|   -7.550429|   -6.994613|   -0.005685|    0.004100|
|         231|   -7.574824|   -7.019057|   -0.005686|    0.004100|
|         232|   -7.598396|   -7.042908|   -0.005687|    0.004101|
|         233|   -7.620190|   -7.065212|   -0.005687|    0.004101|
|         234|   -7.639327|   -7.085055|   -0.005688|    0.004101|
|         235|   -7.655176|   -7.101735|   -0.005688|    0.004101|
|         236|   -7.667503|   -7.114913|   -0.005689|    0.004101|
|         237|   -7.676531|   -7.124698|   -0.005689|    0.004101|
|         238|   -7.682872|   -7.131615|   -0.005690|    0.004102|
|         239|   -7.687396|   -7.136485|   -0.005690|    0.004102|
|         240|   -7.691064|   -7.140257|   -0.005691|    0.004102|
|         241|   -7.694763|   -7.143839|   -0.005691|    0.004102|
|         242|   -7.699276|   -7.148055|   -0.005691|    0.004102|
|         243|   -7.705243|   -7.153588|   -0.005692|    0.004102|
|         244|   -7.713127|   -7.160942|   -0.005692|    0.004102|
|         245|   -7.723258|   -7.170481|   -0.005692|    0.004103|
|         246|   -7.735850|   -7.182451|   -0.005692|    0.004103|
|         247|   -7.751018|   -7.196992|   -0.005692|    0.004103|
|         248|   -7.768784|   -7.214150|   -0.005692|    0.004103|
|         249|   -7.789075|   -7.233875|   -0.005691|    0.004103|
|         250|   -7.811719|   -7.256023|   -0.005691|    0.004103|
+-----------------------------------------------------------------------+
|        File Writing Summary       |              Filename             |
+-----------------------------------------------------------------------+
|SU2 binary restart                 |restart_flow.dat                   |
|Paraview                           |flow.vtu                           |
|Paraview surface                   |surface_flow.vtu                   |
|CSV file                           |surface_flow.csv                   |
+-----------------------------------------------------------------------+
+----------------------------------------------------------------+
|  Inner_Iter|    rms[Rho]|   rms[RhoE]|          CL|          CD|
+----------------------------------------------------------------+
|         251|   -7.836432|   -7.280338|   -0.005691|    0.004103|
|         252|   -7.862793|   -7.306434|   -0.005691|    0.004103|
|         253|   -7.890228|   -7.333771|   -0.005690|    0.004103|
|         254|   -7.917997|   -7.361642|   -0.005690|    0.004103|
|         255|   -7.945209|   -7.389180|   -0.005690|    0.004103|
|         256|   -7.970883|   -7.415409|   -0.005689|    0.004103|
|         257|   -7.994068|   -7.439349|   -0.005689|    0.004102|
|         258|   -8.014020|   -7.460185|   -0.005689|    0.004102|
|         259|   -8.030362|   -7.477439|   -0.005688|    0.004102|
|         260|   -8.043179|   -7.491078|   -0.005688|    0.004102|
|         261|   -8.052989|   -7.501523|   -0.005688|    0.004102|
|         262|   -8.060619|   -7.509544|   -0.005688|    0.004102|
|         263|   -8.067033|   -7.516092|   -0.005687|    0.004102|
|         264|   -8.073181|   -7.522137|   -0.005687|    0.004102|
|         265|   -8.079896|   -7.528558|   -0.005687|    0.004102|
|         266|   -8.087853|   -7.536077|   -0.005687|    0.004102|
|         267|   -8.097555|   -7.545245|   -0.005687|    0.004102|
|         268|   -8.109353|   -7.556454|   -0.005687|    0.004102|
|         269|   -8.123456|   -7.569947|   -0.005687|    0.004102|
|         270|   -8.139947|   -7.585840|   -0.005687|    0.004102|
|         271|   -8.158791|   -7.604126|   -0.005687|    0.004102|
|         272|   -8.179831|   -7.624680|   -0.005687|    0.004102|
|         273|   -8.202781|   -7.647248|   -0.005687|    0.004102|
|         274|   -8.227207|   -7.671431|   -0.005687|    0.004102|
|         275|   -8.252521|   -7.696674|   -0.005687|    0.004102|
|         276|   -8.277974|   -7.722261|   -0.005687|    0.004102|
|         277|   -8.302690|   -7.747331|   -0.005688|    0.004102|
|         278|   -8.325739|   -7.770950|   -0.005688|    0.004102|
|         279|   -8.346268|   -7.792223|   -0.005688|    0.004102|
|         280|   -8.363657|   -7.810456|   -0.005688|    0.004102|
|         281|   -8.377659|   -7.825297|   -0.005688|    0.004102|
|         282|   -8.388459|   -7.836825|   -0.005688|    0.004102|
|         283|   -8.396618|   -7.845517|   -0.005688|    0.004102|
|         284|   -8.402949|   -7.852141|   -0.005688|    0.004102|
|         285|   -8.408359|   -7.857603|   -0.005688|    0.004102|
|         286|   -8.413723|   -7.862803|   -0.005688|    0.004102|
|         287|   -8.419802|   -7.868542|   -0.005688|    0.004102|
|         288|   -8.427205|   -7.875479|   -0.005688|    0.004102|
|         289|   -8.436391|   -7.884115|   -0.005688|    0.004102|
|         290|   -8.447677|   -7.894803|   -0.005688|    0.004102|
|         291|   -8.461255|   -7.907770|   -0.005688|    0.004102|
|         292|   -8.477207|   -7.923124|   -0.005688|    0.004102|
|         293|   -8.495508|   -7.940868|   -0.005688|    0.004102|
|         294|   -8.516029|   -7.960901|   -0.005688|    0.004102|
|         295|   -8.538531|   -7.983012|   -0.005688|    0.004102|
|         296|   -8.562650|   -8.006870|   -0.005688|    0.004102|
|         297|   -8.587888|   -8.032009|   -0.005688|    0.004102|
|         298|   -8.613610|   -8.057822|   -0.005688|    0.004102|
|         299|   -8.639057|   -8.083567|   -0.005688|    0.004102|
|         300|   -8.663398|   -8.108416|   -0.005688|    0.004102|
|         301|   -8.685823|   -8.131530|   -0.005688|    0.004102|
|         302|   -8.705675|   -8.152191|   -0.005687|    0.004102|
|         303|   -8.722578|   -8.169933|   -0.005687|    0.004102|
|         304|   -8.736521|   -8.184644|   -0.005687|    0.004102|
|         305|   -8.747856|   -8.196586|   -0.005687|    0.004102|
|         306|   -8.757218|   -8.206334|   -0.005687|    0.004102|
|         307|   -8.765396|   -8.214656|   -0.005687|    0.004102|
|         308|   -8.773207|   -8.222381|   -0.005687|    0.004102|
|         309|   -8.781404|   -8.230297|   -0.005687|    0.004102|
|         310|   -8.790621|   -8.239081|   -0.005687|    0.004102|
|         311|   -8.801350|   -8.249271|   -0.005687|    0.004102|
|         312|   -8.813942|   -8.261258|   -0.005687|    0.004102|
|         313|   -8.828613|   -8.275296|   -0.005687|    0.004102|
|         314|   -8.845452|   -8.291505|   -0.005687|    0.004102|
|         315|   -8.864421|   -8.309882|   -0.005687|    0.004102|
|         316|   -8.885353|   -8.330293|   -0.005687|    0.004102|
|         317|   -8.907941|   -8.352466|   -0.005687|    0.004102|
|         318|   -8.931726|   -8.375980|   -0.005687|    0.004102|
|         319|   -8.956092|   -8.400256|   -0.005687|    0.004102|
|         320|   -8.980273|   -8.424562|   -0.005687|    0.004102|
|         321|   -9.003401|   -8.448046|   -0.005687|    0.004102|
|         322|   -9.024598|   -8.469820|   -0.005687|    0.004102|
|         323|   -9.043112|   -8.489086|   -0.005687|    0.004102|
|         324|   -9.058467|   -8.505285|   -0.005687|    0.004102|
|         325|   -9.070577|   -8.518226|   -0.005687|    0.004102|
|         326|   -9.079759|   -8.528120|   -0.005687|    0.004102|
|         327|   -9.086660|   -8.535537|   -0.005687|    0.004102|
|         328|   -9.092115|   -8.541273|   -0.005687|    0.004102|
|         329|   -9.097011|   -8.546214|   -0.005687|    0.004102|
|         330|   -9.102174|   -8.551210|   -0.005687|    0.004102|
|         331|   -9.108305|   -8.557004|   -0.005687|    0.004102|
|         332|   -9.115961|   -8.564195|   -0.005687|    0.004102|
|         333|   -9.125559|   -8.573239|   -0.005687|    0.004102|
|         334|   -9.137383|   -8.584455|   -0.005687|    0.004102|
|         335|   -9.151605|   -8.598046|   -0.005687|    0.004102|
|         336|   -9.168293|   -8.614107|   -0.005687|    0.004102|
|         337|   -9.187416|   -8.632631|   -0.005687|    0.004102|
|         338|   -9.208836|   -8.653510|   -0.005687|    0.004102|
|         339|   -9.232303|   -8.676522|   -0.005687|    0.004102|
|         340|   -9.257433|   -8.701318|   -0.005687|    0.004102|
|         341|   -9.283691|   -8.727399|   -0.005687|    0.004102|
|         342|   -9.310384|   -8.754106|   -0.005687|    0.004102|
|         343|   -9.336670|   -8.780627|   -0.005687|    0.004102|
|         344|   -9.361615|   -8.806038|   -0.005687|    0.004102|
|         345|   -9.384301|   -8.829401|   -0.005687|    0.004102|
|         346|   -9.403982|   -8.849913|   -0.005687|    0.004102|
|         347|   -9.420248|   -8.867066|   -0.005687|    0.004102|
|         348|   -9.433116|   -8.880767|   -0.005687|    0.004102|
|         349|   -9.443028|   -8.891357|   -0.005687|    0.004102|
|         350|   -9.450743|   -8.899524|   -0.005687|    0.004102|
|         351|   -9.457174|   -8.906159|   -0.005687|    0.004102|
|         352|   -9.463248|   -8.912197|   -0.005687|    0.004102|
|         353|   -9.469796|   -8.918507|   -0.005687|    0.004102|
|         354|   -9.477501|   -8.925816|   -0.005687|    0.004102|
|         355|   -9.486892|   -8.934698|   -0.005687|    0.004102|
|         356|   -9.498341|   -8.945566|   -0.005687|    0.004102|
|         357|   -9.512087|   -8.958693|   -0.005687|    0.004102|
|         358|   -9.528243|   -8.974224|   -0.005687|    0.004102|
|         359|   -9.546806|   -8.992187|   -0.005687|    0.004102|
|         360|   -9.567655|   -9.012490|   -0.005687|    0.004102|
|         361|   -9.590541|   -9.034914|   -0.005687|    0.004102|
|         362|   -9.615066|   -9.059099|   -0.005687|    0.004102|
|         363|   -9.640672|   -9.084527|   -0.005687|    0.004102|
|         364|   -9.666629|   -9.110502|   -0.005687|    0.004102|
|         365|   -9.692050|   -9.136169|   -0.005687|    0.004102|
|         366|   -9.715956|   -9.160556|   -0.005687|    0.004102|
|         367|   -9.737396|   -9.182692|   -0.005687|    0.004102|
|         368|   -9.755621|   -9.201761|   -0.005687|    0.004102|
|         369|   -9.770246|   -9.217279|   -0.005687|    0.004102|
|         370|   -9.781350|   -9.229209|   -0.005687|    0.004102|
|         371|   -9.789449|   -9.237965|   -0.005687|    0.004102|
|         372|   -9.795368|   -9.244309|   -0.005687|    0.004102|
|         373|   -9.800073|   -9.249186|   -0.005687|    0.004102|
|         374|   -9.804515|   -9.253566|   -0.005687|    0.004102|
|         375|   -9.809536|   -9.258327|   -0.005687|    0.004102|
|         376|   -9.815818|   -9.264200|   -0.005687|    0.004102|
|         377|   -9.823884|   -9.271749|   -0.005687|    0.004102|
|         378|   -9.834103|   -9.281385|   -0.005687|    0.004102|
|         379|   -9.846717|   -9.293381|   -0.005687|    0.004102|
|         380|   -9.861853|   -9.307894|   -0.005687|    0.004102|
|         381|   -9.879538|   -9.324977|   -0.005687|    0.004102|
|         382|   -9.899698|   -9.344580|   -0.005687|    0.004102|
|         383|   -9.922154|   -9.366552|   -0.005687|    0.004102|
|         384|   -9.946605|   -9.390625|   -0.005687|    0.004102|
|         385|   -9.972616|   -9.416395|   -0.005687|    0.004102|
|         386|   -9.999594|   -9.443306|   -0.005687|    0.004102|
|         387|  -10.026787|   -9.470637|   -0.005687|    0.004102|
|         388|  -10.053304|   -9.497515|   -0.005687|    0.004102|
|         389|  -10.078186|   -9.522982|   -0.005687|    0.004102|
|         390|  -10.100536|   -9.546104|   -0.005687|    0.004102|
|         391|  -10.119684|   -9.566134|   -0.005687|    0.004102|
|         392|  -10.135339|   -9.582675|   -0.005687|    0.004102|
|         393|  -10.147657|   -9.595772|   -0.005687|    0.004102|
|         394|  -10.157199|   -9.605894|   -0.005687|    0.004102|
|         395|  -10.164797|   -9.613825|   -0.005687|    0.004102|
|         396|  -10.171393|   -9.620501|   -0.005687|    0.004102|
|         397|  -10.177897|   -9.626857|   -0.005687|    0.004102|
|         398|  -10.185104|   -9.633731|   -0.005687|    0.004102|
|         399|  -10.193647|   -9.641805|   -0.005687|    0.004102|
|         400|  -10.204000|   -9.651599|   -0.005687|    0.004102|
|         401|  -10.216485|   -9.663474|   -0.005687|    0.004102|
|         402|  -10.231289|   -9.677651|   -0.005687|    0.004102|
|         403|  -10.248473|   -9.694224|   -0.005687|    0.004102|
|         404|  -10.267979|   -9.713163|   -0.005687|    0.004102|
|         405|  -10.289623|   -9.734317|   -0.005687|    0.004102|
|         406|  -10.313083|   -9.757399|   -0.005687|    0.004102|
|         407|  -10.337887|   -9.781972|   -0.005687|    0.004102|
|         408|  -10.363397|   -9.807436|   -0.005687|    0.004102|
|         409|  -10.388818|   -9.833025|   -0.005687|    0.004102|
|         410|  -10.413235|   -9.857842|   -0.005687|    0.004102|
|         411|  -10.435706|   -9.880931|   -0.005687|    0.004102|
|         412|  -10.455403|   -9.901420|   -0.005687|    0.004102|
|         413|  -10.471787|   -9.918679|   -0.005687|    0.004102|
|         414|  -10.484723|   -9.932467|   -0.005687|    0.004102|
|         415|  -10.494520|   -9.942981|   -0.005687|    0.004102|
|         416|  -10.501842|   -9.950810|   -0.005687|    0.004102|
|         417|  -10.507570|   -9.956795|   -0.005687|    0.004102|
|         418|  -10.512636|   -9.961874|   -0.005687|    0.004102|
|         419|  -10.517910|   -9.966948|   -0.005687|    0.004102|
|         420|  -10.524127|   -9.972796|   -0.005687|    0.004102|
|         421|  -10.531866|   -9.980045|   -0.005687|    0.004102|
|         422|  -10.541554|   -9.989161|   -0.005687|    0.004102|
|         423|  -10.553478|  -10.000469|   -0.005687|    0.004102|
|         424|  -10.567804|  -10.014168|   -0.005687|    0.004102|
|         425|  -10.584591|  -10.030342|   -0.005687|    0.004102|
|         426|  -10.603789|  -10.048971|   -0.005687|    0.004102|
|         427|  -10.625243|  -10.069925|   -0.005687|    0.004102|
|         428|  -10.648678|  -10.092960|   -0.005687|    0.004102|
|         429|  -10.673682|  -10.117701|   -0.005687|    0.004102|
|         430|  -10.699698|  -10.143622|   -0.005687|    0.004102|
|         431|  -10.726011|  -10.170042|   -0.005687|    0.004102|
|         432|  -10.751778|  -10.196135|   -0.005687|    0.004102|
|         433|  -10.776083|  -10.220987|   -0.005687|    0.004102|
|         434|  -10.798061|  -10.243699|   -0.005687|    0.004102|
|         435|  -10.817047|  -10.263537|   -0.005687|    0.004102|
|         436|  -10.832724|  -10.280082|   -0.005687|    0.004102|
|         437|  -10.845193|  -10.293326|   -0.005687|    0.004102|
|         438|  -10.854947|  -10.303672|   -0.005687|    0.004102|
|         439|  -10.862752|  -10.311832|   -0.005687|    0.004102|
|         440|  -10.869501|  -10.318686|   -0.005687|    0.004102|
|         441|  -10.876074|  -10.325136|   -0.005687|    0.004102|
|         442|  -10.883252|  -10.332002|   -0.005687|    0.004102|
|         443|  -10.891669|  -10.339966|   -0.005687|    0.004102|
|         444|  -10.901805|  -10.349552|   -0.005687|    0.004102|
|         445|  -10.913994|  -10.361135|   -0.005687|    0.004102|
|         446|  -10.928435|  -10.374947|   -0.005687|    0.004102|
|         447|  -10.945203|  -10.391097|   -0.005687|    0.004102|
|         448|  -10.964253|  -10.409570|   -0.005687|    0.004102|
|         449|  -10.985419|  -10.430230|   -0.005687|    0.004102|
|         450|  -11.008397|  -10.452809|   -0.005687|    0.004102|
|         451|  -11.032739|  -10.476894|   -0.005687|    0.004102|
|         452|  -11.057834|  -10.501912|   -0.005687|    0.004102|
|         453|  -11.082919|  -10.527130|   -0.005687|    0.004102|
|         454|  -11.107107|  -10.551681|   -0.005687|    0.004102|
|         455|  -11.129480|  -10.574639|   -0.005687|    0.004102|
|         456|  -11.149219|  -10.595141|   -0.005687|    0.004102|
|         457|  -11.165764|  -10.612548|   -0.005687|    0.004102|
|         458|  -11.178945|  -10.626581|   -0.005687|    0.004102|
|         459|  -11.189019|  -10.637389|   -0.005687|    0.004102|
|         460|  -11.196601|  -10.645507|   -0.005687|    0.004102|
|         461|  -11.202534|  -10.651733|   -0.005687|    0.004102|
|         462|  -11.207728|  -10.656977|   -0.005687|    0.004102|
|         463|  -11.213044|  -10.662125|   -0.005687|    0.004102|
|         464|  -11.219220|  -10.667959|   -0.005687|    0.004102|
|         465|  -11.226845|  -10.675111|   -0.005687|    0.004102|
|         466|  -11.236357|  -10.684062|   -0.005687|    0.004102|
|         467|  -11.248056|  -10.695149|   -0.005687|    0.004102|
|         468|  -11.262122|  -10.708585|   -0.005687|    0.004102|
|         469|  -11.278625|  -10.724466|   -0.005687|    0.004102|
|         470|  -11.297529|  -10.742785|   -0.005687|    0.004102|
|         471|  -11.318692|  -10.763427|   -0.005687|    0.004102|
|         472|  -11.341852|  -10.786161|   -0.005687|    0.004102|
|         473|  -11.366615|  -10.810627|   -0.005687|    0.004102|
|         474|  -11.392437|  -10.836316|   -0.005687|    0.004102|
|         475|  -11.418619|  -10.862564|   -0.005687|    0.004102|
|         476|  -11.444328|  -10.888558|   -0.005687|    0.004102|
|         477|  -11.468649|  -10.913390|   -0.005687|    0.004102|
|         478|  -11.490703|  -10.936154|   -0.005687|    0.004102|
|         479|  -11.509798|  -10.956093|   -0.005687|    0.004102|
|         480|  -11.525579|  -10.972751|   -0.005687|    0.004102|
|         481|  -11.538106|  -10.986083|   -0.005687|    0.004102|
|         482|  -11.547844|  -10.996453|   -0.005687|    0.004102|
|         483|  -11.555543|  -11.004554|   -0.005687|    0.004102|
|         484|  -11.562095|  -11.011258|   -0.005687|    0.004102|
|         485|  -11.568390|  -11.017472|   -0.005687|    0.004102|
|         486|  -11.575225|  -11.024029|   -0.005687|    0.004102|
|         487|  -11.583253|  -11.031629|   -0.005687|    0.004102|
|         488|  -11.592972|  -11.040816|   -0.005687|    0.004102|
|         489|  -11.604735|  -11.051980|   -0.005687|    0.004102|
|         490|  -11.618760|  -11.065377|   -0.005687|    0.004102|
|         491|  -11.635143|  -11.081131|   -0.005687|    0.004102|
|         492|  -11.653862|  -11.099254|   -0.005687|    0.004102|
|         493|  -11.674777|  -11.119634|   -0.005687|    0.004102|
|         494|  -11.697618|  -11.142033|   -0.005687|    0.004102|
|         495|  -11.721970|  -11.166074|   -0.005687|    0.004102|
|         496|  -11.747258|  -11.191218|   -0.005687|    0.004102|
|         497|  -11.772745|  -11.216764|   -0.005687|    0.004102|
|         498|  -11.797558|  -11.241864|   -0.005687|    0.004102|
|         499|  -11.820757|  -11.265580|   -0.005687|    0.004102|
|         500|  -11.841463|  -11.287001|   -0.005687|    0.004102|
+-----------------------------------------------------------------------+
|        File Writing Summary       |              Filename             |
+-----------------------------------------------------------------------+
|SU2 binary restart                 |restart_flow.dat                   |
|Paraview                           |flow.vtu                           |
|Paraview surface                   |surface_flow.vtu                   |
|CSV file                           |surface_flow.csv                   |
+-----------------------------------------------------------------------+
+----------------------------------------------------------------+
|  Inner_Iter|    rms[Rho]|   rms[RhoE]|          CL|          CD|
+----------------------------------------------------------------+
|         501|  -11.859019|  -11.305400|   -0.005687|    0.004102|
|         502|  -11.873137|  -11.320389|   -0.005687|    0.004102|
|         503|  -11.883969|  -11.332008|   -0.005687|    0.004102|
|         504|  -11.892065|  -11.340710|   -0.005687|    0.004102|
|         505|  -11.898241|  -11.347260|   -0.005687|    0.004102|
|         506|  -11.903423|  -11.352568|   -0.005687|    0.004102|
|         507|  -11.908515|  -11.357559|   -0.005687|    0.004102|
|         508|  -11.914301|  -11.363055|   -0.005687|    0.004102|
|         509|  -11.921421|  -11.369743|   -0.005687|    0.004102|
|         510|  -11.930357|  -11.378146|   -0.005687|    0.004102|
|         511|  -11.941450|  -11.388644|   -0.005687|    0.004102|
|         512|  -11.954914|  -11.401483|   -0.005687|    0.004102|
|         513|  -11.970852|  -11.416794|   -0.005687|    0.004102|
|         514|  -11.989262|  -11.434603|   -0.005687|    0.004102|
|         515|  -12.010035|  -11.454828|   -0.005687|    0.004102|
|         516|  -12.032952|  -11.477278|   -0.005687|    0.004102|
|         517|  -12.057658|  -11.501634|   -0.005687|    0.004102|
|         518|  -12.083656|  -11.527432|   -0.005687|    0.004102|
|         519|  -12.110282|  -11.554046|   -0.005687|    0.004102|
|         520|  -12.136721|  -11.580688|   -0.005687|    0.004102|
|         521|  -12.162047|  -11.606448|   -0.005687|    0.004102|
|         522|  -12.185312|  -11.630364|   -0.005687|    0.004102|
|         523|  -12.205706|  -11.651574|   -0.005687|    0.004102|
|         524|  -12.222723|  -11.669481|   -0.005687|    0.004102|
|         525|  -12.236274|  -11.683885|   -0.005687|    0.004102|
|         526|  -12.246710|  -11.695034|   -0.005687|    0.004102|
|         527|  -12.254737|  -11.703554|   -0.005687|    0.004102|
|         528|  -12.261251|  -11.710309|   -0.005687|    0.004102|
|         529|  -12.267196|  -11.716251|   -0.005687|    0.004102|
|         530|  -12.273435|  -11.722275|   -0.005687|    0.004102|
|         531|  -12.280693|  -11.729151|   -0.005687|    0.004102|
|         532|  -12.289533|  -11.737491|   -0.005687|    0.004102|
|         533|  -12.300366|  -11.747745|   -0.005687|    0.004102|
|         534|  -12.313459|  -11.760218|   -0.005687|    0.004102|
|         535|  -12.328958|  -11.775087|   -0.005687|    0.004102|
|         536|  -12.346884|  -11.792406|   -0.005687|    0.004102|
|         537|  -12.367152|  -11.812112|   -0.005687|    0.004102|
|         538|  -12.389544|  -11.834026|   -0.005687|    0.004102|
|         539|  -12.413714|  -11.857832|   -0.005687|    0.004102|
|         540|  -12.439156|  -11.883061|   -0.005687|    0.004102|
|         541|  -12.465196|  -11.909078|   -0.005687|    0.004102|
|         542|  -12.491004|  -11.935085|   -0.005687|    0.004102|
|         543|  -12.515631|  -11.960142|   -0.005687|    0.004102|
|         544|  -12.538118|  -11.983282|   -0.005687|    0.004102|
|         545|  -12.557652|  -12.003634|   -0.005687|    0.004102|
|         546|  -12.573730|  -12.020605|   -0.005687|    0.004102|
|         547|  -12.586284|  -12.034014|   -0.005687|    0.004102|
|         548|  -12.595697|  -12.044133|   -0.005687|    0.004102|
|         549|  -12.602704|  -12.051625|   -0.005687|    0.004102|
|         550|  -12.608219|  -12.057373|   -0.005687|    0.004102|
|         551|  -12.613198|  -12.062341|   -0.005687|    0.004102|
|         552|  -12.618512|  -12.067437|   -0.005687|    0.004102|
|         553|  -12.624883|  -12.073424|   -0.005687|    0.004102|
|         554|  -12.632876|  -12.080915|   -0.005687|    0.004102|
|         555|  -12.642899|  -12.090362|   -0.005687|    0.004102|
|         556|  -12.655222|  -12.102069|   -0.005687|    0.004102|
|         557|  -12.669994|  -12.116213|   -0.005687|    0.004102|
|         558|  -12.687266|  -12.132877|   -0.005687|    0.004102|
|         559|  -12.706965|  -12.152010|   -0.005687|    0.004102|
|         560|  -12.728923|  -12.173478|   -0.005687|    0.004102|
|         561|  -12.752839|  -12.197006|   -0.005687|    0.004102|
|         562|  -12.778285|  -12.222206|   -0.005687|    0.004102|
|         563|  -12.804669|  -12.248516|   -0.005687|    0.004102|
|         564|  -12.831233|  -12.275212|   -0.005687|    0.004102|
|         565|  -12.857102|  -12.301441|   -0.005687|    0.004102|
|         566|  -12.881338|  -12.326256|   -0.005687|    0.004102|
|         567|  -12.903059|  -12.348742|   -0.005687|    0.004102|
|         568|  -12.921613|  -12.368167|   -0.005687|    0.004102|
|         569|  -12.936736|  -12.384166|   -0.005687|    0.004102|
|         570|  -12.948595|  -12.396793|   -0.005687|    0.004102|
|         571|  -12.957753|  -12.406518|   -0.005687|    0.004102|
|         572|  -12.965024|  -12.414116|   -0.005687|    0.004102|
|         573|  -12.971345|  -12.420510|   -0.005687|    0.004102|
|         574|  -12.977610|  -12.426625|   -0.005687|    0.004102|
|         575|  -12.984583|  -12.433265|   -0.005687|    0.004102|
|         576|  -12.992903|  -12.441112|   -0.005687|    0.004102|
|         577|  -13.003034|  -12.450687|   -0.005687|    0.004102|

----------------------------- Solver Exit -------------------------------
All convergence criteria satisfied.
+-----------------------------------------------------------------------+
|      Convergence Field     |     Value    |   Criterion  |  Converged |
+-----------------------------------------------------------------------+
|                    rms[Rho]|       -13.003|         < -13|         Yes|
+-----------------------------------------------------------------------+
-------------------------------------------------------------------------
+-----------------------------------------------------------------------+
|        File Writing Summary       |              Filename             |
+-----------------------------------------------------------------------+
|SU2 binary restart                 |restart_flow.dat                   |
|Paraview                           |flow.vtu                           |
|Paraview surface                   |surface_flow.vtu                   |
|CSV file                           |surface_flow.csv                   |
+-----------------------------------------------------------------------+

--------------------------- Finalizing Solver ---------------------------
Deleted CNumerics container.
Deleted CIntegration container.
Deleted CSolver container.
Deleted CIteration container.
Deleted CInterface container.
Deleted CGeometry container.
Deleted CFreeFormDefBox class.
Deleted CSurfaceMovement class.
Deleted CVolumetricMovement class.
Deleted CConfig container.
Deleted nInst container.
Deleted COutput class.
-------------------------------------------------------------------------

------------------------- Exit Success (SU2_CFD) ------------------------

