
-------------------------------------------------------------------------
|    ___ _   _ ___                                                      |
|   / __| | | |_  )   Release 8.3.0 "Harrier"                           |
|   \__ \ |_| |/ /                                                      |
|   |___/\___//___|   Suite (Computational Fluid Dynamics Code)         |
|                                                                       |
-------------------------------------------------------------------------
| SU2 Project Website: https://su2code.github.io                        |
|                                                                       |
| The SU2 Project is maintained by the SU2 Foundation                   |
| (http://su2foundation.org)                                            |
-------------------------------------------------------------------------
| Copyright 2012-2025, SU2 Contributors                                 |
|                                                                       |
| SU2 is free software; you can redistribute it and/or                  |
| modify it under the terms of the GNU Lesser General Public            |
| License as published by the Free Software Foundation; either          |
| version 2.1 of the License, or (at your option) any later version.    |
|                                                                       |
| SU2 is distributed in the hope that it will be useful,                |
| but WITHOUT ANY WARRANTY; without even the implied warranty of        |
| MERCHANTABILITY or FITNESS FOR A PARTICULAR PURPOSE. See the GNU      |
| Lesser General Public License for more details.                       |
|                                                                       |
| You should have received a copy of the GNU Lesser General Public      |
| License along with SU2. If not, see <http://www.gnu.org/licenses/>.   |
-------------------------------------------------------------------------

Parsing config file for zone 0

----------------- Physical Case Definition ( Zone 0 ) -------------------
Compressible Euler equations.
Mach number: 0.8.
Angle of attack (AoA): 1.25 deg, and angle of sideslip (AoS): 0 deg.
Reading and writing binary SU2 native restart files.
Read flow solution from: solution_flow.
Non-Dimensional simulation (P=1.0, Rho=1.0, T=1.0 at the farfield).
The reference area is 1 m^2.
The semi-span will be computed using the max y(3D) value.
The reference length is 1 m.
Reference origin for moment evaluation is (0.25, 0, 0).
Surface(s) where the force coefficients are evaluated: airfoil.

Surface(s) plotted in the output file: airfoil.
Surface(s) affected by the design variables: airfoil.
Input mesh file name: mesh_NACA0012_inv_deform.su2

--------------- Space Numerical Integration ( Zone 0 ) ------------------
Jameson-Schmidt-Turkel scheme (2nd order in space) for the flow inviscid terms.
JST viscous coefficients (2nd & 4th): 0.5, 0.02.
The method includes a grid stretching correction (p = 0.3).
Gradient for viscous and source terms: Green-Gauss.

--------------- Time Numerical Integration  ( Zone 0 ) ------------------
Local time stepping (steady state simulation).
Euler implicit method for the flow equations.
FGMRES is used for solving the linear system.
Using a LU-SGS preconditioning.
Convergence criteria of the linear solver: 0.0001.
Max number of linear iterations: 2.
V Multigrid Cycle, with 2 multigrid levels.
Damping factor for the residual restriction: 1.
Damping factor for the correction prolongation: 1.
No CFL adaptation.
+-------------------------------------------+
|  MG Level| Presmooth|PostSmooth|CorrectSmo|
+-------------------------------------------+
|         0|         1|         0|         0|
|         1|         2|         0|         0|
|         2|         3|         0|         0|
+-------------------------------------------+
Courant-Friedrichs-Lewy number:       10

------------------ Convergence Criteria  ( Zone 0 ) ---------------------
Maximum number of solver subiterations: 1000.
Begin convergence monitoring at iteration 10.
Residual minimum value: 1e-13.
Cauchy series min. value: 1e-06.
Number of Cauchy elements: 100.
Begin windowed time average at iteration 0.

-------------------- Output Information ( Zone 0 ) ----------------------
File writing frequency: 
+------------------------------------+
|                     File| Frequency|
+------------------------------------+
|                  RESTART|       250|
|                 PARAVIEW|       250|
|         SURFACE_PARAVIEW|       250|
|              SURFACE_CSV|       250|
+------------------------------------+
Writing the convergence history file every 1 inner iterations.
Writing the screen convergence history every 1 inner iterations.
The tabular file format is CSV (.csv).
Convergence history file name: history_direct.
Forces breakdown file name: forces_breakdown.dat.
Surface file name: surface_flow.
Volume file name: flow.
Restart file name: restart_flow.

------------- Config File Boundary Information ( Zone 0 ) ---------------
+-----------------------------------------------------------------------+
|                        Marker Type|                        Marker Name|
+-----------------------------------------------------------------------+
|                         Euler wall|                            airfoil|
+-----------------------------------------------------------------------+
|                          Far-field|                           farfield|
+-----------------------------------------------------------------------+

-------------------- Output Preprocessing ( Zone 0 ) --------------------

WARNING: SURFACE_PRESSURE_DROP can only be computed for at least 2 surfaces (outlet, inlet, ...)

Screen output fields: INNER_ITER, RMS_DENSITY, RMS_ENERGY, LIFT, DRAG
History output group(s): ITER, RMS_RES, AERO_COEFF
Convergence field(s): RMS_DENSITY
Warning: No (valid) fields chosen for time convergence monitoring. Time convergence monitoring inactive.
Volume output fields: COORDINATES, SOLUTION, PRIMITIVE

------------------- Geometry Preprocessing ( Zone 0 ) -------------------
Two dimensional problem.
5233 grid points.
10216 volume elements.
2 surface markers.
200 boundary elements in index 0 (Marker = airfoil).
50 boundary elements in index 1 (Marker = farfield).
10216 triangles.
Setting point connectivity.
Renumbering points (Reverse Cuthill McKee Ordering).
Recomputing point connectivity.
Setting element connectivity.
Checking the numerical grid orientation.
All volume elements are correctly oriented.
All surface elements are correctly oriented.
Identifying edges and vertices.
Setting the control volume structure.
Area of the computational grid: 1253.25.
Searching for the closest normal neighbors to the surfaces.
Storing a mapping from global to local point index.
Compute the surface curvature.
Max K: 7835.1. Mean K: 35.25. Standard deviation K: 494.429.
Checking for periodicity.
Computing mesh quality statistics for the dual control volumes.
+--------------------------------------------------------------+
|           Mesh Quality Metric|        Minimum|        Maximum|
+--------------------------------------------------------------+
|    Orthogonality Angle (deg.)|        62.9266|        89.7695|
|     CV Face Area Aspect Ratio|        1.01151|        7.17818|
|           CV Sub-Volume Ratio|        1.00238|        6.47674|
+--------------------------------------------------------------+
Setting the multigrid structure.
+-------------------------------------------+
|  MG Level|       CVs|Aggl. Rate|       CFL|
+-------------------------------------------+
|         0|      5233|    1/1.00|        10|
|         1|      1690|     1/3.1|   8.52431|
|         2|       649|     1/2.6|   7.92373|
+-------------------------------------------+
Finding max control volume width.
Wetted area = 2.03707 m.
Area projection in the x-plane = 0.110736 m, y-plane = 0.999845 m.
Max. coordinate in the x-direction = 1 m, y-direction = 0.0477363 m.
Min. coordinate in the x-direction = 0 m, y-direction = -0.0630288 m.
Computing wall distances.

-------------------- Solver Preprocessing ( Zone 0 ) --------------------
Inviscid flow: Computing density based on free-stream
temperature and pressure using the ideal gas law.
Force coefficients computed using free-stream values.

-- Models:
+------------------------------------------------------------------------------+
|          Viscosity Model|        Conductivity Model|              Fluid Model|
+------------------------------------------------------------------------------+
|                        -|                         -|             STANDARD_AIR|
+------------------------------------------------------------------------------+
-- Fluid properties:
+------------------------------------------------------------------------------+
|                  Name|    Dim. value|    Ref. value|      Unit|Non-dim. value|
+------------------------------------------------------------------------------+
|          Gas Constant|       287.058|       287.058|  N.m/kg.K|             1|
|      Spec. Heat Ratio|             -|             -|         -|           1.4|
+------------------------------------------------------------------------------+
-- Initial and free-stream conditions:
+------------------------------------------------------------------------------+
|                  Name|    Dim. value|    Ref. value|      Unit|Non-dim. value|
+------------------------------------------------------------------------------+
|       Static Pressure|        101325|        101325|        Pa|             1|
|               Density|       1.22498|       1.22498|    kg/m^3|             1|
|           Temperature|        288.15|        288.15|         K|             1|
|          Total Energy|        243846|       82715.8|   m^2/s^2|         2.948|
|            Velocity-X|       272.173|       287.603|       m/s|      0.946348|
|            Velocity-Y|       5.93883|       287.603|       m/s|     0.0206494|
|    Velocity Magnitude|       272.238|       287.603|       m/s|      0.946573|
+------------------------------------------------------------------------------+
|           Mach Number|             -|             -|         -|           0.8|
+------------------------------------------------------------------------------+
Initialize Jacobian structure (Euler). MG level: 0.
Initialize Jacobian structure (Euler). MG level: 1.
Initialize Jacobian structure (Euler). MG level: 2.

------------------- Numerics Preprocessing ( Zone 0 ) -------------------

----------------- Integration Preprocessing ( Zone 0 ) ------------------

------------------- Iteration Preprocessing ( Zone 0 ) ------------------
Euler/Navier-Stokes/RANS fluid iteration.

------------------------------ Begin Solver -----------------------------

Simulation Run using the Single-zone Driver
WARNING: SU2 was not compiled for an AVX-capable architecture. Performance could be better,
         see https://su2code.github.io/docs_v7/Build-SU2-Linux-MacOS/#compiler-optimizations
WARNING: SU2 was not compiled for an AVX-capable architecture. Performance could be better,
         see https://su2code.github.io/docs_v7/Build-SU2-Linux-MacOS/#compiler-optimizations
WARNING: SU2 was not compiled for an AVX-capable architecture. Performance could be better,
         see https://su2code.github.io/docs_v7/Build-SU2-Linux-MacOS/#compiler-optimizations
+----------------------------------------------------------------+
|  Inner_Iter|    rms[Rho]|   rms[RhoE]|          CL|          CD|
+----------------------------------------------------------------+
|           0|   -4.924103|   -4.327723|    0.047875|    0.004175|
|           1|   -5.201004|   -4.599833|    0.049115|    0.002934|
|           2|   -5.129779|   -4.545590|    0.053828|    0.002766|
|           3|   -5.142450|   -4.555216|    0.053139|    0.002923|
|           4|   -5.122928|   -4.539661|    0.053694|    0.002764|
|           5|   -5.133597|   -4.560781|    0.056360|    0.002699|
|           6|   -5.121602|   -4.551678|    0.057823|    0.002605|
|           7|   -5.113691|   -4.543549|    0.059041|    0.002522|
|           8|   -5.107152|   -4.539703|    0.060596|    0.002456|
|           9|   -5.101844|   -4.537635|    0.062079|    0.002375|
|          10|   -5.096759|   -4.534081|    0.063394|    0.002296|
|          11|   -5.093768|   -4.532400|    0.064581|    0.002221|
|          12|   -5.093181|   -4.533496|    0.065685|    0.002146|
|          13|   -5.092918|   -4.534133|    0.066735|    0.002073|
|          14|   -5.092126|   -4.533171|    0.067724|    0.002004|
|          15|   -5.090978|   -4.531545|    0.068619|    0.001939|
|          16|   -5.090239|   -4.530827|    0.069411|    0.001876|
|          17|   -5.090530|   -4.531762|    0.070114|    0.001816|
|          18|   -5.091986|   -4.534119|    0.070739|    0.001760|
|          19|   -5.094174|   -4.537055|    0.071290|    0.001707|
|          20|   -5.096479|   -4.539848|    0.071771|    0.001659|
|          21|   -5.098450|   -4.542166|    0.072183|    0.001616|
|          22|   -5.099441|   -4.543474|    0.072531|    0.001578|
|          23|   -5.099155|   -4.543457|    0.072827|    0.001546|
|          24|   -5.097366|   -4.541839|    0.073073|    0.001519|
|          25|   -5.094314|   -4.538775|    0.073273|    0.001499|
|          26|   -5.090459|   -4.534757|    0.073424|    0.001485|
|          27|   -5.086301|   -4.530314|    0.073536|    0.001476|
|          28|   -5.082589|   -4.526274|    0.073617|    0.001473|
|          29|   -5.080029|   -4.523402|    0.073675|    0.001475|
|          30|   -5.079155|   -4.522293|    0.073713|    0.001480|
|          31|   -5.080243|   -4.523245|    0.073739|    0.001490|
|          32|   -5.083847|   -4.526847|    0.073753|    0.001501|
|          33|   -5.089213|   -4.532406|    0.073746|    0.001515|
|          34|   -5.095871|   -4.539480|    0.073719|    0.001530|
|          35|   -5.103424|   -4.547556|    0.073676|    0.001546|
|          36|   -5.111066|   -4.555760|    0.073626|    0.001562|
|          37|   -5.118032|   -4.563233|    0.073575|    0.001577|
|          38|   -5.124259|   -4.569963|    0.073526|    0.001592|
|          39|   -5.129926|   -4.576163|    0.073483|    0.001605|
|          40|   -5.135161|   -4.581928|    0.073447|    0.001616|
|          41|   -5.140546|   -4.587749|    0.073419|    0.001626|
|          42|   -5.146838|   -4.594315|    0.073401|    0.001634|
|          43|   -5.154583|   -4.602256|    0.073389|    0.001641|
|          44|   -5.164391|   -4.612255|    0.073381|    0.001646|
|          45|   -5.176239|   -4.624201|    0.073379|    0.001650|
|          46|   -5.189716|   -4.637520|    0.073385|    0.001653|
|          47|   -5.204913|   -4.652304|    0.073403|    0.001656|
|          48|   -5.221512|   -4.668335|    0.073431|    0.001658|
|          49|   -5.239213|   -4.685359|    0.073468|    0.001660|
|          50|   -5.258005|   -4.703450|    0.073514|    0.001661|
|          51|   -5.278212|   -4.723082|    0.073562|    0.001664|
|          52|   -5.298931|   -4.743324|    0.073611|    0.001666|
|          53|   -5.319840|   -4.763766|    0.073664|    0.001669|
|          54|   -5.340769|   -4.784262|    0.073721|    0.001672|
|          55|   -5.362221|   -4.805542|    0.073777|    0.001676|
|          56|   -5.383575|   -4.826907|    0.073834|    0.001680|
|          57|   -5.403879|   -4.847221|    0.073896|    0.001684|
|          58|   -5.423259|   -4.866670|    0.073962|    0.001689|
|          59|   -5.441425|   -4.884973|    0.074032|    0.001693|
|          60|   -5.458604|   -4.902322|    0.074107|    0.001698|
|          61|   -5.475143|   -4.919048|    0.074186|    0.001702|
|          62|   -5.491342|   -4.935448|    0.074270|    0.001707|
|          63|   -5.507454|   -4.951786|    0.074356|    0.001710|
|          64|   -5.523548|   -4.968241|    0.074446|    0.001714|
|          65|   -5.539618|   -4.984768|    0.074539|    0.001716|
|          66|   -5.555881|   -5.001456|    0.074634|    0.001718|
|          67|   -5.572536|   -5.018504|    0.074731|    0.001719|
|          68|   -5.589594|   -5.035952|    0.074831|    0.001720|
|          69|   -5.606990|   -5.053738|    0.074932|    0.001720|
|          70|   -5.624655|   -5.071796|    0.075034|    0.001719|
|          71|   -5.642468|   -5.090003|    0.075136|    0.001717|
|          72|   -5.660242|   -5.108184|    0.075238|    0.001716|
|          73|   -5.677695|   -5.126053|    0.075340|    0.001713|
|          74|   -5.694647|   -5.143425|    0.075440|    0.001710|
|          75|   -5.710843|   -5.160027|    0.075539|    0.001707|
|          76|   -5.726095|   -5.175659|    0.075636|    0.001704|
|          77|   -5.740313|   -5.190227|    0.075730|    0.001701|
|          78|   -5.753478|   -5.203710|    0.075821|    0.001698|
|          79|   -5.765563|   -5.216069|    0.075910|    0.001694|
|          80|   -5.776674|   -5.227413|    0.075994|    0.001691|
|          81|   -5.786930|   -5.237851|    0.076075|    0.001688|
|          82|   -5.796484|   -5.247536|    0.076153|    0.001685|
|          83|   -5.805531|   -5.256677|    0.076226|    0.001682|
|          84|   -5.814239|   -5.265442|    0.076295|    0.001679|
|          85|   -5.822740|   -5.273956|    0.076360|    0.001676|
|          86|   -5.831189|   -5.282370|    0.076420|    0.001674|
|          87|   -5.839813|   -5.290928|    0.076477|    0.001672|
|          88|   -5.848684|   -5.299708|    0.076529|    0.001670|
|          89|   -5.857906|   -5.308802|    0.076578|    0.001668|
|          90|   -5.867561|   -5.318294|    0.076623|    0.001666|
|          91|   -5.877703|   -5.328244|    0.076665|    0.001664|
|          92|   -5.888306|   -5.338633|    0.076703|    0.001662|
|          93|   -5.899225|   -5.349317|    0.076737|    0.001661|
|          94|   -5.910456|   -5.360309|    0.076769|    0.001659|
|          95|   -5.922022|   -5.371626|    0.076797|    0.001658|
|          96|   -5.933936|   -5.383283|    0.076823|    0.001656|
|          97|   -5.946196|   -5.395289|    0.076846|    0.001655|
|          98|   -5.958801|   -5.407662|    0.076867|    0.001654|
|          99|   -5.971727|   -5.420385|    0.076885|    0.001652|
|         100|   -5.984883|   -5.433371|    0.076902|    0.001651|
|         101|   -5.998237|   -5.446607|    0.076917|    0.001650|
|         102|   -6.011803|   -5.460107|    0.076930|    0.001648|
|         103|   -6.025487|   -5.473769|    0.076942|    0.001647|
|         104|   -6.039256|   -5.487569|    0.076953|    0.001646|
|         105|   -6.053054|   -5.501448|    0.076963|    0.001645|
|         106|   -6.066738|   -5.515260|    0.076972|    0.001644|
|         107|   -6.080229|   -5.528917|    0.076982|    0.001643|
|         108|   -6.093514|   -5.542396|    0.076991|    0.001643|
|         109|   -6.106511|   -5.555612|    0.077000|    0.001642|
|         110|   -6.119126|   -5.568466|    0.077009|    0.001642|
|         111|   -6.131307|   -5.580892|    0.077018|    0.001641|
|         112|   -6.143004|   -5.592831|    0.077027|    0.001641|
|         113|   -6.154098|   -5.604155|    0.077037|    0.001641|
|         114|   -6.164588|   -5.614864|    0.077048|    0.001641|
|         115|   -6.174499|   -5.624979|    0.077058|    0.001641|
|         116|   -6.183833|   -5.634493|    0.077069|    0.001641|
|         117|   -6.192620|   -5.643437|    0.077081|    0.001642|
|         118|   -6.200822|   -5.651759|    0.077093|    0.001642|
|         119|   -6.208490|   -5.659506|    0.077105|    0.001642|
|         120|   -6.215689|   -5.666749|    0.077118|    0.001643|
|         121|   -6.222494|   -5.673567|    0.077131|    0.001643|
|         122|   -6.228975|   -5.680028|    0.077145|    0.001644|
|         123|   -6.235205|   -5.686203|    0.077159|    0.001644|
|         124|   -6.241210|   -5.692118|    0.077173|    0.001645|
|         125|   -6.247087|   -5.697882|    0.077187|    0.001645|
|         126|   -6.252930|   -5.703589|    0.077201|    0.001646|
|         127|   -6.258776|   -5.709276|    0.077216|    0.001646|
|         128|   -6.264736|   -5.715062|    0.077231|    0.001647|
|         129|   -6.270897|   -5.721029|    0.077246|    0.001647|
|         130|   -6.277311|   -5.727251|    0.077261|    0.001648|
|         131|   -6.284008|   -5.733759|    0.077275|    0.001648|
|         132|   -6.291024|   -5.740582|    0.077290|    0.001649|
|         133|   -6.298420|   -5.747784|    0.077305|    0.001649|
|         134|   -6.306237|   -5.755408|    0.077320|    0.001649|
|         135|   -6.314498|   -5.763479|    0.077334|    0.001650|
|         136|   -6.323228|   -5.772023|    0.077348|    0.001650|
|         137|   -6.332441|   -5.781055|    0.077363|    0.001650|
|         138|   -6.342147|   -5.790587|    0.077376|    0.001651|
|         139|   -6.352346|   -5.800623|    0.077390|    0.001651|
|         140|   -6.363052|   -5.811179|    0.077403|    0.001651|
|         141|   -6.374275|   -5.822262|    0.077417|    0.001652|
|         142|   -6.386012|   -5.833871|    0.077429|    0.001652|
|         143|   -6.398284|   -5.846023|    0.077442|    0.001652|
|         144|   -6.411086|   -5.858716|    0.077454|    0.001652|
|         145|   -6.424449|   -5.871986|    0.077466|    0.001652|
|         146|   -6.438289|   -5.885739|    0.077478|    0.001652|
|         147|   -6.452582|   -5.899962|    0.077489|    0.001652|
|         148|   -6.467286|   -5.914612|    0.077500|    0.001652|
|         149|   -6.482383|   -5.929668|    0.077511|    0.001652|
|         150|   -6.497862|   -5.945123|    0.077521|    0.001653|
|         151|   -6.513694|   -5.960952|    0.077531|    0.001653|
|         152|   -6.529849|   -5.977121|    0.077540|    0.001653|
|         153|   -6.546299|   -5.993598|    0.077550|    0.001652|
|         154|   -6.562997|   -6.010338|    0.077558|    0.001652|
|         155|   -6.579893|   -6.027292|    0.077567|    0.001652|
|         156|   -6.596900|   -6.044364|    0.077574|    0.001652|
|         157|   -6.614004|   -6.061551|    0.077582|    0.001652|
|         158|   -6.631187|   -6.078836|    0.077589|    0.001652|
|         159|   -6.648392|   -6.096157|    0.077596|    0.001652|
|         160|   -6.665565|   -6.113454|    0.077602|    0.001652|
|         161|   -6.682696|   -6.130721|    0.077608|    0.001652|
|         162|   -6.699760|   -6.147927|    0.077613|    0.001652|
|         163|   -6.716746|   -6.165059|    0.077618|    0.001652|
|         164|   -6.733600|   -6.182057|    0.077623|    0.001651|
|         165|   -6.750292|   -6.198887|    0.077627|    0.001651|
|         166|   -6.766798|   -6.215523|    0.077631|    0.001651|
|         167|   -6.783152|   -6.231999|    0.077635|    0.001651|
|         168|   -6.799353|   -6.248298|    0.077639|    0.001651|
|         169|   -6.815386|   -6.264415|    0.077642|    0.001651|
|         170|   -6.831222|   -6.280320|    0.077645|    0.001651|
|         171|   -6.846848|   -6.295987|    0.077648|    0.001651|
|         172|   -6.862246|   -6.311398|    0.077650|    0.001650|
|         173|   -6.877435|   -6.326578|    0.077652|    0.001650|
|         174|   -6.892452|   -6.341570|    0.077655|    0.001650|
|         175|   -6.907324|   -6.356394|    0.077657|    0.001650|
|         176|   -6.922087|   -6.371082|    0.077658|    0.001650|
|         177|   -6.936694|   -6.385588|    0.077660|    0.001650|
|         178|   -6.951171|   -6.399953|    0.077662|    0.001650|
|         179|   -6.965568|   -6.414226|    0.077663|    0.001650|
|         180|   -6.979887|   -6.428399|    0.077664|    0.001650|
|         181|   -6.994043|   -6.442403|    0.077666|    0.001649|
|         182|   -7.008025|   -6.456238|    0.077667|    0.001649|
|         183|   -7.021935|   -6.470006|    0.077668|    0.001649|
|         184|   -7.035828|   -6.483759|    0.077669|    0.001649|
|         185|   -7.049738|   -6.497532|    0.077670|    0.001649|
|         186|   -7.063688|   -6.511359|    0.077671|    0.001649|
|         187|   -7.077717|   -6.525282|    0.077672|    0.001649|
|         188|   -7.091856|   -6.539333|    0.077673|    0.001649|
|         189|   -7.106117|   -6.553525|    0.077674|    0.001649|
|         190|   -7.120506|   -6.567864|    0.077675|    0.001649|
|         191|   -7.135019|   -6.582346|    0.077675|    0.001649|
|         192|   -7.149661|   -6.596979|    0.077676|    0.001649|
|         193|   -7.164436|   -6.611768|    0.077677|    0.001649|
|         194|   -7.179328|   -6.626696|    0.077678|    0.001649|
|         195|   -7.194337|   -6.641765|    0.077679|    0.001649|
|         196|   -7.209444|   -6.656950|    0.077680|    0.001649|
|         197|   -7.224619|   -6.672221|    0.077681|    0.001649|
|         198|   -7.239816|   -6.687532|    0.077682|    0.001649|
|         199|   -7.255037|   -6.702887|    0.077682|    0.001649|
|         200|   -7.270267|   -6.718266|    0.077683|    0.001649|
|         201|   -7.285479|   -6.733638|    0.077684|    0.001649|
|         202|   -7.300636|   -6.748966|    0.077685|    0.001649|
|         203|   -7.315702|   -6.764212|    0.077686|    0.001649|
|         204|   -7.330642|   -6.779334|    0.077687|    0.001649|
|         205|   -7.345436|   -6.794308|    0.077688|    0.001649|
|         206|   -7.360069|   -6.809120|    0.077689|    0.001649|
|         207|   -7.374481|   -6.823702|    0.077689|    0.001649|
|         208|   -7.388563|   -6.837936|    0.077690|    0.001649|
|         209|   -7.402358|   -6.851871|    0.077691|    0.001649|
|         210|   -7.415893|   -6.865525|    0.077692|    0.001649|
|         211|   -7.429151|   -6.878874|    0.077693|    0.001649|
|         212|   -7.442114|   -6.891901|    0.077694|    0.001649|
|         213|   -7.454789|   -6.904616|    0.077694|    0.001649|
|         214|   -7.467168|   -6.917012|    0.077695|    0.001649|
|         215|   -7.479271|   -6.929106|    0.077696|    0.001649|
|         216|   -7.491125|   -6.940923|    0.077697|    0.001649|
|         217|   -7.502745|   -6.952484|    0.077697|    0.001649|
|         218|   -7.514152|   -6.963809|    0.077698|    0.001649|
|         219|   -7.525377|   -6.974928|    0.077699|    0.001649|
|         220|   -7.536448|   -6.985872|    0.077700|    0.001649|
|         221|   -7.547400|   -6.996683|    0.077700|    0.001649|
|         222|   -7.558261|   -7.007392|    0.077701|    0.001649|
|         223|   -7.569070|   -7.018037|    0.077702|    0.001649|
|         224|   -7.579864|   -7.028661|    0.077702|    0.001649|
|         225|   -7.590678|   -7.039300|    0.077703|    0.001649|
|         226|   -7.601542|   -7.049987|    0.077703|    0.001649|
|         227|   -7.612485|   -7.060754|    0.077704|    0.001649|
|         228|   -7.623532|   -7.071627|    0.077704|    0.001649|
|         229|   -7.634709|   -7.082635|    0.077705|    0.001649|
|         230|   -7.646040|   -7.093804|    0.077705|    0.001649|
|         231|   -7.657557|   -7.105167|    0.077706|    0.001649|
|         232|   -7.669277|   -7.116743|    0.077706|    0.001649|
|         233|   -7.681217|   -7.128547|    0.077707|    0.001649|
|         234|   -7.693391|   -7.140596|    0.077707|    0.001649|
|         235|   -7.705810|   -7.152901|    0.077708|    0.001649|
|         236|   -7.718485|   -7.165475|    0.077708|    0.001649|
|         237|   -7.731419|   -7.178319|    0.077708|    0.001649|
|         238|   -7.744617|   -7.191439|    0.077709|    0.001649|
|         239|   -7.758097|   -7.204855|    0.077709|    0.001649|
|         240|   -7.771873|   -7.218582|    0.077710|    0.001649|
|         241|   -7.785953|   -7.232623|    0.077710|    0.001649|
|         242|   -7.800334|   -7.246977|    0.077710|    0.001649|
|         243|   -7.815017|   -7.261645|    0.077710|    0.001649|
|         244|   -7.830009|   -7.276633|    0.077711|    0.001649|
|         245|   -7.845312|   -7.291944|    0.077711|    0.001649|
|         246|   -7.860927|   -7.307577|    0.077711|    0.001649|
|         247|   -7.876846|   -7.323526|    0.077711|    0.001649|
|         248|   -7.893065|   -7.339783|    0.077712|    0.001649|
|         249|   -7.909583|   -7.356348|    0.077712|    0.001649|
|         250|   -7.926394|   -7.373214|    0.077712|    0.001649|
+-----------------------------------------------------------------------+
|        File Writing Summary       |              Filename             |
+-----------------------------------------------------------------------+
|SU2 binary restart                 |restart_flow.dat                   |
|Paraview                           |flow.vtu                           |
|Paraview surface                   |surface_flow.vtu                   |
|CSV file                           |surface_flow.csv                   |
+-----------------------------------------------------------------------+
+----------------------------------------------------------------+
|  Inner_Iter|    rms[Rho]|   rms[RhoE]|          CL|          CD|
+----------------------------------------------------------------+
|         251|   -7.943488|   -7.390369|    0.077712|    0.001649|
|         252|   -7.960851|   -7.407801|    0.077713|    0.001649|
|         253|   -7.978471|   -7.425496|    0.077713|    0.001649|
|         254|   -7.996333|   -7.443436|    0.077713|    0.001649|
|         255|   -8.014422|   -7.461608|    0.077713|    0.001649|
|         256|   -8.032722|   -7.479993|    0.077713|    0.001649|
|         257|   -8.051208|   -7.498568|    0.077713|    0.001649|
|         258|   -8.069855|   -7.517304|    0.077714|    0.001649|
|         259|   -8.088636|   -7.536173|    0.077714|    0.001649|
|         260|   -8.107522|   -7.555146|    0.077714|    0.001649|
|         261|   -8.126480|   -7.574188|    0.077714|    0.001649|
|         262|   -8.145476|   -7.593264|    0.077714|    0.001649|
|         263|   -8.164474|   -7.612337|    0.077714|    0.001649|
|         264|   -8.183437|   -7.631368|    0.077714|    0.001649|
|         265|   -8.202327|   -7.650317|    0.077715|    0.001649|
|         266|   -8.221105|   -7.669146|    0.077715|    0.001649|
|         267|   -8.239733|   -7.687817|    0.077715|    0.001649|
|         268|   -8.258177|   -7.706292|    0.077715|    0.001649|
|         269|   -8.276402|   -7.724536|    0.077715|    0.001649|
|         270|   -8.294376|   -7.742520|    0.077715|    0.001649|
|         271|   -8.312074|   -7.760216|    0.077715|    0.001649|
|         272|   -8.329472|   -7.777602|    0.077715|    0.001649|
|         273|   -8.346552|   -7.794660|    0.077715|    0.001649|
|         274|   -8.363305|   -7.811379|    0.077715|    0.001649|
|         275|   -8.379723|   -7.827756|    0.077715|    0.001649|
|         276|   -8.395809|   -7.843793|    0.077715|    0.001649|
|         277|   -8.411570|   -7.859497|    0.077715|    0.001649|
|         278|   -8.427019|   -7.874886|    0.077716|    0.001649|
|         279|   -8.442175|   -7.889979|    0.077716|    0.001649|
|         280|   -8.457064|   -7.904803|    0.077716|    0.001649|
|         281|   -8.471713|   -7.919388|    0.077716|    0.001649|
|         282|   -8.486161|   -7.933775|    0.077716|    0.001649|
|         283|   -8.500436|   -7.947993|    0.077716|    0.001649|
|         284|   -8.514566|   -7.962070|    0.077716|    0.001649|
|         285|   -8.528573|   -7.976028|    0.077716|    0.001649|
|         286|   -8.542505|   -7.989923|    0.077716|    0.001649|
|         287|   -8.556398|   -8.003789|    0.077716|    0.001649|
|         288|   -8.570286|   -8.017662|    0.077716|    0.001649|
|         289|   -8.584203|   -8.031573|    0.077716|    0.001649|
|         290|   -8.598171|   -8.045550|    0.077716|    0.001649|
|         291|   -8.612219|   -8.059618|    0.077716|    0.001649|
|         292|   -8.626367|   -8.073803|    0.077716|    0.001649|
|         293|   -8.640623|   -8.088108|    0.077716|    0.001649|
|         294|   -8.654994|   -8.102541|    0.077716|    0.001649|
|         295|   -8.669483|   -8.117106|    0.077716|    0.001649|
|         296|   -8.684086|   -8.131799|    0.077716|    0.001649|
|         297|   -8.698797|   -8.146612|    0.077716|    0.001649|
|         298|   -8.713600|   -8.161529|    0.077716|    0.001649|
|         299|   -8.728479|   -8.176533|    0.077716|    0.001649|
|         300|   -8.743409|   -8.191597|    0.077716|    0.001649|
|         301|   -8.758364|   -8.206694|    0.077716|    0.001649|
|         302|   -8.773313|   -8.221793|    0.077716|    0.001649|
|         303|   -8.788221|   -8.236855|    0.077716|    0.001649|
|         304|   -8.803052|   -8.251841|    0.077716|    0.001649|
|         305|   -8.817764|   -8.266709|    0.077716|    0.001649|
|         306|   -8.832318|   -8.281415|    0.077716|    0.001649|
|         307|   -8.846673|   -8.295918|    0.077716|    0.001649|
|         308|   -8.860792|   -8.310175|    0.077716|    0.001649|
|         309|   -8.874638|   -8.324147|    0.077716|    0.001649|
|         310|   -8.888179|   -8.337801|    0.077716|    0.001649|
|         311|   -8.901390|   -8.351107|    0.077716|    0.001649|
|         312|   -8.914249|   -8.364043|    0.077716|    0.001649|
|         313|   -8.926745|   -8.376594|    0.077716|    0.001649|
|         314|   -8.938873|   -8.388756|    0.077716|    0.001649|
|         315|   -8.950638|   -8.400531|    0.077716|    0.001649|
|         316|   -8.962023|   -8.411904|    0.077716|    0.001649|
|         317|   -8.973072|   -8.422919|    0.077716|    0.001649|
|         318|   -8.983821|   -8.433611|    0.077716|    0.001649|
|         319|   -8.994302|   -8.444015|    0.077716|    0.001649|
|         320|   -9.004549|   -8.454166|    0.077716|    0.001649|
|         321|   -9.014603|   -8.464108|    0.077716|    0.001649|
|         322|   -9.024513|   -8.473892|    0.077716|    0.001649|
|         323|   -9.034327|   -8.483570|    0.077716|    0.001649|
|         324|   -9.044096|   -8.493191|    0.077716|    0.001649|
|         325|   -9.053866|   -8.502807|    0.077716|    0.001649|
|         326|   -9.063684|   -8.512467|    0.077716|    0.001649|
|         327|   -9.073596|   -8.522219|    0.077716|    0.001649|
|         328|   -9.083644|   -8.532107|    0.077716|    0.001649|
|         329|   -9.093868|   -8.542173|    0.077716|    0.001649|
|         330|   -9.104303|   -8.552455|    0.077716|    0.001649|
|         331|   -9.114983|   -8.562987|    0.077716|    0.001649|
|         332|   -9.125938|   -8.573801|    0.077716|    0.001649|
|         333|   -9.137191|   -8.584922|    0.077716|    0.001649|
|         334|   -9.148765|   -8.596375|    0.077716|    0.001649|
|         335|   -9.160678|   -8.608177|    0.077716|    0.001649|
|         336|   -9.172944|   -8.620345|    0.077716|    0.001649|
|         337|   -9.185573|   -8.632889|    0.077716|    0.001649|
|         338|   -9.198573|   -8.645817|    0.077716|    0.001649|
|         339|   -9.211944|   -8.659133|    0.077716|    0.001649|
|         340|   -9.225688|   -8.672836|    0.077716|    0.001649|
|         341|   -9.239799|   -8.686921|    0.077716|    0.001649|
|         342|   -9.254268|   -8.701382|    0.077716|    0.001649|
|         343|   -9.269082|   -8.716205|    0.077716|    0.001649|
|         344|   -9.284225|   -8.731373|    0.077716|    0.001649|
|         345|   -9.299676|   -8.746867|    0.077716|    0.001649|
|         346|   -9.315409|   -8.762662|    0.077716|    0.001649|
|         347|   -9.331395|   -8.778727|    0.077716|    0.001649|
|         348|   -9.347601|   -8.795029|    0.077716|    0.001649|
|         349|   -9.363990|   -8.811530|    0.077716|    0.001649|
|         350|   -9.380519|   -8.828187|    0.077716|    0.001649|
|         351|   -9.397142|   -8.844955|    0.077716|    0.001649|
|         352|   -9.413812|   -8.861782|    0.077716|    0.001649|
|         353|   -9.430477|   -8.878616|    0.077716|    0.001649|
|         354|   -9.447082|   -8.895399|    0.077716|    0.001649|
|         355|   -9.463572|   -8.912075|    0.077716|    0.001649|
|         356|   -9.479893|   -8.928584|    0.077716|    0.001649|
|         357|   -9.495991|   -8.944870|    0.077716|    0.001649|
|         358|   -9.511814|   -8.960877|    0.077716|    0.001649|
|         359|   -9.527315|   -8.976554|    0.077716|    0.001649|
|         360|   -9.542454|   -8.991857|    0.077716|    0.001649|
|         361|   -9.557197|   -9.006747|    0.077716|    0.001649|
|         362|   -9.571519|   -9.021197|    0.077716|    0.001649|
|         363|   -9.585405|   -9.035188|    0.077716|    0.001649|
|         364|   -9.598849|   -9.048713|    0.077716|    0.001649|
|         365|   -9.611859|   -9.061776|    0.077716|    0.001649|
|         366|   -9.624448|   -9.074391|    0.077716|    0.001649|
|         367|   -9.636643|   -9.086583|    0.077716|    0.001649|
|         368|   -9.648475|   -9.098385|    0.077716|    0.001649|
|         369|   -9.659986|   -9.109840|    0.077716|    0.001649|
|         370|   -9.671222|   -9.120995|    0.077716|    0.001649|
|         371|   -9.682232|   -9.131902|    0.077716|    0.001649|
|         372|   -9.693071|   -9.142617|    0.077716|    0.001649|
|         373|   -9.703791|   -9.153198|    0.077716|    0.001649|
|         374|   -9.714449|   -9.163703|    0.077716|    0.001649|
|         375|   -9.725096|   -9.174187|    0.077716|    0.001649|
|         376|   -9.735784|   -9.184706|    0.077716|    0.001649|
|         377|   -9.746561|   -9.195310|    0.077716|    0.001649|
|         378|   -9.757473|   -9.206048|    0.077716|    0.001649|
|         379|   -9.768560|   -9.216964|    0.077716|    0.001649|
|         380|   -9.779858|   -9.228096|    0.077716|    0.001649|
|         381|   -9.791400|   -9.239479|    0.077716|    0.001649|
|         382|   -9.803212|   -9.251142|    0.077716|    0.001649|
|         383|   -9.815317|   -9.263111|    0.077716|    0.001649|
|         384|   -9.827734|   -9.275404|    0.077716|    0.001649|
|         385|   -9.840475|   -9.288036|    0.077716|    0.001649|
|         386|   -9.853549|   -9.301017|    0.077716|    0.001649|
|         387|   -9.866960|   -9.314353|    0.077716|    0.001649|
|         388|   -9.880707|   -9.328043|    0.077716|    0.001649|
|         389|   -9.894784|   -9.342083|    0.077716|    0.001649|
|         390|   -9.909181|   -9.356465|    0.077716|    0.001649|
|         391|   -9.923885|   -9.371173|    0.077716|    0.001649|
|         392|   -9.938875|   -9.386189|    0.077716|    0.001649|
|         393|   -9.954128|   -9.401489|    0.077716|    0.001649|
|         394|   -9.969616|   -9.417045|    0.077716|    0.001649|
|         395|   -9.985305|   -9.432825|    0.077716|    0.001649|
|         396|  -10.001158|   -9.448789|    0.077716|    0.001649|
|         397|  -10.017135|   -9.464897|    0.077716|    0.001649|
|         398|  -10.033190|   -9.481102|    0.077716|    0.001649|
|         399|  -10.049276|   -9.497355|    0.077716|    0.001649|
|         400|  -10.065343|   -9.513603|    0.077716|    0.001649|
|         401|  -10.081336|   -9.529790|    0.077716|    0.001649|
|         402|  -10.097205|   -9.545861|    0.077716|    0.001649|
|         403|  -10.112895|   -9.561759|    0.077716|    0.001649|
|         404|  -10.128356|   -9.577429|    0.077716|    0.001649|
|         405|  -10.143539|   -9.592818|    0.077716|    0.001649|
|         406|  -10.158403|   -9.607880|    0.077716|    0.001649|
|         407|  -10.172908|   -9.622571|    0.077716|    0.001649|
|         408|  -10.187027|   -9.636858|    0.077716|    0.001649|
|         409|  -10.200738|   -9.650716|    0.077716|    0.001649|
|         410|  -10.214029|   -9.664129|    0.077716|    0.001649|
|         411|  -10.226898|   -9.677094|    0.077716|    0.001649|
|         412|  -10.239355|   -9.689616|    0.077716|    0.001649|
|         413|  -10.251416|   -9.701712|    0.077716|    0.001649|
|         414|  -10.263108|   -9.713409|    0.077716|    0.001649|
|         415|  -10.274465|   -9.724741|    0.077716|    0.001649|
|         416|  -10.285528|   -9.735749|    0.077716|    0.001649|
|         417|  -10.296341|   -9.746480|    0.077716|    0.001649|
|         418|  -10.306953|   -9.756986|    0.077716|    0.001649|
|         419|  -10.317416|   -9.767322|    0.077716|    0.001649|
|         420|  -10.327780|   -9.777541|    0.077716|    0.001649|
|         421|  -10.338099|   -9.787699|    0.077716|    0.001649|
|         422|  -10.348421|   -9.797850|    0.077716|    0.001649|
|         423|  -10.358796|   -9.808046|    0.077716|    0.001649|
|         424|  -10.369268|   -9.818335|    0.077716|    0.001649|
|         425|  -10.379880|   -9.828763|    0.077716|    0.001649|
|         426|  -10.390668|   -9.839370|    0.077716|    0.001649|
|         427|  -10.401669|   -9.850193|    0.077716|    0.001649|
|         428|  -10.412910|   -9.861265|    0.077716|    0.001649|
|         429|  -10.424418|   -9.872613|    0.077716|    0.001649|
|         430|  -10.436213|   -9.884261|    0.077716|    0.001649|
|         431|  -10.448313|   -9.896226|    0.077716|    0.001649|
|         432|  -10.460730|   -9.908523|    0.077716|    0.001649|
|         433|  -10.473471|   -9.921161|    0.077716|    0.001649|
|         434|  -10.486541|   -9.934145|    0.077716|    0.001649|
|         435|  -10.499940|   -9.947476|    0.077716|    0.001649|
|         436|  -10.513662|   -9.961151|    0.077716|    0.001649|
|         437|  -10.527701|   -9.975161|    0.077716|    0.001649|
|         438|  -10.542042|   -9.989494|    0.077716|    0.001649|
|         439|  -10.556670|  -10.004135|    0.077716|    0.001649|
|         440|  -10.571565|  -10.019062|    0.077716|    0.001649|
|         441|  -10.586701|  -10.034251|    0.077716|    0.001649|
|         442|  -10.602051|  -10.049674|    0.077716|    0.001649|
|         443|  -10.617583|  -10.065299|    0.077716|    0.001649|
|         444|  -10.633262|  -10.081088|    0.077716|    0.001649|
|         445|  -10.649050|  -10.097004|    0.077716|    0.001649|
|         446|  -10.664905|  -10.113003|    0.077716|    0.001649|
|         447|  -10.680785|  -10.129039|    0.077716|    0.001649|
|         448|  -10.696644|  -10.145066|    0.077716|    0.001649|
|         449|  -10.712437|  -10.161035|    0.077716|    0.001649|
|         450|  -10.728117|  -10.176897|    0.077716|    0.001649|
|         451|  -10.743640|  -10.192603|    0.077716|    0.001649|
|         452|  -10.758962|  -10.208105|    0.077716|    0.001649|
|         453|  -10.774044|  -10.223361|    0.077716|    0.001649|
|         454|  -10.788850|  -10.238331|    0.077716|    0.001649|
|         455|  -10.803350|  -10.252980|    0.077716|    0.001649|
|         456|  -10.817519|  -10.267281|    0.077716|    0.001649|
|         457|  -10.831343|  -10.281215|    0.077716|    0.001649|
|         458|  -10.844813|  -10.294771|    0.077716|    0.001649|
|         459|  -10.857928|  -10.307946|    0.077716|    0.001649|
|         460|  -10.870697|  -10.320749|    0.077716|    0.001649|
|         461|  -10.883135|  -10.333194|    0.077716|    0.001649|
|         462|  -10.895266|  -10.345304|    0.077716|    0.001649|
|         463|  -10.907118|  -10.357108|    0.077716|    0.001649|
|         464|  -10.918726|  -10.368644|    0.077716|    0.001649|
|         465|  -10.930128|  -10.379950|    0.077716|    0.001649|
|         466|  -10.941365|  -10.391071|    0.077716|    0.001649|
|         467|  -10.952481|  -10.402053|    0.077716|    0.001649|
|         468|  -10.963521|  -10.412943|    0.077716|    0.001649|
|         469|  -10.974527|  -10.423789|    0.077716|    0.001649|
|         470|  -10.985546|  -10.434637|    0.077716|    0.001649|
|         471|  -10.996617|  -10.445534|    0.077716|    0.001649|
|         472|  -11.007782|  -10.456521|    0.077716|    0.001649|
|         473|  -11.019077|  -10.467640|    0.077716|    0.001649|
|         474|  -11.030537|  -10.478926|    0.077716|    0.001649|
|         475|  -11.042193|  -10.490414|    0.077716|    0.001649|
|         476|  -11.054071|  -10.502132|    0.077716|    0.001649|
|         477|  -11.066195|  -10.514107|    0.077716|    0.001649|
|         478|  -11.078586|  -10.526360|    0.077716|    0.001649|
|         479|  -11.091260|  -10.538908|    0.077716|    0.001649|
|         480|  -11.104228|  -10.551767|    0.077716|    0.001649|
|         481|  -11.117499|  -10.564944|    0.077716|    0.001649|
|         482|  -11.131078|  -10.578446|    0.077716|    0.001649|
|         483|  -11.144965|  -10.592275|    0.077716|    0.001649|
|         484|  -11.159158|  -10.606428|    0.077716|    0.001649|
|         485|  -11.173651|  -10.620899|    0.077716|    0.001649|
|         486|  -11.188431|  -10.635678|    0.077716|    0.001649|
|         487|  -11.203486|  -10.650751|    0.077716|    0.001649|
|         488|  -11.218796|  -10.666100|    0.077716|    0.001649|
|         489|  -11.234341|  -10.681702|    0.077716|    0.001649|
|         490|  -11.250095|  -10.697532|    0.077716|    0.001649|
|         491|  -11.266028|  -10.713561|    0.077716|    0.001649|
|         492|  -11.282108|  -10.729754|    0.077716|    0.001649|
|         493|  -11.298300|  -10.746075|    0.077716|    0.001649|
|         494|  -11.314564|  -10.762484|    0.077716|    0.001649|
|         495|  -11.330861|  -10.778938|    0.077716|    0.001649|
|         496|  -11.347146|  -10.795391|    0.077716|    0.001649|
|         497|  -11.363375|  -10.811797|    0.077716|    0.001649|
|         498|  -11.379504|  -10.828107|    0.077716|    0.001649|
|         499|  -11.395487|  -10.844274|    0.077716|    0.001649|
|         500|  -11.411282|  -10.860250|    0.077716|    0.001649|
+-----------------------------------------------------------------------+
|        File Writing Summary       |              Filename             |
+-----------------------------------------------------------------------+
|SU2 binary restart                 |restart_flow.dat                   |
|Paraview                           |flow.vtu                           |
|Paraview surface                   |surface_flow.vtu                   |
|CSV file                           |surface_flow.csv                   |
+-----------------------------------------------------------------------+
+----------------------------------------------------------------+
|  Inner_Iter|    rms[Rho]|   rms[RhoE]|          CL|          CD|
+----------------------------------------------------------------+
|         501|  -11.426847|  -10.875991|    0.077716|    0.001649|
|         502|  -11.442145|  -10.891455|    0.077716|    0.001649|
|         503|  -11.457143|  -10.906606|    0.077716|    0.001649|
|         504|  -11.471814|  -10.921414|    0.077716|    0.001649|
|         505|  -11.486140|  -10.935855|    0.077716|    0.001649|
|         506|  -11.500107|  -10.949915|    0.077716|    0.001649|
|         507|  -11.513713|  -10.963588|    0.077716|    0.001649|
|         508|  -11.526959|  -10.976876|    0.077716|    0.001649|
|         509|  -11.539859|  -10.989790|    0.077716|    0.001649|
|         510|  -11.552432|  -11.002350|    0.077716|    0.001649|
|         511|  -11.564702|  -11.014581|    0.077716|    0.001649|
|         512|  -11.576702|  -11.026518|    0.077716|    0.001649|
|         513|  -11.588468|  -11.038196|    0.077716|    0.001649|
|         514|  -11.600040|  -11.049660|    0.077716|    0.001649|
|         515|  -11.611461|  -11.060954|    0.077716|    0.001649|
|         516|  -11.622774|  -11.072125|    0.077716|    0.001649|
|         517|  -11.634025|  -11.083221|    0.077716|    0.001649|
|         518|  -11.645258|  -11.094290|    0.077716|    0.001649|
|         519|  -11.656516|  -11.105379|    0.077716|    0.001649|
|         520|  -11.667842|  -11.116532|    0.077716|    0.001649|
|         521|  -11.679274|  -11.127791|    0.077716|    0.001649|
|         522|  -11.690849|  -11.139196|    0.077716|    0.001649|
|         523|  -11.702600|  -11.150782|    0.077716|    0.001649|
|         524|  -11.714557|  -11.162581|    0.077716|    0.001649|
|         525|  -11.726746|  -11.174622|    0.077716|    0.001649|
|         526|  -11.739189|  -11.186928|    0.077716|    0.001649|
|         527|  -11.751905|  -11.199520|    0.077716|    0.001649|
|         528|  -11.764908|  -11.212414|    0.077716|    0.001649|
|         529|  -11.778209|  -11.225621|    0.077716|    0.001649|
|         530|  -11.791815|  -11.239150|    0.077716|    0.001649|
|         531|  -11.805729|  -11.253004|    0.077716|    0.001649|
|         532|  -11.819949|  -11.267183|    0.077716|    0.001649|
|         533|  -11.834471|  -11.281682|    0.077716|    0.001649|
|         534|  -11.849285|  -11.296493|    0.077716|    0.001649|
|         535|  -11.864377|  -11.311602|    0.077716|    0.001649|
|         536|  -11.879732|  -11.326993|    0.077716|    0.001649|
|         537|  -11.895327|  -11.342644|    0.077716|    0.001649|
|         538|  -11.911138|  -11.358530|    0.077716|    0.001649|
|         539|  -11.927134|  -11.374621|    0.077716|    0.001649|
|         540|  -11.943284|  -11.390883|    0.077716|    0.001649|
|         541|  -11.959550|  -11.407279|    0.077716|    0.001649|
|         542|  -11.975892|  -11.423767|    0.077716|    0.001649|
|         543|  -11.992267|  -11.440302|    0.077716|    0.001649|
|         544|  -12.008631|  -11.456836|    0.077716|    0.001649|
|         545|  -12.024934|  -11.473320|    0.077716|    0.001649|
|         546|  -12.041129|  -11.489702|    0.077716|    0.001649|
|         547|  -12.057168|  -11.505931|    0.077716|    0.001649|
|         548|  -12.073002|  -11.521955|    0.077716|    0.001649|
|         549|  -12.088587|  -11.537725|    0.077716|    0.001649|
|         550|  -12.103882|  -11.553196|    0.077716|    0.001649|
|         551|  -12.118849|  -11.568327|    0.077716|    0.001649|
|         552|  -12.133458|  -11.583084|    0.077716|    0.001649|
|         553|  -12.147688|  -11.597441|    0.077716|    0.001649|
|         554|  -12.161523|  -11.611380|    0.077716|    0.001649|
|         555|  -12.174957|  -11.624894|    0.077716|    0.001649|
|         556|  -12.187994|  -11.637984|    0.077716|    0.001649|
|         557|  -12.200645|  -11.650661|    0.077716|    0.001649|
|         558|  -12.212931|  -11.662944|    0.077716|    0.001649|
|         559|  -12.224880|  -11.674863|    0.077716|    0.001649|
|         560|  -12.236525|  -11.686452|    0.077716|    0.001649|
|         561|  -12.247906|  -11.697753|    0.077716|    0.001649|
|         562|  -12.259067|  -11.708813|    0.077716|    0.001649|
|         563|  -12.270054|  -11.719678|    0.077716|    0.001649|
|         564|  -12.280916|  -11.730402|    0.077716|    0.001649|
|         565|  -12.291700|  -11.741035|    0.077716|    0.001649|
|         566|  -12.302457|  -11.751632|    0.077716|    0.001649|
|         567|  -12.313234|  -11.762241|    0.077716|    0.001649|
|         568|  -12.324075|  -11.772911|    0.077716|    0.001649|
|         569|  -12.335022|  -11.783686|    0.077716|    0.001649|
|         570|  -12.346117|  -11.794611|    0.077716|    0.001649|
|         571|  -12.357393|  -11.805722|    0.077716|    0.001649|
|         572|  -12.368884|  -11.817054|    0.077716|    0.001649|
|         573|  -12.380616|  -11.828637|    0.077716|    0.001649|
|         574|  -12.392614|  -11.840496|    0.077716|    0.001649|
|         575|  -12.404898|  -11.852655|    0.077716|    0.001649|
|         576|  -12.417484|  -11.865128|    0.077716|    0.001649|
|         577|  -12.430382|  -11.877929|    0.077716|    0.001649|
|         578|  -12.443600|  -11.891066|    0.077716|    0.001649|
|         579|  -12.457143|  -11.904545|    0.077716|    0.001649|
|         580|  -12.471007|  -11.918363|    0.077716|    0.001649|
|         581|  -12.485190|  -11.932518|    0.077716|    0.001649|
|         582|  -12.499680|  -11.947000|    0.077716|    0.001649|
|         583|  -12.514466|  -11.961796|    0.077716|    0.001649|
|         584|  -12.529530|  -11.976890|    0.077716|    0.001649|
|         585|  -12.544850|  -11.992259|    0.077716|    0.001649|
|         586|  -12.560402|  -12.007879|    0.077716|    0.001649|
|         587|  -12.576154|  -12.023719|    0.077716|    0.001649|
|         588|  -12.592073|  -12.039743|    0.077716|    0.001649|
|         589|  -12.608123|  -12.055915|    0.077716|    0.001649|
|         590|  -12.624262|  -12.072192|    0.077716|    0.001649|
|         591|  -12.640446|  -12.088528|    0.077716|    0.001649|
|         592|  -12.656628|  -12.104875|    0.077716|    0.001649|
|         593|  -12.672762|  -12.121182|    0.077716|    0.001649|
|         594|  -12.688795|  -12.137395|    0.077716|    0.001649|
|         595|  -12.704679|  -12.153464|    0.077716|    0.001649|
|         596|  -12.720366|  -12.169336|    0.077716|    0.001649|
|         597|  -12.735807|  -12.184958|    0.077716|    0.001649|
|         598|  -12.750961|  -12.200285|    0.077716|    0.001649|
|         599|  -12.765792|  -12.215275|    0.077716|    0.001649|
|         600|  -12.780264|  -12.229893|    0.077716|    0.001649|
|         601|  -12.794358|  -12.244113|    0.077716|    0.001649|
|         602|  -12.808057|  -12.257916|    0.077716|    0.001649|
|         603|  -12.821352|  -12.271290|    0.077716|    0.001649|
|         604|  -12.834248|  -12.284239|    0.077716|    0.001649|
|         605|  -12.846759|  -12.296776|    0.077716|    0.001649|
|         606|  -12.858902|  -12.308917|    0.077716|    0.001649|
|         607|  -12.870704|  -12.320689|    0.077716|    0.001649|
|         608|  -12.882206|  -12.332137|    0.077716|    0.001649|
|         609|  -12.893441|  -12.343293|    0.077716|    0.001649|
|         610|  -12.904458|  -12.354208|    0.077716|    0.001649|
|         611|  -12.915302|  -12.364933|    0.077716|    0.001649|
|         612|  -12.926023|  -12.375517|    0.077716|    0.001649|
|         613|  -12.936673|  -12.386016|    0.077716|    0.001649|
|         614|  -12.947299|  -12.396479|    0.077716|    0.001649|
|         615|  -12.957949|  -12.406961|    0.077716|    0.001649|
|         616|  -12.968670|  -12.417509|    0.077716|    0.001649|
|         617|  -12.979504|  -12.428169|    0.077716|    0.001649|
|         618|  -12.990496|  -12.438988|    0.077716|    0.001649|
|         619|  -13.001676|  -12.449999|    0.077716|    0.001649|

----------------------------- Solver Exit -------------------------------
All convergence criteria satisfied.
+-----------------------------------------------------------------------+
|      Convergence Field     |     Value    |   Criterion  |  Converged |
+-----------------------------------------------------------------------+
|                    rms[Rho]|      -13.0017|         < -13|         Yes|
+-----------------------------------------------------------------------+
-------------------------------------------------------------------------
+-----------------------------------------------------------------------+
|        File Writing Summary       |              Filename             |
+-----------------------------------------------------------------------+
|SU2 binary restart                 |restart_flow.dat                   |
|Paraview                           |flow.vtu                           |
|Paraview surface                   |surface_flow.vtu                   |
|CSV file                           |surface_flow.csv                   |
+-----------------------------------------------------------------------+

--------------------------- Finalizing Solver ---------------------------
Deleted CNumerics container.
Deleted CIntegration container.
Deleted CSolver container.
Deleted CIteration container.
Deleted CInterface container.
Deleted CGeometry container.
Deleted CFreeFormDefBox class.
Deleted CSurfaceMovement class.
Deleted CVolumetricMovement class.
Deleted CConfig container.
Deleted nInst container.
Deleted COutput class.
-------------------------------------------------------------------------

------------------------- Exit Success (SU2_CFD) ------------------------

