
-------------------------------------------------------------------------
|    ___ _   _ ___                                                      |
|   / __| | | |_  )   Release 8.3.0 "Harrier"                           |
|   \__ \ |_| |/ /                                                      |
|   |___/\___//___|   Suite (Computational Fluid Dynamics Code)         |
|                                                                       |
-------------------------------------------------------------------------
| SU2 Project Website: https://su2code.github.io                        |
|                                                                       |
| The SU2 Project is maintained by the SU2 Foundation                   |
| (http://su2foundation.org)                                            |
-------------------------------------------------------------------------
| Copyright 2012-2025, SU2 Contributors                                 |
|                                                                       |
| SU2 is free software; you can redistribute it and/or                  |
| modify it under the terms of the GNU Lesser General Public            |
| License as published by the Free Software Foundation; either          |
| version 2.1 of the License, or (at your option) any later version.    |
|                                                                       |
| SU2 is distributed in the hope that it will be useful,                |
| but WITHOUT ANY WARRANTY; without even the implied warranty of        |
| MERCHANTABILITY or FITNESS FOR A PARTICULAR PURPOSE. See the GNU      |
| Lesser General Public License for more details.                       |
|                                                                       |
| You should have received a copy of the GNU Lesser General Public      |
| License along with SU2. If not, see <http://www.gnu.org/licenses/>.   |
-------------------------------------------------------------------------

Parsing config file for zone 0

----------------- Physical Case Definition ( Zone 0 ) -------------------
Compressible Euler equations.
Mach number: 0.8.
Angle of attack (AoA): 1.25 deg, and angle of sideslip (AoS): 0 deg.
Reading and writing binary SU2 native restart files.
Read flow solution from: solution_flow.
Non-Dimensional simulation (P=1.0, Rho=1.0, T=1.0 at the farfield).
The reference area is 1 m^2.
The semi-span will be computed using the max y(3D) value.
The reference length is 1 m.
Reference origin for moment evaluation is (0.25, 0, 0).
Surface(s) where the force coefficients are evaluated: airfoil.

Surface(s) plotted in the output file: airfoil.
Surface(s) affected by the design variables: airfoil.
Input mesh file name: mesh_NACA0012_inv_deform.su2

--------------- Space Numerical Integration ( Zone 0 ) ------------------
Jameson-Schmidt-Turkel scheme (2nd order in space) for the flow inviscid terms.
JST viscous coefficients (2nd & 4th): 0.5, 0.02.
The method includes a grid stretching correction (p = 0.3).
Gradient for viscous and source terms: Green-Gauss.

--------------- Time Numerical Integration  ( Zone 0 ) ------------------
Local time stepping (steady state simulation).
Euler implicit method for the flow equations.
FGMRES is used for solving the linear system.
Using a LU-SGS preconditioning.
Convergence criteria of the linear solver: 0.0001.
Max number of linear iterations: 2.
V Multigrid Cycle, with 2 multigrid levels.
Damping factor for the residual restriction: 1.
Damping factor for the correction prolongation: 1.
No CFL adaptation.
+-------------------------------------------+
|  MG Level| Presmooth|PostSmooth|CorrectSmo|
+-------------------------------------------+
|         0|         1|         0|         0|
|         1|         2|         0|         0|
|         2|         3|         0|         0|
+-------------------------------------------+
Courant-Friedrichs-Lewy number:       10

------------------ Convergence Criteria  ( Zone 0 ) ---------------------
Maximum number of solver subiterations: 1000.
Begin convergence monitoring at iteration 10.
Residual minimum value: 1e-13.
Cauchy series min. value: 1e-06.
Number of Cauchy elements: 100.
Begin windowed time average at iteration 0.

-------------------- Output Information ( Zone 0 ) ----------------------
File writing frequency: 
+------------------------------------+
|                     File| Frequency|
+------------------------------------+
|                  RESTART|       250|
|                 PARAVIEW|       250|
|         SURFACE_PARAVIEW|       250|
|              SURFACE_CSV|       250|
+------------------------------------+
Writing the convergence history file every 1 inner iterations.
Writing the screen convergence history every 1 inner iterations.
The tabular file format is CSV (.csv).
Convergence history file name: history_direct.
Forces breakdown file name: forces_breakdown.dat.
Surface file name: surface_flow.
Volume file name: flow.
Restart file name: restart_flow.

------------- Config File Boundary Information ( Zone 0 ) ---------------
+-----------------------------------------------------------------------+
|                        Marker Type|                        Marker Name|
+-----------------------------------------------------------------------+
|                         Euler wall|                            airfoil|
+-----------------------------------------------------------------------+
|                          Far-field|                           farfield|
+-----------------------------------------------------------------------+

-------------------- Output Preprocessing ( Zone 0 ) --------------------

WARNING: SURFACE_PRESSURE_DROP can only be computed for at least 2 surfaces (outlet, inlet, ...)

Screen output fields: INNER_ITER, RMS_DENSITY, RMS_ENERGY, LIFT, DRAG
History output group(s): ITER, RMS_RES, AERO_COEFF
Convergence field(s): RMS_DENSITY
Warning: No (valid) fields chosen for time convergence monitoring. Time convergence monitoring inactive.
Volume output fields: COORDINATES, SOLUTION, PRIMITIVE

------------------- Geometry Preprocessing ( Zone 0 ) -------------------
Two dimensional problem.
5233 grid points.
10216 volume elements.
2 surface markers.
200 boundary elements in index 0 (Marker = airfoil).
50 boundary elements in index 1 (Marker = farfield).
10216 triangles.
Setting point connectivity.
Renumbering points (Reverse Cuthill McKee Ordering).
Recomputing point connectivity.
Setting element connectivity.
Checking the numerical grid orientation.
All volume elements are correctly oriented.
All surface elements are correctly oriented.
Identifying edges and vertices.
Setting the control volume structure.
Area of the computational grid: 1253.25.
Searching for the closest normal neighbors to the surfaces.
Storing a mapping from global to local point index.
Compute the surface curvature.
Max K: 7835.1. Mean K: 35.105. Standard deviation K: 494.427.
Checking for periodicity.
Computing mesh quality statistics for the dual control volumes.
+--------------------------------------------------------------+
|           Mesh Quality Metric|        Minimum|        Maximum|
+--------------------------------------------------------------+
|    Orthogonality Angle (deg.)|        62.8595|        89.7459|
|     CV Face Area Aspect Ratio|         1.0104|          7.182|
|           CV Sub-Volume Ratio|        1.00278|        6.47684|
+--------------------------------------------------------------+
Setting the multigrid structure.
+-------------------------------------------+
|  MG Level|       CVs|Aggl. Rate|       CFL|
+-------------------------------------------+
|         0|      5233|    1/1.00|        10|
|         1|      1690|     1/3.1|   8.52431|
|         2|       649|     1/2.6|   7.92373|
+-------------------------------------------+
Finding max control volume width.
Wetted area = 2.03871 m.
Area projection in the x-plane = 0.113965 m, y-plane = 0.999845 m.
Max. coordinate in the x-direction = 1 m, y-direction = 0.0511004 m.
Min. coordinate in the x-direction = 0 m, y-direction = -0.062868 m.
Computing wall distances.

-------------------- Solver Preprocessing ( Zone 0 ) --------------------
Inviscid flow: Computing density based on free-stream
temperature and pressure using the ideal gas law.
Force coefficients computed using free-stream values.

-- Models:
+------------------------------------------------------------------------------+
|          Viscosity Model|        Conductivity Model|              Fluid Model|
+------------------------------------------------------------------------------+
|                        -|                         -|             STANDARD_AIR|
+------------------------------------------------------------------------------+
-- Fluid properties:
+------------------------------------------------------------------------------+
|                  Name|    Dim. value|    Ref. value|      Unit|Non-dim. value|
+------------------------------------------------------------------------------+
|          Gas Constant|       287.058|       287.058|  N.m/kg.K|             1|
|      Spec. Heat Ratio|             -|             -|         -|           1.4|
+------------------------------------------------------------------------------+
-- Initial and free-stream conditions:
+------------------------------------------------------------------------------+
|                  Name|    Dim. value|    Ref. value|      Unit|Non-dim. value|
+------------------------------------------------------------------------------+
|       Static Pressure|        101325|        101325|        Pa|             1|
|               Density|       1.22498|       1.22498|    kg/m^3|             1|
|           Temperature|        288.15|        288.15|         K|             1|
|          Total Energy|        243846|       82715.8|   m^2/s^2|         2.948|
|            Velocity-X|       272.173|       287.603|       m/s|      0.946348|
|            Velocity-Y|       5.93883|       287.603|       m/s|     0.0206494|
|    Velocity Magnitude|       272.238|       287.603|       m/s|      0.946573|
+------------------------------------------------------------------------------+
|           Mach Number|             -|             -|         -|           0.8|
+------------------------------------------------------------------------------+
Initialize Jacobian structure (Euler). MG level: 0.
Initialize Jacobian structure (Euler). MG level: 1.
Initialize Jacobian structure (Euler). MG level: 2.

------------------- Numerics Preprocessing ( Zone 0 ) -------------------

----------------- Integration Preprocessing ( Zone 0 ) ------------------

------------------- Iteration Preprocessing ( Zone 0 ) ------------------
Euler/Navier-Stokes/RANS fluid iteration.

------------------------------ Begin Solver -----------------------------

Simulation Run using the Single-zone Driver
WARNING: SU2 was not compiled for an AVX-capable architecture. Performance could be better,
         see https://su2code.github.io/docs_v7/Build-SU2-Linux-MacOS/#compiler-optimizations
WARNING: SU2 was not compiled for an AVX-capable architecture. Performance could be better,
         see https://su2code.github.io/docs_v7/Build-SU2-Linux-MacOS/#compiler-optimizations
WARNING: SU2 was not compiled for an AVX-capable architecture. Performance could be better,
         see https://su2code.github.io/docs_v7/Build-SU2-Linux-MacOS/#compiler-optimizations
+----------------------------------------------------------------+
|  Inner_Iter|    rms[Rho]|   rms[RhoE]|          CL|          CD|
+----------------------------------------------------------------+
|           0|   -4.750750|   -4.154370|    0.079056|    0.005887|
|           1|   -5.023362|   -4.422397|    0.081349|    0.003594|
|           2|   -4.952575|   -4.368372|    0.088447|    0.003280|
|           3|   -4.953346|   -4.366226|    0.087264|    0.003535|
|           4|   -4.921172|   -4.337932|    0.088031|    0.003367|
|           5|   -4.928077|   -4.355668|    0.092186|    0.003321|
|           6|   -4.910401|   -4.342013|    0.094552|    0.003186|
|           7|   -4.891525|   -4.323134|    0.096419|    0.003075|
|           8|   -4.878118|   -4.312436|    0.098748|    0.003011|
|           9|   -4.870448|   -4.308320|    0.101038|    0.002930|
|          10|   -4.862216|   -4.301798|    0.103131|    0.002847|
|          11|   -4.855931|   -4.296899|    0.105044|    0.002766|
|          12|   -4.853258|   -4.295966|    0.106824|    0.002684|
|          13|   -4.852313|   -4.295990|    0.108536|    0.002605|
|          14|   -4.852338|   -4.295974|    0.110169|    0.002532|
|          15|   -4.852381|   -4.295624|    0.111673|    0.002464|
|          16|   -4.852106|   -4.295181|    0.113045|    0.002398|
|          17|   -4.852128|   -4.295253|    0.114309|    0.002335|
|          18|   -4.852876|   -4.296139|    0.115493|    0.002275|
|          19|   -4.854671|   -4.298009|    0.116614|    0.002218|
|          20|   -4.857868|   -4.301215|    0.117665|    0.002165|
|          21|   -4.863036|   -4.306526|    0.118640|    0.002117|
|          22|   -4.869085|   -4.313105|    0.119551|    0.002073|
|          23|   -4.873910|   -4.318784|    0.120409|    0.002034|
|          24|   -4.876325|   -4.322198|    0.121202|    0.002001|
|          25|   -4.876153|   -4.323067|    0.121921|    0.001974|
|          26|   -4.873833|   -4.321701|    0.122565|    0.001953|
|          27|   -4.871186|   -4.319745|    0.123137|    0.001938|
|          28|   -4.870252|   -4.319241|    0.123653|    0.001928|
|          29|   -4.871924|   -4.321177|    0.124124|    0.001924|
|          30|   -4.876063|   -4.325559|    0.124530|    0.001925|
|          31|   -4.881974|   -4.331837|    0.124886|    0.001929|
|          32|   -4.888614|   -4.338924|    0.125206|    0.001937|
|          33|   -4.895311|   -4.346078|    0.125491|    0.001947|
|          34|   -4.901837|   -4.353033|    0.125747|    0.001959|
|          35|   -4.908373|   -4.359947|    0.125981|    0.001972|
|          36|   -4.915129|   -4.366986|    0.126197|    0.001986|
|          37|   -4.922541|   -4.374592|    0.126393|    0.001999|
|          38|   -4.930308|   -4.382489|    0.126572|    0.002012|
|          39|   -4.938190|   -4.390479|    0.126738|    0.002024|
|          40|   -4.945848|   -4.398278|    0.126894|    0.002034|
|          41|   -4.953133|   -4.405762|    0.127042|    0.002043|
|          42|   -4.959885|   -4.412755|    0.127177|    0.002050|
|          43|   -4.965941|   -4.419014|    0.127302|    0.002054|
|          44|   -4.971730|   -4.424917|    0.127427|    0.002057|
|          45|   -4.977451|   -4.430618|    0.127560|    0.002059|
|          46|   -4.983671|   -4.436681|    0.127707|    0.002061|
|          47|   -4.990605|   -4.443255|    0.127870|    0.002062|
|          48|   -4.998839|   -4.450927|    0.128044|    0.002063|
|          49|   -5.008502|   -4.459890|    0.128231|    0.002063|
|          50|   -5.019928|   -4.470597|    0.128428|    0.002064|
|          51|   -5.033617|   -4.483698|    0.128630|    0.002064|
|          52|   -5.048317|   -4.497791|    0.128828|    0.002065|
|          53|   -5.063663|   -4.512498|    0.129024|    0.002065|
|          54|   -5.079261|   -4.527421|    0.129219|    0.002066|
|          55|   -5.095324|   -4.542790|    0.129411|    0.002068|
|          56|   -5.112405|   -4.559156|    0.129602|    0.002069|
|          57|   -5.133123|   -4.579308|    0.129789|    0.002071|
|          58|   -5.155996|   -4.601553|    0.129971|    0.002073|
|          59|   -5.181154|   -4.626102|    0.130144|    0.002074|
|          60|   -5.208985|   -4.653421|    0.130307|    0.002075|
|          61|   -5.238257|   -4.682240|    0.130456|    0.002075|
|          62|   -5.268147|   -4.711818|    0.130587|    0.002075|
|          63|   -5.297606|   -4.741209|    0.130701|    0.002073|
|          64|   -5.325590|   -4.769433|    0.130794|    0.002071|
|          65|   -5.351279|   -4.795674|    0.130867|    0.002067|
|          66|   -5.374282|   -4.819490|    0.130920|    0.002063|
|          67|   -5.394584|   -4.840748|    0.130952|    0.002058|
|          68|   -5.412727|   -4.859900|    0.130963|    0.002053|
|          69|   -5.429073|   -4.877154|    0.130956|    0.002048|
|          70|   -5.444437|   -4.893191|    0.130932|    0.002042|
|          71|   -5.459563|   -4.908747|    0.130891|    0.002036|
|          72|   -5.474917|   -4.924335|    0.130835|    0.002031|
|          73|   -5.490973|   -4.940462|    0.130768|    0.002025|
|          74|   -5.508089|   -4.957512|    0.130689|    0.002020|
|          75|   -5.525884|   -4.975130|    0.130604|    0.002015|
|          76|   -5.544699|   -4.993741|    0.130513|    0.002011|
|          77|   -5.564639|   -5.013462|    0.130417|    0.002008|
|          78|   -5.585473|   -5.034076|    0.130317|    0.002005|
|          79|   -5.606962|   -5.055381|    0.130216|    0.002003|
|          80|   -5.628909|   -5.077199|    0.130114|    0.002001|
|          81|   -5.650942|   -5.099184|    0.130012|    0.002000|
|          82|   -5.672671|   -5.120950|    0.129913|    0.002000|
|          83|   -5.693795|   -5.142184|    0.129816|    0.002000|
|          84|   -5.714059|   -5.162612|    0.129723|    0.002001|
|          85|   -5.733292|   -5.182052|    0.129633|    0.002001|
|          86|   -5.751428|   -5.200417|    0.129549|    0.002002|
|          87|   -5.768514|   -5.217734|    0.129469|    0.002004|
|          88|   -5.784663|   -5.234099|    0.129393|    0.002005|
|          89|   -5.800058|   -5.249684|    0.129323|    0.002006|
|          90|   -5.814960|   -5.264741|    0.129258|    0.002007|
|          91|   -5.829662|   -5.279563|    0.129198|    0.002008|
|          92|   -5.844329|   -5.294306|    0.129142|    0.002009|
|          93|   -5.859180|   -5.309197|    0.129090|    0.002009|
|          94|   -5.874388|   -5.324423|    0.129042|    0.002010|
|          95|   -5.890094|   -5.340138|    0.128998|    0.002010|
|          96|   -5.906389|   -5.356445|    0.128956|    0.002010|
|          97|   -5.923283|   -5.373365|    0.128917|    0.002010|
|          98|   -5.940726|   -5.390854|    0.128880|    0.002009|
|          99|   -5.958644|   -5.408842|    0.128844|    0.002008|
|         100|   -5.976912|   -5.427202|    0.128809|    0.002007|
|         101|   -5.995390|   -5.445799|    0.128776|    0.002006|
|         102|   -6.013904|   -5.464454|    0.128742|    0.002005|
|         103|   -6.032277|   -5.482978|    0.128709|    0.002004|
|         104|   -6.050356|   -5.501197|    0.128677|    0.002003|
|         105|   -6.068006|   -5.518955|    0.128643|    0.002001|
|         106|   -6.085149|   -5.536170|    0.128610|    0.002000|
|         107|   -6.101768|   -5.552821|    0.128577|    0.001999|
|         108|   -6.117911|   -5.568939|    0.128543|    0.001997|
|         109|   -6.133689|   -5.584623|    0.128509|    0.001996|
|         110|   -6.149218|   -5.599991|    0.128474|    0.001995|
|         111|   -6.164637|   -5.615193|    0.128440|    0.001994|
|         112|   -6.180072|   -5.630376|    0.128406|    0.001993|
|         113|   -6.195657|   -5.645683|    0.128371|    0.001992|
|         114|   -6.211459|   -5.661187|    0.128338|    0.001991|
|         115|   -6.227533|   -5.676965|    0.128304|    0.001990|
|         116|   -6.243880|   -5.693033|    0.128272|    0.001990|
|         117|   -6.260459|   -5.709362|    0.128240|    0.001989|
|         118|   -6.277203|   -5.725891|    0.128209|    0.001989|
|         119|   -6.294016|   -5.742536|    0.128180|    0.001988|
|         120|   -6.310785|   -5.759188|    0.128152|    0.001988|
|         121|   -6.327389|   -5.775727|    0.128125|    0.001988|
|         122|   -6.343772|   -5.792099|    0.128100|    0.001988|
|         123|   -6.359865|   -5.808216|    0.128076|    0.001988|
|         124|   -6.375653|   -5.824059|    0.128054|    0.001988|
|         125|   -6.391170|   -5.839651|    0.128034|    0.001988|
|         126|   -6.406465|   -5.855029|    0.128015|    0.001988|
|         127|   -6.421644|   -5.870286|    0.127998|    0.001988|
|         128|   -6.436817|   -5.885518|    0.127983|    0.001988|
|         129|   -6.452101|   -5.900838|    0.127969|    0.001988|
|         130|   -6.467635|   -5.916388|    0.127957|    0.001988|
|         131|   -6.483539|   -5.932280|    0.127946|    0.001989|
|         132|   -6.499912|   -5.948611|    0.127937|    0.001989|
|         133|   -6.516822|   -5.965451|    0.127929|    0.001989|
|         134|   -6.534303|   -5.982845|    0.127923|    0.001989|
|         135|   -6.552364|   -6.000809|    0.127917|    0.001989|
|         136|   -6.570989|   -6.019334|    0.127912|    0.001990|
|         137|   -6.590133|   -6.038382|    0.127908|    0.001990|
|         138|   -6.609712|   -6.057880|    0.127905|    0.001990|
|         139|   -6.629627|   -6.077734|    0.127903|    0.001990|
|         140|   -6.649745|   -6.097820|    0.127900|    0.001990|
|         141|   -6.669938|   -6.118009|    0.127899|    0.001990|
|         142|   -6.690077|   -6.138175|    0.127897|    0.001990|
|         143|   -6.710038|   -6.158187|    0.127896|    0.001990|
|         144|   -6.730372|   -6.178658|    0.127895|    0.001990|
|         145|   -6.750212|   -6.198600|    0.127894|    0.001990|
|         146|   -6.769524|   -6.218008|    0.127893|    0.001990|
|         147|   -6.788287|   -6.236863|    0.127892|    0.001990|
|         148|   -6.806562|   -6.255211|    0.127890|    0.001990|
|         149|   -6.824473|   -6.273161|    0.127889|    0.001990|
|         150|   -6.842156|   -6.290844|    0.127888|    0.001990|
|         151|   -6.859755|   -6.308403|    0.127886|    0.001990|
|         152|   -6.877412|   -6.325980|    0.127884|    0.001990|
|         153|   -6.895220|   -6.343672|    0.127883|    0.001990|
|         154|   -6.913262|   -6.361573|    0.127881|    0.001990|
|         155|   -6.931589|   -6.379746|    0.127879|    0.001989|
|         156|   -6.950222|   -6.398221|    0.127876|    0.001989|
|         157|   -6.969144|   -6.416990|    0.127874|    0.001989|
|         158|   -6.988306|   -6.436018|    0.127872|    0.001989|
|         159|   -7.007637|   -6.455243|    0.127870|    0.001989|
|         160|   -7.027047|   -6.474584|    0.127867|    0.001989|
|         161|   -7.046427|   -6.493935|    0.127865|    0.001989|
|         162|   -7.065667|   -6.513190|    0.127863|    0.001989|
|         163|   -7.084670|   -6.532249|    0.127861|    0.001989|
|         164|   -7.103356|   -6.551026|    0.127859|    0.001989|
|         165|   -7.121682|   -6.569472|    0.127857|    0.001989|
|         166|   -7.139631|   -6.587559|    0.127855|    0.001989|
|         167|   -7.157215|   -6.605287|    0.127853|    0.001989|
|         168|   -7.174487|   -6.622698|    0.127852|    0.001989|
|         169|   -7.191529|   -6.639866|    0.127851|    0.001989|
|         170|   -7.208449|   -6.656891|    0.127850|    0.001989|
|         171|   -7.225358|   -6.673882|    0.127849|    0.001989|
|         172|   -7.242362|   -6.690942|    0.127848|    0.001989|
|         173|   -7.259558|   -6.708170|    0.127847|    0.001989|
|         174|   -7.277027|   -6.725654|    0.127847|    0.001989|
|         175|   -7.294807|   -6.743433|    0.127846|    0.001989|
|         176|   -7.312900|   -6.761518|    0.127846|    0.001989|
|         177|   -7.331282|   -6.779894|    0.127846|    0.001989|
|         178|   -7.349900|   -6.798516|    0.127846|    0.001989|
|         179|   -7.368667|   -6.817304|    0.127846|    0.001989|
|         180|   -7.387475|   -6.836157|    0.127846|    0.001989|
|         181|   -7.406204|   -6.854956|    0.127846|    0.001989|
|         182|   -7.424723|   -6.873571|    0.127846|    0.001989|
|         183|   -7.442917|   -6.891881|    0.127846|    0.001989|
|         184|   -7.460690|   -6.909783|    0.127846|    0.001989|
|         185|   -7.477977|   -6.927201|    0.127846|    0.001989|
|         186|   -7.494741|   -6.944086|    0.127846|    0.001989|
|         187|   -7.510993|   -6.960439|    0.127846|    0.001989|
|         188|   -7.526791|   -6.976304|    0.127847|    0.001989|
|         189|   -7.542225|   -6.991762|    0.127847|    0.001989|
|         190|   -7.557413|   -7.006927|    0.127847|    0.001989|
|         191|   -7.572489|   -7.021932|    0.127847|    0.001989|
|         192|   -7.587593|   -7.036920|    0.127847|    0.001989|
|         193|   -7.602851|   -7.052024|    0.127847|    0.001989|
|         194|   -7.618370|   -7.067358|    0.127847|    0.001989|
|         195|   -7.634230|   -7.083014|    0.127847|    0.001989|
|         196|   -7.650485|   -7.099058|    0.127847|    0.001989|
|         197|   -7.667152|   -7.115518|    0.127847|    0.001989|
|         198|   -7.684222|   -7.132399|    0.127847|    0.001989|
|         199|   -7.701657|   -7.149671|    0.127847|    0.001989|
|         200|   -7.719392|   -7.167278|    0.127846|    0.001989|
|         201|   -7.737344|   -7.185144|    0.127846|    0.001989|
|         202|   -7.755421|   -7.203181|    0.127846|    0.001989|
|         203|   -7.773526|   -7.221290|    0.127846|    0.001989|
|         204|   -7.791565|   -7.239375|    0.127846|    0.001989|
|         205|   -7.809461|   -7.257354|    0.127846|    0.001989|
|         206|   -7.827156|   -7.275159|    0.127846|    0.001989|
|         207|   -7.844619|   -7.292746|    0.127846|    0.001989|
|         208|   -7.861845|   -7.310101|    0.127846|    0.001989|
|         209|   -7.878855|   -7.327232|    0.127847|    0.001989|
|         210|   -7.895694|   -7.344176|    0.127847|    0.001989|
|         211|   -7.912425|   -7.360987|    0.127847|    0.001989|
|         212|   -7.929118|   -7.377732|    0.127847|    0.001989|
|         213|   -7.945840|   -7.394479|    0.127847|    0.001989|
|         214|   -7.962652|   -7.411289|    0.127847|    0.001989|
|         215|   -7.979597|   -7.428213|    0.127848|    0.001989|
|         216|   -7.996684|   -7.445263|    0.127848|    0.001989|
|         217|   -8.013907|   -7.462443|    0.127848|    0.001989|
|         218|   -8.031231|   -7.479727|    0.127849|    0.001989|
|         219|   -8.048595|   -7.497063|    0.127849|    0.001989|
|         220|   -8.065914|   -7.514376|    0.127849|    0.001989|
|         221|   -8.083088|   -7.531573|    0.127850|    0.001989|
|         222|   -8.100005|   -7.548544|    0.127850|    0.001989|
|         223|   -8.116554|   -7.565180|    0.127850|    0.001989|
|         224|   -8.132653|   -7.581397|    0.127851|    0.001989|
|         225|   -8.148243|   -7.597127|    0.127851|    0.001989|
|         226|   -8.163288|   -7.612326|    0.127851|    0.001989|
|         227|   -8.177796|   -7.626991|    0.127851|    0.001989|
|         228|   -8.191816|   -7.641156|    0.127852|    0.001989|
|         229|   -8.205426|   -7.654890|    0.127852|    0.001989|
|         230|   -8.218712|   -7.668266|    0.127852|    0.001989|
|         231|   -8.231825|   -7.681434|    0.127852|    0.001989|
|         232|   -8.244912|   -7.694536|    0.127853|    0.001989|
|         233|   -8.258106|   -7.707706|    0.127853|    0.001989|
|         234|   -8.271526|   -7.721068|    0.127853|    0.001989|
|         235|   -8.285278|   -7.734730|    0.127853|    0.001989|
|         236|   -8.299439|   -7.748779|    0.127853|    0.001989|
|         237|   -8.314061|   -7.763274|    0.127853|    0.001989|
|         238|   -8.329165|   -7.778246|    0.127853|    0.001989|
|         239|   -8.344747|   -7.793697|    0.127853|    0.001989|
|         240|   -8.360773|   -7.809603|    0.127854|    0.001989|
|         241|   -8.377188|   -7.825914|    0.127854|    0.001989|
|         242|   -8.393916|   -7.842559|    0.127854|    0.001989|
|         243|   -8.410867|   -7.859452|    0.127854|    0.001989|
|         244|   -8.427933|   -7.876482|    0.127854|    0.001989|
|         245|   -8.445032|   -7.893570|    0.127854|    0.001989|
|         246|   -8.462078|   -7.910624|    0.127854|    0.001989|
|         247|   -8.478992|   -7.927560|    0.127854|    0.001989|
|         248|   -8.495716|   -7.944312|    0.127854|    0.001989|
|         249|   -8.512215|   -7.960838|    0.127854|    0.001989|
|         250|   -8.528483|   -7.977122|    0.127854|    0.001989|
+-----------------------------------------------------------------------+
|        File Writing Summary       |              Filename             |
+-----------------------------------------------------------------------+
|SU2 binary restart                 |restart_flow.dat                   |
|Paraview                           |flow.vtu                           |
|Paraview surface                   |surface_flow.vtu                   |
|CSV file                           |surface_flow.csv                   |
+-----------------------------------------------------------------------+
+----------------------------------------------------------------+
|  Inner_Iter|    rms[Rho]|   rms[RhoE]|          CL|          CD|
+----------------------------------------------------------------+
|         251|   -8.544536|   -7.993174|    0.127854|    0.001989|
|         252|   -8.560412|   -8.009029|    0.127854|    0.001989|
|         253|   -8.576168|   -8.024741|    0.127854|    0.001989|
|         254|   -8.591864|   -8.040371|    0.127854|    0.001989|
|         255|   -8.607564|   -8.055986|    0.127854|    0.001989|
|         256|   -8.623328|   -8.071650|    0.127854|    0.001989|
|         257|   -8.639207|   -8.087421|    0.127854|    0.001989|
|         258|   -8.655237|   -8.103345|    0.127854|    0.001989|
|         259|   -8.671439|   -8.119450|    0.127854|    0.001989|
|         260|   -8.687815|   -8.135748|    0.127854|    0.001989|
|         261|   -8.704350|   -8.152229|    0.127854|    0.001989|
|         262|   -8.721012|   -8.168871|    0.127854|    0.001989|
|         263|   -8.737759|   -8.185633|    0.127854|    0.001989|
|         264|   -8.754536|   -8.202466|    0.127854|    0.001989|
|         265|   -8.771287|   -8.219311|    0.127854|    0.001989|
|         266|   -8.787956|   -8.236110|    0.127854|    0.001989|
|         267|   -8.804493|   -8.252809|    0.127854|    0.001989|
|         268|   -8.820859|   -8.269359|    0.127854|    0.001989|
|         269|   -8.837029|   -8.285728|    0.127854|    0.001989|
|         270|   -8.852995|   -8.301895|    0.127854|    0.001989|
|         271|   -8.868762|   -8.317858|    0.127854|    0.001989|
|         272|   -8.884353|   -8.333628|    0.127854|    0.001989|
|         273|   -8.899797|   -8.349231|    0.127854|    0.001989|
|         274|   -8.915133|   -8.364697|    0.127854|    0.001989|
|         275|   -8.930399|   -8.380063|    0.127854|    0.001989|
|         276|   -8.945628|   -8.395361|    0.127854|    0.001989|
|         277|   -8.960848|   -8.410619|    0.127854|    0.001989|
|         278|   -8.976071|   -8.425853|    0.127854|    0.001989|
|         279|   -8.991300|   -8.441071|    0.127854|    0.001989|
|         280|   -9.006522|   -8.456267|    0.127854|    0.001989|
|         281|   -9.021713|   -8.471422|    0.127854|    0.001989|
|         282|   -9.036838|   -8.486508|    0.127854|    0.001989|
|         283|   -9.051858|   -8.501492|    0.127854|    0.001989|
|         284|   -9.066731|   -8.516336|    0.127854|    0.001989|
|         285|   -9.081417|   -8.531004|    0.127854|    0.001989|
|         286|   -9.095884|   -8.545465|    0.127854|    0.001989|
|         287|   -9.110116|   -8.559700|    0.127854|    0.001989|
|         288|   -9.124108|   -8.573704|    0.127854|    0.001989|
|         289|   -9.137875|   -8.587488|    0.127854|    0.001989|
|         290|   -9.151449|   -8.601080|    0.127854|    0.001989|
|         291|   -9.164878|   -8.614521|    0.127854|    0.001989|
|         292|   -9.178224|   -8.627871|    0.127854|    0.001989|
|         293|   -9.191554|   -8.641193|    0.127854|    0.001989|
|         294|   -9.204942|   -8.654559|    0.127854|    0.001989|
|         295|   -9.218461|   -8.668041|    0.127854|    0.001989|
|         296|   -9.232177|   -8.681706|    0.127854|    0.001989|
|         297|   -9.246147|   -8.695614|    0.127854|    0.001989|
|         298|   -9.260417|   -8.709811|    0.127854|    0.001989|
|         299|   -9.275016|   -8.724333|    0.127854|    0.001989|
|         300|   -9.289960|   -8.739197|    0.127854|    0.001989|
|         301|   -9.305247|   -8.754407|    0.127854|    0.001989|
|         302|   -9.320860|   -8.769949|    0.127854|    0.001989|
|         303|   -9.336768|   -8.785796|    0.127854|    0.001989|
|         304|   -9.352930|   -8.801908|    0.127854|    0.001989|
|         305|   -9.369293|   -8.818236|    0.127854|    0.001989|
|         306|   -9.385802|   -8.834724|    0.127854|    0.001989|
|         307|   -9.402396|   -8.851313|    0.127854|    0.001989|
|         308|   -9.419019|   -8.867944|    0.127854|    0.001989|
|         309|   -9.435617|   -8.884564|    0.127854|    0.001989|
|         310|   -9.452148|   -8.901124|    0.127854|    0.001989|
|         311|   -9.468578|   -8.917590|    0.127854|    0.001989|
|         312|   -9.484886|   -8.933936|    0.127854|    0.001989|
|         313|   -9.501061|   -8.950151|    0.127854|    0.001989|
|         314|   -9.517106|   -8.966234|    0.127854|    0.001989|
|         315|   -9.533033|   -8.982194|    0.127854|    0.001989|
|         316|   -9.548858|   -8.998049|    0.127854|    0.001989|
|         317|   -9.564603|   -9.013821|    0.127854|    0.001989|
|         318|   -9.580290|   -9.029533|    0.127854|    0.001989|
|         319|   -9.595939|   -9.045206|    0.127854|    0.001989|
|         320|   -9.611565|   -9.060859|    0.127854|    0.001989|
|         321|   -9.627175|   -9.076501|    0.127854|    0.001989|
|         322|   -9.642770|   -9.092135|    0.127854|    0.001989|
|         323|   -9.658343|   -9.107757|    0.127854|    0.001989|
|         324|   -9.673878|   -9.123353|    0.127854|    0.001989|
|         325|   -9.689357|   -9.138904|    0.127854|    0.001989|
|         326|   -9.704758|   -9.154388|    0.127854|    0.001989|
|         327|   -9.720055|   -9.169778|    0.127854|    0.001989|
|         328|   -9.735229|   -9.185051|    0.127854|    0.001989|
|         329|   -9.750261|   -9.200185|    0.127854|    0.001989|
|         330|   -9.765141|   -9.215164|    0.127854|    0.001989|
|         331|   -9.779866|   -9.229981|    0.127854|    0.001989|
|         332|   -9.794441|   -9.244636|    0.127854|    0.001989|
|         333|   -9.808880|   -9.259139|    0.127854|    0.001989|
|         334|   -9.823203|   -9.273504|    0.127854|    0.001989|
|         335|   -9.837437|   -9.287758|    0.127854|    0.001989|
|         336|   -9.851613|   -9.301927|    0.127854|    0.001989|
|         337|   -9.865762|   -9.316045|    0.127854|    0.001989|
|         338|   -9.879914|   -9.330142|    0.127854|    0.001989|
|         339|   -9.894098|   -9.344249|    0.127854|    0.001989|
|         340|   -9.908336|   -9.358393|    0.127854|    0.001989|
|         341|   -9.922647|   -9.372595|    0.127854|    0.001989|
|         342|   -9.937042|   -9.386873|    0.127854|    0.001989|
|         343|   -9.951527|   -9.401237|    0.127854|    0.001989|
|         344|   -9.966101|   -9.415691|    0.127854|    0.001989|
|         345|   -9.980761|   -9.430236|    0.127854|    0.001989|
|         346|   -9.995500|   -9.444868|    0.127854|    0.001989|
|         347|  -10.010309|   -9.459582|    0.127854|    0.001989|
|         348|  -10.025180|   -9.474370|    0.127854|    0.001989|
|         349|  -10.040106|   -9.489228|    0.127854|    0.001989|
|         350|  -10.055086|   -9.504153|    0.127854|    0.001989|
|         351|  -10.070119|   -9.519144|    0.127854|    0.001989|
|         352|  -10.085212|   -9.534206|    0.127854|    0.001989|
|         353|  -10.100373|   -9.549347|    0.127854|    0.001989|
|         354|  -10.115615|   -9.564577|    0.127854|    0.001989|
|         355|  -10.130955|   -9.579911|    0.127854|    0.001989|
|         356|  -10.146408|   -9.595364|    0.127854|    0.001989|
|         357|  -10.161989|   -9.610949|    0.127854|    0.001989|
|         358|  -10.177712|   -9.626680|    0.127854|    0.001989|
|         359|  -10.193586|   -9.642565|    0.127854|    0.001989|
|         360|  -10.209612|   -9.658607|    0.127854|    0.001989|
|         361|  -10.225788|   -9.674802|    0.127854|    0.001989|
|         362|  -10.242100|   -9.691139|    0.127854|    0.001989|
|         363|  -10.258528|   -9.707600|    0.127854|    0.001989|
|         364|  -10.275046|   -9.724157|    0.127854|    0.001989|
|         365|  -10.291617|   -9.740777|    0.127854|    0.001989|
|         366|  -10.308201|   -9.757419|    0.127854|    0.001989|
|         367|  -10.324754|   -9.774039|    0.127854|    0.001989|
|         368|  -10.341230|   -9.790592|    0.127854|    0.001989|
|         369|  -10.357584|   -9.807030|    0.127854|    0.001989|
|         370|  -10.373775|   -9.823311|    0.127854|    0.001989|
|         371|  -10.389767|   -9.839398|    0.127854|    0.001989|
|         372|  -10.405534|   -9.855262|    0.127854|    0.001989|
|         373|  -10.421058|   -9.870881|    0.127854|    0.001989|
|         374|  -10.436332|   -9.886248|    0.127854|    0.001989|
|         375|  -10.451360|   -9.901362|    0.127854|    0.001989|
|         376|  -10.466155|   -9.916234|    0.127854|    0.001989|
|         377|  -10.480738|   -9.930884|    0.127854|    0.001989|
|         378|  -10.495137|   -9.945339|    0.127854|    0.001989|
|         379|  -10.509383|   -9.959629|    0.127854|    0.001989|
|         380|  -10.523509|   -9.973787|    0.127854|    0.001989|
|         381|  -10.537547|   -9.987846|    0.127854|    0.001989|
|         382|  -10.551527|  -10.001835|    0.127854|    0.001989|
|         383|  -10.565474|  -10.015783|    0.127854|    0.001989|
|         384|  -10.579409|  -10.029712|    0.127854|    0.001989|
|         385|  -10.593350|  -10.043638|    0.127854|    0.001989|
|         386|  -10.607306|  -10.057575|    0.127854|    0.001989|
|         387|  -10.621286|  -10.071530|    0.127854|    0.001989|
|         388|  -10.635292|  -10.085507|    0.127854|    0.001989|
|         389|  -10.649325|  -10.099508|    0.127854|    0.001989|
|         390|  -10.663387|  -10.113531|    0.127854|    0.001989|
|         391|  -10.677476|  -10.127577|    0.127854|    0.001989|
|         392|  -10.691595|  -10.141646|    0.127854|    0.001989|
|         393|  -10.705745|  -10.155741|    0.127854|    0.001989|
|         394|  -10.719933|  -10.169865|    0.127854|    0.001989|
|         395|  -10.734166|  -10.184027|    0.127854|    0.001989|
|         396|  -10.748453|  -10.198237|    0.127854|    0.001989|
|         397|  -10.762808|  -10.212506|    0.127854|    0.001989|
|         398|  -10.777243|  -10.226850|    0.127854|    0.001989|
|         399|  -10.791772|  -10.241282|    0.127854|    0.001989|
|         400|  -10.806406|  -10.255818|    0.127854|    0.001989|
|         401|  -10.821158|  -10.270470|    0.127854|    0.001989|
|         402|  -10.836035|  -10.285251|    0.127854|    0.001989|
|         403|  -10.851045|  -10.300169|    0.127854|    0.001989|
|         404|  -10.866189|  -10.315229|    0.127854|    0.001989|
|         405|  -10.881465|  -10.330432|    0.127854|    0.001989|
|         406|  -10.896870|  -10.345777|    0.127854|    0.001989|
|         407|  -10.912394|  -10.361256|    0.127854|    0.001989|
|         408|  -10.928027|  -10.376860|    0.127854|    0.001989|
|         409|  -10.943755|  -10.392576|    0.127854|    0.001989|
|         410|  -10.959563|  -10.408389|    0.127854|    0.001989|
|         411|  -10.975433|  -10.424283|    0.127854|    0.001989|
|         412|  -10.991350|  -10.440240|    0.127854|    0.001989|
|         413|  -11.007296|  -10.456242|    0.127854|    0.001989|
|         414|  -11.023256|  -10.472271|    0.127854|    0.001989|
|         415|  -11.039215|  -10.488309|    0.127854|    0.001989|
|         416|  -11.055158|  -10.504341|    0.127854|    0.001989|
|         417|  -11.071073|  -10.520350|    0.127854|    0.001989|
|         418|  -11.086948|  -10.536323|    0.127854|    0.001989|
|         419|  -11.102771|  -10.552246|    0.127854|    0.001989|
|         420|  -11.118533|  -10.568106|    0.127854|    0.001989|
|         421|  -11.134220|  -10.583889|    0.127854|    0.001989|
|         422|  -11.149822|  -10.599583|    0.127854|    0.001989|
|         423|  -11.165324|  -10.615172|    0.127854|    0.001989|
|         424|  -11.180714|  -10.630643|    0.127854|    0.001989|
|         425|  -11.195978|  -10.645980|    0.127854|    0.001989|
|         426|  -11.211099|  -10.661168|    0.127854|    0.001989|
|         427|  -11.226065|  -10.676194|    0.127854|    0.001989|
|         428|  -11.240862|  -10.691045|    0.127854|    0.001989|
|         429|  -11.255482|  -10.705709|    0.127854|    0.001989|
|         430|  -11.269915|  -10.720181|    0.127854|    0.001989|
|         431|  -11.284162|  -10.734457|    0.127854|    0.001989|
|         432|  -11.298224|  -10.748540|    0.127854|    0.001989|
|         433|  -11.312110|  -10.762438|    0.127854|    0.001989|
|         434|  -11.325834|  -10.776165|    0.127854|    0.001989|
|         435|  -11.339416|  -10.789741|    0.127854|    0.001989|
|         436|  -11.352881|  -10.803191|    0.127854|    0.001989|
|         437|  -11.366258|  -10.816542|    0.127854|    0.001989|
|         438|  -11.379579|  -10.829828|    0.127854|    0.001989|
|         439|  -11.392876|  -10.843081|    0.127854|    0.001989|
|         440|  -11.406184|  -10.856336|    0.127854|    0.001989|
|         441|  -11.419534|  -10.869627|    0.127854|    0.001989|
|         442|  -11.432959|  -10.882985|    0.127854|    0.001989|
|         443|  -11.446484|  -10.896438|    0.127854|    0.001989|
|         444|  -11.460133|  -10.910012|    0.127854|    0.001989|
|         445|  -11.473925|  -10.923726|    0.127854|    0.001989|
|         446|  -11.487872|  -10.937595|    0.127854|    0.001989|
|         447|  -11.501984|  -10.951630|    0.127854|    0.001989|
|         448|  -11.516264|  -10.965835|    0.127854|    0.001989|
|         449|  -11.530712|  -10.980212|    0.127854|    0.001989|
|         450|  -11.545323|  -10.994756|    0.127854|    0.001989|
|         451|  -11.560089|  -11.009461|    0.127854|    0.001989|
|         452|  -11.575001|  -11.024318|    0.127854|    0.001989|
|         453|  -11.590045|  -11.039314|    0.127854|    0.001989|
|         454|  -11.605208|  -11.054436|    0.127854|    0.001989|
|         455|  -11.620476|  -11.069671|    0.127854|    0.001989|
|         456|  -11.635836|  -11.085005|    0.127854|    0.001989|
|         457|  -11.651273|  -11.100425|    0.127854|    0.001989|
|         458|  -11.666776|  -11.115917|    0.127854|    0.001989|
|         459|  -11.682331|  -11.131470|    0.127854|    0.001989|
|         460|  -11.697927|  -11.147072|    0.127854|    0.001989|
|         461|  -11.713556|  -11.162714|    0.127854|    0.001989|
|         462|  -11.729205|  -11.178385|    0.127854|    0.001989|
|         463|  -11.744866|  -11.194075|    0.127854|    0.001989|
|         464|  -11.760529|  -11.209776|    0.127854|    0.001989|
|         465|  -11.776184|  -11.225477|    0.127854|    0.001989|
|         466|  -11.791820|  -11.241167|    0.127854|    0.001989|
|         467|  -11.807426|  -11.256835|    0.127854|    0.001989|
|         468|  -11.822990|  -11.272469|    0.127854|    0.001989|
|         469|  -11.838499|  -11.288055|    0.127854|    0.001989|
|         470|  -11.853942|  -11.303580|    0.127854|    0.001989|
|         471|  -11.869304|  -11.319031|    0.127854|    0.001989|
|         472|  -11.884575|  -11.334393|    0.127854|    0.001989|
|         473|  -11.899742|  -11.349653|    0.127854|    0.001989|
|         474|  -11.914795|  -11.364801|    0.127854|    0.001989|
|         475|  -11.929728|  -11.379826|    0.127854|    0.001989|
|         476|  -11.944533|  -11.394720|    0.127854|    0.001989|
|         477|  -11.959208|  -11.409477|    0.127854|    0.001989|
|         478|  -11.973751|  -11.424096|    0.127854|    0.001989|
|         479|  -11.988164|  -11.438575|    0.127854|    0.001989|
|         480|  -12.002452|  -11.452918|    0.127854|    0.001989|
|         481|  -12.016621|  -11.467129|    0.127854|    0.001989|
|         482|  -12.030678|  -11.481215|    0.127854|    0.001989|
|         483|  -12.044633|  -11.495185|    0.127854|    0.001989|
|         484|  -12.058498|  -11.509050|    0.127854|    0.001989|
|         485|  -12.072283|  -11.522822|    0.127854|    0.001989|
|         486|  -12.086002|  -11.536514|    0.127854|    0.001989|
|         487|  -12.099667|  -11.550140|    0.127854|    0.001989|
|         488|  -12.113293|  -11.563714|    0.127854|    0.001989|
|         489|  -12.126892|  -11.577252|    0.127854|    0.001989|
|         490|  -12.140478|  -11.590769|    0.127854|    0.001989|
|         491|  -12.154065|  -11.604281|    0.127854|    0.001989|
|         492|  -12.167666|  -11.617801|    0.127854|    0.001989|
|         493|  -12.181295|  -11.631345|    0.127854|    0.001989|
|         494|  -12.194967|  -11.644931|    0.127854|    0.001989|
|         495|  -12.208693|  -11.658571|    0.127854|    0.001989|
|         496|  -12.222490|  -11.672283|    0.127854|    0.001989|
|         497|  -12.236370|  -11.686080|    0.127854|    0.001989|
|         498|  -12.250345|  -11.699976|    0.127854|    0.001989|
|         499|  -12.264430|  -11.713985|    0.127854|    0.001989|
|         500|  -12.278634|  -11.728119|    0.127854|    0.001989|
+-----------------------------------------------------------------------+
|        File Writing Summary       |              Filename             |
+-----------------------------------------------------------------------+
|SU2 binary restart                 |restart_flow.dat                   |
|Paraview                           |flow.vtu                           |
|Paraview surface                   |surface_flow.vtu                   |
|CSV file                           |surface_flow.csv                   |
+-----------------------------------------------------------------------+
+----------------------------------------------------------------+
|  Inner_Iter|    rms[Rho]|   rms[RhoE]|          CL|          CD|
+----------------------------------------------------------------+
|         501|  -12.292967|  -11.742388|    0.127854|    0.001989|
|         502|  -12.307438|  -11.756801|    0.127854|    0.001989|
|         503|  -12.322054|  -11.771367|    0.127854|    0.001989|
|         504|  -12.336815|  -11.786086|    0.127854|    0.001989|
|         505|  -12.351724|  -11.800961|    0.127854|    0.001989|
|         506|  -12.366778|  -11.815991|    0.127854|    0.001989|
|         507|  -12.381972|  -11.831170|    0.127854|    0.001989|
|         508|  -12.397297|  -11.846491|    0.127854|    0.001989|
|         509|  -12.412741|  -11.861941|    0.127854|    0.001989|
|         510|  -12.428290|  -11.877504|    0.127854|    0.001989|
|         511|  -12.443927|  -11.893166|    0.127854|    0.001989|
|         512|  -12.459630|  -11.908906|    0.127854|    0.001989|
|         513|  -12.475380|  -11.924701|    0.127854|    0.001989|
|         514|  -12.491154|  -11.940529|    0.127854|    0.001989|
|         515|  -12.506928|  -11.956367|    0.127854|    0.001989|
|         516|  -12.522681|  -11.972189|    0.127854|    0.001989|
|         517|  -12.538388|  -11.987972|    0.127854|    0.001989|
|         518|  -12.554029|  -12.003696|    0.127854|    0.001989|
|         519|  -12.569584|  -12.019336|    0.127854|    0.001989|
|         520|  -12.585038|  -12.034878|    0.127854|    0.001989|
|         521|  -12.600376|  -12.050304|    0.127854|    0.001989|
|         522|  -12.615585|  -12.065602|    0.127854|    0.001989|
|         523|  -12.630657|  -12.080761|    0.127854|    0.001989|
|         524|  -12.645589|  -12.095776|    0.127854|    0.001989|
|         525|  -12.660377|  -12.110645|    0.127854|    0.001989|
|         526|  -12.675023|  -12.125365|    0.127854|    0.001989|
|         527|  -12.689528|  -12.139938|    0.127854|    0.001989|
|         528|  -12.703901|  -12.154372|    0.127854|    0.001989|
|         529|  -12.718144|  -12.168668|    0.127854|    0.001989|
|         530|  -12.732272|  -12.182842|    0.127854|    0.001989|
|         531|  -12.746289|  -12.196894|    0.127854|    0.001989|
|         532|  -12.760209|  -12.210842|    0.127854|    0.001989|
|         533|  -12.774046|  -12.224695|    0.127854|    0.001989|
|         534|  -12.787809|  -12.238465|    0.127854|    0.001989|
|         535|  -12.801512|  -12.252162|    0.127854|    0.001989|
|         536|  -12.815171|  -12.265806|    0.127854|    0.001989|
|         537|  -12.828797|  -12.279407|    0.127854|    0.001989|
|         538|  -12.842401|  -12.292974|    0.127854|    0.001989|
|         539|  -12.856004|  -12.306531|    0.127854|    0.001989|
|         540|  -12.869616|  -12.320086|    0.127854|    0.001989|
|         541|  -12.883252|  -12.333657|    0.127854|    0.001989|
|         542|  -12.896927|  -12.347256|    0.127854|    0.001989|
|         543|  -12.910649|  -12.360898|    0.127854|    0.001989|
|         544|  -12.924436|  -12.374596|    0.127854|    0.001989|
|         545|  -12.938297|  -12.388365|    0.127854|    0.001989|
|         546|  -12.952242|  -12.402214|    0.127854|    0.001989|
|         547|  -12.966280|  -12.416156|    0.127854|    0.001989|
|         548|  -12.980423|  -12.430201|    0.127854|    0.001989|
|         549|  -12.994674|  -12.444355|    0.127854|    0.001989|
|         550|  -13.009036|  -12.458625|    0.127854|    0.001989|

----------------------------- Solver Exit -------------------------------
All convergence criteria satisfied.
+-----------------------------------------------------------------------+
|      Convergence Field     |     Value    |   Criterion  |  Converged |
+-----------------------------------------------------------------------+
|                    rms[Rho]|       -13.009|         < -13|         Yes|
+-----------------------------------------------------------------------+
-------------------------------------------------------------------------
+-----------------------------------------------------------------------+
|        File Writing Summary       |              Filename             |
+-----------------------------------------------------------------------+
|SU2 binary restart                 |restart_flow.dat                   |
|Paraview                           |flow.vtu                           |
|Paraview surface                   |surface_flow.vtu                   |
|CSV file                           |surface_flow.csv                   |
+-----------------------------------------------------------------------+

--------------------------- Finalizing Solver ---------------------------
Deleted CNumerics container.
Deleted CIntegration container.
Deleted CSolver container.
Deleted CIteration container.
Deleted CInterface container.
Deleted CGeometry container.
Deleted CFreeFormDefBox class.
Deleted CSurfaceMovement class.
Deleted CVolumetricMovement class.
Deleted CConfig container.
Deleted nInst container.
Deleted COutput class.
-------------------------------------------------------------------------

------------------------- Exit Success (SU2_CFD) ------------------------

