
-------------------------------------------------------------------------
|    ___ _   _ ___                                                      |
|   / __| | | |_  )   Release 8.3.0 "Harrier"                           |
|   \__ \ |_| |/ /                                                      |
|   |___/\___//___|   Suite (Computational Fluid Dynamics Code)         |
|                                                                       |
-------------------------------------------------------------------------
| SU2 Project Website: https://su2code.github.io                        |
|                                                                       |
| The SU2 Project is maintained by the SU2 Foundation                   |
| (http://su2foundation.org)                                            |
-------------------------------------------------------------------------
| Copyright 2012-2025, SU2 Contributors                                 |
|                                                                       |
| SU2 is free software; you can redistribute it and/or                  |
| modify it under the terms of the GNU Lesser General Public            |
| License as published by the Free Software Foundation; either          |
| version 2.1 of the License, or (at your option) any later version.    |
|                                                                       |
| SU2 is distributed in the hope that it will be useful,                |
| but WITHOUT ANY WARRANTY; without even the implied warranty of        |
| MERCHANTABILITY or FITNESS FOR A PARTICULAR PURPOSE. See the GNU      |
| Lesser General Public License for more details.                       |
|                                                                       |
| You should have received a copy of the GNU Lesser General Public      |
| License along with SU2. If not, see <http://www.gnu.org/licenses/>.   |
-------------------------------------------------------------------------

Parsing config file for zone 0

----------------- Physical Case Definition ( Zone 0 ) -------------------
Compressible Euler equations.
Mach number: 0.8.
Angle of attack (AoA): 1.25 deg, and angle of sideslip (AoS): 0 deg.
Reading and writing binary SU2 native restart files.
Read flow solution from: solution_flow.
Non-Dimensional simulation (P=1.0, Rho=1.0, T=1.0 at the farfield).
The reference area is 1 m^2.
The semi-span will be computed using the max y(3D) value.
The reference length is 1 m.
Reference origin for moment evaluation is (0.25, 0, 0).
Surface(s) where the force coefficients are evaluated: airfoil.

Surface(s) plotted in the output file: airfoil.
Surface(s) affected by the design variables: airfoil.
Input mesh file name: mesh_NACA0012_inv_deform.su2

--------------- Space Numerical Integration ( Zone 0 ) ------------------
Jameson-Schmidt-Turkel scheme (2nd order in space) for the flow inviscid terms.
JST viscous coefficients (2nd & 4th): 0.5, 0.02.
The method includes a grid stretching correction (p = 0.3).
Gradient for viscous and source terms: Green-Gauss.

--------------- Time Numerical Integration  ( Zone 0 ) ------------------
Local time stepping (steady state simulation).
Euler implicit method for the flow equations.
FGMRES is used for solving the linear system.
Using a LU-SGS preconditioning.
Convergence criteria of the linear solver: 0.0001.
Max number of linear iterations: 2.
V Multigrid Cycle, with 2 multigrid levels.
Damping factor for the residual restriction: 1.
Damping factor for the correction prolongation: 1.
No CFL adaptation.
+-------------------------------------------+
|  MG Level| Presmooth|PostSmooth|CorrectSmo|
+-------------------------------------------+
|         0|         1|         0|         0|
|         1|         2|         0|         0|
|         2|         3|         0|         0|
+-------------------------------------------+
Courant-Friedrichs-Lewy number:       10

------------------ Convergence Criteria  ( Zone 0 ) ---------------------
Maximum number of solver subiterations: 1000.
Begin convergence monitoring at iteration 10.
Residual minimum value: 1e-13.
Cauchy series min. value: 1e-06.
Number of Cauchy elements: 100.
Begin windowed time average at iteration 0.

-------------------- Output Information ( Zone 0 ) ----------------------
File writing frequency: 
+------------------------------------+
|                     File| Frequency|
+------------------------------------+
|                  RESTART|       250|
|                 PARAVIEW|       250|
|         SURFACE_PARAVIEW|       250|
|              SURFACE_CSV|       250|
+------------------------------------+
Writing the convergence history file every 1 inner iterations.
Writing the screen convergence history every 1 inner iterations.
The tabular file format is CSV (.csv).
Convergence history file name: history_direct.
Forces breakdown file name: forces_breakdown.dat.
Surface file name: surface_flow.
Volume file name: flow.
Restart file name: restart_flow.

------------- Config File Boundary Information ( Zone 0 ) ---------------
+-----------------------------------------------------------------------+
|                        Marker Type|                        Marker Name|
+-----------------------------------------------------------------------+
|                         Euler wall|                            airfoil|
+-----------------------------------------------------------------------+
|                          Far-field|                           farfield|
+-----------------------------------------------------------------------+

-------------------- Output Preprocessing ( Zone 0 ) --------------------

WARNING: SURFACE_PRESSURE_DROP can only be computed for at least 2 surfaces (outlet, inlet, ...)

Screen output fields: INNER_ITER, RMS_DENSITY, RMS_ENERGY, LIFT, DRAG
History output group(s): ITER, RMS_RES, AERO_COEFF
Convergence field(s): RMS_DENSITY
Warning: No (valid) fields chosen for time convergence monitoring. Time convergence monitoring inactive.
Volume output fields: COORDINATES, SOLUTION, PRIMITIVE

------------------- Geometry Preprocessing ( Zone 0 ) -------------------
Two dimensional problem.
5233 grid points.
10216 volume elements.
2 surface markers.
200 boundary elements in index 0 (Marker = airfoil).
50 boundary elements in index 1 (Marker = farfield).
10216 triangles.
Setting point connectivity.
Renumbering points (Reverse Cuthill McKee Ordering).
Recomputing point connectivity.
Setting element connectivity.
Checking the numerical grid orientation.
All volume elements are correctly oriented.
All surface elements are correctly oriented.
Identifying edges and vertices.
Setting the control volume structure.
Area of the computational grid: 1253.23.
Searching for the closest normal neighbors to the surfaces.
Storing a mapping from global to local point index.
Compute the surface curvature.
Max K: 7835.11. Mean K: 34.2378. Standard deviation K: 494.421.
Checking for periodicity.
Computing mesh quality statistics for the dual control volumes.
+--------------------------------------------------------------+
|           Mesh Quality Metric|        Minimum|        Maximum|
+--------------------------------------------------------------+
|    Orthogonality Angle (deg.)|        62.3633|         89.677|
|     CV Face Area Aspect Ratio|         1.0021|         7.2165|
|           CV Sub-Volume Ratio|        1.00215|         6.4807|
+--------------------------------------------------------------+
Setting the multigrid structure.
+-------------------------------------------+
|  MG Level|       CVs|Aggl. Rate|       CFL|
+-------------------------------------------+
|         0|      5233|    1/1.00|        10|
|         1|      1690|     1/3.1|   8.52431|
|         2|       649|     1/2.6|   7.92373|
+-------------------------------------------+
Finding max control volume width.
Wetted area = 2.06112 m.
Area projection in the x-plane = 0.154389 m, y-plane = 0.999845 m.
Max. coordinate in the x-direction = 1 m, y-direction = 0.0923354 m.
Min. coordinate in the x-direction = 0 m, y-direction = -0.0620611 m.
Computing wall distances.

-------------------- Solver Preprocessing ( Zone 0 ) --------------------
Inviscid flow: Computing density based on free-stream
temperature and pressure using the ideal gas law.
Force coefficients computed using free-stream values.

-- Models:
+------------------------------------------------------------------------------+
|          Viscosity Model|        Conductivity Model|              Fluid Model|
+------------------------------------------------------------------------------+
|                        -|                         -|             STANDARD_AIR|
+------------------------------------------------------------------------------+
-- Fluid properties:
+------------------------------------------------------------------------------+
|                  Name|    Dim. value|    Ref. value|      Unit|Non-dim. value|
+------------------------------------------------------------------------------+
|          Gas Constant|       287.058|       287.058|  N.m/kg.K|             1|
|      Spec. Heat Ratio|             -|             -|         -|           1.4|
+------------------------------------------------------------------------------+
-- Initial and free-stream conditions:
+------------------------------------------------------------------------------+
|                  Name|    Dim. value|    Ref. value|      Unit|Non-dim. value|
+------------------------------------------------------------------------------+
|       Static Pressure|        101325|        101325|        Pa|             1|
|               Density|       1.22498|       1.22498|    kg/m^3|             1|
|           Temperature|        288.15|        288.15|         K|             1|
|          Total Energy|        243846|       82715.8|   m^2/s^2|         2.948|
|            Velocity-X|       272.173|       287.603|       m/s|      0.946348|
|            Velocity-Y|       5.93883|       287.603|       m/s|     0.0206494|
|    Velocity Magnitude|       272.238|       287.603|       m/s|      0.946573|
+------------------------------------------------------------------------------+
|           Mach Number|             -|             -|         -|           0.8|
+------------------------------------------------------------------------------+
Initialize Jacobian structure (Euler). MG level: 0.
Initialize Jacobian structure (Euler). MG level: 1.
Initialize Jacobian structure (Euler). MG level: 2.

------------------- Numerics Preprocessing ( Zone 0 ) -------------------

----------------- Integration Preprocessing ( Zone 0 ) ------------------

------------------- Iteration Preprocessing ( Zone 0 ) ------------------
Euler/Navier-Stokes/RANS fluid iteration.

------------------------------ Begin Solver -----------------------------

Simulation Run using the Single-zone Driver
WARNING: SU2 was not compiled for an AVX-capable architecture. Performance could be better,
         see https://su2code.github.io/docs_v7/Build-SU2-Linux-MacOS/#compiler-optimizations
WARNING: SU2 was not compiled for an AVX-capable architecture. Performance could be better,
         see https://su2code.github.io/docs_v7/Build-SU2-Linux-MacOS/#compiler-optimizations
WARNING: SU2 was not compiled for an AVX-capable architecture. Performance could be better,
         see https://su2code.github.io/docs_v7/Build-SU2-Linux-MacOS/#compiler-optimizations
+----------------------------------------------------------------+
|  Inner_Iter|    rms[Rho]|   rms[RhoE]|          CL|          CD|
+----------------------------------------------------------------+
|           0|   -4.189450|   -3.593064|    0.233362|    0.097339|
|           1|   -4.431377|   -3.828336|    0.256599|    0.079717|
|           2|   -4.397991|   -3.810208|    0.267016|    0.076978|
|           3|   -4.365203|   -3.780529|    0.257455|    0.078036|
|           4|   -4.298950|   -3.718796|    0.254939|    0.077612|
|           5|   -4.271489|   -3.700178|    0.262535|    0.077872|
|           6|   -4.250971|   -3.684269|    0.262482|    0.077657|
|           7|   -4.210810|   -3.642153|    0.260370|    0.077511|
|           8|   -4.184724|   -3.616178|    0.259955|    0.077692|
|           9|   -4.175481|   -3.608111|    0.259567|    0.077902|
|          10|   -4.168861|   -3.600794|    0.258805|    0.078106|
|          11|   -4.170236|   -3.601245|    0.257788|    0.078312|
|          12|   -4.179160|   -3.609877|    0.256670|    0.078514|
|          13|   -4.192905|   -3.623053|    0.255617|    0.078708|
|          14|   -4.212552|   -3.641585|    0.254685|    0.078883|
|          15|   -4.236295|   -3.663973|    0.253801|    0.079021|
|          16|   -4.263921|   -3.690242|    0.252943|    0.079099|
|          17|   -4.296887|   -3.722286|    0.252098|    0.079106|
|          18|   -4.334744|   -3.759726|    0.251265|    0.079035|
|          19|   -4.375478|   -3.800409|    0.250453|    0.078895|
|          20|   -4.416011|   -3.841284|    0.249759|    0.078721|
|          21|   -4.459205|   -3.885164|    0.249059|    0.078513|
|          22|   -4.503147|   -3.930073|    0.248400|    0.078286|
|          23|   -4.549172|   -3.977435|    0.247871|    0.078059|
|          24|   -4.595675|   -4.025474|    0.247477|    0.077833|
|          25|   -4.639260|   -4.070631|    0.247150|    0.077613|
|          26|   -4.675668|   -4.108478|    0.246854|    0.077405|
|          27|   -4.700709|   -4.134916|    0.246548|    0.077211|
|          28|   -4.713380|   -4.148951|    0.246237|    0.077039|
|          29|   -4.716847|   -4.153655|    0.245921|    0.076896|
|          30|   -4.715929|   -4.153751|    0.245615|    0.076788|
|          31|   -4.716003|   -4.154473|    0.245342|    0.076717|
|          32|   -4.720512|   -4.159265|    0.245096|    0.076683|
|          33|   -4.730286|   -4.168934|    0.244869|    0.076681|
|          34|   -4.746388|   -4.184432|    0.244677|    0.076708|
|          35|   -4.769637|   -4.206697|    0.244492|    0.076751|
|          36|   -4.807592|   -4.244168|    0.244420|    0.076820|
|          37|   -4.851138|   -4.286800|    0.244336|    0.076897|
|          38|   -4.898842|   -4.333378|    0.244195|    0.076970|
|          39|   -4.951518|   -4.384575|    0.244050|    0.077038|
|          40|   -5.008796|   -4.440299|    0.243910|    0.077098|
|          41|   -5.068408|   -4.498819|    0.243755|    0.077144|
|          42|   -5.125839|   -4.556006|    0.243593|    0.077176|
|          43|   -5.176571|   -4.607732|    0.243429|    0.077192|
|          44|   -5.217500|   -4.650809|    0.243266|    0.077194|
|          45|   -5.248913|   -4.684812|    0.243110|    0.077183|
|          46|   -5.274411|   -4.712562|    0.242964|    0.077161|
|          47|   -5.298541|   -4.738250|    0.242835|    0.077131|
|          48|   -5.325104|   -4.765675|    0.242724|    0.077095|
|          49|   -5.355529|   -4.796396|    0.242635|    0.077055|
|          50|   -5.389729|   -4.830599|    0.242568|    0.077013|
|          51|   -5.426060|   -4.866943|    0.242522|    0.076973|
|          52|   -5.461259|   -4.902373|    0.242498|    0.076935|
|          53|   -5.491868|   -4.933536|    0.242494|    0.076902|
|          54|   -5.515200|   -4.957617|    0.242508|    0.076874|
|          55|   -5.530823|   -4.973904|    0.242536|    0.076852|
|          56|   -5.540853|   -4.984256|    0.242575|    0.076837|
|          57|   -5.548841|   -4.992138|    0.242621|    0.076828|
|          58|   -5.558303|   -5.001135|    0.242670|    0.076825|
|          59|   -5.571827|   -5.013952|    0.242720|    0.076827|
|          60|   -5.590955|   -5.032225|    0.242767|    0.076833|
|          61|   -5.616309|   -5.056660|    0.242809|    0.076843|
|          62|   -5.647584|   -5.087041|    0.242845|    0.076854|
|          63|   -5.683667|   -5.122405|    0.242873|    0.076867|
|          64|   -5.722472|   -5.160886|    0.242893|    0.076880|
|          65|   -5.761059|   -5.199794|    0.242905|    0.076892|
|          66|   -5.795830|   -5.235700|    0.242909|    0.076904|
|          67|   -5.823744|   -5.265490|    0.242907|    0.076914|
|          68|   -5.843508|   -5.287470|    0.242899|    0.076922|
|          69|   -5.856148|   -5.302122|    0.242886|    0.076929|
|          70|   -5.864392|   -5.311780|    0.242870|    0.076933|
|          71|   -5.871383|   -5.319472|    0.242852|    0.076935|
|          72|   -5.879760|   -5.327935|    0.242835|    0.076936|
|          73|   -5.891280|   -5.339096|    0.242818|    0.076935|
|          74|   -5.906868|   -5.354053|    0.242803|    0.076933|
|          75|   -5.926769|   -5.373193|    0.242792|    0.076929|
|          76|   -5.950717|   -5.396371|    0.242783|    0.076925|
|          77|   -5.978049|   -5.423035|    0.242779|    0.076921|
|          78|   -6.007779|   -5.452298|    0.242778|    0.076917|
|          79|   -6.038677|   -5.483016|    0.242781|    0.076913|
|          80|   -6.069430|   -5.513931|    0.242786|    0.076909|
|          81|   -6.098834|   -5.543847|    0.242794|    0.076906|
|          82|   -6.125994|   -5.571796|    0.242804|    0.076903|
|          83|   -6.150496|   -5.597238|    0.242814|    0.076902|
|          84|   -6.172403|   -5.620091|    0.242826|    0.076900|
|          85|   -6.192123|   -5.640643|    0.242837|    0.076900|
|          86|   -6.210235|   -5.659389|    0.242847|    0.076900|
|          87|   -6.227320|   -5.676876|    0.242855|    0.076900|
|          88|   -6.243773|   -5.693506|    0.242862|    0.076901|
|          89|   -6.259871|   -5.709592|    0.242866|    0.076902|
|          90|   -6.275773|   -5.725340|    0.242868|    0.076903|
|          91|   -6.291561|   -5.740882|    0.242868|    0.076905|
|          92|   -6.307331|   -5.756374|    0.242865|    0.076906|
|          93|   -6.323222|   -5.772003|    0.242859|    0.076908|
|          94|   -6.339455|   -5.788037|    0.242850|    0.076909|
|          95|   -6.356319|   -5.804797|    0.242840|    0.076910|
|          96|   -6.374092|   -5.822576|    0.242827|    0.076911|
|          97|   -6.393009|   -5.841623|    0.242813|    0.076912|
|          98|   -6.413192|   -5.862072|    0.242797|    0.076912|
|          99|   -6.434657|   -5.883937|    0.242780|    0.076912|
|         100|   -6.457275|   -5.907073|    0.242763|    0.076912|
|         101|   -6.480687|   -5.931086|    0.242745|    0.076912|
|         102|   -6.504368|   -5.955402|    0.242728|    0.076911|
|         103|   -6.527619|   -5.979252|    0.242711|    0.076910|
|         104|   -6.549662|   -6.001766|    0.242694|    0.076909|
|         105|   -6.569765|   -6.022116|    0.242679|    0.076908|
|         106|   -6.587377|   -6.039675|    0.242665|    0.076906|
|         107|   -6.602246|   -6.054165|    0.242651|    0.076905|
|         108|   -6.614453|   -6.065699|    0.242639|    0.076904|
|         109|   -6.624428|   -6.074796|    0.242628|    0.076903|
|         110|   -6.632843|   -6.082245|    0.242617|    0.076901|
|         111|   -6.640416|   -6.088871|    0.242608|    0.076900|
|         112|   -6.647850|   -6.095466|    0.242600|    0.076899|
|         113|   -6.655729|   -6.102673|    0.242592|    0.076898|
|         114|   -6.664491|   -6.110960|    0.242585|    0.076897|
|         115|   -6.674433|   -6.120635|    0.242579|    0.076896|
|         116|   -6.685735|   -6.131867|    0.242573|    0.076895|
|         117|   -6.698462|   -6.144696|    0.242568|    0.076894|
|         118|   -6.712587|   -6.159059|    0.242563|    0.076893|
|         119|   -6.728035|   -6.174840|    0.242558|    0.076893|
|         120|   -6.744717|   -6.191907|    0.242553|    0.076892|
|         121|   -6.762530|   -6.210106|    0.242549|    0.076892|
|         122|   -6.781353|   -6.229261|    0.242545|    0.076891|
|         123|   -6.801101|   -6.249242|    0.242541|    0.076891|
|         124|   -6.821651|   -6.269887|    0.242537|    0.076890|
|         125|   -6.842914|   -6.291078|    0.242533|    0.076890|
|         126|   -6.864832|   -6.312749|    0.242529|    0.076890|
|         127|   -6.887358|   -6.334854|    0.242525|    0.076890|
|         128|   -6.910464|   -6.357385|    0.242521|    0.076890|
|         129|   -6.934137|   -6.380365|    0.242517|    0.076889|
|         130|   -6.958355|   -6.403811|    0.242513|    0.076889|
|         131|   -6.983122|   -6.427780|    0.242510|    0.076889|
|         132|   -7.008433|   -6.452317|    0.242506|    0.076889|
|         133|   -7.034265|   -6.477456|    0.242503|    0.076889|
|         134|   -7.060546|   -6.503175|    0.242499|    0.076889|
|         135|   -7.087190|   -6.529428|    0.242496|    0.076888|
|         136|   -7.114108|   -6.556145|    0.242494|    0.076888|
|         137|   -7.141182|   -6.583226|    0.242491|    0.076888|
|         138|   -7.168279|   -6.610531|    0.242488|    0.076888|
|         139|   -7.195260|   -6.637897|    0.242486|    0.076888|
|         140|   -7.221995|   -6.665146|    0.242484|    0.076887|
|         141|   -7.248364|   -6.692104|    0.242482|    0.076887|
|         142|   -7.274273|   -6.718612|    0.242481|    0.076887|
|         143|   -7.299671|   -6.744555|    0.242479|    0.076887|
|         144|   -7.324535|   -6.769854|    0.242478|    0.076887|
|         145|   -7.348864|   -6.794459|    0.242477|    0.076886|
|         146|   -7.372671|   -6.818358|    0.242476|    0.076886|
|         147|   -7.395979|   -6.841577|    0.242475|    0.076886|
|         148|   -7.418819|   -6.864170|    0.242475|    0.076886|
|         149|   -7.441223|   -6.886213|    0.242474|    0.076886|
|         150|   -7.463226|   -6.907797|    0.242473|    0.076886|
|         151|   -7.484860|   -6.929014|    0.242473|    0.076886|
|         152|   -7.506149|   -6.949947|    0.242472|    0.076886|
|         153|   -7.527137|   -6.970691|    0.242472|    0.076886|
|         154|   -7.547876|   -6.991341|    0.242471|    0.076885|
|         155|   -7.568423|   -7.011980|    0.242471|    0.076885|
|         156|   -7.588861|   -7.032692|    0.242470|    0.076885|
|         157|   -7.609291|   -7.053561|    0.242470|    0.076885|
|         158|   -7.629823|   -7.074673|    0.242469|    0.076885|
|         159|   -7.650577|   -7.096106|    0.242469|    0.076885|
|         160|   -7.671673|   -7.117938|    0.242469|    0.076885|
|         161|   -7.693227|   -7.140231|    0.242468|    0.076885|
|         162|   -7.715337|   -7.163037|    0.242468|    0.076885|
|         163|   -7.738077|   -7.186385|    0.242467|    0.076885|
|         164|   -7.761492|   -7.210282|    0.242467|    0.076885|
|         165|   -7.785593|   -7.234710|    0.242466|    0.076885|
|         166|   -7.810354|   -7.259620|    0.242466|    0.076885|
|         167|   -7.835708|   -7.284935|    0.242465|    0.076885|
|         168|   -7.861550|   -7.310551|    0.242465|    0.076885|
|         169|   -7.887743|   -7.336340|    0.242465|    0.076885|
|         170|   -7.914123|   -7.362160|    0.242464|    0.076885|
|         171|   -7.940514|   -7.387869|    0.242464|    0.076885|
|         172|   -7.966748|   -7.413339|    0.242464|    0.076885|
|         173|   -7.992675|   -7.438473|    0.242463|    0.076885|
|         174|   -8.018190|   -7.463216|    0.242463|    0.076885|
|         175|   -8.043240|   -7.487565|    0.242463|    0.076885|
|         176|   -8.067831|   -7.511572|    0.242463|    0.076885|
|         177|   -8.092033|   -7.535336|    0.242463|    0.076885|
|         178|   -8.115963|   -7.558999|    0.242463|    0.076885|
|         179|   -8.139775|   -7.582721|    0.242462|    0.076885|
|         180|   -8.163639|   -7.606670|    0.242462|    0.076885|
|         181|   -8.187718|   -7.631000|    0.242462|    0.076885|
|         182|   -8.212152|   -7.655832|    0.242462|    0.076885|
|         183|   -8.237041|   -7.681242|    0.242462|    0.076885|
|         184|   -8.262431|   -7.707250|    0.242462|    0.076885|
|         185|   -8.288307|   -7.733810|    0.242462|    0.076885|
|         186|   -8.314590|   -7.760810|    0.242462|    0.076885|
|         187|   -8.341137|   -7.788067|    0.242462|    0.076885|
|         188|   -8.367746|   -7.815340|    0.242462|    0.076885|
|         189|   -8.394169|   -7.842338|    0.242462|    0.076885|
|         190|   -8.420130|   -7.868745|    0.242462|    0.076885|
|         191|   -8.445353|   -7.894253|    0.242462|    0.076885|
|         192|   -8.469594|   -7.918599|    0.242461|    0.076885|
|         193|   -8.492674|   -7.941604|    0.242461|    0.076885|
|         194|   -8.514499|   -7.963193|    0.242461|    0.076885|
|         195|   -8.535074|   -7.983409|    0.242461|    0.076885|
|         196|   -8.554500|   -8.002402|    0.242461|    0.076885|
|         197|   -8.572955|   -8.020409|    0.242461|    0.076885|
|         198|   -8.590672|   -8.037718|    0.242461|    0.076885|
|         199|   -8.607904|   -8.054630|    0.242461|    0.076885|
|         200|   -8.624902|   -8.071434|    0.242461|    0.076885|
|         201|   -8.641889|   -8.088377|    0.242461|    0.076885|
|         202|   -8.659049|   -8.105649|    0.242461|    0.076885|
|         203|   -8.676514|   -8.123377|    0.242461|    0.076885|
|         204|   -8.694363|   -8.141623|    0.242461|    0.076885|
|         205|   -8.712630|   -8.160387|    0.242460|    0.076885|
|         206|   -8.731300|   -8.179614|    0.242460|    0.076885|
|         207|   -8.750324|   -8.199205|    0.242460|    0.076885|
|         208|   -8.769629|   -8.219029|    0.242460|    0.076885|
|         209|   -8.789126|   -8.238944|    0.242460|    0.076885|
|         210|   -8.808727|   -8.258811|    0.242460|    0.076885|
|         211|   -8.828354|   -8.278508|    0.242460|    0.076885|
|         212|   -8.847944|   -8.297946|    0.242460|    0.076885|
|         213|   -8.867453|   -8.317072|    0.242460|    0.076885|
|         214|   -8.886860|   -8.335877|    0.242460|    0.076885|
|         215|   -8.906173|   -8.354399|    0.242460|    0.076885|
|         216|   -8.925423|   -8.372717|    0.242460|    0.076885|
|         217|   -8.944669|   -8.390949|    0.242460|    0.076885|
|         218|   -8.963987|   -8.409233|    0.242460|    0.076885|
|         219|   -8.983466|   -8.427725|    0.242460|    0.076885|
|         220|   -9.003202|   -8.446577|    0.242460|    0.076885|
|         221|   -9.023288|   -8.465933|    0.242460|    0.076885|
|         222|   -9.043804|   -8.485916|    0.242460|    0.076885|
|         223|   -9.064815|   -8.506613|    0.242460|    0.076885|
|         224|   -9.086355|   -8.528073|    0.242460|    0.076885|
|         225|   -9.108427|   -8.550299|    0.242460|    0.076885|
|         226|   -9.130995|   -8.573238|    0.242459|    0.076885|
|         227|   -9.153980|   -8.596782|    0.242459|    0.076885|
|         228|   -9.177258|   -8.620764|    0.242459|    0.076885|
|         229|   -9.200666|   -8.644961|    0.242459|    0.076885|
|         230|   -9.224008|   -8.669112|    0.242459|    0.076885|
|         231|   -9.247073|   -8.692937|    0.242459|    0.076885|
|         232|   -9.269653|   -8.716159|    0.242459|    0.076885|
|         233|   -9.291556|   -8.738525|    0.242459|    0.076885|
|         234|   -9.312612|   -8.759824|    0.242459|    0.076885|
|         235|   -9.332700|   -8.779912|    0.242459|    0.076885|
|         236|   -9.351750|   -8.798734|    0.242459|    0.076885|
|         237|   -9.369766|   -8.816333|    0.242459|    0.076885|
|         238|   -9.386817|   -8.832840|    0.242459|    0.076885|
|         239|   -9.403032|   -8.848458|    0.242459|    0.076885|
|         240|   -9.418586|   -8.863435|    0.242459|    0.076885|
|         241|   -9.433684|   -8.878037|    0.242459|    0.076885|
|         242|   -9.448538|   -8.892529|    0.242459|    0.076885|
|         243|   -9.463357|   -8.907150|    0.242459|    0.076885|
|         244|   -9.478333|   -8.922104|    0.242459|    0.076885|
|         245|   -9.493631|   -8.937553|    0.242459|    0.076885|
|         246|   -9.509391|   -8.953616|    0.242459|    0.076885|
|         247|   -9.525719|   -8.970370|    0.242459|    0.076885|
|         248|   -9.542693|   -8.987851|    0.242459|    0.076885|
|         249|   -9.560364|   -9.006066|    0.242459|    0.076885|
|         250|   -9.578759|   -9.024995|    0.242459|    0.076885|
+-----------------------------------------------------------------------+
|        File Writing Summary       |              Filename             |
+-----------------------------------------------------------------------+
|SU2 binary restart                 |restart_flow.dat                   |
|Paraview                           |flow.vtu                           |
|Paraview surface                   |surface_flow.vtu                   |
|CSV file                           |surface_flow.csv                   |
+-----------------------------------------------------------------------+
+----------------------------------------------------------------+
|  Inner_Iter|    rms[Rho]|   rms[RhoE]|          CL|          CD|
+----------------------------------------------------------------+
|         251|   -9.597885|   -9.044596|    0.242459|    0.076885|
|         252|   -9.617733|   -9.064819|    0.242459|    0.076885|
|         253|   -9.638284|   -9.085606|    0.242459|    0.076885|
|         254|   -9.659507|   -9.106900|    0.242459|    0.076885|
|         255|   -9.681364|   -9.128644|    0.242459|    0.076885|
|         256|   -9.703812|   -9.150792|    0.242459|    0.076885|
|         257|   -9.726802|   -9.173303|    0.242459|    0.076885|
|         258|   -9.750282|   -9.196147|    0.242459|    0.076885|
|         259|   -9.774199|   -9.219307|    0.242459|    0.076885|
|         260|   -9.798501|   -9.242774|    0.242459|    0.076885|
|         261|   -9.823136|   -9.266546|    0.242459|    0.076885|
|         262|   -9.848056|   -9.290629|    0.242459|    0.076885|
|         263|   -9.873219|   -9.315034|    0.242459|    0.076885|
|         264|   -9.898586|   -9.339769|    0.242459|    0.076885|
|         265|   -9.924125|   -9.364841|    0.242459|    0.076885|
|         266|   -9.949811|   -9.390251|    0.242459|    0.076885|
|         267|   -9.975619|   -9.415987|    0.242459|    0.076885|
|         268|  -10.001526|   -9.442023|    0.242459|    0.076885|
|         269|  -10.027505|   -9.468313|    0.242459|    0.076885|
|         270|  -10.053520|   -9.494789|    0.242459|    0.076885|
|         271|  -10.079520|   -9.521358|    0.242459|    0.076885|
|         272|  -10.105445|   -9.547904|    0.242459|    0.076885|
|         273|  -10.131218|   -9.574301|    0.242459|    0.076885|
|         274|  -10.156756|   -9.600409|    0.242459|    0.076885|
|         275|  -10.181959|   -9.626082|    0.242459|    0.076885|
|         276|  -10.206710|   -9.651166|    0.242459|    0.076885|
|         277|  -10.230881|   -9.675511|    0.242459|    0.076885|
|         278|  -10.254341|   -9.698985|    0.242459|    0.076885|
|         279|  -10.276972|   -9.721488|    0.242459|    0.076885|
|         280|  -10.298683|   -9.742967|    0.242459|    0.076885|
|         281|  -10.319425|   -9.763420|    0.242459|    0.076885|
|         282|  -10.339204|   -9.782908|    0.242459|    0.076885|
|         283|  -10.358084|   -9.801543|    0.242459|    0.076885|
|         284|  -10.376186|   -9.819487|    0.242459|    0.076885|
|         285|  -10.393678|   -9.836937|    0.242459|    0.076885|
|         286|  -10.410762|   -9.854105|    0.242459|    0.076885|
|         287|  -10.427656|   -9.871209|    0.242459|    0.076885|
|         288|  -10.444580|   -9.888451|    0.242459|    0.076885|
|         289|  -10.461737|   -9.906013|    0.242459|    0.076885|
|         290|  -10.479304|   -9.924042|    0.242459|    0.076885|
|         291|  -10.497426|   -9.942649|    0.242459|    0.076885|
|         292|  -10.516206|   -9.961904|    0.242459|    0.076885|
|         293|  -10.535707|   -9.981838|    0.242459|    0.076885|
|         294|  -10.555952|  -10.002442|    0.242459|    0.076885|
|         295|  -10.576927|  -10.023676|    0.242459|    0.076885|
|         296|  -10.598585|  -10.045470|    0.242459|    0.076885|
|         297|  -10.620856|  -10.067738|    0.242459|    0.076885|
|         298|  -10.643650|  -10.090380|    0.242459|    0.076885|
|         299|  -10.666863|  -10.113290|    0.242459|    0.076885|
|         300|  -10.690388|  -10.136369|    0.242459|    0.076885|
|         301|  -10.714119|  -10.159524|    0.242459|    0.076885|
|         302|  -10.737958|  -10.182684|    0.242459|    0.076885|
|         303|  -10.761823|  -10.205799|    0.242459|    0.076885|
|         304|  -10.785656|  -10.228850|    0.242459|    0.076885|
|         305|  -10.809424|  -10.251844|    0.242459|    0.076885|
|         306|  -10.833123|  -10.274818|    0.242459|    0.076885|
|         307|  -10.856775|  -10.297829|    0.242459|    0.076885|
|         308|  -10.880426|  -10.320952|    0.242459|    0.076885|
|         309|  -10.904133|  -10.344270|    0.242459|    0.076885|
|         310|  -10.927960|  -10.367861|    0.242459|    0.076885|
|         311|  -10.951964|  -10.391788|    0.242459|    0.076885|
|         312|  -10.976186|  -10.416089|    0.242459|    0.076885|
|         313|  -11.000639|  -10.440768|    0.242459|    0.076885|
|         314|  -11.025302|  -10.465787|    0.242459|    0.076885|
|         315|  -11.050116|  -10.491062|    0.242459|    0.076885|
|         316|  -11.074979|  -10.516462|    0.242459|    0.076885|
|         317|  -11.099752|  -10.541813|    0.242459|    0.076885|
|         318|  -11.124267|  -10.566909|    0.242459|    0.076885|
|         319|  -11.148335|  -10.591522|    0.242459|    0.076885|
|         320|  -11.171759|  -10.615418|    0.242459|    0.076885|
|         321|  -11.194353|  -10.638380|    0.242459|    0.076885|
|         322|  -11.215959|  -10.660227|    0.242459|    0.076885|
|         323|  -11.236462|  -10.680841|    0.242459|    0.076885|
|         324|  -11.255808|  -10.700175|    0.242459|    0.076885|
|         325|  -11.274014|  -10.718269|    0.242459|    0.076885|
|         326|  -11.291162|  -10.735240|    0.242459|    0.076885|
|         327|  -11.307397|  -10.751267|    0.242459|    0.076885|
|         328|  -11.322905|  -10.766576|    0.242459|    0.076885|
|         329|  -11.337900|  -10.781412|    0.242459|    0.076885|
|         330|  -11.352601|  -10.796019|    0.242459|    0.076885|
|         331|  -11.367220|  -10.810623|    0.242459|    0.076885|
|         332|  -11.381947|  -10.825418|    0.242459|    0.076885|
|         333|  -11.396945|  -10.840563|    0.242459|    0.076885|
|         334|  -11.412343|  -10.856175|    0.242459|    0.076885|
|         335|  -11.428240|  -10.872332|    0.242459|    0.076885|
|         336|  -11.444700|  -10.889078|    0.242459|    0.076885|
|         337|  -11.461764|  -10.906423|    0.242459|    0.076885|
|         338|  -11.479447|  -10.924357|    0.242459|    0.076885|
|         339|  -11.497749|  -10.942852|    0.242459|    0.076885|
|         340|  -11.516656|  -10.961869|    0.242459|    0.076885|
|         341|  -11.536145|  -10.981367|    0.242459|    0.076885|
|         342|  -11.556190|  -11.001302|    0.242459|    0.076885|
|         343|  -11.576754|  -11.021633|    0.242459|    0.076885|
|         344|  -11.597802|  -11.042323|    0.242459|    0.076885|
|         345|  -11.619294|  -11.063344|    0.242459|    0.076885|
|         346|  -11.641189|  -11.084672|    0.242459|    0.076885|
|         347|  -11.663452|  -11.106298|    0.242459|    0.076885|
|         348|  -11.686054|  -11.128223|    0.242459|    0.076885|
|         349|  -11.708969|  -11.150456|    0.242459|    0.076885|
|         350|  -11.732184|  -11.173019|    0.242459|    0.076885|
|         351|  -11.755686|  -11.195933|    0.242459|    0.076885|
|         352|  -11.779470|  -11.219225|    0.242459|    0.076885|
|         353|  -11.803528|  -11.242912|    0.242459|    0.076885|
|         354|  -11.827847|  -11.266999|    0.242459|    0.076885|
|         355|  -11.852405|  -11.291473|    0.242459|    0.076885|
|         356|  -11.877161|  -11.316296|    0.242459|    0.076885|
|         357|  -11.902058|  -11.341400|    0.242459|    0.076885|
|         358|  -11.927013|  -11.366683|    0.242459|    0.076885|
|         359|  -11.951922|  -11.392013|    0.242459|    0.076885|
|         360|  -11.976657|  -11.417228|    0.242459|    0.076885|
|         361|  -12.001085|  -11.442154|    0.242459|    0.076885|
|         362|  -12.025067|  -11.466610|    0.242459|    0.076885|
|         363|  -12.048469|  -11.490426|    0.242459|    0.076885|
|         364|  -12.071173|  -11.513448|    0.242459|    0.076885|
|         365|  -12.093079|  -11.535555|    0.242459|    0.076885|
|         366|  -12.114114|  -11.556669|    0.242459|    0.076885|
|         367|  -12.134247|  -11.576766|    0.242459|    0.076885|
|         368|  -12.153482|  -11.595875|    0.242459|    0.076885|
|         369|  -12.171869|  -11.614078|    0.242459|    0.076885|
|         370|  -12.189498|  -11.631509|    0.242459|    0.076885|
|         371|  -12.206497|  -11.648327|    0.242459|    0.076885|
|         372|  -12.223013|  -11.664718|    0.242459|    0.076885|
|         373|  -12.239210|  -11.680867|    0.242459|    0.076885|
|         374|  -12.255256|  -11.696957|    0.242459|    0.076885|
|         375|  -12.271315|  -11.713154|    0.242459|    0.076885|
|         376|  -12.287537|  -11.729601|    0.242459|    0.076885|
|         377|  -12.304054|  -11.746416|    0.242459|    0.076885|
|         378|  -12.320976|  -11.763688|    0.242459|    0.076885|
|         379|  -12.338391|  -11.781474|    0.242459|    0.076885|
|         380|  -12.356369|  -11.799819|    0.242459|    0.076885|
|         381|  -12.374949|  -11.818733|    0.242459|    0.076885|
|         382|  -12.394157|  -11.838213|    0.242459|    0.076885|
|         383|  -12.414002|  -11.858245|    0.242459|    0.076885|
|         384|  -12.434477|  -11.878802|    0.242459|    0.076885|
|         385|  -12.455567|  -11.899853|    0.242459|    0.076885|
|         386|  -12.477236|  -11.921358|    0.242459|    0.076885|
|         387|  -12.499449|  -11.943282|    0.242459|    0.076885|
|         388|  -12.522157|  -11.965586|    0.242459|    0.076885|
|         389|  -12.545314|  -11.988236|    0.242459|    0.076885|
|         390|  -12.568857|  -12.011196|    0.242459|    0.076885|
|         391|  -12.592734|  -12.034441|    0.242459|    0.076885|
|         392|  -12.616885|  -12.057940|    0.242459|    0.076885|
|         393|  -12.641260|  -12.081678|    0.242459|    0.076885|
|         394|  -12.665811|  -12.105640|    0.242459|    0.076885|
|         395|  -12.690505|  -12.129821|    0.242459|    0.076885|
|         396|  -12.715302|  -12.154201|    0.242459|    0.076885|
|         397|  -12.740172|  -12.178770|    0.242459|    0.076885|
|         398|  -12.765099|  -12.203522|    0.242459|    0.076885|
|         399|  -12.790045|  -12.228418|    0.242459|    0.076885|
|         400|  -12.814986|  -12.253425|    0.242459|    0.076885|
|         401|  -12.839879|  -12.278491|    0.242459|    0.076885|
|         402|  -12.864663|  -12.303528|    0.242459|    0.076885|
|         403|  -12.889285|  -12.328460|    0.242459|    0.076885|
|         404|  -12.913662|  -12.353174|    0.242459|    0.076885|
|         405|  -12.937713|  -12.377565|    0.242459|    0.076885|
|         406|  -12.961342|  -12.401517|    0.242459|    0.076885|
|         407|  -12.984451|  -12.424908|    0.242459|    0.076885|
|         408|  -13.006947|  -12.447625|    0.242459|    0.076885|

----------------------------- Solver Exit -------------------------------
All convergence criteria satisfied.
+-----------------------------------------------------------------------+
|      Convergence Field     |     Value    |   Criterion  |  Converged |
+-----------------------------------------------------------------------+
|                    rms[Rho]|      -13.0069|         < -13|         Yes|
+-----------------------------------------------------------------------+
-------------------------------------------------------------------------
+-----------------------------------------------------------------------+
|        File Writing Summary       |              Filename             |
+-----------------------------------------------------------------------+
|SU2 binary restart                 |restart_flow.dat                   |
|Paraview                           |flow.vtu                           |
|Paraview surface                   |surface_flow.vtu                   |
|CSV file                           |surface_flow.csv                   |
+-----------------------------------------------------------------------+

--------------------------- Finalizing Solver ---------------------------
Deleted CNumerics container.
Deleted CIntegration container.
Deleted CSolver container.
Deleted CIteration container.
Deleted CInterface container.
Deleted CGeometry container.
Deleted CFreeFormDefBox class.
Deleted CSurfaceMovement class.
Deleted CVolumetricMovement class.
Deleted CConfig container.
Deleted nInst container.
Deleted COutput class.
-------------------------------------------------------------------------

------------------------- Exit Success (SU2_CFD) ------------------------

