
-------------------------------------------------------------------------
|    ___ _   _ ___                                                      |
|   / __| | | |_  )   Release 8.3.0 "Harrier"                           |
|   \__ \ |_| |/ /                                                      |
|   |___/\___//___|   Suite (Computational Fluid Dynamics Code)         |
|                                                                       |
-------------------------------------------------------------------------
| SU2 Project Website: https://su2code.github.io                        |
|                                                                       |
| The SU2 Project is maintained by the SU2 Foundation                   |
| (http://su2foundation.org)                                            |
-------------------------------------------------------------------------
| Copyright 2012-2025, SU2 Contributors                                 |
|                                                                       |
| SU2 is free software; you can redistribute it and/or                  |
| modify it under the terms of the GNU Lesser General Public            |
| License as published by the Free Software Foundation; either          |
| version 2.1 of the License, or (at your option) any later version.    |
|                                                                       |
| SU2 is distributed in the hope that it will be useful,                |
| but WITHOUT ANY WARRANTY; without even the implied warranty of        |
| MERCHANTABILITY or FITNESS FOR A PARTICULAR PURPOSE. See the GNU      |
| Lesser General Public License for more details.                       |
|                                                                       |
| You should have received a copy of the GNU Lesser General Public      |
| License along with SU2. If not, see <http://www.gnu.org/licenses/>.   |
-------------------------------------------------------------------------

Parsing config file for zone 0

----------------- Physical Case Definition ( Zone 0 ) -------------------
Compressible Euler equations.
Mach number: 0.8.
Angle of attack (AoA): 1.25 deg, and angle of sideslip (AoS): 0 deg.
Reading and writing binary SU2 native restart files.
Read flow solution from: solution_flow.
Non-Dimensional simulation (P=1.0, Rho=1.0, T=1.0 at the farfield).
The reference area is 1 m^2.
The semi-span will be computed using the max y(3D) value.
The reference length is 1 m.
Reference origin for moment evaluation is (0.25, 0, 0).
Surface(s) where the force coefficients are evaluated: airfoil.

Surface(s) plotted in the output file: airfoil.
Surface(s) affected by the design variables: airfoil.
Input mesh file name: mesh_NACA0012_inv_deform.su2

--------------- Space Numerical Integration ( Zone 0 ) ------------------
Jameson-Schmidt-Turkel scheme (2nd order in space) for the flow inviscid terms.
JST viscous coefficients (2nd & 4th): 0.5, 0.02.
The method includes a grid stretching correction (p = 0.3).
Gradient for viscous and source terms: Green-Gauss.

--------------- Time Numerical Integration  ( Zone 0 ) ------------------
Local time stepping (steady state simulation).
Euler implicit method for the flow equations.
FGMRES is used for solving the linear system.
Using a LU-SGS preconditioning.
Convergence criteria of the linear solver: 0.0001.
Max number of linear iterations: 2.
V Multigrid Cycle, with 2 multigrid levels.
Damping factor for the residual restriction: 1.
Damping factor for the correction prolongation: 1.
No CFL adaptation.
+-------------------------------------------+
|  MG Level| Presmooth|PostSmooth|CorrectSmo|
+-------------------------------------------+
|         0|         1|         0|         0|
|         1|         2|         0|         0|
|         2|         3|         0|         0|
+-------------------------------------------+
Courant-Friedrichs-Lewy number:       10

------------------ Convergence Criteria  ( Zone 0 ) ---------------------
Maximum number of solver subiterations: 1000.
Begin convergence monitoring at iteration 10.
Residual minimum value: 1e-13.
Cauchy series min. value: 1e-06.
Number of Cauchy elements: 100.
Begin windowed time average at iteration 0.

-------------------- Output Information ( Zone 0 ) ----------------------
File writing frequency: 
+------------------------------------+
|                     File| Frequency|
+------------------------------------+
|                  RESTART|       250|
|                 PARAVIEW|       250|
|         SURFACE_PARAVIEW|       250|
|              SURFACE_CSV|       250|
+------------------------------------+
Writing the convergence history file every 1 inner iterations.
Writing the screen convergence history every 1 inner iterations.
The tabular file format is CSV (.csv).
Convergence history file name: history_direct.
Forces breakdown file name: forces_breakdown.dat.
Surface file name: surface_flow.
Volume file name: flow.
Restart file name: restart_flow.

------------- Config File Boundary Information ( Zone 0 ) ---------------
+-----------------------------------------------------------------------+
|                        Marker Type|                        Marker Name|
+-----------------------------------------------------------------------+
|                         Euler wall|                            airfoil|
+-----------------------------------------------------------------------+
|                          Far-field|                           farfield|
+-----------------------------------------------------------------------+

-------------------- Output Preprocessing ( Zone 0 ) --------------------

WARNING: SURFACE_PRESSURE_DROP can only be computed for at least 2 surfaces (outlet, inlet, ...)

Screen output fields: INNER_ITER, RMS_DENSITY, RMS_ENERGY, LIFT, DRAG
History output group(s): ITER, RMS_RES, AERO_COEFF
Convergence field(s): RMS_DENSITY
Warning: No (valid) fields chosen for time convergence monitoring. Time convergence monitoring inactive.
Volume output fields: COORDINATES, SOLUTION, PRIMITIVE

------------------- Geometry Preprocessing ( Zone 0 ) -------------------
Two dimensional problem.
5233 grid points.
10216 volume elements.
2 surface markers.
200 boundary elements in index 0 (Marker = airfoil).
50 boundary elements in index 1 (Marker = farfield).
10216 triangles.
Setting point connectivity.
Renumbering points (Reverse Cuthill McKee Ordering).
Recomputing point connectivity.
Setting element connectivity.
Checking the numerical grid orientation.
All volume elements are correctly oriented.
All surface elements are correctly oriented.
Identifying edges and vertices.
Setting the control volume structure.
Area of the computational grid: 1253.24.
Searching for the closest normal neighbors to the surfaces.
Storing a mapping from global to local point index.
Compute the surface curvature.
Max K: 7835.1. Mean K: 34.9281. Standard deviation K: 494.386.
Checking for periodicity.
Computing mesh quality statistics for the dual control volumes.
+--------------------------------------------------------------+
|           Mesh Quality Metric|        Minimum|        Maximum|
+--------------------------------------------------------------+
|    Orthogonality Angle (deg.)|        62.8505|        89.5625|
|     CV Face Area Aspect Ratio|        1.00799|        7.20973|
|           CV Sub-Volume Ratio|        1.00189|        6.47487|
+--------------------------------------------------------------+
Setting the multigrid structure.
+-------------------------------------------+
|  MG Level|       CVs|Aggl. Rate|       CFL|
+-------------------------------------------+
|         0|      5233|    1/1.00|        10|
|         1|      1690|     1/3.1|   8.52431|
|         2|       649|     1/2.6|   7.92373|
+-------------------------------------------+
Finding max control volume width.
Wetted area = 2.05579 m.
Area projection in the x-plane = 0.13231 m, y-plane = 0.999845 m.
Max. coordinate in the x-direction = 1 m, y-direction = 0.0622001 m.
Min. coordinate in the x-direction = 0 m, y-direction = -0.0696057 m.
Computing wall distances.

-------------------- Solver Preprocessing ( Zone 0 ) --------------------
Inviscid flow: Computing density based on free-stream
temperature and pressure using the ideal gas law.
Force coefficients computed using free-stream values.

-- Models:
+------------------------------------------------------------------------------+
|          Viscosity Model|        Conductivity Model|              Fluid Model|
+------------------------------------------------------------------------------+
|                        -|                         -|             STANDARD_AIR|
+------------------------------------------------------------------------------+
-- Fluid properties:
+------------------------------------------------------------------------------+
|                  Name|    Dim. value|    Ref. value|      Unit|Non-dim. value|
+------------------------------------------------------------------------------+
|          Gas Constant|       287.058|       287.058|  N.m/kg.K|             1|
|      Spec. Heat Ratio|             -|             -|         -|           1.4|
+------------------------------------------------------------------------------+
-- Initial and free-stream conditions:
+------------------------------------------------------------------------------+
|                  Name|    Dim. value|    Ref. value|      Unit|Non-dim. value|
+------------------------------------------------------------------------------+
|       Static Pressure|        101325|        101325|        Pa|             1|
|               Density|       1.22498|       1.22498|    kg/m^3|             1|
|           Temperature|        288.15|        288.15|         K|             1|
|          Total Energy|        243846|       82715.8|   m^2/s^2|         2.948|
|            Velocity-X|       272.173|       287.603|       m/s|      0.946348|
|            Velocity-Y|       5.93883|       287.603|       m/s|     0.0206494|
|    Velocity Magnitude|       272.238|       287.603|       m/s|      0.946573|
+------------------------------------------------------------------------------+
|           Mach Number|             -|             -|         -|           0.8|
+------------------------------------------------------------------------------+
Initialize Jacobian structure (Euler). MG level: 0.
Initialize Jacobian structure (Euler). MG level: 1.
Initialize Jacobian structure (Euler). MG level: 2.

------------------- Numerics Preprocessing ( Zone 0 ) -------------------

----------------- Integration Preprocessing ( Zone 0 ) ------------------

------------------- Iteration Preprocessing ( Zone 0 ) ------------------
Euler/Navier-Stokes/RANS fluid iteration.

------------------------------ Begin Solver -----------------------------

Simulation Run using the Single-zone Driver
WARNING: SU2 was not compiled for an AVX-capable architecture. Performance could be better,
         see https://su2code.github.io/docs_v7/Build-SU2-Linux-MacOS/#compiler-optimizations
WARNING: SU2 was not compiled for an AVX-capable architecture. Performance could be better,
         see https://su2code.github.io/docs_v7/Build-SU2-Linux-MacOS/#compiler-optimizations
WARNING: SU2 was not compiled for an AVX-capable architecture. Performance could be better,
         see https://su2code.github.io/docs_v7/Build-SU2-Linux-MacOS/#compiler-optimizations
+----------------------------------------------------------------+
|  Inner_Iter|    rms[Rho]|   rms[RhoE]|          CL|          CD|
+----------------------------------------------------------------+
|           0|   -4.890376|   -4.293994|   -0.060262|    0.020839|
|           1|   -5.158236|   -4.562002|   -0.062668|    0.014979|
|           2|   -5.053588|   -4.463606|   -0.061872|    0.013858|
|           3|   -5.018057|   -4.429819|   -0.063489|    0.013773|
|           4|   -4.950504|   -4.365679|   -0.066752|    0.013154|
|           5|   -4.919809|   -4.338729|   -0.069371|    0.012773|
|           6|   -4.917362|   -4.340473|   -0.071853|    0.012591|
|           7|   -4.900752|   -4.323942|   -0.074527|    0.012422|
|           8|   -4.889936|   -4.314667|   -0.077085|    0.012226|
|           9|   -4.904076|   -4.332986|   -0.079440|    0.012019|
|          10|   -4.915687|   -4.347455|   -0.081696|    0.011830|
|          11|   -4.924995|   -4.358328|   -0.083916|    0.011644|
|          12|   -4.930633|   -4.364402|   -0.086118|    0.011446|
|          13|   -4.938355|   -4.371366|   -0.088296|    0.011238|
|          14|   -4.952091|   -4.383928|   -0.090431|    0.011031|
|          15|   -4.965465|   -4.396752|   -0.092500|    0.010826|
|          16|   -4.973289|   -4.405508|   -0.094489|    0.010622|
|          17|   -4.975298|   -4.409682|   -0.096390|    0.010420|
|          18|   -4.973219|   -4.409989|   -0.098199|    0.010219|
|          19|   -4.968626|   -4.407334|   -0.099920|    0.010023|
|          20|   -4.962168|   -4.402372|   -0.101556|    0.009836|
|          21|   -4.953841|   -4.395362|   -0.103103|    0.009660|
|          22|   -4.943736|   -4.386486|   -0.104558|    0.009500|
|          23|   -4.932204|   -4.375993|   -0.105923|    0.009357|
|          24|   -4.920130|   -4.364628|   -0.107194|    0.009234|
|          25|   -4.908687|   -4.353581|   -0.108353|    0.009136|
|          26|   -4.898894|   -4.343924|   -0.109415|    0.009061|
|          27|   -4.890961|   -4.335915|   -0.110390|    0.009008|
|          28|   -4.885379|   -4.330216|   -0.111285|    0.008977|
|          29|   -4.881645|   -4.326386|   -0.112105|    0.008964|
|          30|   -4.879700|   -4.324398|   -0.112852|    0.008965|
|          31|   -4.879434|   -4.324167|   -0.113533|    0.008978|
|          32|   -4.880513|   -4.325385|   -0.114154|    0.009001|
|          33|   -4.882473|   -4.327719|   -0.114719|    0.009029|
|          34|   -4.884942|   -4.330845|   -0.115233|    0.009061|
|          35|   -4.886738|   -4.333423|   -0.115701|    0.009095|
|          36|   -4.887695|   -4.335046|   -0.116130|    0.009129|
|          37|   -4.888263|   -4.336124|   -0.116523|    0.009161|
|          38|   -4.889106|   -4.337298|   -0.116892|    0.009189|
|          39|   -4.890761|   -4.339097|   -0.117235|    0.009213|
|          40|   -4.893897|   -4.342179|   -0.117563|    0.009231|
|          41|   -4.899356|   -4.347442|   -0.117866|    0.009243|
|          42|   -4.907492|   -4.355376|   -0.118163|    0.009251|
|          43|   -4.917378|   -4.365093|   -0.118435|    0.009253|
|          44|   -4.929506|   -4.377137|   -0.118697|    0.009251|
|          45|   -4.943746|   -4.391256|   -0.118954|    0.009246|
|          46|   -4.958977|   -4.406264|   -0.119204|    0.009238|
|          47|   -4.974169|   -4.421138|   -0.119451|    0.009228|
|          48|   -4.989009|   -4.435580|   -0.119699|    0.009217|
|          49|   -5.003368|   -4.449545|   -0.119942|    0.009207|
|          50|   -5.016826|   -4.462640|   -0.120186|    0.009197|
|          51|   -5.029374|   -4.474814|   -0.120429|    0.009188|
|          52|   -5.041737|   -4.486767|   -0.120667|    0.009182|
|          53|   -5.053985|   -4.498596|   -0.120896|    0.009179|
|          54|   -5.066146|   -4.510315|   -0.121121|    0.009177|
|          55|   -5.079027|   -4.522677|   -0.121348|    0.009176|
|          56|   -5.093178|   -4.536241|   -0.121582|    0.009177|
|          57|   -5.108672|   -4.551233|   -0.121826|    0.009179|
|          58|   -5.125218|   -4.567466|   -0.122084|    0.009182|
|          59|   -5.142487|   -4.584586|   -0.122348|    0.009185|
|          60|   -5.161318|   -4.603451|   -0.122615|    0.009188|
|          61|   -5.180629|   -4.622926|   -0.122890|    0.009190|
|          62|   -5.200226|   -4.642725|   -0.123171|    0.009192|
|          63|   -5.221130|   -4.664037|   -0.123448|    0.009193|
|          64|   -5.241943|   -4.685453|   -0.123715|    0.009193|
|          65|   -5.262889|   -4.707173|   -0.123980|    0.009191|
|          66|   -5.282481|   -4.727408|   -0.124242|    0.009188|
|          67|   -5.300511|   -4.745892|   -0.124498|    0.009183|
|          68|   -5.316942|   -4.762645|   -0.124745|    0.009177|
|          69|   -5.332069|   -4.778026|   -0.124984|    0.009169|
|          70|   -5.346359|   -4.792476|   -0.125213|    0.009161|
|          71|   -5.360029|   -4.806189|   -0.125430|    0.009151|
|          72|   -5.373462|   -4.819562|   -0.125636|    0.009142|
|          73|   -5.386769|   -4.832737|   -0.125826|    0.009131|
|          74|   -5.400529|   -4.846339|   -0.126001|    0.009121|
|          75|   -5.414975|   -4.860538|   -0.126160|    0.009110|
|          76|   -5.430132|   -4.875410|   -0.126303|    0.009099|
|          77|   -5.445855|   -4.890851|   -0.126431|    0.009088|
|          78|   -5.462080|   -4.906769|   -0.126542|    0.009078|
|          79|   -5.478862|   -4.923200|   -0.126636|    0.009068|
|          80|   -5.496245|   -4.940216|   -0.126717|    0.009058|
|          81|   -5.514087|   -4.957679|   -0.126782|    0.009049|
|          82|   -5.532355|   -4.975586|   -0.126834|    0.009040|
|          83|   -5.551031|   -4.993935|   -0.126876|    0.009032|
|          84|   -5.570035|   -5.012629|   -0.126907|    0.009024|
|          85|   -5.589326|   -5.031634|   -0.126929|    0.009016|
|          86|   -5.608926|   -5.050979|   -0.126941|    0.009008|
|          87|   -5.628877|   -5.070718|   -0.126947|    0.009001|
|          88|   -5.649220|   -5.090878|   -0.126946|    0.008994|
|          89|   -5.670122|   -5.111585|   -0.126941|    0.008987|
|          90|   -5.691527|   -5.132815|   -0.126932|    0.008980|
|          91|   -5.713240|   -5.154384|   -0.126920|    0.008974|
|          92|   -5.735191|   -5.176214|   -0.126907|    0.008968|
|          93|   -5.757389|   -5.198310|   -0.126894|    0.008962|
|          94|   -5.779860|   -5.220698|   -0.126882|    0.008956|
|          95|   -5.802597|   -5.243367|   -0.126870|    0.008950|
|          96|   -5.825618|   -5.266337|   -0.126859|    0.008945|
|          97|   -5.849118|   -5.289826|   -0.126850|    0.008939|
|          98|   -5.873015|   -5.313727|   -0.126844|    0.008934|
|          99|   -5.897321|   -5.337984|   -0.126840|    0.008930|
|         100|   -5.921913|   -5.362499|   -0.126838|    0.008925|
|         101|   -5.946822|   -5.387298|   -0.126839|    0.008920|
|         102|   -5.972039|   -5.412389|   -0.126842|    0.008916|
|         103|   -5.997525|   -5.437742|   -0.126849|    0.008911|
|         104|   -6.023261|   -5.463335|   -0.126857|    0.008907|
|         105|   -6.049231|   -5.489157|   -0.126868|    0.008903|
|         106|   -6.075420|   -5.515191|   -0.126881|    0.008899|
|         107|   -6.101793|   -5.541406|   -0.126896|    0.008896|
|         108|   -6.128311|   -5.567764|   -0.126914|    0.008892|
|         109|   -6.154927|   -5.594222|   -0.126933|    0.008889|
|         110|   -6.181608|   -5.620747|   -0.126953|    0.008885|
|         111|   -6.208323|   -5.647308|   -0.126974|    0.008882|
|         112|   -6.235043|   -5.673879|   -0.126996|    0.008879|
|         113|   -6.261732|   -5.700424|   -0.127019|    0.008876|
|         114|   -6.288369|   -5.726923|   -0.127042|    0.008873|
|         115|   -6.314940|   -5.753361|   -0.127065|    0.008870|
|         116|   -6.341458|   -5.779753|   -0.127088|    0.008868|
|         117|   -6.367938|   -5.806115|   -0.127111|    0.008865|
|         118|   -6.394406|   -5.832473|   -0.127134|    0.008863|
|         119|   -6.420892|   -5.858859|   -0.127156|    0.008861|
|         120|   -6.447441|   -5.885321|   -0.127177|    0.008858|
|         121|   -6.474103|   -5.911910|   -0.127197|    0.008856|
|         122|   -6.500933|   -5.938685|   -0.127217|    0.008855|
|         123|   -6.527962|   -5.965681|   -0.127235|    0.008853|
|         124|   -6.555223|   -5.992935|   -0.127253|    0.008851|
|         125|   -6.582742|   -6.020481|   -0.127270|    0.008850|
|         126|   -6.610499|   -6.048302|   -0.127285|    0.008848|
|         127|   -6.638448|   -6.076360|   -0.127300|    0.008847|
|         128|   -6.666482|   -6.104554|   -0.127314|    0.008846|
|         129|   -6.694451|   -6.132740|   -0.127327|    0.008845|
|         130|   -6.722153|   -6.160724|   -0.127339|    0.008844|
|         131|   -6.749304|   -6.188229|   -0.127350|    0.008844|
|         132|   -6.775553|   -6.214905|   -0.127360|    0.008843|
|         133|   -6.800485|   -6.240332|   -0.127369|    0.008843|
|         134|   -6.823645|   -6.264048|   -0.127378|    0.008843|
|         135|   -6.844570|   -6.285574|   -0.127386|    0.008843|
|         136|   -6.862849|   -6.304469|   -0.127394|    0.008843|
|         137|   -6.878163|   -6.320383|   -0.127401|    0.008843|
|         138|   -6.890334|   -6.333104|   -0.127408|    0.008843|
|         139|   -6.899362|   -6.342600|   -0.127414|    0.008843|
|         140|   -6.905424|   -6.349029|   -0.127419|    0.008844|
|         141|   -6.908833|   -6.352692|   -0.127425|    0.008844|
|         142|   -6.910013|   -6.354016|   -0.127430|    0.008845|
|         143|   -6.909441|   -6.353486|   -0.127435|    0.008845|
|         144|   -6.907593|   -6.351595|   -0.127439|    0.008846|
|         145|   -6.904912|   -6.348803|   -0.127443|    0.008847|
|         146|   -6.901791|   -6.345518|   -0.127447|    0.008848|
|         147|   -6.898569|   -6.342099|   -0.127451|    0.008848|
|         148|   -6.895505|   -6.338819|   -0.127455|    0.008849|
|         149|   -6.892815|   -6.335902|   -0.127459|    0.008850|
|         150|   -6.890656|   -6.333514|   -0.127462|    0.008851|
|         151|   -6.889143|   -6.331777|   -0.127466|    0.008852|
|         152|   -6.888357|   -6.330774|   -0.127469|    0.008853|
|         153|   -6.888349|   -6.330560|   -0.127472|    0.008854|
|         154|   -6.889158|   -6.331176|   -0.127475|    0.008855|
|         155|   -6.890797|   -6.332637|   -0.127478|    0.008856|
|         156|   -6.893270|   -6.334945|   -0.127481|    0.008857|
|         157|   -6.896575|   -6.338099|   -0.127484|    0.008858|
|         158|   -6.900702|   -6.342088|   -0.127486|    0.008859|
|         159|   -6.905637|   -6.346899|   -0.127489|    0.008860|
|         160|   -6.911364|   -6.352513|   -0.127492|    0.008861|
|         161|   -6.917862|   -6.358910|   -0.127494|    0.008862|
|         162|   -6.925114|   -6.366072|   -0.127497|    0.008863|
|         163|   -6.933097|   -6.373974|   -0.127499|    0.008864|
|         164|   -6.941791|   -6.382596|   -0.127501|    0.008865|
|         165|   -6.951175|   -6.391914|   -0.127504|    0.008865|
|         166|   -6.961229|   -6.401909|   -0.127506|    0.008866|
|         167|   -6.971935|   -6.412563|   -0.127508|    0.008867|
|         168|   -6.983274|   -6.423856|   -0.127510|    0.008868|
|         169|   -6.995228|   -6.435769|   -0.127513|    0.008869|
|         170|   -7.007777|   -6.448283|   -0.127515|    0.008869|
|         171|   -7.020904|   -6.461381|   -0.127517|    0.008870|
|         172|   -7.034590|   -6.475044|   -0.127519|    0.008871|
|         173|   -7.048813|   -6.489251|   -0.127522|    0.008871|
|         174|   -7.063550|   -6.503981|   -0.127524|    0.008872|
|         175|   -7.078776|   -6.519207|   -0.127526|    0.008873|
|         176|   -7.094461|   -6.534903|   -0.127529|    0.008873|
|         177|   -7.110571|   -6.551034|   -0.127531|    0.008874|
|         178|   -7.127065|   -6.567564|   -0.127533|    0.008874|
|         179|   -7.143897|   -6.584445|   -0.127536|    0.008875|
|         180|   -7.161009|   -6.601623|   -0.127538|    0.008875|
|         181|   -7.178336|   -6.619035|   -0.127541|    0.008875|
|         182|   -7.195803|   -6.636605|   -0.127543|    0.008876|
|         183|   -7.213320|   -6.654247|   -0.127546|    0.008876|
|         184|   -7.230787|   -6.671860|   -0.127549|    0.008876|
|         185|   -7.248090|   -6.689332|   -0.127551|    0.008877|
|         186|   -7.265106|   -6.706537|   -0.127554|    0.008877|
|         187|   -7.281700|   -6.723339|   -0.127557|    0.008877|
|         188|   -7.297731|   -6.739593|   -0.127560|    0.008877|
|         189|   -7.313056|   -6.755153|   -0.127563|    0.008877|
|         190|   -7.327533|   -6.769870|   -0.127566|    0.008877|
|         191|   -7.341037|   -6.783610|   -0.127569|    0.008877|
|         192|   -7.353454|   -6.796255|   -0.127571|    0.008877|
|         193|   -7.364700|   -6.807709|   -0.127574|    0.008877|
|         194|   -7.374713|   -6.817902|   -0.127577|    0.008877|
|         195|   -7.383490|   -6.826826|   -0.127580|    0.008877|
|         196|   -7.391065|   -6.834502|   -0.127583|    0.008877|
|         197|   -7.397475|   -6.840962|   -0.127586|    0.008877|
|         198|   -7.402766|   -6.846260|   -0.127589|    0.008877|
|         199|   -7.407039|   -6.850499|   -0.127592|    0.008877|
|         200|   -7.410434|   -6.853825|   -0.127595|    0.008877|
|         201|   -7.413093|   -6.856382|   -0.127597|    0.008876|
|         202|   -7.415149|   -6.858309|   -0.127600|    0.008876|
|         203|   -7.416726|   -6.859735|   -0.127603|    0.008876|
|         204|   -7.417946|   -6.860788|   -0.127605|    0.008876|
|         205|   -7.418923|   -6.861586|   -0.127608|    0.008876|
|         206|   -7.419763|   -6.862241|   -0.127611|    0.008875|
|         207|   -7.420560|   -6.862850|   -0.127613|    0.008875|
|         208|   -7.421397|   -6.863501|   -0.127616|    0.008875|
|         209|   -7.422344|   -6.864264|   -0.127618|    0.008875|
|         210|   -7.423457|   -6.865202|   -0.127620|    0.008874|
|         211|   -7.424787|   -6.866364|   -0.127623|    0.008874|
|         212|   -7.426372|   -6.867791|   -0.127625|    0.008874|
|         213|   -7.428246|   -6.869517|   -0.127627|    0.008874|
|         214|   -7.430433|   -6.871568|   -0.127629|    0.008873|
|         215|   -7.432954|   -6.873964|   -0.127631|    0.008873|
|         216|   -7.435825|   -6.876722|   -0.127633|    0.008873|
|         217|   -7.439060|   -6.879855|   -0.127635|    0.008872|
|         218|   -7.442668|   -6.883373|   -0.127636|    0.008872|
|         219|   -7.446659|   -6.887284|   -0.127638|    0.008872|
|         220|   -7.451038|   -6.891595|   -0.127639|    0.008872|
|         221|   -7.455813|   -6.896310|   -0.127641|    0.008871|
|         222|   -7.460988|   -6.901435|   -0.127642|    0.008871|
|         223|   -7.466569|   -6.906975|   -0.127644|    0.008871|
|         224|   -7.472560|   -6.912933|   -0.127645|    0.008871|
|         225|   -7.478968|   -6.919314|   -0.127646|    0.008870|
|         226|   -7.485797|   -6.926124|   -0.127647|    0.008870|
|         227|   -7.493055|   -6.933368|   -0.127648|    0.008870|
|         228|   -7.500750|   -6.941054|   -0.127649|    0.008870|
|         229|   -7.508888|   -6.949187|   -0.127650|    0.008869|
|         230|   -7.517479|   -6.957777|   -0.127651|    0.008869|
|         231|   -7.526532|   -6.966833|   -0.127652|    0.008869|
|         232|   -7.536059|   -6.976363|   -0.127653|    0.008869|
|         233|   -7.546071|   -6.986381|   -0.127653|    0.008869|
|         234|   -7.556580|   -6.996896|   -0.127654|    0.008868|
|         235|   -7.567600|   -7.007923|   -0.127654|    0.008868|
|         236|   -7.579146|   -7.019475|   -0.127655|    0.008868|
|         237|   -7.591233|   -7.031567|   -0.127655|    0.008868|
|         238|   -7.603877|   -7.044216|   -0.127656|    0.008868|
|         239|   -7.617097|   -7.057438|   -0.127656|    0.008868|
|         240|   -7.630911|   -7.071252|   -0.127656|    0.008867|
|         241|   -7.645338|   -7.085677|   -0.127656|    0.008867|
|         242|   -7.660400|   -7.100732|   -0.127656|    0.008867|
|         243|   -7.676118|   -7.116440|   -0.127656|    0.008867|
|         244|   -7.692515|   -7.132824|   -0.127656|    0.008867|
|         245|   -7.709615|   -7.149905|   -0.127656|    0.008867|
|         246|   -7.727443|   -7.167711|   -0.127656|    0.008867|
|         247|   -7.746025|   -7.186265|   -0.127656|    0.008867|
|         248|   -7.765388|   -7.205596|   -0.127656|    0.008867|
|         249|   -7.785561|   -7.225729|   -0.127656|    0.008867|
|         250|   -7.806570|   -7.246694|   -0.127656|    0.008866|
+-----------------------------------------------------------------------+
|        File Writing Summary       |              Filename             |
+-----------------------------------------------------------------------+
|SU2 binary restart                 |restart_flow.dat                   |
|Paraview                           |flow.vtu                           |
|Paraview surface                   |surface_flow.vtu                   |
|CSV file                           |surface_flow.csv                   |
+-----------------------------------------------------------------------+
+----------------------------------------------------------------+
|  Inner_Iter|    rms[Rho]|   rms[RhoE]|          CL|          CD|
+----------------------------------------------------------------+
|         251|   -7.828444|   -7.268518|   -0.127656|    0.008866|
|         252|   -7.851211|   -7.291229|   -0.127655|    0.008866|
|         253|   -7.874894|   -7.314851|   -0.127655|    0.008866|
|         254|   -7.899517|   -7.339407|   -0.127655|    0.008866|
|         255|   -7.925094|   -7.364912|   -0.127655|    0.008866|
|         256|   -7.951630|   -7.391372|   -0.127654|    0.008866|
|         257|   -7.979112|   -7.418777|   -0.127654|    0.008866|
|         258|   -8.007507|   -7.447095|   -0.127654|    0.008866|
|         259|   -8.036743|   -7.476260|   -0.127653|    0.008866|
|         260|   -8.066702|   -7.506158|   -0.127653|    0.008866|
|         261|   -8.097200|   -7.536613|   -0.127652|    0.008866|
|         262|   -8.127966|   -7.567367|   -0.127652|    0.008866|
|         263|   -8.158626|   -7.598058|   -0.127652|    0.008866|
|         264|   -8.188682|   -7.628205|   -0.127651|    0.008866|
|         265|   -8.217506|   -7.657196|   -0.127651|    0.008866|
|         266|   -8.244349|   -7.684296|   -0.127651|    0.008866|
|         267|   -8.268390|   -7.708690|   -0.127650|    0.008866|
|         268|   -8.288817|   -7.729563|   -0.127650|    0.008866|
|         269|   -8.304947|   -7.746209|   -0.127650|    0.008866|
|         270|   -8.316348|   -7.758165|   -0.127649|    0.008866|
|         271|   -8.322933|   -7.765305|   -0.127649|    0.008867|
|         272|   -8.324977|   -7.767865|   -0.127649|    0.008867|
|         273|   -8.323060|   -7.766398|   -0.127648|    0.008867|
|         274|   -8.317952|   -7.761657|   -0.127648|    0.008867|
|         275|   -8.310493|   -7.754479|   -0.127648|    0.008867|
|         276|   -8.301485|   -7.745668|   -0.127647|    0.008867|
|         277|   -8.291631|   -7.735936|   -0.127647|    0.008867|
|         278|   -8.281504|   -7.725870|   -0.127647|    0.008867|
|         279|   -8.271551|   -7.715930|   -0.127647|    0.008867|
|         280|   -8.262105|   -7.706457|   -0.127647|    0.008867|
|         281|   -8.253404|   -7.697702|   -0.127646|    0.008867|
|         282|   -8.245616|   -7.689838|   -0.127646|    0.008867|
|         283|   -8.238850|   -7.682983|   -0.127646|    0.008867|
|         284|   -8.233179|   -7.677211|   -0.127646|    0.008867|
|         285|   -8.228646|   -7.672569|   -0.127646|    0.008867|
|         286|   -8.225273|   -7.669082|   -0.127646|    0.008867|
|         287|   -8.223071|   -7.666760|   -0.127646|    0.008867|
|         288|   -8.222038|   -7.665606|   -0.127646|    0.008867|
|         289|   -8.222171|   -7.665614|   -0.127646|    0.008867|
|         290|   -8.223462|   -7.666778|   -0.127645|    0.008867|
|         291|   -8.225899|   -7.669087|   -0.127645|    0.008867|
|         292|   -8.229475|   -7.672532|   -0.127645|    0.008867|
|         293|   -8.234180|   -7.677104|   -0.127645|    0.008867|
|         294|   -8.240007|   -7.682796|   -0.127645|    0.008867|
|         295|   -8.246950|   -7.689602|   -0.127645|    0.008867|
|         296|   -8.255006|   -7.697519|   -0.127645|    0.008868|
|         297|   -8.264175|   -7.706545|   -0.127645|    0.008868|
|         298|   -8.274457|   -7.716683|   -0.127645|    0.008868|
|         299|   -8.285859|   -7.727938|   -0.127646|    0.008868|
|         300|   -8.298388|   -7.740317|   -0.127646|    0.008868|
|         301|   -8.312056|   -7.753831|   -0.127646|    0.008868|
|         302|   -8.326878|   -7.768496|   -0.127646|    0.008868|
|         303|   -8.342871|   -7.784328|   -0.127646|    0.008868|
|         304|   -8.360058|   -7.801350|   -0.127646|    0.008868|
|         305|   -8.378463|   -7.819588|   -0.127646|    0.008868|
|         306|   -8.398116|   -7.839069|   -0.127646|    0.008868|
|         307|   -8.419048|   -7.859827|   -0.127646|    0.008868|
|         308|   -8.441295|   -7.881896|   -0.127646|    0.008868|
|         309|   -8.464892|   -7.905313|   -0.127646|    0.008868|
|         310|   -8.489875|   -7.930116|   -0.127646|    0.008868|
|         311|   -8.516275|   -7.956339|   -0.127646|    0.008868|
|         312|   -8.544112|   -7.984005|   -0.127647|    0.008868|
|         313|   -8.573392|   -8.013125|   -0.127647|    0.008868|
|         314|   -8.604084|   -8.043678|   -0.127647|    0.008868|
|         315|   -8.636114|   -8.075600|   -0.127647|    0.008868|
|         316|   -8.669329|   -8.108756|   -0.127647|    0.008868|
|         317|   -8.703472|   -8.142912|   -0.127647|    0.008868|
|         318|   -8.738136|   -8.177692|   -0.127647|    0.008868|
|         319|   -8.772719|   -8.212530|   -0.127647|    0.008868|
|         320|   -8.806376|   -8.246621|   -0.127647|    0.008868|
|         321|   -8.837993|   -8.278887|   -0.127648|    0.008868|
|         322|   -8.866223|   -8.307996|   -0.127648|    0.008868|
|         323|   -8.889612|   -8.332475|   -0.127648|    0.008868|
|         324|   -8.906852|   -8.350947|   -0.127648|    0.008868|
|         325|   -8.917104|   -8.362455|   -0.127648|    0.008868|
|         326|   -8.920254|   -8.366756|   -0.127648|    0.008868|
|         327|   -8.916965|   -8.364402|   -0.127648|    0.008868|
|         328|   -8.908468|   -8.356568|   -0.127648|    0.008868|
|         329|   -8.896240|   -8.344732|   -0.127648|    0.008868|
|         330|   -8.881705|   -8.330355|   -0.127648|    0.008868|
|         331|   -8.866059|   -8.314688|   -0.127648|    0.008868|
|         332|   -8.850219|   -8.298698|   -0.127649|    0.008868|
|         333|   -8.834834|   -8.283082|   -0.127649|    0.008868|
|         334|   -8.820342|   -8.268307|   -0.127649|    0.008868|
|         335|   -8.807019|   -8.254676|   -0.127649|    0.008868|
|         336|   -8.795028|   -8.242365|   -0.127649|    0.008868|
|         337|   -8.784455|   -8.231470|   -0.127649|    0.008868|
|         338|   -8.775333|   -8.222032|   -0.127649|    0.008868|
|         339|   -8.767665|   -8.214057|   -0.127649|    0.008868|
|         340|   -8.761432|   -8.207527|   -0.127649|    0.008868|
|         341|   -8.756604|   -8.202412|   -0.127649|    0.008868|
|         342|   -8.753144|   -8.198676|   -0.127649|    0.008868|
|         343|   -8.751012|   -8.196278|   -0.127649|    0.008868|
|         344|   -8.750169|   -8.195179|   -0.127649|    0.008868|
|         345|   -8.750576|   -8.195340|   -0.127649|    0.008868|
|         346|   -8.752198|   -8.196723|   -0.127649|    0.008868|
|         347|   -8.755000|   -8.199294|   -0.127649|    0.008868|
|         348|   -8.758952|   -8.203022|   -0.127649|    0.008868|
|         349|   -8.764028|   -8.207879|   -0.127649|    0.008868|
|         350|   -8.770203|   -8.213841|   -0.127649|    0.008868|
|         351|   -8.777455|   -8.220885|   -0.127649|    0.008868|
|         352|   -8.785768|   -8.228994|   -0.127649|    0.008868|
|         353|   -8.795126|   -8.238151|   -0.127649|    0.008868|
|         354|   -8.805517|   -8.248344|   -0.127649|    0.008868|
|         355|   -8.816932|   -8.259564|   -0.127649|    0.008868|
|         356|   -8.829364|   -8.271802|   -0.127649|    0.008868|
|         357|   -8.842808|   -8.285055|   -0.127649|    0.008868|
|         358|   -8.857263|   -8.299321|   -0.127649|    0.008868|
|         359|   -8.872728|   -8.314598|   -0.127649|    0.008868|
|         360|   -8.889207|   -8.330890|   -0.127649|    0.008868|
|         361|   -8.906701|   -8.348199|   -0.127649|    0.008868|
|         362|   -8.925218|   -8.366533|   -0.127649|    0.008868|
|         363|   -8.944764|   -8.385896|   -0.127649|    0.008868|
|         364|   -8.965345|   -8.406298|   -0.127649|    0.008868|
|         365|   -8.986969|   -8.427745|   -0.127649|    0.008868|
|         366|   -9.009641|   -8.450245|   -0.127649|    0.008868|
|         367|   -9.033364|   -8.473802|   -0.127649|    0.008868|
|         368|   -9.058138|   -8.498417|   -0.127649|    0.008868|
|         369|   -9.083955|   -8.524084|   -0.127649|    0.008868|
|         370|   -9.110794|   -8.550789|   -0.127649|    0.008868|
|         371|   -9.138621|   -8.578501|   -0.127649|    0.008868|
|         372|   -9.167380|   -8.607171|   -0.127649|    0.008868|
|         373|   -9.196986|   -8.636720|   -0.127649|    0.008868|
|         374|   -9.227313|   -8.667033|   -0.127649|    0.008868|
|         375|   -9.258185|   -8.697948|   -0.127649|    0.008868|
|         376|   -9.289362|   -8.729238|   -0.127649|    0.008868|
|         377|   -9.320526|   -8.760601|   -0.127649|    0.008868|
|         378|   -9.351273|   -8.791650|   -0.127649|    0.008868|
|         379|   -9.381102|   -8.821896|   -0.127649|    0.008868|
|         380|   -9.409424|   -8.850762|   -0.127649|    0.008868|
|         381|   -9.435590|   -8.877596|   -0.127649|    0.008868|
|         382|   -9.458936|   -8.901721|   -0.127649|    0.008868|
|         383|   -9.478870|   -8.922513|   -0.127649|    0.008868|
|         384|   -9.494952|   -8.939485|   -0.127649|    0.008868|
|         385|   -9.506984|   -8.952382|   -0.127649|    0.008868|
|         386|   -9.515047|   -8.961228|   -0.127649|    0.008868|
|         387|   -9.519490|   -8.966327|   -0.127649|    0.008868|
|         388|   -9.520865|   -8.968203|   -0.127649|    0.008868|
|         389|   -9.519829|   -8.967509|   -0.127649|    0.008868|
|         390|   -9.517063|   -8.964935|   -0.127649|    0.008868|
|         391|   -9.513199|   -8.961133|   -0.127649|    0.008868|
|         392|   -9.508784|   -8.956676|   -0.127649|    0.008868|
|         393|   -9.504263|   -8.952033|   -0.127649|    0.008868|
|         394|   -9.499988|   -8.947576|   -0.127649|    0.008868|
|         395|   -9.496221|   -8.943585|   -0.127649|    0.008868|
|         396|   -9.493156|   -8.940267|   -0.127649|    0.008868|
|         397|   -9.490928|   -8.937770|   -0.127649|    0.008868|
|         398|   -9.489631|   -8.936192|   -0.127649|    0.008868|
|         399|   -9.489323|   -8.935600|   -0.127649|    0.008868|
|         400|   -9.490041|   -8.936033|   -0.127649|    0.008868|
|         401|   -9.491803|   -8.937512|   -0.127649|    0.008868|
|         402|   -9.494613|   -8.940043|   -0.127649|    0.008868|
|         403|   -9.498467|   -8.943624|   -0.127649|    0.008868|
|         404|   -9.503356|   -8.948245|   -0.127649|    0.008868|
|         405|   -9.509265|   -8.953893|   -0.127649|    0.008868|
|         406|   -9.516178|   -8.960551|   -0.127649|    0.008868|
|         407|   -9.524074|   -8.968199|   -0.127649|    0.008868|
|         408|   -9.532936|   -8.976819|   -0.127649|    0.008868|
|         409|   -9.542741|   -8.986389|   -0.127649|    0.008868|
|         410|   -9.553470|   -8.996888|   -0.127649|    0.008868|
|         411|   -9.565100|   -9.008295|   -0.127649|    0.008868|
|         412|   -9.577610|   -9.020588|   -0.127649|    0.008868|
|         413|   -9.590979|   -9.033745|   -0.127649|    0.008868|
|         414|   -9.605182|   -9.047742|   -0.127649|    0.008868|
|         415|   -9.620196|   -9.062557|   -0.127649|    0.008868|
|         416|   -9.635995|   -9.078163|   -0.127649|    0.008868|
|         417|   -9.652552|   -9.094533|   -0.127649|    0.008868|
|         418|   -9.669837|   -9.111639|   -0.127649|    0.008868|
|         419|   -9.687816|   -9.129446|   -0.127649|    0.008868|
|         420|   -9.706454|   -9.147920|   -0.127649|    0.008868|
|         421|   -9.725707|   -9.167020|   -0.127649|    0.008868|
|         422|   -9.745530|   -9.186699|   -0.127649|    0.008868|
|         423|   -9.765869|   -9.206906|   -0.127649|    0.008868|
|         424|   -9.786664|   -9.227583|   -0.127649|    0.008868|
|         425|   -9.807847|   -9.248663|   -0.127649|    0.008868|
|         426|   -9.829342|   -9.270072|   -0.127649|    0.008868|
|         427|   -9.851065|   -9.291728|   -0.127649|    0.008868|
|         428|   -9.872922|   -9.313539|   -0.127649|    0.008868|
|         429|   -9.894811|   -9.335405|   -0.127649|    0.008868|
|         430|   -9.916623|   -9.357219|   -0.127649|    0.008868|
|         431|   -9.938245|   -9.378869|   -0.127649|    0.008868|
|         432|   -9.959559|   -9.400238|   -0.127649|    0.008868|
|         433|   -9.980448|   -9.421209|   -0.127649|    0.008868|
|         434|  -10.000798|   -9.441670|   -0.127649|    0.008868|
|         435|  -10.020504|   -9.461513|   -0.127649|    0.008868|
|         436|  -10.039476|   -9.480646|   -0.127649|    0.008868|
|         437|  -10.057639|   -9.498990|   -0.127649|    0.008868|
|         438|  -10.074940|   -9.516490|   -0.127649|    0.008868|
|         439|  -10.091353|   -9.533112|   -0.127649|    0.008868|
|         440|  -10.106877|   -9.548852|   -0.127649|    0.008868|
|         441|  -10.121536|   -9.563728|   -0.127649|    0.008868|
|         442|  -10.135381|   -9.577785|   -0.127649|    0.008868|
|         443|  -10.148484|   -9.591092|   -0.127649|    0.008868|
|         444|  -10.160935|   -9.603731|   -0.127649|    0.008868|
|         445|  -10.172834|   -9.615803|   -0.127649|    0.008868|
|         446|  -10.184289|   -9.627412|   -0.127649|    0.008868|
|         447|  -10.195411|   -9.638668|   -0.127649|    0.008868|
|         448|  -10.206308|   -9.649679|   -0.127649|    0.008868|
|         449|  -10.217080|   -9.660546|   -0.127649|    0.008868|
|         450|  -10.227822|   -9.671364|   -0.127649|    0.008868|
|         451|  -10.238616|   -9.682217|   -0.127649|    0.008868|
|         452|  -10.249535|   -9.693179|   -0.127649|    0.008868|
|         453|  -10.260636|   -9.704311|   -0.127649|    0.008868|
|         454|  -10.271969|   -9.715662|   -0.127649|    0.008868|
|         455|  -10.283567|   -9.727269|   -0.127649|    0.008868|
|         456|  -10.295455|   -9.739156|   -0.127649|    0.008868|
|         457|  -10.307644|   -9.751338|   -0.127649|    0.008868|
|         458|  -10.320136|   -9.763818|   -0.127649|    0.008868|
|         459|  -10.332921|   -9.776587|   -0.127649|    0.008868|
|         460|  -10.345983|   -9.789629|   -0.127649|    0.008868|
|         461|  -10.359292|   -9.802915|   -0.127649|    0.008868|
|         462|  -10.372812|   -9.816410|   -0.127649|    0.008868|
|         463|  -10.386499|   -9.830070|   -0.127649|    0.008868|
|         464|  -10.400303|   -9.843845|   -0.127649|    0.008868|
|         465|  -10.414167|   -9.857678|   -0.127649|    0.008868|
|         466|  -10.428031|   -9.871507|   -0.127649|    0.008868|
|         467|  -10.441831|   -9.885270|   -0.127649|    0.008868|
|         468|  -10.455503|   -9.898900|   -0.127649|    0.008868|
|         469|  -10.468984|   -9.912335|   -0.127649|    0.008868|
|         470|  -10.482215|   -9.925513|   -0.127649|    0.008868|
|         471|  -10.495143|   -9.938380|   -0.127649|    0.008868|
|         472|  -10.507721|   -9.950889|   -0.127649|    0.008868|
|         473|  -10.519916|   -9.963005|   -0.127649|    0.008868|
|         474|  -10.531702|   -9.974703|   -0.127649|    0.008868|
|         475|  -10.543071|   -9.985972|   -0.127649|    0.008868|
|         476|  -10.554024|   -9.996814|   -0.127649|    0.008868|
|         477|  -10.564579|  -10.007247|   -0.127649|    0.008868|
|         478|  -10.574766|  -10.017299|   -0.127649|    0.008868|
|         479|  -10.584626|  -10.027012|   -0.127649|    0.008868|
|         480|  -10.594210|  -10.036440|   -0.127649|    0.008868|
|         481|  -10.603578|  -10.045640|   -0.127649|    0.008868|
|         482|  -10.612796|  -10.054680|   -0.127649|    0.008868|
|         483|  -10.621932|  -10.063630|   -0.127649|    0.008868|
|         484|  -10.631059|  -10.072562|   -0.127649|    0.008868|
|         485|  -10.640247|  -10.081548|   -0.127649|    0.008868|
|         486|  -10.649567|  -10.090659|   -0.127649|    0.008868|
|         487|  -10.659086|  -10.099963|   -0.127649|    0.008868|
|         488|  -10.668868|  -10.109526|   -0.127649|    0.008868|
|         489|  -10.678972|  -10.119407|   -0.127649|    0.008868|
|         490|  -10.689453|  -10.129661|   -0.127649|    0.008868|
|         491|  -10.700361|  -10.140341|   -0.127649|    0.008868|
|         492|  -10.711742|  -10.151492|   -0.127649|    0.008868|
|         493|  -10.723635|  -10.163154|   -0.127649|    0.008868|
|         494|  -10.736075|  -10.175363|   -0.127649|    0.008868|
|         495|  -10.749093|  -10.188152|   -0.127649|    0.008868|
|         496|  -10.762715|  -10.201545|   -0.127649|    0.008868|
|         497|  -10.776960|  -10.215566|   -0.127649|    0.008868|
|         498|  -10.791846|  -10.230231|   -0.127649|    0.008868|
|         499|  -10.807384|  -10.245554|   -0.127649|    0.008868|
|         500|  -10.823579|  -10.261541|   -0.127649|    0.008868|
+-----------------------------------------------------------------------+
|        File Writing Summary       |              Filename             |
+-----------------------------------------------------------------------+
|SU2 binary restart                 |restart_flow.dat                   |
|Paraview                           |flow.vtu                           |
|Paraview surface                   |surface_flow.vtu                   |
|CSV file                           |surface_flow.csv                   |
+-----------------------------------------------------------------------+
+----------------------------------------------------------------+
|  Inner_Iter|    rms[Rho]|   rms[RhoE]|          CL|          CD|
+----------------------------------------------------------------+
|         501|  -10.840434|  -10.278197|   -0.127649|    0.008868|
|         502|  -10.857944|  -10.295520|   -0.127649|    0.008868|
|         503|  -10.876099|  -10.313501|   -0.127649|    0.008868|
|         504|  -10.894881|  -10.332126|   -0.127649|    0.008868|
|         505|  -10.914266|  -10.351374|   -0.127649|    0.008868|
|         506|  -10.934221|  -10.371216|   -0.127649|    0.008868|
|         507|  -10.954703|  -10.391614|   -0.127649|    0.008868|
|         508|  -10.975660|  -10.412518|   -0.127649|    0.008868|
|         509|  -10.997026|  -10.433870|   -0.127649|    0.008868|
|         510|  -11.018723|  -10.455597|   -0.127649|    0.008868|
|         511|  -11.040658|  -10.477611|   -0.127649|    0.008868|
|         512|  -11.062725|  -10.499812|   -0.127649|    0.008868|
|         513|  -11.084800|  -10.522081|   -0.127649|    0.008868|
|         514|  -11.106746|  -10.544287|   -0.127649|    0.008868|
|         515|  -11.128415|  -10.566283|   -0.127649|    0.008868|
|         516|  -11.149646|  -10.587909|   -0.127649|    0.008868|
|         517|  -11.170276|  -10.609000|   -0.127649|    0.008868|
|         518|  -11.190144|  -10.629388|   -0.127649|    0.008868|
|         519|  -11.209096|  -10.648909|   -0.127649|    0.008868|
|         520|  -11.226998|  -10.667415|   -0.127649|    0.008868|
|         521|  -11.243741|  -10.684778|   -0.127649|    0.008868|
|         522|  -11.259250|  -10.700903|   -0.127649|    0.008868|
|         523|  -11.273487|  -10.715730|   -0.127649|    0.008868|
|         524|  -11.286455|  -10.729241|   -0.127649|    0.008868|
|         525|  -11.298192|  -10.741455|   -0.127649|    0.008868|
|         526|  -11.308774|  -10.752433|   -0.127649|    0.008868|
|         527|  -11.318300|  -10.762261|   -0.127649|    0.008868|
|         528|  -11.326886|  -10.771053|   -0.127649|    0.008868|
|         529|  -11.334660|  -10.778932|   -0.127649|    0.008868|
|         530|  -11.341746|  -10.786030|   -0.127649|    0.008868|
|         531|  -11.348264|  -10.792471|   -0.127649|    0.008868|
|         532|  -11.354322|  -10.798373|   -0.127649|    0.008868|
|         533|  -11.360010|  -10.803839|   -0.127649|    0.008868|
|         534|  -11.365401|  -10.808953|   -0.127649|    0.008868|
|         535|  -11.370551|  -10.813783|   -0.127649|    0.008868|
|         536|  -11.375494|  -10.818377|   -0.127649|    0.008868|
|         537|  -11.380249|  -10.822766|   -0.127649|    0.008868|
|         538|  -11.384823|  -10.826967|   -0.127649|    0.008868|
|         539|  -11.389204|  -10.830980|   -0.127649|    0.008868|
|         540|  -11.393378|  -10.834799|   -0.127649|    0.008868|
|         541|  -11.397320|  -10.838408|   -0.127649|    0.008868|
|         542|  -11.401004|  -10.841789|   -0.127649|    0.008868|
|         543|  -11.404402|  -10.844919|   -0.127649|    0.008868|
|         544|  -11.407491|  -10.847780|   -0.127649|    0.008868|
|         545|  -11.410253|  -10.850356|   -0.127649|    0.008868|
|         546|  -11.412676|  -10.852639|   -0.127649|    0.008868|
|         547|  -11.414757|  -10.854626|   -0.127649|    0.008868|
|         548|  -11.416505|  -10.856325|   -0.127649|    0.008868|
|         549|  -11.417937|  -10.857749|   -0.127649|    0.008868|
|         550|  -11.419080|  -10.858924|   -0.127649|    0.008868|
|         551|  -11.419972|  -10.859884|   -0.127649|    0.008868|
|         552|  -11.420660|  -10.860671|   -0.127649|    0.008868|
|         553|  -11.421199|  -10.861333|   -0.127649|    0.008868|
|         554|  -11.421649|  -10.861927|   -0.127649|    0.008868|
|         555|  -11.422075|  -10.862512|   -0.127649|    0.008868|
|         556|  -11.422545|  -10.863150|   -0.127649|    0.008868|
|         557|  -11.423127|  -10.863906|   -0.127649|    0.008868|
|         558|  -11.423890|  -10.864843|   -0.127649|    0.008868|
|         559|  -11.424902|  -10.866027|   -0.127649|    0.008868|
|         560|  -11.426226|  -10.867517|   -0.127649|    0.008868|
|         561|  -11.427924|  -10.869373|   -0.127649|    0.008868|
|         562|  -11.430055|  -10.871652|   -0.127649|    0.008868|
|         563|  -11.432672|  -10.874404|   -0.127649|    0.008868|
|         564|  -11.435826|  -10.877681|   -0.127649|    0.008868|
|         565|  -11.439563|  -10.881528|   -0.127649|    0.008868|
|         566|  -11.443928|  -10.885988|   -0.127649|    0.008868|
|         567|  -11.448961|  -10.891101|   -0.127649|    0.008868|
|         568|  -11.454699|  -10.896904|   -0.127649|    0.008868|
|         569|  -11.461177|  -10.903434|   -0.127649|    0.008868|
|         570|  -11.468430|  -10.910723|   -0.127649|    0.008868|
|         571|  -11.476487|  -10.918803|   -0.127649|    0.008868|
|         572|  -11.485380|  -10.927704|   -0.127649|    0.008868|
|         573|  -11.495139|  -10.937458|   -0.127649|    0.008868|
|         574|  -11.505792|  -10.948091|   -0.127649|    0.008868|
|         575|  -11.517367|  -10.959635|   -0.127649|    0.008868|
|         576|  -11.529895|  -10.972118|   -0.127649|    0.008868|
|         577|  -11.543405|  -10.985569|   -0.127649|    0.008868|
|         578|  -11.557925|  -11.000019|   -0.127649|    0.008868|
|         579|  -11.573488|  -11.015500|   -0.127649|    0.008868|
|         580|  -11.590123|  -11.032040|   -0.127649|    0.008868|
|         581|  -11.607864|  -11.049675|   -0.127649|    0.008868|
|         582|  -11.626743|  -11.068435|   -0.127649|    0.008868|
|         583|  -11.646790|  -11.088353|   -0.127649|    0.008868|
|         584|  -11.668036|  -11.109459|   -0.127649|    0.008868|
|         585|  -11.690507|  -11.131779|   -0.127649|    0.008868|
|         586|  -11.714219|  -11.155332|   -0.127649|    0.008868|
|         587|  -11.739174|  -11.180122|   -0.127649|    0.008868|
|         588|  -11.765355|  -11.206134|   -0.127649|    0.008868|
|         589|  -11.792705|  -11.233317|   -0.127649|    0.008868|
|         590|  -11.821121|  -11.261573|   -0.127649|    0.008868|
|         591|  -11.850421|  -11.290734|   -0.127649|    0.008868|
|         592|  -11.880330|  -11.320537|   -0.127649|    0.008868|
|         593|  -11.910444|  -11.350597|   -0.127649|    0.008868|
|         594|  -11.940205|  -11.380379|   -0.127649|    0.008868|
|         595|  -11.968876|  -11.409175|   -0.127649|    0.008868|
|         596|  -11.995553|  -11.436102|   -0.127649|    0.008868|
|         597|  -12.019209|  -11.460148|   -0.127649|    0.008868|
|         598|  -12.038797|  -11.480267|   -0.127649|    0.008868|
|         599|  -12.053423|  -11.495541|   -0.127649|    0.008868|
|         600|  -12.062521|  -11.505359|   -0.127649|    0.008868|
|         601|  -12.065998|  -11.509567|   -0.127649|    0.008868|
|         602|  -12.064259|  -11.508512|   -0.127649|    0.008868|
|         603|  -12.058109|  -11.502953|   -0.127649|    0.008868|
|         604|  -12.048576|  -11.493890|   -0.127649|    0.008868|
|         605|  -12.036724|  -11.482383|   -0.127649|    0.008868|
|         606|  -12.023524|  -11.469407|   -0.127649|    0.008868|
|         607|  -12.009776|  -11.455782|   -0.127649|    0.008868|
|         608|  -11.996101|  -11.442150|   -0.127649|    0.008868|
|         609|  -11.982951|  -11.428979|   -0.127649|    0.008868|
|         610|  -11.970643|  -11.416605|   -0.127649|    0.008868|
|         611|  -11.959388|  -11.405251|   -0.127649|    0.008868|
|         612|  -11.949323|  -11.395062|   -0.127649|    0.008868|
|         613|  -11.940525|  -11.386125|   -0.127649|    0.008868|
|         614|  -11.933038|  -11.378487|   -0.127649|    0.008868|
|         615|  -11.926878|  -11.372169|   -0.127649|    0.008868|
|         616|  -11.922043|  -11.367172|   -0.127649|    0.008868|
|         617|  -11.918523|  -11.363485|   -0.127649|    0.008868|
|         618|  -11.916300|  -11.361095|   -0.127649|    0.008868|
|         619|  -11.915354|  -11.359979|   -0.127649|    0.008868|
|         620|  -11.915662|  -11.360118|   -0.127649|    0.008868|
|         621|  -11.917203|  -11.361488|   -0.127649|    0.008868|
|         622|  -11.919956|  -11.364071|   -0.127649|    0.008868|
|         623|  -11.923903|  -11.367847|   -0.127649|    0.008868|
|         624|  -11.929029|  -11.372800|   -0.127649|    0.008868|
|         625|  -11.935318|  -11.378917|   -0.127649|    0.008868|
|         626|  -11.942760|  -11.386187|   -0.127649|    0.008868|
|         627|  -11.951349|  -11.394602|   -0.127649|    0.008868|
|         628|  -11.961078|  -11.404156|   -0.127649|    0.008868|
|         629|  -11.971946|  -11.414849|   -0.127649|    0.008868|
|         630|  -11.983956|  -11.426682|   -0.127649|    0.008868|
|         631|  -11.997111|  -11.439658|   -0.127649|    0.008868|
|         632|  -12.011419|  -11.453786|   -0.127649|    0.008868|
|         633|  -12.026892|  -11.469078|   -0.127649|    0.008868|
|         634|  -12.043543|  -11.485546|   -0.127649|    0.008868|
|         635|  -12.061392|  -11.503210|   -0.127649|    0.008868|
|         636|  -12.080458|  -11.522089|   -0.127649|    0.008868|
|         637|  -12.100765|  -11.542210|   -0.127649|    0.008868|
|         638|  -12.122340|  -11.563597|   -0.127649|    0.008868|
|         639|  -12.145211|  -11.586282|   -0.127649|    0.008868|
|         640|  -12.169407|  -11.610292|   -0.127649|    0.008868|
|         641|  -12.194952|  -11.635658|   -0.127649|    0.008868|
|         642|  -12.221869|  -11.662403|   -0.127649|    0.008868|
|         643|  -12.250167|  -11.690540|   -0.127649|    0.008868|
|         644|  -12.279834|  -11.720066|   -0.127649|    0.008868|
|         645|  -12.310826|  -11.750945|   -0.127649|    0.008868|
|         646|  -12.343047|  -11.783095|   -0.127649|    0.008868|
|         647|  -12.376331|  -11.816368|   -0.127649|    0.008868|
|         648|  -12.410410|  -11.850519|   -0.127649|    0.008868|
|         649|  -12.444883|  -11.885172|   -0.127649|    0.008868|
|         650|  -12.479172|  -11.919786|   -0.127649|    0.008868|
|         651|  -12.512494|  -11.953605|   -0.127649|    0.008868|
|         652|  -12.543836|  -11.985646|   -0.127649|    0.008868|
|         653|  -12.572011|  -12.014724|   -0.127649|    0.008868|
|         654|  -12.595756|  -12.039549|   -0.127649|    0.008868|
|         655|  -12.613949|  -12.058932|   -0.127649|    0.008868|
|         656|  -12.625848|  -12.072027|   -0.127649|    0.008868|
|         657|  -12.631339|  -12.078608|   -0.127649|    0.008868|
|         658|  -12.630935|  -12.079086|   -0.127649|    0.008868|
|         659|  -12.625666|  -12.074447|   -0.127649|    0.008868|
|         660|  -12.616796|  -12.065949|   -0.127649|    0.008868|
|         661|  -12.605601|  -12.054898|   -0.127649|    0.008868|
|         662|  -12.593176|  -12.042442|   -0.127649|    0.008868|
|         663|  -12.580401|  -12.029503|   -0.127649|    0.008868|
|         664|  -12.567922|  -12.016775|   -0.127649|    0.008868|
|         665|  -12.556186|  -12.004736|   -0.127649|    0.008868|
|         666|  -12.545494|  -11.993713|   -0.127649|    0.008868|
|         667|  -12.536034|  -11.983907|   -0.127649|    0.008868|
|         668|  -12.527917|  -11.975442|   -0.127649|    0.008868|
|         669|  -12.521200|  -11.968379|   -0.127649|    0.008868|
|         670|  -12.515902|  -11.962745|   -0.127649|    0.008868|
|         671|  -12.512022|  -11.958538|   -0.127649|    0.008868|
|         672|  -12.509542|  -11.955742|   -0.127649|    0.008868|
|         673|  -12.508440|  -11.954334|   -0.127649|    0.008868|
|         674|  -12.508685|  -11.954285|   -0.127649|    0.008868|
|         675|  -12.510245|  -11.955561|   -0.127649|    0.008868|
|         676|  -12.513092|  -11.958134|   -0.127649|    0.008868|
|         677|  -12.517196|  -11.961972|   -0.127649|    0.008868|
|         678|  -12.522529|  -11.967048|   -0.127649|    0.008868|
|         679|  -12.529066|  -11.973335|   -0.127649|    0.008868|
|         680|  -12.536786|  -11.980811|   -0.127649|    0.008868|
|         681|  -12.545670|  -11.989457|   -0.127649|    0.008868|
|         682|  -12.555699|  -11.999256|   -0.127649|    0.008868|
|         683|  -12.566863|  -12.010192|   -0.127649|    0.008868|
|         684|  -12.579147|  -12.022255|   -0.127649|    0.008868|
|         685|  -12.592546|  -12.035435|   -0.127649|    0.008868|
|         686|  -12.607051|  -12.049728|   -0.127649|    0.008868|
|         687|  -12.622658|  -12.065124|   -0.127649|    0.008868|
|         688|  -12.639364|  -12.081626|   -0.127649|    0.008868|
|         689|  -12.657169|  -12.099229|   -0.127649|    0.008868|
|         690|  -12.676068|  -12.117931|   -0.127649|    0.008868|
|         691|  -12.696062|  -12.137736|   -0.127649|    0.008868|
|         692|  -12.717148|  -12.158638|   -0.127649|    0.008868|
|         693|  -12.739319|  -12.180634|   -0.127649|    0.008868|
|         694|  -12.762565|  -12.203715|   -0.127649|    0.008868|
|         695|  -12.786865|  -12.227863|   -0.127649|    0.008868|
|         696|  -12.812189|  -12.253053|   -0.127649|    0.008868|
|         697|  -12.838495|  -12.279245|   -0.127649|    0.008868|
|         698|  -12.865709|  -12.306374|   -0.127649|    0.008868|
|         699|  -12.893732|  -12.334347|   -0.127649|    0.008868|
|         700|  -12.922435|  -12.363043|   -0.127649|    0.008868|
|         701|  -12.951627|  -12.392286|   -0.127649|    0.008868|
|         702|  -12.981060|  -12.421836|   -0.127649|    0.008868|
|         703|  -13.010430|  -12.451405|   -0.127649|    0.008868|

----------------------------- Solver Exit -------------------------------
All convergence criteria satisfied.
+-----------------------------------------------------------------------+
|      Convergence Field     |     Value    |   Criterion  |  Converged |
+-----------------------------------------------------------------------+
|                    rms[Rho]|      -13.0104|         < -13|         Yes|
+-----------------------------------------------------------------------+
-------------------------------------------------------------------------
+-----------------------------------------------------------------------+
|        File Writing Summary       |              Filename             |
+-----------------------------------------------------------------------+
|SU2 binary restart                 |restart_flow.dat                   |
|Paraview                           |flow.vtu                           |
|Paraview surface                   |surface_flow.vtu                   |
|CSV file                           |surface_flow.csv                   |
+-----------------------------------------------------------------------+

--------------------------- Finalizing Solver ---------------------------
Deleted CNumerics container.
Deleted CIntegration container.
Deleted CSolver container.
Deleted CIteration container.
Deleted CInterface container.
Deleted CGeometry container.
Deleted CFreeFormDefBox class.
Deleted CSurfaceMovement class.
Deleted CVolumetricMovement class.
Deleted CConfig container.
Deleted nInst container.
Deleted COutput class.
-------------------------------------------------------------------------

------------------------- Exit Success (SU2_CFD) ------------------------

