
-------------------------------------------------------------------------
|    ___ _   _ ___                                                      |
|   / __| | | |_  )   Release 8.3.0 "Harrier"                           |
|   \__ \ |_| |/ /                                                      |
|   |___/\___//___|   Suite (Computational Fluid Dynamics Code)         |
|                                                                       |
-------------------------------------------------------------------------
| SU2 Project Website: https://su2code.github.io                        |
|                                                                       |
| The SU2 Project is maintained by the SU2 Foundation                   |
| (http://su2foundation.org)                                            |
-------------------------------------------------------------------------
| Copyright 2012-2025, SU2 Contributors                                 |
|                                                                       |
| SU2 is free software; you can redistribute it and/or                  |
| modify it under the terms of the GNU Lesser General Public            |
| License as published by the Free Software Foundation; either          |
| version 2.1 of the License, or (at your option) any later version.    |
|                                                                       |
| SU2 is distributed in the hope that it will be useful,                |
| but WITHOUT ANY WARRANTY; without even the implied warranty of        |
| MERCHANTABILITY or FITNESS FOR A PARTICULAR PURPOSE. See the GNU      |
| Lesser General Public License for more details.                       |
|                                                                       |
| You should have received a copy of the GNU Lesser General Public      |
| License along with SU2. If not, see <http://www.gnu.org/licenses/>.   |
-------------------------------------------------------------------------

Parsing config file for zone 0

----------------- Physical Case Definition ( Zone 0 ) -------------------
Compressible Euler equations.
Mach number: 0.8.
Angle of attack (AoA): 1.25 deg, and angle of sideslip (AoS): 0 deg.
Reading and writing binary SU2 native restart files.
Read flow solution from: solution_flow.
Non-Dimensional simulation (P=1.0, Rho=1.0, T=1.0 at the farfield).
The reference area is 1 m^2.
The semi-span will be computed using the max y(3D) value.
The reference length is 1 m.
Reference origin for moment evaluation is (0.25, 0, 0).
Surface(s) where the force coefficients are evaluated: airfoil.

Surface(s) plotted in the output file: airfoil.
Surface(s) affected by the design variables: airfoil.
Input mesh file name: mesh_NACA0012_inv_deform.su2

--------------- Space Numerical Integration ( Zone 0 ) ------------------
Jameson-Schmidt-Turkel scheme (2nd order in space) for the flow inviscid terms.
JST viscous coefficients (2nd & 4th): 0.5, 0.02.
The method includes a grid stretching correction (p = 0.3).
Gradient for viscous and source terms: Green-Gauss.

--------------- Time Numerical Integration  ( Zone 0 ) ------------------
Local time stepping (steady state simulation).
Euler implicit method for the flow equations.
FGMRES is used for solving the linear system.
Using a LU-SGS preconditioning.
Convergence criteria of the linear solver: 0.0001.
Max number of linear iterations: 2.
V Multigrid Cycle, with 2 multigrid levels.
Damping factor for the residual restriction: 1.
Damping factor for the correction prolongation: 1.
No CFL adaptation.
+-------------------------------------------+
|  MG Level| Presmooth|PostSmooth|CorrectSmo|
+-------------------------------------------+
|         0|         1|         0|         0|
|         1|         2|         0|         0|
|         2|         3|         0|         0|
+-------------------------------------------+
Courant-Friedrichs-Lewy number:       10

------------------ Convergence Criteria  ( Zone 0 ) ---------------------
Maximum number of solver subiterations: 1000.
Begin convergence monitoring at iteration 10.
Residual minimum value: 1e-13.
Cauchy series min. value: 1e-06.
Number of Cauchy elements: 100.
Begin windowed time average at iteration 0.

-------------------- Output Information ( Zone 0 ) ----------------------
File writing frequency: 
+------------------------------------+
|                     File| Frequency|
+------------------------------------+
|                  RESTART|       250|
|                 PARAVIEW|       250|
|         SURFACE_PARAVIEW|       250|
|              SURFACE_CSV|       250|
+------------------------------------+
Writing the convergence history file every 1 inner iterations.
Writing the screen convergence history every 1 inner iterations.
The tabular file format is CSV (.csv).
Convergence history file name: history_direct.
Forces breakdown file name: forces_breakdown.dat.
Surface file name: surface_flow.
Volume file name: flow.
Restart file name: restart_flow.

------------- Config File Boundary Information ( Zone 0 ) ---------------
+-----------------------------------------------------------------------+
|                        Marker Type|                        Marker Name|
+-----------------------------------------------------------------------+
|                         Euler wall|                            airfoil|
+-----------------------------------------------------------------------+
|                          Far-field|                           farfield|
+-----------------------------------------------------------------------+

-------------------- Output Preprocessing ( Zone 0 ) --------------------

WARNING: SURFACE_PRESSURE_DROP can only be computed for at least 2 surfaces (outlet, inlet, ...)

Screen output fields: INNER_ITER, RMS_DENSITY, RMS_ENERGY, LIFT, DRAG
History output group(s): ITER, RMS_RES, AERO_COEFF
Convergence field(s): RMS_DENSITY
Warning: No (valid) fields chosen for time convergence monitoring. Time convergence monitoring inactive.
Volume output fields: COORDINATES, SOLUTION, PRIMITIVE

------------------- Geometry Preprocessing ( Zone 0 ) -------------------
Two dimensional problem.
5233 grid points.
10216 volume elements.
2 surface markers.
200 boundary elements in index 0 (Marker = airfoil).
50 boundary elements in index 1 (Marker = farfield).
10216 triangles.
Setting point connectivity.
Renumbering points (Reverse Cuthill McKee Ordering).
Recomputing point connectivity.
Setting element connectivity.
Checking the numerical grid orientation.
All volume elements are correctly oriented.
All surface elements are correctly oriented.
Identifying edges and vertices.
Setting the control volume structure.
Area of the computational grid: 1253.25.
Searching for the closest normal neighbors to the surfaces.
Storing a mapping from global to local point index.
Compute the surface curvature.
Max K: 7835.1. Mean K: 35.2353. Standard deviation K: 494.429.
Checking for periodicity.
Computing mesh quality statistics for the dual control volumes.
+--------------------------------------------------------------+
|           Mesh Quality Metric|        Minimum|        Maximum|
+--------------------------------------------------------------+
|    Orthogonality Angle (deg.)|        62.9198|        89.7671|
|     CV Face Area Aspect Ratio|        1.01139|        7.17856|
|           CV Sub-Volume Ratio|        1.00242|        6.47675|
+--------------------------------------------------------------+
Setting the multigrid structure.
+-------------------------------------------+
|  MG Level|       CVs|Aggl. Rate|       CFL|
+-------------------------------------------+
|         0|      5233|    1/1.00|        10|
|         1|      1690|     1/3.1|   8.52431|
|         2|       649|     1/2.6|   7.92373|
+-------------------------------------------+
Finding max control volume width.
Wetted area = 2.03723 m.
Area projection in the x-plane = 0.11103 m, y-plane = 0.999845 m.
Max. coordinate in the x-direction = 1 m, y-direction = 0.0480334 m.
Min. coordinate in the x-direction = 0 m, y-direction = -0.0630127 m.
Computing wall distances.

-------------------- Solver Preprocessing ( Zone 0 ) --------------------
Inviscid flow: Computing density based on free-stream
temperature and pressure using the ideal gas law.
Force coefficients computed using free-stream values.

-- Models:
+------------------------------------------------------------------------------+
|          Viscosity Model|        Conductivity Model|              Fluid Model|
+------------------------------------------------------------------------------+
|                        -|                         -|             STANDARD_AIR|
+------------------------------------------------------------------------------+
-- Fluid properties:
+------------------------------------------------------------------------------+
|                  Name|    Dim. value|    Ref. value|      Unit|Non-dim. value|
+------------------------------------------------------------------------------+
|          Gas Constant|       287.058|       287.058|  N.m/kg.K|             1|
|      Spec. Heat Ratio|             -|             -|         -|           1.4|
+------------------------------------------------------------------------------+
-- Initial and free-stream conditions:
+------------------------------------------------------------------------------+
|                  Name|    Dim. value|    Ref. value|      Unit|Non-dim. value|
+------------------------------------------------------------------------------+
|       Static Pressure|        101325|        101325|        Pa|             1|
|               Density|       1.22498|       1.22498|    kg/m^3|             1|
|           Temperature|        288.15|        288.15|         K|             1|
|          Total Energy|        243846|       82715.8|   m^2/s^2|         2.948|
|            Velocity-X|       272.173|       287.603|       m/s|      0.946348|
|            Velocity-Y|       5.93883|       287.603|       m/s|     0.0206494|
|    Velocity Magnitude|       272.238|       287.603|       m/s|      0.946573|
+------------------------------------------------------------------------------+
|           Mach Number|             -|             -|         -|           0.8|
+------------------------------------------------------------------------------+
Initialize Jacobian structure (Euler). MG level: 0.
Initialize Jacobian structure (Euler). MG level: 1.
Initialize Jacobian structure (Euler). MG level: 2.

------------------- Numerics Preprocessing ( Zone 0 ) -------------------

----------------- Integration Preprocessing ( Zone 0 ) ------------------

------------------- Iteration Preprocessing ( Zone 0 ) ------------------
Euler/Navier-Stokes/RANS fluid iteration.

------------------------------ Begin Solver -----------------------------

Simulation Run using the Single-zone Driver
WARNING: SU2 was not compiled for an AVX-capable architecture. Performance could be better,
         see https://su2code.github.io/docs_v7/Build-SU2-Linux-MacOS/#compiler-optimizations
WARNING: SU2 was not compiled for an AVX-capable architecture. Performance could be better,
         see https://su2code.github.io/docs_v7/Build-SU2-Linux-MacOS/#compiler-optimizations
WARNING: SU2 was not compiled for an AVX-capable architecture. Performance could be better,
         see https://su2code.github.io/docs_v7/Build-SU2-Linux-MacOS/#compiler-optimizations
+----------------------------------------------------------------+
|  Inner_Iter|    rms[Rho]|   rms[RhoE]|          CL|          CD|
+----------------------------------------------------------------+
|           0|   -5.750750|   -5.154370|    0.077858|    0.002009|
|           1|   -6.024562|   -5.423692|    0.078066|    0.001799|
|           2|   -5.951567|   -5.367506|    0.078800|    0.001770|
|           3|   -5.952279|   -5.365054|    0.078685|    0.001790|
|           4|   -5.920072|   -5.336943|    0.078764|    0.001765|
|           5|   -5.925988|   -5.353653|    0.079180|    0.001755|
|           6|   -5.905835|   -5.337141|    0.079418|    0.001738|
|           7|   -5.886581|   -5.317945|    0.079611|    0.001724|
|           8|   -5.872239|   -5.306531|    0.079849|    0.001713|
|           9|   -5.861504|   -5.299486|    0.080078|    0.001700|
|          10|   -5.849736|   -5.289631|    0.080284|    0.001687|
|          11|   -5.839200|   -5.280688|    0.080471|    0.001675|
|          12|   -5.830583|   -5.273912|    0.080643|    0.001663|
|          13|   -5.821977|   -5.266411|    0.080807|    0.001651|
|          14|   -5.812588|   -5.257241|    0.080961|    0.001639|
|          15|   -5.802239|   -5.246854|    0.081101|    0.001628|
|          16|   -5.791588|   -5.236452|    0.081226|    0.001618|
|          17|   -5.781457|   -5.226915|    0.081336|    0.001608|
|          18|   -5.772141|   -5.218305|    0.081435|    0.001598|
|          19|   -5.763564|   -5.210317|    0.081522|    0.001589|
|          20|   -5.755653|   -5.202788|    0.081600|    0.001581|
|          21|   -5.748501|   -5.195873|    0.081668|    0.001574|
|          22|   -5.741885|   -5.189388|    0.081728|    0.001567|
|          23|   -5.735876|   -5.183423|    0.081781|    0.001562|
|          24|   -5.730437|   -5.177961|    0.081827|    0.001557|
|          25|   -5.725513|   -5.172958|    0.081868|    0.001553|
|          26|   -5.721509|   -5.168858|    0.081904|    0.001550|
|          27|   -5.718473|   -5.165706|    0.081936|    0.001548|
|          28|   -5.716407|   -5.163525|    0.081964|    0.001548|
|          29|   -5.715266|   -5.162279|    0.081990|    0.001547|
|          30|   -5.714950|   -5.161863|    0.082013|    0.001548|
|          31|   -5.715620|   -5.162446|    0.082034|    0.001549|
|          32|   -5.717298|   -5.164037|    0.082052|    0.001551|
|          33|   -5.719983|   -5.166636|    0.082070|    0.001553|
|          34|   -5.723657|   -5.170220|    0.082086|    0.001555|
|          35|   -5.728425|   -5.174915|    0.082101|    0.001557|
|          36|   -5.734479|   -5.180975|    0.082115|    0.001559|
|          37|   -5.741761|   -5.188322|    0.082129|    0.001561|
|          38|   -5.750517|   -5.197168|    0.082142|    0.001563|
|          39|   -5.759949|   -5.206669|    0.082155|    0.001565|
|          40|   -5.770093|   -5.216859|    0.082168|    0.001566|
|          41|   -5.780912|   -5.227733|    0.082181|    0.001567|
|          42|   -5.792372|   -5.239269|    0.082195|    0.001568|
|          43|   -5.804425|   -5.251415|    0.082208|    0.001568|
|          44|   -5.817052|   -5.264148|    0.082222|    0.001569|
|          45|   -5.830249|   -5.277458|    0.082237|    0.001569|
|          46|   -5.843983|   -5.291308|    0.082252|    0.001569|
|          47|   -5.858203|   -5.305638|    0.082268|    0.001569|
|          48|   -5.872879|   -5.320418|    0.082284|    0.001569|
|          49|   -5.887986|   -5.335622|    0.082300|    0.001569|
|          50|   -5.903507|   -5.351231|    0.082317|    0.001569|
|          51|   -5.919415|   -5.367213|    0.082335|    0.001569|
|          52|   -5.935680|   -5.383539|    0.082353|    0.001570|
|          53|   -5.952269|   -5.400175|    0.082371|    0.001570|
|          54|   -5.969290|   -5.417287|    0.082389|    0.001571|
|          55|   -5.986743|   -5.434822|    0.082407|    0.001571|
|          56|   -6.004614|   -5.452698|    0.082426|    0.001572|
|          57|   -6.022770|   -5.470832|    0.082445|    0.001573|
|          58|   -6.041124|   -5.489192|    0.082464|    0.001574|
|          59|   -6.059621|   -5.507745|    0.082483|    0.001575|
|          60|   -6.078126|   -5.526276|    0.082503|    0.001576|
|          61|   -6.096594|   -5.544707|    0.082523|    0.001577|
|          62|   -6.115059|   -5.563110|    0.082542|    0.001578|
|          63|   -6.133600|   -5.581599|    0.082561|    0.001579|
|          64|   -6.152240|   -5.600205|    0.082581|    0.001579|
|          65|   -6.170989|   -5.618943|    0.082600|    0.001580|
|          66|   -6.189880|   -5.637846|    0.082618|    0.001581|
|          67|   -6.208909|   -5.656910|    0.082637|    0.001581|
|          68|   -6.228041|   -5.676098|    0.082655|    0.001582|
|          69|   -6.247257|   -5.695397|    0.082672|    0.001582|
|          70|   -6.266506|   -5.714754|    0.082690|    0.001582|
|          71|   -6.285731|   -5.734108|    0.082706|    0.001582|
|          72|   -6.304853|   -5.753382|    0.082722|    0.001582|
|          73|   -6.323771|   -5.772478|    0.082737|    0.001582|
|          74|   -6.342348|   -5.791250|    0.082752|    0.001582|
|          75|   -6.360502|   -5.809609|    0.082766|    0.001581|
|          76|   -6.378265|   -5.827584|    0.082779|    0.001581|
|          77|   -6.395565|   -5.845097|    0.082791|    0.001580|
|          78|   -6.412307|   -5.862052|    0.082803|    0.001580|
|          79|   -6.428426|   -5.878382|    0.082813|    0.001580|
|          80|   -6.443911|   -5.894074|    0.082823|    0.001579|
|          81|   -6.458746|   -5.909109|    0.082832|    0.001579|
|          82|   -6.472856|   -5.923401|    0.082840|    0.001578|
|          83|   -6.486251|   -5.936955|    0.082847|    0.001578|
|          84|   -6.498963|   -5.949798|    0.082854|    0.001577|
|          85|   -6.511030|   -5.961974|    0.082859|    0.001577|
|          86|   -6.522515|   -5.973549|    0.082864|    0.001577|
|          87|   -6.533468|   -5.984568|    0.082867|    0.001576|
|          88|   -6.543967|   -5.995103|    0.082870|    0.001576|
|          89|   -6.554100|   -6.005244|    0.082872|    0.001576|
|          90|   -6.563962|   -6.015088|    0.082874|    0.001575|
|          91|   -6.573518|   -6.024593|    0.082874|    0.001575|
|          92|   -6.582824|   -6.033829|    0.082874|    0.001575|
|          93|   -6.591964|   -6.042884|    0.082874|    0.001574|
|          94|   -6.601046|   -6.051862|    0.082872|    0.001574|
|          95|   -6.610118|   -6.060814|    0.082870|    0.001574|
|          96|   -6.619212|   -6.069767|    0.082868|    0.001574|
|          97|   -6.628289|   -6.078694|    0.082865|    0.001573|
|          98|   -6.637419|   -6.087693|    0.082862|    0.001573|
|          99|   -6.646684|   -6.096834|    0.082858|    0.001573|
|         100|   -6.656142|   -6.106169|    0.082854|    0.001572|
|         101|   -6.665817|   -6.115730|    0.082850|    0.001572|
|         102|   -6.675707|   -6.125524|    0.082845|    0.001572|
|         103|   -6.685850|   -6.135592|    0.082840|    0.001572|
|         104|   -6.696280|   -6.145959|    0.082836|    0.001571|
|         105|   -6.707011|   -6.156639|    0.082831|    0.001571|
|         106|   -6.718056|   -6.167646|    0.082826|    0.001571|
|         107|   -6.729448|   -6.179020|    0.082821|    0.001571|
|         108|   -6.741135|   -6.190705|    0.082816|    0.001571|
|         109|   -6.753095|   -6.202680|    0.082811|    0.001570|
|         110|   -6.765312|   -6.214926|    0.082806|    0.001570|
|         111|   -6.777766|   -6.227422|    0.082801|    0.001570|
|         112|   -6.790479|   -6.240192|    0.082796|    0.001570|
|         113|   -6.803396|   -6.253182|    0.082792|    0.001570|
|         114|   -6.816433|   -6.266297|    0.082787|    0.001570|
|         115|   -6.829568|   -6.279511|    0.082783|    0.001570|
|         116|   -6.842777|   -6.292799|    0.082779|    0.001570|
|         117|   -6.856028|   -6.306130|    0.082775|    0.001570|
|         118|   -6.869317|   -6.319497|    0.082772|    0.001570|
|         119|   -6.882561|   -6.332809|    0.082768|    0.001570|
|         120|   -6.895747|   -6.346057|    0.082765|    0.001570|
|         121|   -6.908903|   -6.359269|    0.082762|    0.001570|
|         122|   -6.921988|   -6.372397|    0.082759|    0.001570|
|         123|   -6.934992|   -6.385433|    0.082757|    0.001570|
|         124|   -6.947963|   -6.398429|    0.082754|    0.001570|
|         125|   -6.960901|   -6.411379|    0.082752|    0.001570|
|         126|   -6.973783|   -6.424260|    0.082750|    0.001570|
|         127|   -6.986602|   -6.437062|    0.082748|    0.001570|
|         128|   -6.999344|   -6.449772|    0.082746|    0.001570|
|         129|   -7.012000|   -6.462377|    0.082745|    0.001570|
|         130|   -7.024577|   -6.474883|    0.082743|    0.001570|
|         131|   -7.037060|   -6.487276|    0.082742|    0.001570|
|         132|   -7.049420|   -6.499520|    0.082741|    0.001570|
|         133|   -7.061714|   -6.511682|    0.082740|    0.001570|
|         134|   -7.073973|   -6.523805|    0.082739|    0.001570|
|         135|   -7.086205|   -6.535898|    0.082739|    0.001570|
|         136|   -7.098440|   -6.547987|    0.082738|    0.001570|
|         137|   -7.110715|   -6.560109|    0.082737|    0.001571|
|         138|   -7.123051|   -6.572290|    0.082737|    0.001571|
|         139|   -7.135441|   -6.584525|    0.082737|    0.001571|
|         140|   -7.147922|   -6.596854|    0.082736|    0.001571|
|         141|   -7.160489|   -6.609276|    0.082736|    0.001571|
|         142|   -7.173144|   -6.621797|    0.082736|    0.001571|
|         143|   -7.185947|   -6.634481|    0.082736|    0.001571|
|         144|   -7.198931|   -6.647360|    0.082736|    0.001571|
|         145|   -7.212082|   -6.660416|    0.082736|    0.001571|
|         146|   -7.225383|   -6.673635|    0.082736|    0.001571|
|         147|   -7.238840|   -6.687023|    0.082736|    0.001571|
|         148|   -7.252459|   -6.700589|    0.082737|    0.001571|
|         149|   -7.266241|   -6.714332|    0.082737|    0.001571|
|         150|   -7.280178|   -6.728247|    0.082737|    0.001571|
|         151|   -7.294261|   -6.742323|    0.082737|    0.001571|
|         152|   -7.308482|   -6.756554|    0.082738|    0.001571|
|         153|   -7.322858|   -6.770960|    0.082738|    0.001571|
|         154|   -7.337407|   -6.785558|    0.082738|    0.001571|
|         155|   -7.352068|   -6.800279|    0.082738|    0.001571|
|         156|   -7.366836|   -6.815118|    0.082739|    0.001571|
|         157|   -7.381657|   -6.830019|    0.082739|    0.001571|
|         158|   -7.396500|   -6.844953|    0.082739|    0.001571|
|         159|   -7.411357|   -6.859912|    0.082740|    0.001571|
|         160|   -7.426242|   -6.874907|    0.082740|    0.001571|
|         161|   -7.441146|   -6.889923|    0.082740|    0.001571|
|         162|   -7.456058|   -6.904948|    0.082740|    0.001571|
|         163|   -7.470980|   -6.919983|    0.082741|    0.001571|
|         164|   -7.485906|   -6.935020|    0.082741|    0.001571|
|         165|   -7.500827|   -6.950047|    0.082741|    0.001571|
|         166|   -7.515729|   -6.965047|    0.082741|    0.001571|
|         167|   -7.530603|   -6.980007|    0.082741|    0.001571|
|         168|   -7.545446|   -6.994924|    0.082742|    0.001571|
|         169|   -7.560255|   -7.009793|    0.082742|    0.001571|
|         170|   -7.575026|   -7.024607|    0.082742|    0.001571|
|         171|   -7.589758|   -7.039365|    0.082742|    0.001571|
|         172|   -7.604474|   -7.054096|    0.082742|    0.001571|
|         173|   -7.619166|   -7.068786|    0.082743|    0.001571|
|         174|   -7.633825|   -7.083425|    0.082743|    0.001571|
|         175|   -7.648458|   -7.098016|    0.082743|    0.001571|
|         176|   -7.663071|   -7.112572|    0.082743|    0.001571|
|         177|   -7.677667|   -7.127094|    0.082743|    0.001571|
|         178|   -7.692247|   -7.141587|    0.082743|    0.001571|
|         179|   -7.706835|   -7.156081|    0.082743|    0.001571|
|         180|   -7.721497|   -7.170643|    0.082743|    0.001571|
|         181|   -7.736159|   -7.185193|    0.082743|    0.001571|
|         182|   -7.750795|   -7.199712|    0.082744|    0.001571|
|         183|   -7.765386|   -7.214181|    0.082744|    0.001571|
|         184|   -7.779933|   -7.228600|    0.082744|    0.001571|
|         185|   -7.794439|   -7.242977|    0.082744|    0.001571|
|         186|   -7.808909|   -7.257318|    0.082744|    0.001571|
|         187|   -7.823345|   -7.271628|    0.082744|    0.001571|
|         188|   -7.837747|   -7.285910|    0.082744|    0.001571|
|         189|   -7.852118|   -7.300168|    0.082744|    0.001571|
|         190|   -7.866461|   -7.314409|    0.082744|    0.001571|
|         191|   -7.880783|   -7.328640|    0.082744|    0.001571|
|         192|   -7.895089|   -7.342867|    0.082744|    0.001571|
|         193|   -7.909385|   -7.357098|    0.082744|    0.001571|
|         194|   -7.923676|   -7.371340|    0.082744|    0.001571|
|         195|   -7.937970|   -7.385599|    0.082744|    0.001571|
|         196|   -7.952243|   -7.399849|    0.082744|    0.001571|
|         197|   -7.966509|   -7.414105|    0.082744|    0.001571|
|         198|   -7.980796|   -7.428402|    0.082744|    0.001571|
|         199|   -7.995117|   -7.442749|    0.082744|    0.001571|
|         200|   -8.009482|   -7.457154|    0.082745|    0.001571|
|         201|   -8.023896|   -7.471621|    0.082745|    0.001571|
|         202|   -8.038364|   -7.486153|    0.082745|    0.001571|
|         203|   -8.052894|   -7.500758|    0.082745|    0.001571|
|         204|   -8.067494|   -7.515443|    0.082745|    0.001571|
|         205|   -8.082174|   -7.530213|    0.082745|    0.001571|
|         206|   -8.096940|   -7.545075|    0.082745|    0.001571|
|         207|   -8.111796|   -7.560032|    0.082745|    0.001571|
|         208|   -8.126749|   -7.575087|    0.082745|    0.001571|
|         209|   -8.141801|   -7.590242|    0.082745|    0.001571|
|         210|   -8.156957|   -7.605501|    0.082745|    0.001571|
|         211|   -8.172220|   -7.620864|    0.082745|    0.001571|
|         212|   -8.187589|   -7.636331|    0.082745|    0.001571|
|         213|   -8.203064|   -7.651898|    0.082745|    0.001571|
|         214|   -8.218641|   -7.667561|    0.082745|    0.001571|
|         215|   -8.234316|   -7.683315|    0.082745|    0.001571|
|         216|   -8.250082|   -7.699154|    0.082745|    0.001571|
|         217|   -8.265927|   -7.715063|    0.082745|    0.001571|
|         218|   -8.281839|   -7.731028|    0.082745|    0.001571|
|         219|   -8.297804|   -7.747037|    0.082745|    0.001571|
|         220|   -8.313808|   -7.763075|    0.082745|    0.001571|
|         221|   -8.329830|   -7.779121|    0.082745|    0.001571|
|         222|   -8.345849|   -7.795152|    0.082745|    0.001571|
|         223|   -8.361841|   -7.811148|    0.082745|    0.001571|
|         224|   -8.377782|   -7.827081|    0.082745|    0.001571|
|         225|   -8.393644|   -7.842928|    0.082745|    0.001571|
|         226|   -8.409401|   -7.858661|    0.082745|    0.001571|
|         227|   -8.425024|   -7.874252|    0.082745|    0.001571|
|         228|   -8.440485|   -7.889675|    0.082745|    0.001571|
|         229|   -8.455755|   -7.904902|    0.082745|    0.001571|
|         230|   -8.470808|   -7.919908|    0.082745|    0.001571|
|         231|   -8.485620|   -7.934671|    0.082745|    0.001571|
|         232|   -8.500169|   -7.949170|    0.082745|    0.001571|
|         233|   -8.514436|   -7.963388|    0.082745|    0.001571|
|         234|   -8.528408|   -7.977312|    0.082745|    0.001571|
|         235|   -8.542076|   -7.990935|    0.082745|    0.001571|
|         236|   -8.555435|   -8.004255|    0.082744|    0.001571|
|         237|   -8.568497|   -8.017283|    0.082744|    0.001571|
|         238|   -8.581284|   -8.030047|    0.082744|    0.001571|
|         239|   -8.593787|   -8.042534|    0.082744|    0.001571|
|         240|   -8.606025|   -8.054758|    0.082744|    0.001571|
|         241|   -8.618010|   -8.066735|    0.082744|    0.001571|
|         242|   -8.629767|   -8.078492|    0.082744|    0.001571|
|         243|   -8.641329|   -8.090061|    0.082744|    0.001571|
|         244|   -8.652727|   -8.101471|    0.082744|    0.001571|
|         245|   -8.663993|   -8.112756|    0.082744|    0.001571|
|         246|   -8.675163|   -8.123951|    0.082744|    0.001571|
|         247|   -8.686273|   -8.135090|    0.082744|    0.001571|
|         248|   -8.697359|   -8.146209|    0.082744|    0.001571|
|         249|   -8.708456|   -8.157343|    0.082744|    0.001571|
|         250|   -8.719598|   -8.168524|    0.082744|    0.001571|
+-----------------------------------------------------------------------+
|        File Writing Summary       |              Filename             |
+-----------------------------------------------------------------------+
|SU2 binary restart                 |restart_flow.dat                   |
|Paraview                           |flow.vtu                           |
|Paraview surface                   |surface_flow.vtu                   |
|CSV file                           |surface_flow.csv                   |
+-----------------------------------------------------------------------+
+----------------------------------------------------------------+
|  Inner_Iter|    rms[Rho]|   rms[RhoE]|          CL|          CD|
+----------------------------------------------------------------+
|         251|   -8.730818|   -8.179786|    0.082744|    0.001571|
|         252|   -8.742147|   -8.191158|    0.082744|    0.001571|
|         253|   -8.753613|   -8.202668|    0.082744|    0.001571|
|         254|   -8.765242|   -8.214341|    0.082744|    0.001571|
|         255|   -8.777057|   -8.226199|    0.082744|    0.001571|
|         256|   -8.789078|   -8.238262|    0.082744|    0.001571|
|         257|   -8.801321|   -8.250546|    0.082744|    0.001571|
|         258|   -8.813800|   -8.263063|    0.082744|    0.001571|
|         259|   -8.826528|   -8.275828|    0.082744|    0.001571|
|         260|   -8.839513|   -8.288848|    0.082744|    0.001571|
|         261|   -8.852759|   -8.302125|    0.082744|    0.001571|
|         262|   -8.866266|   -8.315661|    0.082744|    0.001571|
|         263|   -8.880033|   -8.329455|    0.082744|    0.001571|
|         264|   -8.894057|   -8.343501|    0.082745|    0.001571|
|         265|   -8.908328|   -8.357792|    0.082745|    0.001571|
|         266|   -8.922837|   -8.372317|    0.082745|    0.001571|
|         267|   -8.937569|   -8.387061|    0.082745|    0.001571|
|         268|   -8.952506|   -8.402008|    0.082745|    0.001571|
|         269|   -8.967629|   -8.417136|    0.082745|    0.001571|
|         270|   -8.982914|   -8.432424|    0.082745|    0.001571|
|         271|   -8.998335|   -8.447844|    0.082745|    0.001571|
|         272|   -9.013864|   -8.463368|    0.082745|    0.001571|
|         273|   -9.029468|   -8.478965|    0.082745|    0.001571|
|         274|   -9.045115|   -8.494602|    0.082745|    0.001571|
|         275|   -9.060769|   -8.510243|    0.082745|    0.001571|
|         276|   -9.076394|   -8.525851|    0.082745|    0.001571|
|         277|   -9.091951|   -8.541390|    0.082745|    0.001571|
|         278|   -9.107403|   -8.556821|    0.082745|    0.001571|
|         279|   -9.122714|   -8.572108|    0.082745|    0.001571|
|         280|   -9.137846|   -8.587216|    0.082745|    0.001571|
|         281|   -9.152766|   -8.602110|    0.082745|    0.001571|
|         282|   -9.167444|   -8.616760|    0.082745|    0.001571|
|         283|   -9.181853|   -8.631140|    0.082745|    0.001571|
|         284|   -9.195970|   -8.645228|    0.082745|    0.001571|
|         285|   -9.209779|   -8.659006|    0.082745|    0.001571|
|         286|   -9.223268|   -8.672465|    0.082745|    0.001571|
|         287|   -9.236431|   -8.685599|    0.082745|    0.001571|
|         288|   -9.249269|   -8.698408|    0.082745|    0.001571|
|         289|   -9.261791|   -8.710902|    0.082745|    0.001571|
|         290|   -9.274008|   -8.723092|    0.082745|    0.001571|
|         291|   -9.285939|   -8.734997|    0.082745|    0.001571|
|         292|   -9.297607|   -8.746642|    0.082745|    0.001571|
|         293|   -9.309041|   -8.758054|    0.082745|    0.001571|
|         294|   -9.320272|   -8.769264|    0.082745|    0.001571|
|         295|   -9.331332|   -8.780307|    0.082745|    0.001571|
|         296|   -9.342258|   -8.791217|    0.082745|    0.001571|
|         297|   -9.353087|   -8.802033|    0.082745|    0.001571|
|         298|   -9.363854|   -8.812790|    0.082745|    0.001571|
|         299|   -9.374596|   -8.823525|    0.082745|    0.001571|
|         300|   -9.385348|   -8.834272|    0.082745|    0.001571|
|         301|   -9.396143|   -8.845066|    0.082745|    0.001571|
|         302|   -9.407013|   -8.855939|    0.082745|    0.001571|
|         303|   -9.417987|   -8.866917|    0.082745|    0.001571|
|         304|   -9.429091|   -8.878029|    0.082745|    0.001571|
|         305|   -9.440348|   -8.889298|    0.082745|    0.001571|
|         306|   -9.451778|   -8.900744|    0.082745|    0.001571|
|         307|   -9.463400|   -8.912384|    0.082745|    0.001571|
|         308|   -9.475227|   -8.924232|    0.082745|    0.001571|
|         309|   -9.487270|   -8.936301|    0.082745|    0.001571|
|         310|   -9.499537|   -8.948596|    0.082745|    0.001571|
|         311|   -9.512034|   -8.961125|    0.082745|    0.001571|
|         312|   -9.524762|   -8.973887|    0.082745|    0.001571|
|         313|   -9.537720|   -8.986882|    0.082745|    0.001571|
|         314|   -9.550904|   -9.000105|    0.082745|    0.001571|
|         315|   -9.564307|   -9.013550|    0.082745|    0.001571|
|         316|   -9.577919|   -9.027206|    0.082745|    0.001571|
|         317|   -9.591728|   -9.041060|    0.082745|    0.001571|
|         318|   -9.605719|   -9.055097|    0.082745|    0.001571|
|         319|   -9.619874|   -9.069298|    0.082745|    0.001571|
|         320|   -9.634172|   -9.083644|    0.082745|    0.001571|
|         321|   -9.648593|   -9.098110|    0.082745|    0.001571|
|         322|   -9.663111|   -9.112673|    0.082745|    0.001571|
|         323|   -9.677700|   -9.127306|    0.082745|    0.001571|
|         324|   -9.692334|   -9.141980|    0.082745|    0.001571|
|         325|   -9.706983|   -9.156667|    0.082745|    0.001571|
|         326|   -9.721619|   -9.171336|    0.082745|    0.001571|
|         327|   -9.736211|   -9.185957|    0.082745|    0.001571|
|         328|   -9.750731|   -9.200500|    0.082745|    0.001571|
|         329|   -9.765150|   -9.214936|    0.082745|    0.001571|
|         330|   -9.779442|   -9.229238|    0.082745|    0.001571|
|         331|   -9.793581|   -9.243380|    0.082745|    0.001571|
|         332|   -9.807545|   -9.257339|    0.082745|    0.001571|
|         333|   -9.821314|   -9.271095|    0.082745|    0.001571|
|         334|   -9.834874|   -9.284634|    0.082745|    0.001571|
|         335|   -9.848211|   -9.297943|    0.082745|    0.001571|
|         336|   -9.861320|   -9.311016|    0.082745|    0.001571|
|         337|   -9.874196|   -9.323849|    0.082745|    0.001571|
|         338|   -9.886842|   -9.336446|    0.082745|    0.001571|
|         339|   -9.899264|   -9.348813|    0.082745|    0.001571|
|         340|   -9.911471|   -9.360961|    0.082745|    0.001571|
|         341|   -9.923479|   -9.372906|    0.082745|    0.001571|
|         342|   -9.935304|   -9.384666|    0.082745|    0.001571|
|         343|   -9.946968|   -9.396263|    0.082745|    0.001571|
|         344|   -9.958494|   -9.407722|    0.082745|    0.001571|
|         345|   -9.969907|   -9.419069|    0.082745|    0.001571|
|         346|   -9.981234|   -9.430332|    0.082745|    0.001571|
|         347|   -9.992502|   -9.441539|    0.082745|    0.001571|
|         348|  -10.003741|   -9.452720|    0.082745|    0.001571|
|         349|  -10.014977|   -9.463903|    0.082745|    0.001571|
|         350|  -10.026237|   -9.475116|    0.082745|    0.001571|
|         351|  -10.037548|   -9.486386|    0.082745|    0.001571|
|         352|  -10.048934|   -9.497737|    0.082745|    0.001571|
|         353|  -10.060420|   -9.509195|    0.082745|    0.001571|
|         354|  -10.072025|   -9.520779|    0.082745|    0.001571|
|         355|  -10.083769|   -9.532511|    0.082745|    0.001571|
|         356|  -10.095670|   -9.544406|    0.082745|    0.001571|
|         357|  -10.107741|   -9.556480|    0.082745|    0.001571|
|         358|  -10.119996|   -9.568745|    0.082745|    0.001571|
|         359|  -10.132444|   -9.581211|    0.082745|    0.001571|
|         360|  -10.145093|   -9.593885|    0.082745|    0.001571|
|         361|  -10.157948|   -9.606772|    0.082745|    0.001571|
|         362|  -10.171011|   -9.619873|    0.082745|    0.001571|
|         363|  -10.184282|   -9.633189|    0.082745|    0.001571|
|         364|  -10.197760|   -9.646717|    0.082745|    0.001571|
|         365|  -10.211438|   -9.660451|    0.082745|    0.001571|
|         366|  -10.225311|   -9.674383|    0.082745|    0.001571|
|         367|  -10.239368|   -9.688503|    0.082745|    0.001571|
|         368|  -10.253598|   -9.702798|    0.082745|    0.001571|
|         369|  -10.267986|   -9.717254|    0.082745|    0.001571|
|         370|  -10.282516|   -9.731853|    0.082745|    0.001571|
|         371|  -10.297170|   -9.746576|    0.082745|    0.001571|
|         372|  -10.311928|   -9.761401|    0.082745|    0.001571|
|         373|  -10.326768|   -9.776307|    0.082745|    0.001571|
|         374|  -10.341666|   -9.791268|    0.082745|    0.001571|
|         375|  -10.356598|   -9.806258|    0.082745|    0.001571|
|         376|  -10.371537|   -9.821251|    0.082745|    0.001571|
|         377|  -10.386458|   -9.836219|    0.082745|    0.001571|
|         378|  -10.401334|   -9.851134|    0.082745|    0.001571|
|         379|  -10.416137|   -9.865970|    0.082745|    0.001571|
|         380|  -10.430843|   -9.880699|    0.082745|    0.001571|
|         381|  -10.445426|   -9.895297|    0.082745|    0.001571|
|         382|  -10.459863|   -9.909738|    0.082745|    0.001571|
|         383|  -10.474133|   -9.924003|    0.082745|    0.001571|
|         384|  -10.488217|   -9.938072|    0.082745|    0.001571|
|         385|  -10.502100|   -9.951931|    0.082745|    0.001571|
|         386|  -10.515770|   -9.965567|    0.082745|    0.001571|
|         387|  -10.529218|   -9.978974|    0.082745|    0.001571|
|         388|  -10.542441|   -9.992147|    0.082745|    0.001571|
|         389|  -10.555437|  -10.005087|    0.082745|    0.001571|
|         390|  -10.568210|  -10.017798|    0.082745|    0.001571|
|         391|  -10.580767|  -10.030290|    0.082745|    0.001571|
|         392|  -10.593120|  -10.042574|    0.082745|    0.001571|
|         393|  -10.605283|  -10.054666|    0.082745|    0.001571|
|         394|  -10.617273|  -10.066586|    0.082745|    0.001571|
|         395|  -10.629110|  -10.078353|    0.082745|    0.001571|
|         396|  -10.640816|  -10.089993|    0.082745|    0.001571|
|         397|  -10.652416|  -10.101529|    0.082745|    0.001571|
|         398|  -10.663934|  -10.112988|    0.082745|    0.001571|
|         399|  -10.675397|  -10.124397|    0.082745|    0.001571|
|         400|  -10.686829|  -10.135782|    0.082745|    0.001571|
|         401|  -10.698257|  -10.147170|    0.082745|    0.001571|
|         402|  -10.709707|  -10.158585|    0.082745|    0.001571|
|         403|  -10.721202|  -10.170054|    0.082745|    0.001571|
|         404|  -10.732766|  -10.181600|    0.082745|    0.001571|
|         405|  -10.744420|  -10.193244|    0.082745|    0.001571|
|         406|  -10.756184|  -10.205005|    0.082745|    0.001571|
|         407|  -10.768077|  -10.216904|    0.082745|    0.001571|
|         408|  -10.780116|  -10.228954|    0.082745|    0.001571|
|         409|  -10.792313|  -10.241171|    0.082745|    0.001571|
|         410|  -10.804682|  -10.253566|    0.082745|    0.001571|
|         411|  -10.817232|  -10.266148|    0.082745|    0.001571|
|         412|  -10.829971|  -10.278925|    0.082745|    0.001571|
|         413|  -10.842904|  -10.291901|    0.082745|    0.001571|
|         414|  -10.856035|  -10.305079|    0.082745|    0.001571|
|         415|  -10.869364|  -10.318460|    0.082745|    0.001571|
|         416|  -10.882891|  -10.332040|    0.082745|    0.001571|
|         417|  -10.896610|  -10.345816|    0.082745|    0.001571|
|         418|  -10.910518|  -10.359780|    0.082745|    0.001571|
|         419|  -10.924604|  -10.373925|    0.082745|    0.001571|
|         420|  -10.938859|  -10.388237|    0.082745|    0.001571|
|         421|  -10.953271|  -10.402705|    0.082745|    0.001571|
|         422|  -10.967824|  -10.417313|    0.082745|    0.001571|
|         423|  -10.982502|  -10.432042|    0.082745|    0.001571|
|         424|  -10.997285|  -10.446874|    0.082745|    0.001571|
|         425|  -11.012155|  -10.461786|    0.082745|    0.001571|
|         426|  -11.027087|  -10.476757|    0.082745|    0.001571|
|         427|  -11.042060|  -10.491762|    0.082745|    0.001571|
|         428|  -11.057047|  -10.506775|    0.082745|    0.001571|
|         429|  -11.072024|  -10.521770|    0.082745|    0.001571|
|         430|  -11.086964|  -10.536721|    0.082745|    0.001571|
|         431|  -11.101841|  -10.551601|    0.082745|    0.001571|
|         432|  -11.116629|  -10.566383|    0.082745|    0.001571|
|         433|  -11.131303|  -10.581044|    0.082745|    0.001571|
|         434|  -11.145839|  -10.595558|    0.082745|    0.001571|
|         435|  -11.160215|  -10.609905|    0.082745|    0.001571|
|         436|  -11.174411|  -10.624064|    0.082745|    0.001571|
|         437|  -11.188412|  -10.638021|    0.082745|    0.001571|
|         438|  -11.202202|  -10.651761|    0.082745|    0.001571|
|         439|  -11.215772|  -10.665276|    0.082745|    0.001571|
|         440|  -11.229115|  -10.678561|    0.082745|    0.001571|
|         441|  -11.242230|  -10.691613|    0.082745|    0.001571|
|         442|  -11.255117|  -10.704436|    0.082745|    0.001571|
|         443|  -11.267782|  -10.717037|    0.082745|    0.001571|
|         444|  -11.280236|  -10.729426|    0.082745|    0.001571|
|         445|  -11.292490|  -10.741617|    0.082745|    0.001571|
|         446|  -11.304562|  -10.753628|    0.082745|    0.001571|
|         447|  -11.316471|  -10.765480|    0.082745|    0.001571|
|         448|  -11.328238|  -10.777194|    0.082745|    0.001571|
|         449|  -11.339888|  -10.788796|    0.082745|    0.001571|
|         450|  -11.351445|  -10.800311|    0.082745|    0.001571|
|         451|  -11.362937|  -10.811767|    0.082745|    0.001571|
|         452|  -11.374390|  -10.823190|    0.082745|    0.001571|
|         453|  -11.385830|  -10.834607|    0.082745|    0.001571|
|         454|  -11.397284|  -10.846045|    0.082745|    0.001571|
|         455|  -11.408779|  -10.857531|    0.082745|    0.001571|
|         456|  -11.420338|  -10.869087|    0.082745|    0.001571|
|         457|  -11.431985|  -10.880738|    0.082745|    0.001571|
|         458|  -11.443740|  -10.892505|    0.082745|    0.001571|
|         459|  -11.455625|  -10.904406|    0.082745|    0.001571|
|         460|  -11.467657|  -10.916461|    0.082745|    0.001571|
|         461|  -11.479851|  -10.928683|    0.082745|    0.001571|
|         462|  -11.492221|  -10.941085|    0.082745|    0.001571|
|         463|  -11.504778|  -10.953679|    0.082745|    0.001571|
|         464|  -11.517530|  -10.966473|    0.082745|    0.001571|
|         465|  -11.530484|  -10.979471|    0.082745|    0.001571|
|         466|  -11.543644|  -10.992679|    0.082745|    0.001571|
|         467|  -11.557012|  -11.006095|    0.082745|    0.001571|
|         468|  -11.570585|  -11.019720|    0.082745|    0.001571|
|         469|  -11.584361|  -11.033547|    0.082745|    0.001571|
|         470|  -11.598334|  -11.047572|    0.082745|    0.001571|
|         471|  -11.612495|  -11.061785|    0.082745|    0.001571|
|         472|  -11.626833|  -11.076174|    0.082745|    0.001571|
|         473|  -11.641335|  -11.090725|    0.082745|    0.001571|
|         474|  -11.655985|  -11.105421|    0.082745|    0.001571|
|         475|  -11.670766|  -11.120246|    0.082745|    0.001571|
|         476|  -11.685657|  -11.135177|    0.082745|    0.001571|
|         477|  -11.700636|  -11.150192|    0.082745|    0.001571|
|         478|  -11.715679|  -11.165266|    0.082745|    0.001571|
|         479|  -11.730761|  -11.180373|    0.082745|    0.001571|
|         480|  -11.745855|  -11.195487|    0.082745|    0.001571|
|         481|  -11.760933|  -11.210579|    0.082745|    0.001571|
|         482|  -11.775967|  -11.225620|    0.082745|    0.001571|
|         483|  -11.790928|  -11.240581|    0.082745|    0.001571|
|         484|  -11.805788|  -11.255435|    0.082745|    0.001571|
|         485|  -11.820521|  -11.270155|    0.082745|    0.001571|
|         486|  -11.835101|  -11.284714|    0.082745|    0.001571|
|         487|  -11.849504|  -11.299090|    0.082745|    0.001571|
|         488|  -11.863710|  -11.313262|    0.082745|    0.001571|
|         489|  -11.877702|  -11.327215|    0.082745|    0.001571|
|         490|  -11.891464|  -11.340933|    0.082745|    0.001571|
|         491|  -11.904989|  -11.354409|    0.082745|    0.001571|
|         492|  -11.918269|  -11.367637|    0.082745|    0.001571|
|         493|  -11.931303|  -11.380617|    0.082745|    0.001571|
|         494|  -11.944096|  -11.393354|    0.082745|    0.001571|
|         495|  -11.956654|  -11.405855|    0.082745|    0.001571|
|         496|  -11.968990|  -11.418134|    0.082745|    0.001571|
|         497|  -11.981119|  -11.430208|    0.082745|    0.001571|
|         498|  -11.993061|  -11.442096|    0.082745|    0.001571|
|         499|  -12.004836|  -11.453821|    0.082745|    0.001571|
|         500|  -12.016471|  -11.465409|    0.082745|    0.001571|
+-----------------------------------------------------------------------+
|        File Writing Summary       |              Filename             |
+-----------------------------------------------------------------------+
|SU2 binary restart                 |restart_flow.dat                   |
|Paraview                           |flow.vtu                           |
|Paraview surface                   |surface_flow.vtu                   |
|CSV file                           |surface_flow.csv                   |
+-----------------------------------------------------------------------+
+----------------------------------------------------------------+
|  Inner_Iter|    rms[Rho]|   rms[RhoE]|          CL|          CD|
+----------------------------------------------------------------+
|         501|  -12.027991|  -11.476886|    0.082745|    0.001571|
|         502|  -12.039425|  -11.488282|    0.082745|    0.001571|
|         503|  -12.050801|  -11.499626|    0.082745|    0.001571|
|         504|  -12.062148|  -11.510946|    0.082745|    0.001571|
|         505|  -12.073494|  -11.522271|    0.082745|    0.001571|
|         506|  -12.084868|  -11.533630|    0.082745|    0.001571|
|         507|  -12.096297|  -11.545049|    0.082745|    0.001571|
|         508|  -12.107804|  -11.556554|    0.082745|    0.001571|
|         509|  -12.119416|  -11.568169|    0.082745|    0.001571|
|         510|  -12.131153|  -11.579915|    0.082745|    0.001571|
|         511|  -12.143034|  -11.591811|    0.082745|    0.001571|
|         512|  -12.155078|  -11.603875|    0.082745|    0.001571|
|         513|  -12.167299|  -11.616122|    0.082745|    0.001571|
|         514|  -12.179710|  -11.628563|    0.082745|    0.001571|
|         515|  -12.192321|  -11.641209|    0.082745|    0.001571|
|         516|  -12.205140|  -11.654066|    0.082745|    0.001571|
|         517|  -12.218170|  -11.667139|    0.082745|    0.001571|
|         518|  -12.231415|  -11.680430|    0.082745|    0.001571|
|         519|  -12.244874|  -11.693937|    0.082745|    0.001571|
|         520|  -12.258544|  -11.707657|    0.082745|    0.001571|
|         521|  -12.272420|  -11.721585|    0.082745|    0.001571|
|         522|  -12.286492|  -11.735711|    0.082745|    0.001571|
|         523|  -12.300751|  -11.750024|    0.082745|    0.001571|
|         524|  -12.315184|  -11.764510|    0.082745|    0.001571|
|         525|  -12.329774|  -11.779153|    0.082745|    0.001571|
|         526|  -12.344503|  -11.793933|    0.082745|    0.001571|
|         527|  -12.359351|  -11.808830|    0.082745|    0.001571|
|         528|  -12.374295|  -11.823821|    0.082745|    0.001571|
|         529|  -12.389310|  -11.838880|    0.082745|    0.001571|
|         530|  -12.404372|  -11.853980|    0.082745|    0.001571|
|         531|  -12.419450|  -11.869093|    0.082745|    0.001571|
|         532|  -12.434518|  -11.884190|    0.082745|    0.001571|
|         533|  -12.449545|  -11.899240|    0.082745|    0.001571|
|         534|  -12.464502|  -11.914214|    0.082745|    0.001571|
|         535|  -12.479359|  -11.929082|    0.082745|    0.001571|
|         536|  -12.494089|  -11.943815|    0.082745|    0.001571|
|         537|  -12.508663|  -11.958386|    0.082745|    0.001571|
|         538|  -12.523058|  -11.972769|    0.082745|    0.001571|
|         539|  -12.537251|  -11.986944|    0.082745|    0.001571|
|         540|  -12.551224|  -12.000892|    0.082745|    0.001571|
|         541|  -12.564960|  -12.014596|    0.082745|    0.001571|
|         542|  -12.578450|  -12.028049|    0.082745|    0.001571|
|         543|  -12.591687|  -12.041243|    0.082745|    0.001571|
|         544|  -12.604668|  -12.054176|    0.082745|    0.001571|
|         545|  -12.617397|  -12.066854|    0.082745|    0.001571|
|         546|  -12.629881|  -12.079284|    0.082745|    0.001571|
|         547|  -12.642131|  -12.091478|    0.082745|    0.001571|
|         548|  -12.654162|  -12.103454|    0.082745|    0.001571|
|         549|  -12.665995|  -12.115232|    0.082745|    0.001571|
|         550|  -12.677653|  -12.126834|    0.082745|    0.001571|
|         551|  -12.689159|  -12.138288|    0.082745|    0.001571|
|         552|  -12.700540|  -12.149620|    0.082745|    0.001571|
|         553|  -12.711827|  -12.160861|    0.082745|    0.001571|
|         554|  -12.723048|  -12.172041|    0.082745|    0.001571|
|         555|  -12.734230|  -12.183186|    0.082745|    0.001571|
|         556|  -12.745408|  -12.194333|    0.082745|    0.001571|
|         557|  -12.756607|  -12.205506|    0.082745|    0.001571|
|         558|  -12.767852|  -12.216732|    0.082745|    0.001571|
|         559|  -12.779174|  -12.228040|    0.082745|    0.001571|
|         560|  -12.790596|  -12.239455|    0.082745|    0.001571|
|         561|  -12.802139|  -12.250997|    0.082745|    0.001571|
|         562|  -12.813823|  -12.262687|    0.082745|    0.001571|
|         563|  -12.825669|  -12.274543|    0.082745|    0.001571|
|         564|  -12.837689|  -12.286581|    0.082745|    0.001571|
|         565|  -12.849897|  -12.298810|    0.082745|    0.001571|
|         566|  -12.862304|  -12.311246|    0.082745|    0.001571|
|         567|  -12.874919|  -12.323894|    0.082745|    0.001571|
|         568|  -12.887745|  -12.336758|    0.082745|    0.001571|
|         569|  -12.900788|  -12.349840|    0.082745|    0.001571|
|         570|  -12.914045|  -12.363141|    0.082745|    0.001571|
|         571|  -12.927513|  -12.376658|    0.082745|    0.001571|
|         572|  -12.941189|  -12.390384|    0.082745|    0.001571|
|         573|  -12.955068|  -12.404315|    0.082745|    0.001571|
|         574|  -12.969135|  -12.418436|    0.082745|    0.001571|
|         575|  -12.983378|  -12.432733|    0.082745|    0.001571|
|         576|  -12.997785|  -12.447192|    0.082745|    0.001571|
|         577|  -13.012338|  -12.461798|    0.082745|    0.001571|

----------------------------- Solver Exit -------------------------------
All convergence criteria satisfied.
+-----------------------------------------------------------------------+
|      Convergence Field     |     Value    |   Criterion  |  Converged |
+-----------------------------------------------------------------------+
|                    rms[Rho]|      -13.0123|         < -13|         Yes|
+-----------------------------------------------------------------------+
-------------------------------------------------------------------------
+-----------------------------------------------------------------------+
|        File Writing Summary       |              Filename             |
+-----------------------------------------------------------------------+
|SU2 binary restart                 |restart_flow.dat                   |
|Paraview                           |flow.vtu                           |
|Paraview surface                   |surface_flow.vtu                   |
|CSV file                           |surface_flow.csv                   |
+-----------------------------------------------------------------------+

--------------------------- Finalizing Solver ---------------------------
Deleted CNumerics container.
Deleted CIntegration container.
Deleted CSolver container.
Deleted CIteration container.
Deleted CInterface container.
Deleted CGeometry container.
Deleted CFreeFormDefBox class.
Deleted CSurfaceMovement class.
Deleted CVolumetricMovement class.
Deleted CConfig container.
Deleted nInst container.
Deleted COutput class.
-------------------------------------------------------------------------

------------------------- Exit Success (SU2_CFD) ------------------------

